  ┊ review diff
a/workspace/snake-linux/design/game-core/设计-iter2-r1.md → b/workspace/snake-linux/design/game-core/设计-iter2-r1.md
@@ -0,0 +1,788 @@
+# 功能模块设计：game-core（snake-linux v2.0.0 迭代 2）
+
+> MDE 首发 r1 · 跨迭代复用基线：迭代 1 设计 `snake-linux/design/game-core/设计-r2.md`（SE 评审 PASS）
+> 依据：架构设计 `snake-linux/arch/v2.0.0/架构设计.md`（§迭代计划迭代 2）+ 功能模块分工表 + 需求规格 `snake-linux/analysis/snake-gui-r1.md`（approved）
+> 迭代 2 范围（增量三件套）：
+>   ① 加速曲线 `speed_curve(score, difficulty)` 替代迭代 1 的 `base_tick_ms` 直读（NFR-01：困难档节拍 ≤ 简单档 50%）
+>   ② 暂停状态机 `toggle_pause()`（RUN↔PAUSED；FR-12：暂停定格、暂停期方向输入不生效）
+>   ③ 得分事件回调 `on_score(score)`（FR-13：app 接 platform-storage 持久化最高分）
+> **零 GUI 依赖、纯标准库、可独立 UT**（NFR-05）—— 本约束沿用迭代 1，迭代 2 仅在 core 暴露入口，**窗口失焦自动暂停由 app 监听 + 调 `toggle_pause()` 实现**（core 不知道"窗口/焦点"概念）
+
+---
+
+## 修订摘要（相对迭代 1 设计 r2）
+
+| ID | 级别 | 修订内容 | 章节 |
+|----|------|----------|------|
+| C2-1 | 应实现 | 新增 `speed_curve(score, difficulty) -> int`：参数化"基础节拍 + 加速曲线"，三档（EASY/MEDIUM/HARD）曲线独立；`Difficulty.base_tick_ms` property 改为调用 `speed_curve(0, self)`（与迭代 1 调用方兼容）；`Snapshot.tick_ms` 改走 `speed_curve(score, difficulty)` | §1.2 / §2.1 / §3.2 / §3.4 |
+| C2-2 | 应实现 | 新增 `toggle_pause() -> GameState`：RUN↔PAUSED 切换；OVER 状态调用抛 `InvalidStateError` | §2.4 / §3.5 / §4.6 |
+| C2-3 | 应实现 | 新增得分事件 `on_score(score: int)`：构造期或 `set_score_callback(cb)` 注册回调；step 吃食时回调一次；**回调内抛异常由调用方隔离（core 不捕获）**，**core 不持有 storage 引用** | §2.4 / §3.2 / §4.6 |
+| C2-4 | 应实现 | 状态机扩展：RUN ↔ PAUSED；PAUSED 期 `step()` 抛 `InvalidStateError`、`set_direction()` 静默忽略（不报错也不入 pending）、`toggle_pause()` 返回 RUN | §3.5 / §4.5 / §4.6 |
+| C2-5 | 应实现 | INV-4 扩展：PAUSED 期快照字段（蛇身/食物/得分/长度/状态/方向）冻结，仅 `status` 与 `pending_direction` 在 toggle_pause 时变更；新增 INV-8 "PAUSED → RUN 恢复时 pending_direction 应清空"（防止"暂停前按 UP、继续后第一拍立刻 180° 撞尾"） | §1.4 |
+| C2-6 | 应实现 | UT 框架扩展：新增 speed_curve 参数化 / pause 状态机 / on_score 回调 / 暂停期方向忽略 共 ~14 个用例；覆盖率达迭代 1 同等标准（行 ≥95% / 分支 ≥90%） | §5 |
+| C2-7 | 约束 | **暂停入口语义对齐架构与规格**：app 通过 GUI 主循环按 P/ESC/失焦 触发 `toggle_pause()`；core 不引入任何"窗口/焦点"概念（保持零 GUI 依赖，NFR-05） | §3.5 / §4.5 |
+| C2-8 | 约束 | **速度曲线保证 NFR-01 量化**：score=0 时三档节拍 = 250/160/100；任何 score 下 `tick_ms(HARD, score) <= tick_ms(EASY, score) * 0.5` | §1.2 / §5.4 #22 |
+
+**未变更（沿用迭代 1 r2）**：模块定位、零 GUI 依赖、Python 3.8 语法兼容、纯函数语义、不可变 snake.body tuple、反向移动规则（长度 1 特例 / 长度 ≥2 忽略）、撞自身判定（v1 一致）、撞尾让行（不吃食时）、网格下限 `width >= 4 and height >= 4`、RNG 注入、不做计时/不做渲染/不读盘不写盘、import 约束（仅标准库）。
+
+---
+
+## 数据结构
+
+### 1.1 基础值对象
+
+| 类型 | 字段 | 说明 |
+|------|------|------|
+| `Point`（值对象） | `x: int`、`y: int` | 网格坐标。y 向下、0,0 为左上角，沿用 v1 约定 |
+| `Direction`（枚举） | `UP=(0,-1)` / `DOWN=(0,1)` / `LEFT=(-1,0)` / `RIGHT=(1,0)` | 4 向；`opposite()` 工具方法返回反向 |
+| `GameStatus`（枚举） | `RUN` / `PAUSED` / `OVER` | 运行态机；迭代 2 全部启用 |
+| `Difficulty`（枚举） | `EASY` / `MEDIUM` / `HARD` | 难度档位，绑定 `base_tick_ms`（**迭代 2 起改为走 `speed_curve(0, self)`**） |
+
+> 本节字段、签名、不变性与迭代 1 r2 §1.1 完全一致，仅补充"迭代 2 全部启用 PAUSED"。
+
+### 1.2 加速曲线（迭代 2 单一数据源）
+
+迭代 2 起，**节拍毫秒数由 `speed_curve(score, difficulty)` 动态算得**；迭代 1 的 `DIFFICULTY_PARAMS` 常量 dict **保留为文档留档**（FO 实现里可删除或保留为兜底，§3.2 标注取舍）。
+
+```python
+from typing import Dict, Callable
+from enum import Enum
+
+class Difficulty(Enum):
+    EASY = "easy"
+    MEDIUM = "medium"
+    HARD = "hard"
+
+    @property
+    def base_tick_ms(self) -> int:
+        """基线节拍（score=0 时）；迭代 2 起本 property 走 speed_curve(0, self)。
+        对调用方保持兼容：snapshot.tick_ms 由 speed_curve(score, difficulty) 提供。"""
+        return speed_curve(0, self)
+
+
+# 加速曲线：score 越大、tick_ms 越小（蛇越快）；三档曲线独立
+# 公式：tick_ms = max(MIN_TICK_MS, base - k * score)
+#   - EASY:   base=250, k=4   → score=0..50 时 250→50（极慢速加速）
+#   - MEDIUM: base=160, k=4   → score=0..27 时 160→50
+#   - HARD:   base=100, k=3   → score=0..16 时 100→50（已很快）
+#   - 全部档位下限 MIN_TICK_MS=50（再快就超出 NFR-01 输入延迟 ≤1 节拍 的人体反应极限）
+def speed_curve(score: int, difficulty: Difficulty) -> int:
+    """返回当前 score 在指定难度下应使用的 tick_ms。
+    约束（NFR-01）：
+      - score=0 时 == difficulty.base_tick_ms（== 250 / 160 / 100）
+      - 任意 score：tick_ms(HARD, score) <= tick_ms(EASY, score) * 0.5
+      - tick_ms 不低于 MIN_TICK_MS=50
+    """
+    params: Dict[Difficulty, Dict[str, int]] = {
+        Difficulty.EASY:   {"base": 250, "k": 4},
+        Difficulty.MEDIUM: {"base": 160, "k": 4},
… omitted 710 diff line(s) across 1 additional file(s)/section(s)

session_id: 20260814_015008_53be04
完工。状态已迁移 `design_working → design_reviewing`，design.product 记录为 `snake-linux/design/game-core/设计-iter2-r1.md`，pipeline.log 留痕 `MODULE_DESIGN snake-linux/game-core iter-2 DONE -> design_reviewing`。

**交付摘要**（按指令 "完成后无需汇报" 仍简短交差）：
- 设计文档：`/home/zyzs/cyx/zteam/workspace/snake-linux/design/game-core/设计-iter2-r1.md`（788 行 / 48KB）
- 增量三件套：speed_curve（NFR-01 量化 HARD ≤ EASY×0.5 / 下限 50ms / 单调不增）/ toggle_pause（RUN↔PAUSED + INV-8 清 pending 防暂停前按键撞尾）/ on_score 回调（异常不捕获，core 零 storage 依赖）
- 状态：`design_working → design_reviewing`，等 SE 评审

session_id: 20260814_021023_ffb9df
The release_module command succeeded — log shows:
`2026-08-14T02:19:18Z MODULE_DESIGN snake-linux/game-core iter-2 DONE -> design_reviewing`

Module status now: `design_reviewing` (correct: DONE → SE评审中). Done.
