  ┊ review diff
a/workspace/snake-linux/testplans/v2.0.0/整体测试方案.md → b/workspace/snake-linux/testplans/v2.0.0/整体测试方案.md
@@ -0,0 +1,159 @@
+# 整体测试方案：snake-linux v2.0.0（snake-gui）
+
+> TE 产出 · 依据架构设计 `arch/v2.0.0/架构设计.md`、功能模块分工表 `arch/v2.0.0/功能模块分工表.md`、需求规格 `analysis/snake-gui-r1.md`（approved）
+> 对齐验收标准 1~7（§规格验收标准）；测试套件框架详见同目录《测试套件框架设计.md》
+
+## 0. 版本与范围速览
+
+| 项 | 内容 |
+|----|------|
+| 项目 / 版本 | snake-linux / v2.0.0（单需求 snake-gui，独立于已 released 的终端版 v1.0.0） |
+| 模块清单 | game-core（基础平台，迭代 1,2）、platform-storage（中间件，迭代 2）、gui-renderer（中间件，迭代 1,3）、game-app（上层应用，迭代 1,2,3,4） |
+| 依赖链 | gui-renderer → game-core；game-app → game-core/gui-renderer/platform-storage；core/storage 无依赖（叶子） |
+| 技术栈 | Python 3.8+ / Pygame(SDL2) / PyInstaller 单文件；core+storage 纯标准库零 GUI 依赖（NFR-05） |
+| 交付形态 | 三平台免安装单文件可执行（FR-14）+ SHA256SUMS + 发布说明 + 用户指南（FR-16） |
+| 测试层级 | UT（模块内单元）→ IT（模块级集成，MTO 执行）→ ST（版本级端到端，STO 执行）；TE 不执行测试 |
+
+## 1. 测试目标与分层策略
+
+**总体策略**：按架构三层（core 纯逻辑 / storage 中间件 / renderer+app GUI 装配）分层测试——
+1. **core/storage 层全部自动化**：纯标准库可脱离 GUI 做确定性测试（NFR-05 保证的天然挂载点），覆盖玩法逻辑、难度参数、持久化边界；
+2. **renderer 层 headless 自动化 + 截图留档**：SDL dummy 驱动下做渲染确定性断言（帧内容/皮肤差异/缩放），视觉观感由 ST 人工验收；
+3. **app 层事件注入自动化 + 打包产物人工验收**：用合成事件驱动主循环验证流程状态机；单文件可执行与三平台矩阵属 ST 人工/半自动验收。
+
+**需求覆盖口径**：FR-01~16 与 NFR-01~07 全部进入测试矩阵（无范围外需求——本版本所有 FR/NFR 均为确定项）；映射见 §4。
+
+## 2. IT 方案（模块级，MTO 执行）
+
+### 2.1 模块 × 迭代 IT 范围
+
+| 模块 | 迭代 | IT 范围（接口/协作/数据流） | 测试方式 | 对应需求 |
+|------|------|------------------------------|----------|----------|
+| game-core | 1 | 玩法闭环接口：`Difficulty` 参数表、`GameState` 构造/`set_direction`（含 180° 反向禁止）/`step()`（移动/吃食/碰撞/得分）/`snapshot()`/`status`；反向禁止、食物不与蛇身重叠、撞墙/撞身结束 | pytest 确定性用例（无 GUI） | FR-01~04 |
+| game-core | 2 | 暂停状态机扩展（`toggle_pause` 暂停定格/方向输入不生效）、加速曲线（随得分/长度加速）、难度档位参数化 | pytest 参数化用例（三档×曲线） | FR-05/12、NFR-01 |
+| platform-storage | 2 | `get_user_data_dir()` 三平台定位、`HighScoreStore` 的 `load/save/reset`、原子写（临时文件+os.replace）异常退出不损坏 | pytest（tmp_path 隔离） | FR-13、NFR-06/07 |
+| gui-renderer | 1 | `Renderer.render(snapshot)` 绘制蛇/食物/背景/HUD、`fps_metric()` 帧率统计；渲染只读 core snapshot 不直接改状态 | pytest + SDL dummy 渲染断言 | FR-06/07、NFR-01 |
+| gui-renderer | 3 | 平滑插值动画（逐帧插值非整格跳变）、皮肤系统 ≥3 套（经典/深色/色盲友好，色盲不以颜色为唯一区分）、`handle_resize(w,h)` 等比缩放 | pytest + 截图对比断言 | FR-07~10、NFR-04 |
+| game-app | 1 | 装配主循环：输入映射（WASD/方向键/P/ESC）→ core → renderer 数据流、开始/结束/重开/退出流程 | 事件注入驱动 + pytest | FR-01/04/11 |
+| game-app | 2 | 难度选择界面（开局选档、游戏中不可切换）、暂停/继续、最高分展示与重置（联动 storage） | 事件注入驱动 + pytest | FR-05/12/13 |
+| game-app | 3 | 皮肤切换 UI（对局不中断生效）、设置界面 | 事件注入驱动 + pytest | FR-10 |
+| game-app | 4 | 可读错误提示（图形环境缺失等，无裸 traceback）、退出 1 秒内无残留进程、性能指标（≥60FPS/输入延迟≤1 节拍/内存≤300MB） | 进程级脚本 + pytest | FR-11、NFR-01~03 |
+
+### 2.2 用例组织方式（MTO 落盘约定）
+
+```
+workspace/snake-linux/{模块}/it/iter-{N}/     # 每模块每迭代一个用例目录
+├── case.md          # IT 用例文档（MTO 产出，TE 评审 PASS 后才能写代码）
+└── test_*.py        # 测试代码（评审通过后实现，运行于 tests/v2.0.0/ 框架下）
+```
+
+- 用例编号：`IT-{模块}-{iter}-{序号}`，如 `IT-game-core-1-03`；ST 用例编号 `ST-{序号}`；
+- 每个用例文档条目含：关联需求（FR/NFR 编号）、前置条件、步骤、预期、优先级（P0/P1/P2）；
+- 迭代 4 的 app 全链路用例需在迭代 1~3 用例基础上做跨迭代回归（见 §3.2）。
+
+### 2.3 IT 关键用例清单（P0 基线，评审与实现的最低门槛）
+
+| 用例 | 模块/迭代 | 场景 | 关键断言 |
+|------|-----------|------|----------|
+| IT-game-core-1-01 | core/1 | 无输入自动前进 | 每 step 蛇头前进 1 格、方向不变 |
+| IT-game-core-1-02 | core/1 | WASD 与方向键转向 | 转向 1 个 step 内生效（≤1 tick） |
+| IT-game-core-1-03 | core/1 | 180° 反向禁止 | 向右时按左被忽略，蛇不死 |
+| IT-game-core-1-04 | core/1 | 吃食增长得分 | 吃 N 个食物长度=初始+N、分数=N |
+| IT-game-core-1-05 | core/1 | 食物不与蛇身重叠 | 吃后 1 tick 内新食物坐标 ≠ 全部蛇身坐标（重复 20 次） |
+| IT-game-core-1-06 | core/1 | 撞墙结束 | 越界 → status=over，蛇停止移动 |
+| IT-game-core-1-07 | core/1 | 撞自身结束 | 新头与身体（非旧尾）重叠 → over |
+| IT-game-core-2-01 | core/2 | 暂停/继续 | 暂停定格、节拍停止、方向输入不生效；继续后蛇位/得分/长度不变 |
+| IT-game-core-2-02 | core/2 | 难度档位参数 | 三档存在；困难节拍 ≤ 简单 50%；各档可完成完整闭环 |
+| IT-game-core-2-03 | core/2 | 加速曲线 | 随得分/长度推进节拍单调不增（可感知加速） |
+| IT-storage-2-01 | storage/2 | 最高分保存/加载 | save 后 load 一致；新最高分覆盖 |
+| IT-storage-2-02 | storage/2 | 原子写防损坏 | 写入中断/异常退出后旧数据完好（模拟 os.replace 前崩溃） |
+| IT-storage-2-03 | storage/2 | 重置 | reset 后归零；目录定位三平台（patch 平台判定） |
+| IT-renderer-1-01 | renderer/1 | 首帧渲染 | 蛇/食物/背景/HUD 元素均出现，无字符渲染残留 |
+| IT-renderer-3-01 | renderer/3 | 皮肤系统 | ≥3 套可切换；色盲方案蛇/食物/背景不以颜色为唯一区分 |
+| IT-renderer-3-02 | renderer/3 | 窗口缩放 | resize 后等比缩放无变形无裁切；小于最小尺寸给提示 |
+| IT-app-1-01 | app/1 | 主循环数据流 | 事件→core→renderer 闭环；快照渲染不直接改状态 |
+| IT-app-2-01 | app/2 | 难度选择 | 开局可选三档；游戏中无切换入口 |
+| IT-app-2-02 | app/2 | 暂停快捷键 | P/ESC 暂停继续；失焦自动暂停（加分项） |
+| IT-app-2-03 | app/2 | 最高分联动 | 对局结束 → storage 更新 → HUD/开始界面展示 |
+| IT-app-3-01 | app/3 | 皮肤切换 | 切换即时生效、对局不中断 |
… omitted 81 diff line(s) across 1 additional file(s)/section(s)
  ┊ review diff
a/workspace/snake-linux/testplans/v2.0.0/测试套件框架设计.md → b/workspace/snake-linux/testplans/v2.0.0/测试套件框架设计.md
@@ -0,0 +1,130 @@
+# 测试套件框架设计：snake-linux v2.0.0
+
+> TE 产出 · 与《整体测试方案.md》配套；MTO/STO 按本文档落地测试代码
+> 继承 v1.0.0 已验证模式：pytest 单元 + pexpect PTY 集成 + 性能基线脚本 + 人工清单；新增 GUI 层 headless 驱动
+
+## 1. 技术选型与依赖
+
+| 项 | 选型 | 说明 |
+|----|------|------|
+| 语言 | Python 3.8+ | 与被测代码同基线（语法兼容 3.8） |
+| 单元/集成框架 | pytest（9.x） | 参数化（难度档位/皮肤）、marker 分级、junitxml 报告 |
+| PTY 驱动 | pexpect + miniterm（复用 v1 资产） | 进程级端到端、信号/退出卫生测试 |
+| GUI 渲染测试 | Pygame + SDL dummy 驱动 | `SDL_VIDEODRIVER=dummy` headless 渲染，可 CI；真实视觉走 ST 人工 |
+| 事件注入 | 合成事件队列（pygame.event.post） | 驱动 game-app 主循环，确定性测试界面流程 |
+| 依赖策略 | 测试侧依赖仅限测试目录；**被测代码运行时零第三方依赖不破坏**（core/storage 纯标准库） | 对齐 NFR-05 |
+| 安装源 | 清华镜像（国内网络）：`uv pip install --index-url https://pypi.tuna.tsinghua.edu.cn/simple pytest pexpect pygame` | |
+
+## 2. 目录结构（tests/v2.0.0/）
+
+```
+workspace/snake-linux/tests/v2.0.0/
+├── run_all.sh                 # 一键：UT + IT + ST 自动化部分 + 性能基线（复用 v1 run_all 模式）
+├── conftest.py                # pytest 全局 fixture：被测代码定位、SDL dummy、marker 注册
+├── requirements-test.txt      # pytest / pexpect / pygame（测试侧）
+├── core/                      # game-core 单元+IT（无 GUI）
+│   ├── test_game_state.py     #   玩法闭环/反向禁止/吃食/碰撞（IT-core-1-01~07）
+│   ├── test_difficulty.py     #   难度参数+加速曲线参数化（IT-core-2-02/03）
+│   └── test_pause.py          #   暂停状态机（IT-core-2-01）
+├── storage/                   # platform-storage IT（无 GUI，tmp_path 隔离）
+│   ├── test_highscore.py      #   load/save/reset/覆盖（IT-storage-2-01/03）
+│   └── test_atomic_write.py   #   原子写防损坏（IT-storage-2-02）
+├── renderer/                  # gui-renderer IT（SDL dummy）
+│   ├── test_render_frame.py   #   首帧元素/无字符残留（IT-renderer-1-01）
+│   ├── test_skins.py          #   皮肤系统≥3套/色盲非颜色区分（IT-renderer-3-01）
+│   └── test_resize.py         #   等比缩放/最小尺寸（IT-renderer-3-02）
+├── app/                       # game-app IT（事件注入驱动）
+│   ├── test_flow.py           #   开始/难度/暂停/结束/重开/退出（IT-app-1-01,2-01/02/03）
+│   ├── test_skin_switch.py    #   皮肤切换不中断对局（IT-app-3-01）
+│   └── test_errors.py         #   可读错误提示/退出卫生（IT-app-4-01/02）
+├── st/                        # ST 自动化部分（STO 执行；人工部分见 checklist-system.md）
+│   ├── test_main_journey.py   #   端到端主链路（ST-01~05 可自动化段）
+│   └── test_persistence.py    #   最高分重启保留/重置（ST-04）
+├── perf/                      # 性能基线（NFR-01/02）
+│   ├── perf_snake.py          #   FPS/帧时间 P95/输入延迟/内存采样（复用 v1 perf 模式）
+│   └── perf_snake.sh          #   pidstat 优先/ps 兜底入口
+├── assets/                    # 截图留档（皮肤对比/缩放/HiDPI）
+│   └── expected/              #   期望基线图（ST 人工比对用）
+└── checklist-system.md        # ST 人工验收清单（三平台/观感/兼容矩阵，逐项打勾）
+```
+
+> MTO/STO 用例文档落盘在 `workspace/snake-linux/{模块}/it/iter-{N}/case.md`（IT）与版本级 ST 目录（ST）；测试代码按上表目录实现，一一对应。
+
+## 3. 公共设施（fixture / 驱动 / 断言规范）
+
+### 3.1 conftest.py 核心 fixture
+
+```python
+# 被测代码定位（对齐 v1 模式：由测试目录上溯工作区，不硬编码绝对路径）
+@pytest.fixture(scope="session")
+def ws_dir():
+    return Path(__file__).resolve().parents[3]  # tests/v2.0.0 -> workspace/snake-linux
+
+@pytest.fixture(scope="session", autouse=True)
+def sdl_dummy():
+    os.environ.setdefault("SDL_VIDEODRIVER", "dummy")  # headless 渲染；真实视觉走 ST
+    os.environ.setdefault("SDL_AUDIODRIVER", "dummy")
+
+# 模块级 fixture：core / storage / renderer / app 各自提供被测对象实例
+@pytest.fixture
+def game(ws_dir): ...            # 构造 GameState（含初始蛇身/方向/食物可控注入）
+@pytest.fixture
+def store(tmp_path): ...         # HighScoreStore(tmp_path) 隔离目录
+@pytest.fixture
+def renderer(): ...              # Renderer(skin) + dummy 表面
+@pytest.fixture
+def app_driver(): ...            # game-app 装配：合成事件注入 + 帧推进
+```
+
… omitted 52 diff line(s) across 1 additional file(s)/section(s)

session_id: 20260813_161010_3ef7ee
完成。TE 产出已落盘并完成状态更新：

产物（workspace/snake-linux/testplans/v2.0.0/）：
- 整体测试方案.md —— IT 方案（4 模块 × 迭代范围、23 条 P0 关键用例、用例组织 `{模块}/it/iter-{N}/`）+ ST 方案（6 条端到端主链路、跨迭代回归、发布就绪度判定口径）+ 需求→测试映射表（FR-01~16/NFR-01~07 全覆盖）+ 用例评审铁律
- 测试套件框架设计.md —— pytest 框架、目录结构（tests/v2.0.0/ 按模块分层）、SDL dummy headless 渲染驱动、事件注入驱动 app、复用 v1 已验证资产（miniterm/e2e 模式/perf 脚本），含相位锁定假失败等踩坑纪律

状态：`release_testplan_v2 snake-linux v2.0.0 ... DONE` 已执行，版本进入 testplan_reviewing（等 SE 评审），审计已落 pipeline.log。
