  ┊ review diff
a/workspace/snake-linux/design/game-app/设计-iter3-r1.md → b/workspace/snake-linux/design/game-app/设计-iter3-r1.md
@@ -0,0 +1,1672 @@
+# 功能模块设计：game-app（snake-linux v2.0.0 迭代 3）r1（首发）
+
+> MDE r1 · 跨迭代复用基线：迭代 2 设计 `snake-linux/design/game-app/设计-iter2-r2.md`（SE 评审 PASS）+ 迭代 2 实际代码 `snake-linux/code/game-app/iter-1/`（沿用 iter-2 r2 SE 评审已 P0/P1 落地的代码：P0-1 方案 A 屏态同步、P0-2 INV-13 实例字段写回、P1-1 双类型 OSError 捕获、P1-2 ESC/Q 语义分离、P1-3 `_init_pygame` 内 `if None` 守卫）
+> 依据：架构设计 `snake-linux/arch/v2.0.0/架构设计.md` §迭代计划迭代 3 + 功能模块分工表（"skin 切换 UI 接入"/"窗口缩放 UI 接入"/"平滑插值动画接入"）+ 需求规格 `snake-linux/analysis/snake-gui-r1.md`（FR-07/FR-09/FR-10/NFR-04 已固化）
+> 依赖模块实际契约（**全部 it_passed，契约已锁定**）：
+>   - game-core **迭代 2** `code/game-core/iter-2/game_core/`（state.py）—— `Snapshot(snake_body: Tuple[Point,...], food: Point, score: int, length: int, status: GameStatus, difficulty: Difficulty, tick_ms: int)`
+>   - gui-renderer **迭代 3** `code/gui-renderer/iter-3/gui_renderer/`（renderer.py + types.py + errors.py + constants.py）——
+>     - `Renderer((W,H), *, skin=None, vsync=True, cell_size=..., grid_cols=..., grid_rows=..., enable_high_dpi=True)` 构造
+>     - `init()` / `shutdown()` / `render(snap, hud, *, interp=None)`（interp 非 None 时按 alpha 插值绘制，None=瞬移向后兼容）
+>     - **`set_skin(name)`**（不在 SKIN_REGISTRY 抛 `SkinNotFoundError(name, available)`；**迭代 3 修订 P3-1**：构造签名携带 `available` 列表供 game-app UI 提示）
+>     - **`handle_resize(w, h)`**（< MIN_PLAYABLE_W/H 抛 `RenderError`，重算 cell_size+字体+set_mode 保留 SCALED 标志）
+>     - **`current_skin_name`** 属性 / **`skin_names()`** 返注册表 key tuple / **`fps_metric()`**
+>     - **`InterpolationState(alpha, prev_snake_body: Tuple[Tuple[int,int],...], prev_food: Optional[Tuple[int,int]]=None)`**（迭代 3 修订 P2-1：prev_food=None 语义 = 吃食节拍食物瞬移渲染）
+>     - **`SKIN_REGISTRY`** = `{"classic": DEFAULT_SKIN, "dark": DARK_SKIN, "colorblind_friendly": COLORBLIND_FRIENDLY_SKIN}`（**3 套，经典/深色/色盲友好**；色盲方案叠加形状/纹理辨识，不以颜色为唯一区分——`food_pattern`/`snake_pattern` 字段）
+>     - `enable_high_dpi=True` 默认：`pygame.SCALED` 标志（pygame 1.x 无 `SCALED` 属性时降级 flags=0；getattr 防御）
+>   - platform-storage **迭代 2** `code/platform-storage/iter-2/platform_storage/`（不调用，本迭代无新增）
+> **目标**：FO 拿到本文即可 TDD 开发；迭代 3 在迭代 2 既有代码（iter-1 源码目录 `code/game-app/iter-1/`）上**增量修改**（不新建 iter-3 代码目录——同 v2.0.0 一个发布单元）；同时消化 iter-2 r2 SE 评审遗留的 5×P1（**测试基建级**，不改变实现方案）+ 13×P2（不阻塞 PASS，FO 落地时一并修）
+> **关键决策**：
+> 1. **新增 skin UI**：← → 方向键在 MENU 态循环切皮肤；游戏对局不中断（FR-10）；皮肤名 + 当前选中通过 Renderer.skin_names() / current_skin_name 派生，**不**在 App 内维护 `_skin_name` 字段
+> 2. **窗口缩放接入**：`_drain_events` 内识别 `pygame.VIDEORESIZE` 事件 → 调 `Renderer.handle_resize(w, h)`；RenderError 兜底（< 最小尺寸给提示）
+> 3. **平滑插值动画**：`App` 维护 `_prev_snap` 字段记录上一节拍前的 snap；_render PLAYING 路径构造 `InterpolationState(prev_snake_body, prev_food, alpha)` → 传入 `Renderer.render(snap, hud, interp=...)`；**alpha 计算 = (dt_ms - 已消费时长) / tick_ms**（已消费时长取模 tick_ms）；OVER 态不插值（瞬移）
+> 4. **AppConfig 不变，AppConfigV3 子类扩展**：保留 iter-2 `AppConfig` 签名（向后兼容），新增 `AppConfigV3(AppConfig)` 子类加 `enable_high_dpi: bool = True` 字段 + `__post_init__` 校验；App.__init__ 用 `isinstance(config, AppConfigV3)` 判定并把 `enable_high_dpi` 传入 Renderer 构造
+> 5. **迭代 3 文件组织**：**不**新建 `code/game-app/iter-3/` 目录；增量落在 iter-1 源码目录；新增 `test_app_iter3_*.py` 测试；`tests/test_game_app/conftest.py` 加 `app_with_mock_renderer_v3` fixture（P1-A/P1-B 修订后）
+
+---
+
+## 0. 修订摘要（相对 iter-2 设计 r2）
+
+### 迭代 3 增量（核心目标，对应需求 FR-07/FR-09/FR-10/NFR-04）
+
+| ID | 级别 | 修订内容 | 章节 |
+|----|------|----------|------|
+| **G3-1** | 应实现 | **皮肤切换 UI（MENU 态内）**：`_dispatch_menu` 新增 SET_SKIN_PREV/SET_SKIN_NEXT 两个 action（←/→ 方向键）；调 `Renderer.set_skin(name)`；失败 `SkinNotFoundError`（防御）→ `_render` MENU 时捕获并维持上一可用皮肤。**循环索引在 App 内维护**：`App._skin_index: int = 0`（默认 classic 对应 SKIN_REGISTRY 索引 0）；←/→ 在 `[0, len(SKIN_REGISTRY))` 内循环；SET_SKIN_* 只在 MENU 态生效，PLAYING/PAUSED/GAME_OVER 透传为方向 MOVE_*（保持原有行为，**游戏对局不中断**——FR-10） | §1.2 §3.3 §4.4 §6.4 |
+| **G3-2** | 应实现 | **窗口等比缩放**：`_drain_events` 新增 `pygame.VIDEORESIZE` 事件分支 → 调 `Renderer.handle_resize(ev.w, ev.h)`；`RenderError` 兜底（最小尺寸）→ 提示并维持当前尺寸（不抛异常退出）；`_drain_events` 在游戏运行期持续接收 VIDEORESIZE 事件，PLAYING/PAUSED 态直接处理（**不影响对局、不打断游戏**——FR-09）；event 仍按原顺序归一化为 InputAction **之外的**特殊事件，扩展 `InputAction` 加 `RESIZE`（但 `RESIZE` 不入主循环 dispatch 列表——在 `_drain_events` 内同步处理） | §3.3 §4.4 §6.4 |
+| **G3-3** | 应实现 | **平滑插值动画**：`_render` PLAYING 路径构造 `InterpolationState(alpha, prev_snake_body, prev_food)`；app 维护 `_prev_snap: Optional[Snapshot]` 字段（每节拍 step 前 snapshot → step 后写入；本帧 _render 使用 `_prev_snap` 与当前 snap 构造 InterpolationState）；**alpha 计算**：`alpha = 1.0 - (_tick_accumulator_ms % tick_ms) / tick_ms`（已消费时长占整节拍比例 → 下一节拍未到前持续补间；OVER 态不插值 alpha=1.0）；OVER 态、PAUSED 态、MENU/GAME_OVER 自绘路径不走插值（仅 PLAYING 路径插值）；首帧无 `_prev_snap` → alpha=1.0（瞬移渲染，向后兼容） | §1.2 §3.4 §4.5 §4.6 §6.4 |
+| **G3-4** | 应实现 | **AppConfigV3 子类扩展**：`AppConfigV3(AppConfig)` 加 `enable_high_dpi: bool = True`（**NFR-04 高分屏清晰**）；`__post_init__` 不增校验（bool 无非法值）；`App.__init__` 用 `isinstance(self.config, AppConfigV3)` 判定，把 `enable_high_dpi` 传给 `Renderer(...)` 构造；iter-2 `AppConfig` 实例仍可用（`isinstance` False → 不传，Renderer 默认 `enable_high_dpi=True`——向后兼容，无破坏） | §1.2 §3.1 §3.4 §6.4 |
+| **G3-5** | 应实现 | **MENU 屏态皮肤行展示**：`_render` MENU 路径在 `draw_menu` 自绘中**新增** `current_skin_name` 一行（在难度选项与最高分行之间 / 之下，根据窗口高度自适应）；`draw_menu` 形参新增 `current_skin_name: str = "classic"`；←/→ 切皮肤后下一帧立即生效（仅换 `_skin_index` + 调 `Renderer.set_skin`，无需重 render——`Renderer.render` 每帧读 `_skin`，FR-10 对局不中断） | §3.7 §4.6 §6.4 |
+| **G3-6** | 文档 | **依赖契约更新**：依赖 gui-renderer iter-3 全部新接口（`set_skin`/`handle_resize`/`render(interp=)`/`skin_names()`/`current_skin_name`/`InterpolationState`/`enable_high_dpi` 参数）；game-core iter-2 沿用（不变）；platform-storage iter-2 沿用（不调用） | §0 §附录 B |
+| **G3-7** | 文档 | **新文件组织决策**：迭代 3 **不**新建 `code/game-app/iter-3/` 目录（同 v2.0.0 一个发布单元）；增量修改 iter-1 源码目录（`app.py` / `input.py` / `config.py` / `menu.py` / `__init__.py` / `_constants.py`）；新增 `tests/test_game_app/test_app_iter3_{skin,resize,interp,config_v3}.py`；`tests/test_game_app/conftest.py` 调整 `app`/`app_in_playing` fixture 注入顺序（**P1-A/P1-B 消化**） | §4.1 §6.2 §附录 A |
+| **G3-8** | 文档 | **跨迭代复用声明**：iter-3 不改 `_drain_events` MENU 屏态兜底语义（**R3-1 沿用**）；不改 `_tick` 循环内重读 tick_ms（**R3-8 沿用**）；不改 AppConfig 字段命名（**R3-4 沿用**）；不改退出码 0/1/2 语义（**R3-15 沿用**）；iter-3 增量**仅**新增 skin UI / 缩放 / 插值 / AppConfigV3 子类，4 项功能落在 4 处新代码，**最小侵入** | §附录 C |
+
+### iter-2 r2 SE 评审遗留 5×P1 + 13×P2 同步消化（FO 落地修订，不阻塞本次 SE）
+
+| ID | 级别 | 修订内容 | 章节 |
+|----|------|----------|------|
+| **G3-R-P1-A** | UT/fixture | **fixture 注入顺序彻底修正**：`app`/`app_in_playing` 等 fixture 改为先注入 fake_storage 再 `_init_pygame()`；配合 `_init_pygame` 内 `if self._storage is None` 守卫，**真实 create_storage 不再触发**（彻底避免触碰真实用户目录）；同步删除 iter-1 UT 中破坏性断言（`test_pause_hint_shown_is_false`/`test_renderer_is_none_at_init` 等已通过 iter-2 fixture 化重写不依赖，**此处仅文档一致性确认**） | §6.2 |
+| **G3-R-P1-B** | UT/fixture | `app_with_storage` fixture 改 monkeypatch `game_app.storage.create_storage` 返回 tmp_path 实例（而非 fixture 内先 `_init_pygame()` 再覆盖 fake_storage——顺序与 P1-A 一致）；UT 触碰真实目录彻底断绝 | §6.2 |
+| **G3-R-P1-C** | UT/fixture | `app_in_game_over` fixture 补 `from game_core import GameStatus`（P1-C iter-2 评审遗留；iter-3 沿用，无新增 GameStatus.OVER 引用点） | §6.2 |
+| **G3-R-P1-D** | UT | P-8 改为**语句级 AST 断言**（`ast.parse(inspect.getsource(app._tick))` 后遍历 `ast.If`/`ast.If.body`/`elif` 节点，断言不存在 `GameStatus.PAUSED` 节点）；iter-3 沿用 | §6.4 |
+| **G3-R-P1-E** | 文档 | §6.7 步骤 7/§4.10 注意点 3 已 iter-2 沿用方案 A 权威表述；iter-3 §6.7 步骤描述**不再引入**任何"自动转屏/方案 B"残语；§4.10 注意点 3 在 iter-3 章节内显式保留 PAUSED 同步切屏 INV-11 | §4.5 §4.10 §6.7 |
+| **G3-R-P2-1** | 文档 | §5.6 错误矩阵"HighScoreStore mkdir 失败"行补 OSError（iter-2 §5.6 漏 OSError，iter-3 沿用补正） | §5.6 |
+| **G3-R-P2-2** | 文档 | §5.5 鲁棒性表 Q/ESC 任意态行改写（iter-2 §5.5 已改；iter-3 沿用，新增 SkinNotFoundError 不中断游戏一行） | §5.5 |
+| **G3-R-P2-3** | 文档 | §3.7 draw_pause_overlay docstring 与 §4.8 实现对齐（iter-2 已修；iter-3 沿用） | §3.7 |
+| **G3-R-P2-4** | 实现 | 删 §4.3 模块级常量 `_PAUSE_KEY`/`_RESTART_KEY`/`_QUIT_KEY`/`_ESCAPE_KEY`/`_RESET_HIGHSCORE_KEY`/`_BACK_TO_MENU_KEY`/`_GAME_OVER_RESERVED_ACTIONS` 死代码（**iter-2 已删部分**；iter-3 §4.3 全面重写时一并清**残留**的 `_MENU_RESERVED_ACTIONS`/`_GAME_OVER_RESERVED_ACTIONS` 的文档/常量分离说明——保留 _MENU_RESERVED_ACTIONS/_GAME_OVER_RESERVED_ACTIONS frozenset 是必要的代码，删除其文档化的"模块级常量定义后未引用"的描述） | §4.3 |
+| **G3-R-P2-5** | 实现 | 删 `translate_storage_error(func_name)` 死函数（iter-2 §3.8 标识；iter-3 沿用删除）；`storage.py` 仅保留 `create_storage(path)` 公开函数 | §3.8 §4.7 |
+| **G3-R-P2-6** | UT/fixture | fake_pygame 替换列表补 fonts 模块（iter-2 §6.2 已补；iter-3 沿用 fixture 化文案） | §6.2 |
+| **G3-R-P2-7** | UT/文档 | 测试事件构造统一沿用 iter-1 `FakeEvent`/`make_keydown` 辅助类（iter-2 §6.2 已提供；iter-3 §6.4 沿用） | §6.4 |
+| **G3-R-P2-8** | 文档 | §6.7 步骤 1 引用 `test_storage.py` 改为 `test_app_iter2_storage.py`（iter-2 已修；iter-3 §6.7 沿用） | §6.7 |
+| **G3-R-P2-9** | UT | H-1/H-2/H-3/H-4 断言实现方式改为 `font.render.call_args[0][0] == "最高分：100"`（iter-2 已修；iter-3 §6.4 沿用） | §6.4 |
+| **G3-R-P2-10** | 文档 | §3.4 vs §4.4 `_dispatch_playing` 双版本描述统一——§3.4 为 docstring 概览、§4.4 为权威代码（iter-2 §3.4 与 §4.6 合并；iter-3 §3.4 与 §4.6 沿用同一模式：§3.4 仅 docstring 引用 §4.6） | §3.4 §4.4 |
+| **G3-R-P2-11** | 文档 | §4.7 表述补 platform-storage issue（iter-2 已标识；iter-3 沿用——issue 由 MDE 后续开，**本轮不阻塞**） | §4.7 §附录 E |
+| **G3-R-P2-12** | 文档 | §4.4 `_dispatch_menu` 注释补正：MENU 态 `MOVE_*` 在 `_drain_events` 已转 START 不会进 dispatch；`TOGGLE_PAUSE`/`RESTART` 在 `_MENU_RESERVED_ACTIONS` 内会进 dispatch 但被显式忽略（**iter-2 已补正**；iter-3 §4.4 沿用同表述，并**新增** SET_SKIN_PREV/NEXT 分支不进 `_MENU_RESERVED_ACTIONS`——由 `_drain_events` 在 MENU 态直接处理 SET_SKIN_PREV/NEXT，**不进 dispatch**，见 G3-1） | §4.4 |
+| **G3-R-P2-13** | UT | P-4 描述改述为"app 层 `_dispatch_paused` 不处理 MOVE_*"（iter-2 已修；iter-3 §6.4 沿用） | §6.4 |
+
+### 沿用 iter-2 r2（不修订，本轮已 PASS）
+
+- 模块定位 / Python 3.8 兼容 / 零配置 / 无网络 / 无音效 / 不写系统目录
+- 跨迭代复用（主循环骨架 / 状态机 / 输入映射 / 错误处理框架）
+- **R3-1** 唯一屏态兜底（None→START 在 `_drain_events`）
+- **R3-2** menu 不读 renderer 私有（走 `pygame.display.get_surface()`）
+- **R3-4** 字段命名统一（`_difficulty` / `_high_score`）
+- **R3-5** `_running: bool = True`（iter-3 在 dispatch 内部**仍未用**——G3-1 skin 切换不写 `_running`，仅换 `_skin_index`+调 `Renderer.set_skin`；保留字段供 iter-4 扩展）
+- **R3-7** 删除 `_quit()` 死代码 + dispatch QUIT 分支
+- **R3-8** `_tick` 循环内重读 tick_ms
+- **R3-9** InvalidStateError 理论不可达不包装
+- **R3-10** App.__init__ 不构造 Renderer / 不构造 HighScoreStore
+- **R3-11** `_render` 共享一次 snap（G3-3 iter-3 在 PLAYING 路径需要 snap 两次：一次取 snap 给 `_build_hud`/插值构造 / 一次取 snap 给 Renderer.render？——**iter-3 修正**：snap 在 `_render` PLAYING 入口取一次，存 snap_local 复用：构造 `_build_hud(snap_local)` + 构造 `InterpolationState`（读 `_prev_snap`） + `Renderer.render(snap_local, hud, interp=...)`，**仍是一次 snap**）
+- **R3-12** CJK 字体回退链
… omitted 1594 diff line(s) across 1 additional file(s)/section(s)

session_id: 20260814_155055_ec581f
两项任务全部完成。按指令"完成后无需汇报"——本轮结束。
  ┊ review diff
a/workspace/snake-linux/design/game-app/设计-iter3-r2.md → b/workspace/snake-linux/design/game-app/设计-iter3-r2.md
@@ -0,0 +1,1778 @@
+# 功能模块设计：game-app（snake-linux v2.0.0 迭代 3）r2（修订版，回应 SE r1 评审）
+
+> MDE r2 · 跨迭代复用基线：迭代 2 设计 `snake-linux/design/game-app/设计-iter2-r2.md`（SE 评审 PASS）+ 迭代 2 实际代码 `snake-linux/code/game-app/iter-1/`（沿用 iter-2 r2 SE 评审已 P0/P1 落地的代码：P0-1 方案 A 屏态同步、P0-2 INV-13 实例字段写回、P1-1 双类型 OSError 捕获、P1-2 ESC/Q 语义分离、P1-3 `_init_pygame` 内 `if None` 守卫）
+> 依据：架构设计 `snake-linux/arch/v2.0.0/架构设计.md` §迭代计划迭代 3 + 功能模块分工表（"skin 切换 UI 接入"/"窗口缩放 UI 接入"/"平滑插值动画接入"）+ 需求规格 `snake-linux/analysis/snake-gui-r1.md`（FR-07/FR-09/FR-10/NFR-04 已固化）
+> 本版相对 r1 的修订动机：`snake-linux/review/design/game-app/iter-3/snake-linux-game-app-design-iter3-r1.md`（SE r1 评审结论 FAIL）
+> 依赖模块实际契约（**全部 it_passed，契约已锁定**）：
+>   - game-core **迭代 2** `code/game-core/iter-2/game_core/`（state.py）—— `Snapshot(snake_body: Tuple[Point,...], food: Point, score: int, length: int, status: GameStatus, difficulty: Difficulty, tick_ms: int)`
+>   - gui-renderer **迭代 3** `code/gui-renderer/iter-3/gui_renderer/`（renderer.py + types.py + errors.py + constants.py）——
+>     - `Renderer((W,H), *, skin=None, vsync=True, cell_size=..., grid_cols=..., grid_rows=..., enable_high_dpi=True)` 构造
+>     - `init()` / `shutdown()` / `render(snap, hud, *, interp=None)`（interp 非 None 时按 alpha 插值绘制，None=瞬移向后兼容）
+>     - **`set_skin(name)`**（不在 SKIN_REGISTRY 抛 `SkinNotFoundError(name, available)`；**迭代 3 修订 P3-1**：构造签名携带 `available` 列表供 game-app UI 提示）
+>     - **`handle_resize(w, h)`**（< MIN_PLAYABLE_W/H 抛 `RenderError`，重算 cell_size+字体+set_mode 保留 SCALED 标志；**本版 P0-2 修订要求：`handle_resize` 必须保留 `RESIZABLE` 标志并新建窗口事件源——见 §0.r2-2**）
+>     - **`current_skin_name`** 属性 / **`skin_names()`** 返注册表 key tuple / **`fps_metric()`**
+>     - **`InterpolationState(alpha, prev_snake_body: Tuple[Tuple[int,int],...], prev_food: Optional[Tuple[int,int]]=None)`**（迭代 3 修订 P2-1：prev_food=None 语义 = 吃食节拍食物瞬移渲染）
+>     - **`SKIN_REGISTRY`** = `{"classic": DEFAULT_SKIN, "dark": DARK_SKIN, "colorblind_friendly": COLORBLIND_FRIENDLY_SKIN}`（**3 套，经典/深色/色盲友好**；色盲方案叠加形状/纹理辨识，不以颜色为唯一区分——`food_pattern`/`snake_pattern` 字段）
+>     - `enable_high_dpi=True` 默认：`pygame.SCALED` 标志（pygame 1.x 无 `SCALED` 属性时降级 flags=0；getattr 防御）
+>   - platform-storage **迭代 2** `code/platform-storage/iter-2/platform_storage/`（不调用，本迭代无新增）
+> **目标**：FO 拿到本文即可 TDD 开发；迭代 3 在迭代 2 既有代码（iter-1 源码目录 `code/game-app/iter-1/`）上**增量修改**（不新建 iter-3 代码目录——同 v2.0.0 一个发布单元）；同时消化 iter-2 r2 SE 评审遗留的 5×P1（**测试基建级**，不改变实现方案）+ 13×P2（不阻塞 PASS，FO 落地时一并修）+ **本版针对 iter-3 r1 SE 评审 2×P0 + 1×P1 + 4×P2 全部修订落地**
+> **关键决策**（r2 修订部分）：
+> 1. **G3-3 插值链路自洽**（r2-1，回应 P0-1）：`_prev_snap` 在 `_tick` 中**step 前**保存（不是 step 后）；alpha 公式改为 `alpha = (_tick_accumulator_ms % tick_ms) / tick_ms`（不是 `1.0 - ...`）；OVER/PAUSED/MENU 路径不走插值；首帧 `_prev_snap=None` → alpha=1.0 瞬移
+> 2. **VIDEORESIZE 事件源契约**（r2-2，回应 P0-2）：gui-renderer iter-3 `init()` 与 `handle_resize` **必须**带 `pygame.RESIZABLE` 标志（getattr 防御）；game-app 设计依赖契约显式声明"Renderer 窗口必须带 RESIZABLE 标志（VIDEORESIZE 事件源）"；附录 F 实核清单新增此条目
+> 3. **`_prev_snap` 生命周期补全**（r2-3，回应 P1-1）：`_new_game` 重置 `_prev_snap = None`；`_interpolation_state` 实现真实 Chebyshev 距离防御（`max(|dx|, |dy|) > 1 → None`，与 renderer 内部 `_grid_distance` 一致）；UT 补"新旧局蛇身长度相同但位置不同 → 返回 None"
+> 4. **文档级对齐**（r2-4，回应 P2-1~4）：`_skin_index` 派生统一用 `skin_names()[_skin_index]`；InputAction 新增后总数 = **18**（iter-2 15 + iter-3 3）；`_interpolation_state` 删除冗余 `self.game_state is None` 实例字段检查；`prev_food=None` 语义补注
+> 5. **其他沿用**：新增 skin UI / 窗口缩放接入 / AppConfigV3 子类 / MENU 屏态皮肤行展示——与 r1 一致；iter-2 r2 SE 评审遗留 5×P1 + 13×P2 全部同步消化
+
+---
+
+## 0. 修订摘要（相对 iter-2 设计 r2 + 相对 iter-3 设计 r1）
+
+### 0.r2 SE r1 评审修订落地（**P0-1/P0-2 + P1-1 + P2-1~4**）
+
+| 修订 ID | 级别 | 修订内容 | 触发评审意见 | 章节 |
+|---------|------|----------|-------------|------|
+| **r2-1（P0-1）** | P0（必修） | **G3-3 插值链路自洽**：① `_tick` 中 `self._prev_snap = self.game_state.snapshot()` 移到 `step()` **之前**（保存 step 前快照；OVER 分支仍置 None）；② `_interpolation_state` alpha 公式改为 `(acc % tick_ms) / tick_ms`；③ §6.4 INTERP-3/INTERP-10 断言同步修正（alpha=0 显示 prev，alpha=1 显示 cur；`_prev_snap` 为 step 前位置） | P0-1：`_prev_snap` 赋值时机 + alpha 公式方向双错，FR-07 必失效 | §1.2 §4.5 §4.6 §6.4 INTERP-1/2/3/10 |
+| **r2-2（P0-2）** | P0（必修） | **VIDEORESIZE 事件源契约**：① gui-renderer iter-3 `init()` / `handle_resize` flags **必须**带 `getattr(pygame, "RESIZABLE", 0)`（与 SCALED 同法 getattr 防御）—— 由 gui-renderer 模块所有者（MDE 下游/上游 MDE）落实，本设计仅声明契约；② game-app 设计依赖契约（G3-6/附录 B/附录 F）显式声明前置前提"Renderer 窗口必须带 RESIZABLE 标志（VIDEORESIZE 事件源）"，并将该条纳入契约实核清单；③ 修订后需在真实窗口环境手工验证拖拽缩放事件流（UT 用 fake 事件注入无法暴露此缺口） | P0-2：gui-renderer 窗口无 RESIZABLE 标志，VIDEORESIZE 分支永不可达，FR-09 验收不可达 | §0 关键决策 ② §附录 B §附录 F §6.4 RS-1~7 修订注 |
+| **r2-3（P1-1）** | P1（不阻塞 PASS，FO 落地必修） | **`_prev_snap` 生命周期补全**：① `_new_game` 内 `self._prev_snap = None`（首帧瞬移，与 `__init__` 语义一致）；② `_interpolation_state` 实现**真实 Chebyshev 距离防御**（`max(\|dx\|, \|dy\|) > 1 → None`，与 renderer 内部 `_grid_distance` 一致），消除 docstring 与实现的偏差；③ §6.4 INTERP-11 UT 补"新旧局蛇身长度相同但位置不同 → 返回 None" | P1-1：`_prev_snap` 生命周期缺口，新局开局蛇身漂移 | §4.4 `_new_game` §4.6 `_interpolation_state` §6.4 INTERP-4/11 |
+| **r2-4（P2-1）** | P2（文档级） | **皮肤名派生统一**：§1.2/§1.4/§4.4 注释统一改为 `skin_names()[_skin_index]`（不再引用 `SKIN_REGISTRY_NAMES[_skin_index]`——gui-renderer **无此导出**）；§4.4 `_switch_skin` 实现已用 `Renderer.skin_names()`（保持） | P2-1：引用 `SKIN_REGISTRY_NAMES` 错误 | §1.2 §1.4 §4.4 注释 |
+| **r2-5（P2-2）** | P2（文档级） | **InputAction 计数修正**：§3.5 公开 API 表改"InputAction Enum（**18** 个，iter-2 15 + G3-1/2 加 3 个）"——iter-2 基线已 15 个（QUIT/START/MOVE_UP/MOVE_DOWN/MOVE_LEFT/MOVE_RIGHT/TOGGLE_PAUSE/RESTART/SELECT_EASY/SELECT_MEDIUM/SELECT_HARD/RESET_HIGHSCORE/BACK_TO_MENU/ESCAPE/UNFOCUS） | P2-2：14→15→18 应明确 | §3.3 §3.5 |
+| **r2-6（P2-3）** | P2（实现/文档级） | **`_interpolation_state` 删除冗余检查**：删除 `if self.game_state is None: return None`（实例字段冗余；调用点 `_render` PLAYING 已 assert `self.game_state is not None`）；改为对 snap 参数做一致性检查 `if snap is None: return None`（防御性） | P2-3：检查实例字段而非传入 snap 参数 | §4.6 |
+| **r2-7（P2-4）** | P2（文档级） | **`prev_food=None` 语义补注**：§4.6 docstring + §6.4 INTERP-4 补注"app 侧吃食节拍选择更保守防御（`len(prev_body) != len(cur_body)` → 返回 None），`prev_food=None` 语义由 renderer 单独兜底"——功能无缺口，仅文档对齐 | P2-4：app 侧未使用 `prev_food=None` 语义 | §4.6 §6.4 INTERP-4 |
+
+### 迭代 3 增量（核心目标，对应需求 FR-07/FR-09/FR-10/NFR-04）
+
+| ID | 级别 | 修订内容 | 章节 |
+|----|------|----------|------|
+| **G3-1** | 应实现 | **皮肤切换 UI（MENU 态内）**：`_dispatch_menu` 新增 SET_SKIN_PREV/SET_SKIN_NEXT 两个 action（←/→ 方向键）；调 `Renderer.set_skin(name)`；失败 `SkinNotFoundError`（防御）→ `_render` MENU 时捕获并维持上一可用皮肤。**循环索引在 App 内维护**：`App._skin_index: int = 0`（默认 classic 对应 SKIN_REGISTRY 索引 0）；←/→ 在 `[0, len(skin_names()))` 内循环；SET_SKIN_* 只在 MENU 态生效，PLAYING/PAUSED/GAME_OVER 透传为方向 MOVE_*（保持原有行为，**游戏对局不中断**——FR-10）；皮肤名派生统一用 `skin_names()[_skin_index]`（r2-4 修订，不再引用不存在的 `SKIN_REGISTRY_NAMES`） | §1.2 §3.3 §4.4 §6.4 |
+| **G3-2** | 应实现 | **窗口等比缩放**：`_drain_events` 新增 `pygame.VIDEORESIZE` 事件分支 → 调 `Renderer.handle_resize(ev.w, ev.h)`；`RenderError` 兜底（最小尺寸）→ 提示并维持当前尺寸（不抛异常退出）；`_drain_events` 在游戏运行期持续接收 VIDEORESIZE 事件，PLAYING/PAUSED 态直接处理（**不影响对局、不打断游戏**——FR-09）；event 仍按原顺序归一化为 InputAction **之外的**特殊事件，扩展 `InputAction` 加 `RESIZE`（但 `RESIZE` 不入主循环 dispatch 列表——在 `_drain_events` 内同步处理）；**r2-2 修订**：附录 B/F 显式声明前置前提"Renderer 窗口必须带 RESIZABLE 标志（VIDEORESIZE 事件源）" | §3.3 §4.4 §6.4 §附录 B §附录 F |
+| **G3-3** | 应实现 | **平滑插值动画**（**r2-1 全链修订**）：`_render` PLAYING 路径构造 `InterpolationState(alpha, prev_snake_body, prev_food)`；app 维护 `_prev_snap: Optional[Snapshot]` 字段（**每节拍 `_tick` 在 step 之前 snapshot → step 后 `_prev_snap` 不再写入；step 完成后下一帧 _render 用的 `_prev_snap` = 本帧 step 前快照 = 上一帧 step 后位置**——r2-1 修订）；**alpha 计算**（r2-1 修订）：`alpha = (_tick_accumulator_ms % tick_ms) / tick_ms`（已消费时长占整节拍比例 → step 完成后 elapsed=0 → alpha=0 显示 prev（旧位置）→ elapsed→tick 时 alpha→1 恰好衔接下一 step 的新位置，连续）；OVER 态不插值（瞬移）；OVER → GAME_OVER 切换帧 `_prev_snap = None`；PAUSED 态不走插值；首帧无 `_prev_snap` → 返回 None（瞬移渲染）；**r2-3 修订**：`_new_game` 重置 `_prev_snap = None`；`_interpolation_state` 实现真实 Chebyshev 距离防御 | §1.2 §3.4 §4.5 §4.6 §6.4 |
+| **G3-4** | 应实现 | **AppConfigV3 子类扩展**：`AppConfigV3(AppConfig)` 加 `enable_high_dpi: bool = True`（**NFR-04 高分屏清晰**）；`__post_init__` 不增校验（bool 无非法值）；`App.__init__` 用 `isinstance(self.config, AppConfigV3)` 判定，把 `enable_high_dpi` 传给 `Renderer(...)` 构造；iter-2 `AppConfig` 实例仍可用（`isinstance` False → 不传，Renderer 默认 `enable_high_dpi=True`——向后兼容，无破坏） | §1.2 §3.1 §3.4 §6.4 |
+| **G3-5** | 应实现 | **MENU 屏态皮肤行展示**：`_render` MENU 路径在 `draw_menu` 自绘中**新增** `current_skin_name` 一行（在难度选项与最高分行之间 / 之下，根据窗口高度自适应）；`draw_menu` 形参新增 `current_skin_name: str = "classic"`；←/→ 切皮肤后下一帧立即生效（仅换 `_skin_index` + 调 `Renderer.set_skin`，无需重 render——`Renderer.render` 每帧读 `_skin`，FR-10 对局不中断） | §3.7 §4.6 §6.4 |
+| **G3-6** | 文档 | **依赖契约更新**：依赖 gui-renderer iter-3 全部新接口（`set_skin`/`handle_resize`/`render(interp=)`/`skin_names()`/`current_skin_name`/`InterpolationState`/`enable_high_dpi` 参数）；**r2-2 新增契约前置**：Renderer 窗口必须带 RESIZABLE 标志（VIDEORESIZE 事件源）；game-core iter-2 沿用（不变）；platform-storage iter-2 沿用（不调用） | §0 §附录 B §附录 F |
+| **G3-7** | 文档 | **新文件组织决策**：迭代 3 **不**新建 `code/game-app/iter-3/` 目录（同 v2.0.0 一个发布单元）；增量修改 iter-1 源码目录（`app.py` / `input.py` / `config.py` / `menu.py` / `__init__.py` / `_constants.py`）；新增 `tests/test_game_app/test_app_iter3_{skin,resize,interp,config_v3}.py`；`tests/test_game_app/conftest.py` 调整 `app`/`app_in_playing` fixture 注入顺序（**P1-A/P1-B 消化**） | §4.1 §6.2 §附录 A |
+| **G3-8** | 文档 | **跨迭代复用声明**：iter-3 不改 `_drain_events` MENU 屏态兜底语义（**R3-1 沿用**）；不改 `_tick` 循环内重读 tick_ms（**R3-8 沿用**）；不改 AppConfig 字段命名（**R3-4 沿用**）；不改退出码 0/1/2 语义（**R3-15 沿用**）；iter-3 增量**仅**新增 skin UI / 缩放 / 插值 / AppConfigV3 子类，4 项功能落在 4 处新代码，**最小侵入** | §附录 C |
+
+### iter-2 r2 SE 评审遗留 5×P1 + 13×P2 同步消化（FO 落地修订，不阻塞本次 SE）
+
+| ID | 级别 | 修订内容 | 章节 |
+|----|------|----------|------|
+| **G3-R-P1-A** | UT/fixture | **fixture 注入顺序彻底修正**：`app`/`app_in_playing` 等 fixture 改为先注入 fake_storage 再 `_init_pygame()`；配合 `_init_pygame` 内 `if self._storage is None` 守卫，**真实 create_storage 不再触发**（彻底避免触碰真实用户目录）；同步删除 iter-1 UT 中破坏性断言（`test_pause_hint_shown_is_false`/`test_renderer_is_none_at_init` 等已通过 iter-2 fixture 化重写不依赖，**此处仅文档一致性确认**） | §6.2 |
+| **G3-R-P1-B** | UT/fixture | `app_with_storage` fixture 改 monkeypatch `game_app.storage.create_storage` 返回 tmp_path 实例（而非 fixture 内先 `_init_pygame()` 再覆盖 fake_storage——顺序与 P1-A 一致）；UT 触碰真实目录彻底断绝 | §6.2 |
+| **G3-R-P1-C** | UT/fixture | `app_in_game_over` fixture 补 `from game_core import GameStatus`（P1-C iter-2 评审遗留；iter-3 沿用，无新增 GameStatus.OVER 引用点） | §6.2 |
+| **G3-R-P1-D** | UT | P-8 改为**语句级 AST 断言**（`ast.parse(inspect.getsource(app._tick))` 后遍历 `ast.If`/`ast.If.body`/`elif` 节点，断言不存在 `GameStatus.PAUSED` 节点）；iter-3 沿用 | §6.4 |
+| **G3-R-P1-E** | 文档 | §6.7 步骤 7/§4.10 注意点 3 已 iter-2 沿用方案 A 权威表述；iter-3 §6.7 步骤描述**不再引入**任何"自动转屏/方案 B"残语；§4.10 注意点 3 在 iter-3 章节内显式保留 PAUSED 同步切屏 INV-11 | §4.5 §4.10 §6.7 |
+| **G3-R-P2-1** | 文档 | §5.6 错误矩阵"HighScoreStore mkdir 失败"行补 OSError（iter-2 §5.6 漏 OSError，iter-3 沿用补正） | §5.6 |
+| **G3-R-P2-2** | 文档 | §5.5 鲁棒性表 Q/ESC 任意态行改写（iter-2 §5.5 已改；iter-3 沿用，新增 SkinNotFoundError 不中断游戏一行） | §5.5 |
+| **G3-R-P2-3** | 文档 | §3.7 draw_pause_overlay docstring 与 §4.8 实现对齐（iter-2 已修；iter-3 沿用） | §3.7 |
+| **G3-R-P2-4** | 实现 | 删 §4.3 模块级常量 `_PAUSE_KEY`/`_RESTART_KEY`/`_QUIT_KEY`/`_ESCAPE_KEY`/`_RESET_HIGHSCORE_KEY`/`_BACK_TO_MENU_KEY`/`_GAME_OVER_RESERVED_ACTIONS` 死代码（**iter-2 已删部分**；iter-3 §4.3 全面重写时一并清**残留**的 `_MENU_RESERVED_ACTIONS`/`_GAME_OVER_RESERVED_ACTIONS` 的文档/常量分离说明——保留 _MENU_RESERVED_ACTIONS/_GAME_OVER_RESERVED_ACTIONS frozenset 是必要的代码，删除其文档化的"模块级常量定义后未引用"的描述） | §4.3 |
+| **G3-R-P2-5** | 实现 | 删 `translate_storage_error(func_name)` 死函数（iter-2 §3.8 标识；iter-3 沿用删除）；`storage.py` 仅保留 `create_storage(path)` 公开函数 | §3.8 §4.7 |
+| **G3-R-P2-6** | UT/fixture | fake_pygame 替换列表补 fonts 模块（iter-2 §6.2 已补；iter-3 沿用 fixture 化文案） | §6.2 |
+| **G3-R-P2-7** | UT/文档 | 测试事件构造统一沿用 iter-1 `FakeEvent`/`make_keydown` 辅助类（iter-2 §6.2 已提供；iter-3 §6.4 沿用） | §6.4 |
+| **G3-R-P2-8** | 文档 | §6.7 步骤 1 引用 `test_storage.py` 改为 `test_app_iter2_storage.py`（iter-2 已修；iter-3 §6.7 沿用） | §6.7 |
+| **G3-R-P2-9** | UT | H-1/H-2/H-3/H-4 断言实现方式改为 `font.render.call_args[0][0] == "最高分：100"`（iter-2 已修；iter-3 §6.4 沿用） | §6.4 |
+| **G3-R-P2-10** | 文档 | §3.4 vs §4.4 `_dispatch_playing` 双版本描述统一——§3.4 为 docstring 概览、§4.4 为权威代码（iter-2 §3.4 与 §4.6 合并；iter-3 §3.4 与 §4.6 沿用同一模式：§3.4 仅 docstring 引用 §4.6） | §3.4 §4.4 |
+| **G3-R-P2-11** | 文档 | §4.7 表述补 platform-storage issue（iter-2 已标识；iter-3 沿用——issue 由 MDE 后续开，**本轮不阻塞**） | §4.7 §附录 E |
+| **G3-R-P2-12** | 文档 | §4.4 `_dispatch_menu` 注释补正：MENU 态 `MOVE_*` 在 `_drain_events` 已转 START 不会进 dispatch；`TOGGLE_PAUSE`/`RESTART` 在 `_MENU_RESERVED_ACTIONS` 内会进 dispatch 但被显式忽略（**iter-2 已补正**；iter-3 §4.4 沿用同表述，并**新增** SET_SKIN_PREV/NEXT 分支不进 `_MENU_RESERVED_ACTIONS`——由 `_drain_events` 在 MENU 态直接处理 SET_SKIN_PREV/NEXT，**不进 dispatch**，见 G3-1） | §4.4 |
+| **G3-R-P2-13** | UT | P-4 描述改述为"app 层 `_dispatch_paused` 不处理 MOVE_*"（iter-2 已修；iter-3 §6.4 沿用） | §6.4 |
+
+### 沿用 iter-2 r2（不修订，本轮已 PASS）
… omitted 1700 diff line(s) across 1 additional file(s)/section(s)

session_id: 20260814_161513_2011f4
状态已正确迁移：`design_working → design_reviewing`，产物路径已更新。修订完成。
