  ┊ review diff
a/workspace/snake-linux/review/design/game-app/iter-2/snake-linux-game-app-design-iter2-r1.md → b/workspace/snake-linux/review/design/game-app/iter-2/snake-linux-game-app-design-iter2-r1.md
@@ -0,0 +1,127 @@
+# SE 评审意见：game-app 迭代 2 功能模块设计（设计-iter2-r1）
+
+> 评审人：SE · 2026-08-14
+> 评审对象：`snake-linux/design/game-app/设计-iter2-r1.md`（MDE r1 首发）
+> 评审基线：架构 `snake-linux/arch/v2.0.0/架构设计.md` + `功能模块分工表.md`；依赖契约实核 `code/game-core/iter-2/`、`code/gui-renderer/iter-3/`、`code/platform-storage/iter-2/`（均 it_passed）；代码基线 `code/game-app/iter-1/`（it_passed）；iter-1 评审 `review/design/game-app/iter-1/r3`（PASS）
+
+## 结论：FAIL
+
+设计整体框架完整（依赖契约逐条实核通过、架构遵循良好、UT 矩阵 ~70 条与 7 阶段 TDD 步骤自洽），但存在 **2×P0 内部自相矛盾（代码示例与 UT/不变量声明直接冲突，FO 按文落地必然崩溃或 UT 必红）+ 3×P1（一处异常类型契约错配、一处键位语义被破坏、一处 fixture 注入失效）**。P0 未修前 FO 无法开展 TDD，须 MDE 修订后复审。
+
+---
+
+## 一、P0（阻塞，必须修订）
+
+### P0-1：PAUSED 屏态同步断链——「自动转屏」无实现，toggle_pause 后同帧必然崩溃
+
+**位置**：§3.4（App docstring「自动转屏：core 返回 PAUSED → screen=PAUSED」）、§4.4（`_dispatch_playing` TOGGLE_PAUSE/UNFOCUS 分支、`_dispatch_paused`）、§4.5（`_tick`）、§6.4（UT P-1/P-2）。
+
+**问题**：
+1. `_dispatch_playing(TOGGLE_PAUSE)`（§4.4 第 883~885 行）与 `_dispatch_playing(UNFOCUS)`（§4.4 第 886~889 行）调 `toggle_pause()` 后**均未同步 `self.screen`**；`_dispatch_paused(TOGGLE_PAUSE)` 同样未把 screen 改回 PLAYING。
+2. 设计声称的「自动转屏」落点 `_tick`（§4.5 第 934~936 行 `elif new_status == GameStatus.PAUSED`）是**死代码**：实核 game-core iter-2 `state.py`，`step()` 在 `status != RUN` 时直接抛 `InvalidStateError`，只可能返回 RUN/OVER，**永不返回 PAUSED**——该检测分支不可达。
+3. 主循环（§4.2）dispatch 后 `if self.screen == AppScreen.PLAYING: self._tick(dt_ms)`——P 键/失焦后 screen 仍为 PLAYING → 进入 `_tick` → 开头 `assert self.game_state.status == GameStatus.RUN`（§4.5 INV-1）在 toggle_pause 后 **AssertionError 崩溃**。INV-1「screen==PLAYING ⇒ status==RUN」与「dispatch 内 toggle 不切屏」直接冲突。
+4. §6.4 UT P-1 断言 `_dispatch_playing(TOGGLE_PAUSE)` 后 `screen == PAUSED`、P-2 断言 `screen == PLAYING`——按 §4.4 代码实现**必然失败**。设计文档内部（代码示例 vs UT vs 不变量）三方矛盾。
+
+**修法建议**（MDE 选一，全文统一）：
+- 方案 A（推荐，单点同步）：dispatch 内三处 toggle 后显式切屏——`_dispatch_playing` 的 TOGGLE_PAUSE/UNFOCUS 分支在 toggle 后 `self.screen = AppScreen.PAUSED`；`_dispatch_paused` 的 TOGGLE_PAUSE 分支 toggle 后 `self.screen = AppScreen.PLAYING`。同时删除 `_tick` 内死代码 PAUSED 检测分支（或改防御性注释），并把 INV-10/11 与 `_tick` 的 `assert status==RUN` 改为「`_tick` 仅 PLAYING 态调用（INV-10），调用时 status 必为 RUN（INV-1 前置条件成立）」的表述。
+- 方案 B：主循环每帧末尾按 `game_state.status` 单点同步 screen（`screen = {RUN: PLAYING, PAUSED: PAUSED, OVER: GAME_OVER}[status]`），`_dispatch_*` 不再切屏。
+- 无论选哪个，§6.4 P-1/P-2/P-3 与 §4.4/§4.5 必须同步改写为一致语义。
+
+### P0-2：INV-13「回调同步 _high_score」与 §4.6 实现矛盾——本局破纪录不显示，UT SC-2 必红
+
+**位置**：§1.4 INV-13、§3.4 `_new_game`（第 434~439 行 nonlocal `_high` 版本）、§4.6 `_new_game`（第 951~961 行 `_high_ref` dict 版本）、§6.4 UT SC-2。
+
+**问题**：
+1. 两处回调实现（§3.4 与 §4.6，本身互不一致）都只更新**回调闭包内变量**（nonlocal `_high` / `_high_ref["v"]`），**从不写 `self._high_score`**；而 HUD（`_build_hud` → `high_score=self._high_score`，§4.8）与 GAME_OVER 画面（`draw_game_over(high_score=self._high_score)`）每帧读的都是 `self._high_score`。
+2. 实际效果：一局中吃食破纪录 → `storage.save()` 已落盘（core cache 更新）但 `self._high_score` 不变 → HUD 与 GAME_OVER 画面**显示旧最高分**，直到下次 `_new_game` 才从 `storage.load()` 刷新。FR-13「最高分展示」在当局破纪录场景下功能缺失。
+3. §6.4 UT SC-2 断言 `app._high_score == 10`——按 §4.6 实现**必然失败**。INV-13 声明与实现代码矛盾。
+
+**修法建议**：回调内直接同步实例字段：`self._high_score = max(self._high_score, new_val)`（`_high_ref`/nonlocal 容器可删，闭包内直接写 `self._high_score` 即可，UT 用注入的 app 实例天然可断言）；§3.4 与 §4.6 合并为一处权威实现（建议以 §4.6 为基底），消除双版本。
+
+---
+
+## 二、P1（不阻塞 PASS 判定，但 MDE 修订时应一并修）
+
+### P1-1：`HighScoreStore.__init__` mkdir 失败抛的是 OSError 而非 StorageError——「用户数据目录不可写」包装失效
+
+**位置**：§4.7（`except StorageError as e: raise AppError(...)`）、§5.5 鲁棒性表「用户数据目录不可写」行。
+
+**实核**：platform-storage iter-2 `highscore.py` —— `__init__` 内 `self.path.parent.mkdir(parents=True, exist_ok=True)` 失败抛**裸 OSError（PermissionError 等）**；`StorageError` 仅在 `save()` 内包装 `atomic_write_json` 的 OSError 时抛出。文档注释也明确「load 永不抛异常给上层（仅 __init__ 在 mkdir 失败时抛 StorageError）」——**注释与代码不符，代码事实是抛 OSError**。
+**后果**：目录不可写时 `except StorageError` 捕获不到 → 裸 OSError 上浮 → `main()` 的 `except AppError` 也捕获不到 → 解释器兜底裸 traceback，违反 NFR-03「可读错误提示 + 无裸 traceback」。
+**修法**：`_init_pygame` 改为 `except (StorageError, OSError) as e: raise AppError(f"用户数据目录不可写: {e}") from e`（同时建议向 platform-storage 提 issue：__init__ mkdir 失败应包 StorageError，与模块自身 docstring 对齐）。
+
+### P1-2：GAME_OVER 态 Q 键被误转 BACK_TO_MENU——无法在结束画面退出
+
+**位置**：§4.3 `_map_event`（`_QUIT_KEYS = (K_q, K_ESCAPE)` 两者同归 QUIT）、§4.4 `_drain_events` GAME_OVER 覆盖（`if action == QUIT and ev.type != pygame.QUIT: action = BACK_TO_MENU`）。
+
+**问题**：`_map_event` 对 ESC 与 Q **不可区分地**都返回 QUIT；`_drain_events` 的 GAME_OVER 覆盖只排除窗口关闭事件（`pygame.QUIT`），**无法区分 ESC 与 Q** → GAME_OVER 态按 Q（用户意图退出）也被转成 BACK_TO_MENU。与 §4.8 `draw_game_over` 提示语「Q 退出」直接矛盾；GAME_OVER 态实际无法直接退出（须先回菜单再按 Q）。
+**修法**：`_map_event` 对 ESC 返回独立 action（如新增 `InputAction.ESCAPE` 或 `QUIT_BY_ESC`），`_drain_events` 仅对该 action 做 GAME_OVER 覆盖；Q 保持 QUIT 直通主循环 break。UT B-1/B-4 同步补 ESC/Q 区分断言。
+
+### P1-3：§6.2 fixture 注入 fake_storage 被 `_init_pygame` 无条件覆盖——UT 触碰真实用户目录
+
+**位置**：§6.2 `app_in_playing`/`app_in_paused` fixture（先 `a._storage = fake_storage` 再 `a._init_pygame()`）、§4.7 `_init_pygame`（无条件 `self._storage = create_storage()`）。
+
+**问题**：`_init_pygame` 内 `self._storage = create_storage()` 会**覆盖** fixture 刚注入的 fake_storage；且 `create_storage()` 无参 → 真实 `get_user_data_dir()` → UT 实际构造真实 HighScoreStore 并读写 `~/.local/share/SnakeLinuxGUI/highscore.json`（创建真实目录、受本机既有最高分文件影响 → 不确定 + 污染开发机）。§6.2 注释「直接注入 fake_storage，跳过 _init_pygame 内 create_storage()」与实际代码行为不符。
+**修法**：`_init_pygame` 改为 `if self._storage is None: self._storage = create_storage()`（已注入则跳过）；或 fixture 在 `_init_pygame()` **之后**注入 fake_storage。两处 fixture 统一。
+
+---
+
+## 三、P2（文档/UT 级，FO 落地时注意，不阻塞）
+
+| # | 位置 | 问题 | 建议 |
+|---|------|------|------|
+| P2-1 | §4.3 | input.py 示例改为**模块级常量直接引用**（`_PAUSE_KEY = pygame.K_p` 等），与 iter-1 实际代码的 `_pygame_attr(name)` 延迟读取模式（`input.py` 头注释 + `_map_event` 全部常量走 `_pygame_attr`）冲突。照抄会破坏 iter-1 既有测试基建（无 pygame 环境无法 import）。§6.2 fake_pygame fixture 也漏了 `game_app.input` 的 monkeypatch 项，且新增 `import pygame`（iter-1 conftest 无此依赖，用常量字典） | 明确「沿用 iter-1 `_pygame_attr` 模式，仅增量加 H/Backspace 分支」；fixture 补 input 模块替换 |
+| P2-2 | §6.4 P-5 | 引用 `app_in_game_over` fixture——iter-1 不存在、§6.2 也未新增；且「OVER 态调 toggle_pause 抛 InvalidStateError」在 app 层**不可达**（GAME_OVER 态 dispatch 走 `_dispatch_over`，TOGGLE_PAUSE 被忽略不调 core） | 新增 fixture 或改为直接 `pytest.raises(InvalidStateError)` 调 `app.game_state.toggle_pause()`（先手动把 status 置 OVER） |
+| P2-3 | §6.4 P-6 | 「pending_direction 由 None → some → None」序列描述含糊：app 层 PAUSED 态 MOVE_* 被忽略，pending 只能先在 RUN 态 set_direction 构造 | 补前置步骤：RUN 态按方向键 → P → P（依赖 core INV-8 清 pending） |
+| P2-4 | §3.5 | `main()` 公开 API 表写「捕获 ConfigError/AppError/StorageError」——iter-1 `main()` 实际仅 `except ConfigError/AppError`；StorageError 已被包成 `StorageUnavailableError(AppError)`，无需也不应单独捕获 | 删 StorageError 项，与 §4.2/iter-1 对齐 |
+| P2-5 | §3.4 vs §4.6 | `_new_game` 双版本实现不一致（nonlocal `_high` vs `_high_ref` dict；`self._storage.load()` 只有注释 vs 有赋值） | 随 P0-2 合并为一处权威实现 |
+| P2-6 | §4.8 `draw_pause_overlay` 示例 | 存在废代码行 `big_font = ... if False else body_font`（§4.8 第 2 步注释）；「PAUSED 大字 32px」注释与实际 `body_font`（22px）直接渲染不一致；遮罩矩形色值硬编码 128 但 §4.1 声明走 `PAUSE_OVERLAY_ALPHA` 常量 | 清理示例代码，字号语义与实现二选一（建议新增放大字号 font 或明确 22px） |
… omitted 49 diff line(s) across 1 additional file(s)/section(s)

session_id: 20260814_093539_7b8263
评审完成，结论 **FAIL**（已提交，迭代 2 状态 design_reviewing → design_working 打回 MDE 修订）。

评审意见：`snake-linux/review/design/game-app/iter-2/snake-linux-game-app-design-iter2-r1.md`

一句话结论：架构遵循与依赖契约全部实核通过，但设计文档内部有 2 处 P0 自相矛盾 + 3 处 P1 接口错配，FO 无法按文 TDD。

- P0-1：PAUSED「自动转屏」无实现——dispatch 内 toggle_pause 后不切 screen，同帧进 _tick 必 AssertionError 崩溃；_tick 的 PAUSED 检测是死代码（core step() 永不返回 PAUSED）；UT P-1/P-2 与 §4.4 代码直接矛盾
- P0-2：INV-13 声称回调同步 _high_score，但 §4.6 实现只更新闭包容器——本局破纪录 HUD/GAME_OVER 不显示新纪录，UT SC-2 必红
- P1-1：HighScoreStore 构造 mkdir 失败抛的是 OSError 非 StorageError，「目录不可写」包装失效 → 裸 traceback 违反 NFR-03
- P1-2：GAME_OVER 态 ESC 与 Q 同归 QUIT，覆盖逻辑把 Q 也转成 BACK_TO_MENU——结束画面无法退出
- P1-3：fixture 先注入 fake_storage 再调 _init_pygame，被 create_storage() 覆盖——UT 会碰真实用户目录

P2 级 7 项（input.py 模式退化、P-5 fixture 不存在、示例废代码等）已列在评审文件，随修订一并消化。
  ┊ review diff
a/workspace/snake-linux/review/design/game-app/iter-2/snake-linux-game-app-design-iter2-r2.md → b/workspace/snake-linux/review/design/game-app/iter-2/snake-linux-game-app-design-iter2-r2.md
@@ -0,0 +1,144 @@
+# SE 评审意见：game-app 迭代 2 功能模块设计（设计-iter2-r2）
+
+> 评审人：SE · 2026-08-14
+> 评审对象：`snake-linux/design/game-app/设计-iter2-r2.md`（MDE r2 修订版）
+> 评审基线：架构 `snake-linux/arch/v2.0.0/架构设计.md` + `功能模块分工表.md`；依赖契约实核 `code/game-core/iter-2/`、`code/gui-renderer/iter-3/`、`code/platform-storage/iter-2/`（均 it_passed）；代码基线 `code/game-app/iter-1/`（it_passed）；本轮评审对象为 r1 FAIL 意见（`snake-linux-game-app-design-iter2-r1.md`）的修订版
+
+## 结论：PASS
+
+r1 的 **2×P0 + 3×P1 + 7×P2 已全部给出全文一致修订**：P0-1（PAUSED 屏态同步断链）以方案 A 单点落地（dispatch 内三处 toggle 后显式切屏、`_tick` 死代码分支删除、INV-10/11 重写、UT P-1/P-2/P-3/P-8 配套改写）；P0-2（INV-13 回调断链）以 §4.6 单点权威实现（回调直接写 `self._high_score` 实例字段、§3.4/§4.6 合并）；P1-1（mkdir 裸 OSError）双类型捕获；P1-2（ESC/Q 键位语义分离）独立 `ESCAPE` action + GAME_OVER 屏态覆盖 + UT B-1/B-4 区分断言；P1-3（fixture 注入失效）`_init_pygame` 加 `if None` 守卫。
+
+**依赖契约逐条实核通过**（对照锁定代码，非仅文档）：`GameState` 全关键字构造含 `score_callback`、`toggle_pause()` RUN↔PAUSED / OVER 抛 InvalidStateError / PAUSED→RUN 清 pending（INV-8）、`step()` 非 RUN 抛 InvalidStateError（**据此确认 _tick 死代码分支删除正确**）、`set_score_callback` 返回新 GameState、`Snapshot.tick_ms = speed_curve`；`HighScoreStore(path=None)` / `load()` 损坏返 0 / `save()` 仅升分落盘抛 StorageError / `reset()`；`Renderer((W,H), *, skin, vsync, cell_size, grid_cols, grid_rows, enable_high_dpi)` / `render(snap, hud, *, interp=None)` / `HudData` 5 字段。**架构遵循与迭代边界核对通过**（依赖单向、零配置无网络无音效、不写系统目录、难度 UI 不重复、不建 iter-2 目录决策合理、iter-3/4 增量仅预告）。
+
+**可落地性**：设计整体可作为 FO TDD 依据——UT 矩阵（iter-1 42 条沿用 + G2 系列 ~40 条）与 7 阶段 TDD 步骤框架自洽，方案 A 的 PAUSED 状态机语义闭环。**但存在 5×P1（测试基建/文档表述级，不改变实现方案）**：其中 2 项（P1-A 迭代 1 UT 回归未识别、P1-C fixture 缺导入必崩）直接导致"FO 照文落地会红一批测试"，FO 落地时**必须**按修订要求修正 conftest；其余为表述残留。P1 不阻塞 PASS，MDE 修订时应一并修（或 FO 落地时按本意见修正）。
+
+---
+
+## 一、P1（不阻塞 PASS 判定，但 MDE 修订 / FO 落地时必须处理）
+
+### P1-A：`app` fixture 语义变更 + `_pause_hint_shown` 字段删除 → iter-1 既有 UT 必红，r2 未识别回归
+
+**位置**：§6.2（`app` fixture）、§1.3（删除 `_pause_hint_shown`）、§6.4（"iter-1 沿用 42 条"）。
+
+**实核**：iter-1 conftest 的 `app` fixture 语义是**"构造 App：不调 `_init_pygame`；`_renderer is None`"**（有意轻量化）。r2 §6.2 将 `app` fixture 改写为 `a = App(); a._init_pygame(); a._storage = fake_storage; ...`——直接破坏 iter-1 依赖该轻量语义的测试：
+
+- `test_app_init.py::test_renderer_is_none_at_init`（断言 `app._renderer is None`）→ 必红；
+- `test_app_init.py::test_clock_is_none_until_init`（断言 `app.clock is None`）→ 必红；
+- `test_app_init.py::test_pause_hint_shown_is_false`（断言 `app._pause_hint_shown is False`）→ iter-2 删除该字段 → **AttributeError 必红**。
+
+r2 §6.4 声称"iter-1 沿用（42 条）"但未列出上述任何一条的删除/修改。
+
+**修法**：保留 iter-1 `app` fixture 的轻量语义（不调 `_init_pygame`）；需要渲染/存储基建的测试沿用 iter-1 既有模式（`app_with_mock_renderer` / `app_in_playing` 已存在）；明确列出删除 `test_pause_hint_shown_is_false`、以及 `_tick`/`_new_game`/`_dispatch_playing` 中 `_pause_hint_shown` 全部引用的清理。
+
+### P1-B：P1-3 修复不彻底——fixture 在 `_init_pygame()` **之后**注入 fake_storage，真实 `create_storage()` 仍被执行（UT 触碰真实用户目录）
+
+**位置**：§6.2（全部 5 个 fixture 的注入顺序）、§4.7（`if self._storage is None:` 守卫）。
+
+**问题**：r1 P1-3 的核心批评是"UT 实际构造真实 HighScoreStore 并读写 `~/.local/share/SnakeLinuxGUI/highscore.json`（创建真实目录、受本机既有最高分文件影响 → 不确定 + 污染开发机）"。r2 选择了"`_init_pygame` 加 `if None` 守卫" **与** "fixture 在 `_init_pygame()` 之后注入 fake"两个修法叠加——但二者组合错误：fixture 调 `_init_pygame()` 时 `_storage` 仍是 None → **`create_storage()` 真实执行**（mkdir 真实目录 + `_load_uncached()` 读真实文件，损坏时还会 `replace` 备份写操作）→ 之后 `a._storage = fake_storage` 只是覆盖引用，真实副作用已发生。`app` / `app_in_playing` / `app_in_paused` / `app_in_game_over` / `app_with_storage` 全部如此。S-2（`App()._init_pygame()` 断言 `_storage is not None`）与 `app_with_storage` 更是必然走真实构造。
+
+**修法**（与 §4.7 的 `if None` 守卫配套的正确顺序）：**在 `_init_pygame()` 之前注入 fake**（`a._storage = fake_storage` 先、`a._init_pygame()` 后）→ 守卫跳过 create_storage → 零真实 IO；`app_with_storage` 与 S-2 改为 monkeypatch `game_app.storage.create_storage` 返回 tmp_path 实例（或返回 fake），避免触碰真实目录。
+
+### P1-C：§6.2 `app_in_game_over` fixture 缺 `GameStatus` 导入 → NameError，P-5 / B-1~B-4 五条 UT 照文落地必崩
+
+**位置**：§6.2 `app_in_game_over`（`a.game_state = a.game_state._replace(status=GameStatus.OVER)`）。
+
+**实核**：fixture 代码仅 `from game_core import Difficulty`；`GameStatus` 未导入（`game_app.__init__` 亦不 re-export GameStatus，实核 iter-1 `__init__.py` 无此项）→ `GameStatus.OVER` 处 **NameError**。依赖该 fixture 的 P-5 / B-1 / B-2 / B-3 / B-4 全部受影响。`_replace(status=...)` 本身可行（frozen dataclass，实核 `state.py` replace 路径接受全字段），仅缺导入。
+
+**修法**：fixture 增加 `from game_core import GameStatus`（一行）。
+
+### P1-D：P-8 断言"`inspect.getsource(app._tick)` 不含 `GameStatus.PAUSED`"与 §4.5 示例代码注释直接冲突——照文实现 P-8 必红
+
+**位置**：§6.4 UT P-8、§4.5 `_tick` 注释。
+
+**问题**：P-8 用**子串**断言 `inspect.getsource(app._tick)` 不含 `GameStatus.PAUSED`；但 §4.5 的 `_tick` 示例代码注释明确写入 `# P0-1 修订：原 elif new_status == GameStatus.PAUSED 分支已删除（死代码）：`——注释含该子串。FO 若按 §4.5 实现（保留说明注释），P-8 必红。这与 r1 的 P0 同类（UT 与实现描述直接冲突），但因仅影响 P-8 一条且易修，定 P1。
+
+**修法**：P-8 改**语句级**断言（AST 解析 `_tick` 源码，断言不存在 `elif ... GameStatus.PAUSED` 分支语句），或 §4.5 注释改写作"原 PAUSED 检测分支（不可达死代码）已删除"（避免全名子串）。
+
+### P1-E：§6.7 TDD 步骤 7 + §4.10 注意点 3 残留旧方案 B 表述——与方案 A 权威实现直接矛盾，FO 按 TDD 步骤会 reintroduce 死代码
+
+**位置**：§6.7 步骤 7（"修改 `_tick` 检测 PAUSED 自动转屏"）、§4.10 注意点 3（"G2-1 PAUSED 态由 `_tick` 检测 `game_state.status == PAUSED` 后转 `screen=PAUSED`"）。
+
+**问题**：两处均为 r1 P0-1 所指的"自动转屏"（方案 B）语义残留，与方案 A 权威实现（§4.4 dispatch 内单点切屏、§4.5 `_tick` 不检测 PAUSED）直接矛盾。§6.7 是 FO 的落地步骤指引——照做会 reintroduce 死代码分支并破坏 INV-11 单点同步；§4.10 注意点 3 同样误导。
+
+**修法**：步骤 7 改为"修改 `_dispatch_playing` TOGGLE_PAUSE 分支 + 新增 `_dispatch_paused` + 修改 `_run_loop` PAUSED 跳过 `_tick`（方案 A，`_tick` 不检测 PAUSED）"；§4.10 第 3 条同步改写（或删除）。另步骤 9 "UNFUSH" 为 "UNFOCUS" 笔误（P2）。
+
+---
+
+## 二、P2（文档/UT 级，FO 落地时注意，不阻塞）
+
+| # | 位置 | 问题 | 建议 |
+|---|------|------|------|
+| P2-1 | §5.6 错误矩阵 | "HighScoreStore mkdir 失败"行只写 `StorageError → 包 AppError`，漏 OSError（§4.7 已捕获 `(StorageError, OSError)`；§5.5 已写双类型） | 表格同步补 OSError |
+| P2-2 | §5.5 鲁棒性表 | "Q/ESC 任意态：`_map_event` 统一映射 `QUIT`"为 r1 前旧语义——r2 已改 ESC 独立 `ESCAPE` action（P1-2） | 改"Q → QUIT 直通；ESC → ESCAPE（GAME_OVER 覆盖为 BACK_TO_MENU）" |
+| P2-3 | §3.7 `draw_pause_overlay` docstring | 第 2 步仍写"PAUSED 大字（body_font 字号放大到 32）"、第 1 步硬编码 `(0,0,0,128)`——与 §4.8 修订（统一 22px、色值走 `PAUSE_OVERLAY_COLOR` 常量）矛盾（r1 P2-6 只改了 §4.8，§3.7 未同步） | §3.7 docstring 与 §4.8 对齐 |
+| P2-4 | §4.3 | 模块级常量 `_PAUSE_KEY`/`_RESTART_KEY`/`_QUIT_KEY`/`_ESCAPE_KEY`/`_RESET_HIGHSCORE_KEY`/`_BACK_TO_MENU_KEY` 定义后**未被 `_map_event` 引用**（函数内直接用 `_pygame_attr("K_p")` 等字符串）；`_GAME_OVER_RESERVED_ACTIONS` 定义后**未被 §4.4 `_drain_events` 引用**（直接 `if action == ESCAPE`）——均为死代码 | 删除未用常量，或统一引用（建议删，减少 FO 困惑） |
+| P2-5 | §3.8 | `translate_storage_error(func_name)` 定义但全文无调用点（§4.4/§4.6/§4.7 均直接 `except StorageError as e: raise StorageUnavailableError(...)`），且实现体为 `pass` + "见 §4.7"注释（§4.7 无此函数） | 删除该函数，或改为真实被调用的工具函数 |
+| P2-6 | §6.2 fake_pygame | 替换列表仅 app/menu/input 三模块，**漏 `fonts_mod`**（iter-1 conftest 有 `monkeypatch.setattr(fonts_mod, "pygame", fake)`）——FO 照抄会丢 fonts 替换 | 补 fonts 模块替换 |
+| P2-7 | §6.2/§6.4 | r2 P2-1 修订声称"iter-1 conftest 只替换 game_app.app + game_app.menu"——**与 iter-1 实际不符**（实核：iter-1 conftest 已替换 input/fonts/gui_renderer.renderer）；且 B-1 等测试用 `Event(KEYDOWN, key=...)` 构造语法，而 iter-1 conftest 提供的是 `FakeEvent`/`make_keydown` 辅助类（r2 §6.2 未延续说明） | 修订描述改正；测试事件构造统一沿用 iter-1 `FakeEvent` 或明确 `pygame.event.Event` 的 mock 用法（MagicMock 的 `.type` 需显式赋值，否则 B-3 的 QUIT 判断失效） |
+| P2-8 | §6.7 | 步骤 1 引用 `test_storage.py`——§4.1 文件树无此文件（storage 测试在 `test_app_iter2_storage.py`）；且步骤 1 与步骤 2 的 S-1/S-2 归属重复 | 统一文件名与用例归属 |
… omitted 66 diff line(s) across 1 additional file(s)/section(s)

session_id: 20260814_144505_3384a9
完成。game-app 迭代 2 设计评审 **PASS**，状态已推进：`design_reviewing → dev_working`（审计日志已记录）。

评审意见：`/home/zyzs/cyx/zteam/workspace/snake-linux/review/design/game-app/iter-2/snake-linux-game-app-design-iter2-r2.md`

要点：
- r1 的 2×P0（PAUSED 屏态同步方案 A、INV-13 回调断链）+ 3×P1 + 7×P2 已全部闭环；依赖契约逐条实核通过（game-core iter-2 / gui-renderer iter-3 / platform-storage iter-2）
- 本轮新发现 5×P1（均为测试基建/文档表述级，不阻塞）：①`app` fixture 改调 `_init_pygame` + `_pause_hint_shown` 删字段 → iter-1 至少 3 条 UT 必红（回归未识别）；②P1-3 修复不彻底——fixture 在 `_init_pygame` 之后注入，真实 create_storage() 仍触碰用户目录；③`app_in_game_over` fixture 缺 `GameStatus` 导入 → NameError（P-5/B-1~B-4 必崩）；④P-8 子串断言与 §4.5 注释冲突必红；⑤§6.7 TDD 步骤 7 / §4.10 残留旧方案 B 表述。另有 13 项 P2 文档级问题随附
