  ┊ review diff
a/workspace/snake-linux/code/game-app/iter-1/tests/test_game_app/test_config.py → b/workspace/snake-linux/code/game-app/iter-1/tests/test_game_app/test_config.py
@@ -0,0 +1,47 @@
+"""AppConfig 单测（UT 2/3/4/5）。
+
+需求：FROZEN + 默认值 + 字段校验（fps_cap/窗口尺寸）。
+"""
+from __future__ import annotations
+
+import dataclasses
+import pytest
+
+from game_app.config import AppConfig
+from game_app.errors import ConfigError
+
+
+class TestAppConfigDefaults:
+    def test_default_values(self) -> None:
+        cfg = AppConfig()
+        assert cfg.window_w == 640
+        assert cfg.window_h == 480
+        assert cfg.fps_cap == 60
+        assert cfg.min_window_w == 512
+        assert cfg.min_window_h == 472
+
+    def test_frozen(self) -> None:
+        cfg = AppConfig()
+        with pytest.raises(dataclasses.FrozenInstanceError):
+            cfg.fps_cap = 30  # type: ignore[misc]
+
+
+class TestAppConfigValidation:
+    @pytest.mark.parametrize("bad_fps", [0, -1, -100])
+    def test_invalid_fps_cap(self, bad_fps: int) -> None:
+        with pytest.raises(ConfigError):
+            AppConfig(fps_cap=bad_fps)
+
+    def test_window_w_below_min(self) -> None:
+        with pytest.raises(ConfigError):
+            AppConfig(window_w=400)
+
+    def test_window_h_below_min(self) -> None:
+        with pytest.raises(ConfigError):
+            AppConfig(window_h=300)
+
+    def test_valid_custom_values_pass(self) -> None:
+        cfg = AppConfig(window_w=800, window_h=600, fps_cap=30)
+        assert cfg.window_w == 800
+        assert cfg.window_h == 600
+        assert cfg.fps_cap == 30
  ┊ review diff
a/workspace/snake-linux/code/game-app/iter-1/tests/test_game_app/test_input_map.py → b/workspace/snake-linux/code/game-app/iter-1/tests/test_game_app/test_input_map.py
@@ -0,0 +1,103 @@
+"""_map_event 单测（UT 6/7/8/9）。
+
+需求：单键归一化；不感知屏态；未映射键返 None。
+"""
+from __future__ import annotations
+
+from typing import Optional
+import pytest
+
+from game_app.input import _map_event, InputAction, _MENU_RESERVED_ACTIONS
+
+
+class _E:
+    """pygame.event.Event 替身：仅暴露 .type / .key。"""
+
+    def __init__(self, type_: int, key: Optional[int] = None) -> None:
+        self.type = type_
+        self.key = key
+
+
+class TestMapEvent:
+    # ---- WASD ----
+    @pytest.mark.parametrize("key,expected", [
+        ("K_w", InputAction.MOVE_UP),
+        ("K_s", InputAction.MOVE_DOWN),
+        ("K_a", InputAction.MOVE_LEFT),
+        ("K_d", InputAction.MOVE_RIGHT),
+    ])
+    def test_wasd(self, key: str, expected: InputAction) -> None:
+        action = _map_event(_E(2, _K[key]))  # 2 = KEYDOWN placeholder
+        assert action is expected
+
+    # ---- 方向键 ----
+    @pytest.mark.parametrize("key,expected", [
+        ("K_UP", InputAction.MOVE_UP),
+        ("K_DOWN", InputAction.MOVE_DOWN),
+        ("K_LEFT", InputAction.MOVE_LEFT),
+        ("K_RIGHT", InputAction.MOVE_RIGHT),
+    ])
+    def test_arrows(self, key: str, expected: InputAction) -> None:
+        action = _map_event(_E(2, _K[key]))
+        assert action is expected
+
+    # ---- Q/ESC → QUIT ----
+    @pytest.mark.parametrize("key", ["K_q", "K_ESCAPE"])
+    def test_quit(self, key: str) -> None:
+        action = _map_event(_E(2, _K[key]))
+        assert action is InputAction.QUIT
+
+    # ---- 难度键 ----
+    @pytest.mark.parametrize("key,expected", [
+        ("K_1", InputAction.SELECT_EASY),
+        ("K_2", InputAction.SELECT_MEDIUM),
+        ("K_3", InputAction.SELECT_HARD),
+    ])
+    def test_difficulty_keys(self, key: str, expected: InputAction) -> None:
+        action = _map_event(_E(2, _K[key]))
+        assert action is expected
+
+    # ---- P → TOGGLE_PAUSE / R → RESTART ----
+    def test_p_key(self) -> None:
+        assert _map_event(_E(2, _K["K_p"])) is InputAction.TOGGLE_PAUSE
+
+    def test_r_key(self) -> None:
+        assert _map_event(_E(2, _K["K_r"])) is InputAction.RESTART
+
+    # ---- 未映射键 ----
+    def test_unmapped_returns_none(self) -> None:
+        # 任意未映射键（这里用 K_x = 120）→ None
+        assert _map_event(_E(2, 120)) is None
+
+    def test_quit_event_type_returns_quit(self) -> None:
+        # pygame.QUIT 事件类型（不带 key）
+        assert _map_event(_E(_K["QUIT"])) is InputAction.QUIT
+
+    def test_other_event_types_return_none(self) -> None:
+        # 非 KEYDOWN 也非 QUIT → None
+        assert _map_event(_E(999, _K["K_w"])) is None
… omitted 25 diff line(s) across 1 additional file(s)/section(s)
  ┊ review diff
a/workspace/snake-linux/code/game-app/iter-1/tests/test_game_app/conftest.py → b/workspace/snake-linux/code/game-app/iter-1/tests/test_game_app/conftest.py
@@ -0,0 +1,105 @@
+"""game-app 测试 conftest：pygame 桩 + App fixture。"""
+from __future__ import annotations
+
+import sys
+from typing import Any, Optional
+from unittest.mock import MagicMock
+
+import pytest
+
+
+# pygame key 常量（fake 与 fixture 共用）
+_PYGAME_KEYS = {
+    "QUIT": 256,
+    "KEYDOWN": 768,
+    "K_w": 119, "K_s": 115, "K_a": 97, "K_d": 100,
+    "K_UP": 1073741906, "K_DOWN": 1073741905,
+    "K_LEFT": 1073741904, "K_RIGHT": 1073741903,
+    "K_q": 113, "K_ESCAPE": 27, "K_p": 112, "K_r": 114,
+    "K_RETURN": 13, "K_SPACE": 32,
+    "K_1": 49, "K_2": 50, "K_3": 51,
+}
+
+
+def _build_fake_pygame() -> MagicMock:
+    fake = MagicMock(name="fake_pygame")
+    fake.error = RuntimeError
+    for k, v in _PYGAME_KEYS.items():
+        setattr(fake, k, v)
+    # display
+    fake.display.set_mode.return_value = MagicMock(name="screen")
+    fake.display.get_surface.return_value = MagicMock(name="surface")
+    fake.display.flip = MagicMock(name="flip")
+    fake.display.quit = MagicMock(name="display_quit")
+    # font
+    fake.font.SysFont.return_value = MagicMock(name="sysfont")
+    fake.font.Font.return_value = MagicMock(name="font")
+    fake.font.match_font.return_value = None  # 默认无 CJK → 走 Font(None, size)
+    fake.font.init = MagicMock(name="font_init")
+    fake.font.quit = MagicMock(name="font_quit")
+    # draw
+    fake.draw.rect = MagicMock(name="draw_rect")
+    # time
+    fake.time.Clock.return_value = MagicMock(name="clock")
+    fake.time.get_ticks = MagicMock(return_value=0)
+    # event
+    fake.event.get.return_value = []
+    # init / quit
+    fake.init = MagicMock(name="pygame_init")
+    fake.quit = MagicMock(name="pygame_quit")
+    return fake
+
+
+@pytest.fixture
+def fake_pygame(monkeypatch):
+    """替换 game_app 内部所有 pygame 引用为可编程 fake。"""
+    fake = _build_fake_pygame()
+    monkeypatch.setitem(sys.modules, "pygame", fake)
+    # 重新加载（或首次 import）时引用 fake
+    import game_app.input as input_mod
+    import game_app.menu as menu_mod
+    import game_app.app as app_mod
+    import game_app.fonts as fonts_mod
+    monkeypatch.setattr(input_mod, "pygame", fake, raising=False)
+    monkeypatch.setattr(menu_mod, "pygame", fake, raising=False)
+    monkeypatch.setattr(app_mod, "pygame", fake, raising=False)
+    monkeypatch.setattr(fonts_mod, "pygame", fake, raising=False)
+    return fake
+
+
+@pytest.fixture
+def app(fake_pygame):
+    """构造 App：不调 _init_pygame；_renderer is None。"""
+    from game_app import App
+    return App()
+
+
+@pytest.fixture
+def app_in_playing(fake_pygame):
… omitted 27 diff line(s) across 1 additional file(s)/section(s)
  ┊ review diff
a/workspace/snake-linux/code/game-app/iter-1/game_app/errors.py → b/workspace/snake-linux/code/game-app/iter-1/game_app/errors.py
@@ -0,0 +1,22 @@
+"""errors 模块：app 顶层异常层级。
+
+- AppError：app 顶层错误基类
+- GraphicsUnavailableError：图形环境不可用（pygame.init / display.set_mode 失败）→ 退出码 2
+- ConfigError：AppConfig 字段非法 → 启动时抛
+"""
+from __future__ import annotations
+
+
+class AppError(RuntimeError):
+    """app 顶层错误基类。"""
+
+
+class GraphicsUnavailableError(AppError):
+    """Renderer.init() / pygame.display.set_mode 失败 → 退出码 2（NFR-03 最小集）。"""
+
+
+class ConfigError(AppError):
+    """AppConfig 字段非法（fps_cap <= 0 / window_w < min_window_w）→ 启动时抛。"""
+
+
+__all__ = ["AppError", "GraphicsUnavailableError", "ConfigError"]
  ┊ review diff
a/workspace/snake-linux/code/game-app/iter-1/game_app/config.py → b/workspace/snake-linux/code/game-app/iter-1/game_app/config.py
@@ -0,0 +1,40 @@
+"""config 模块：AppConfig 运行期不可变常量。
+
+FR-09/NFR-01/NFR-02 量化：640×480 默认窗口、60 FPS 目标、最小可玩尺寸 512×472。
+"""
+from __future__ import annotations
+
+from dataclasses import dataclass
+
+from .errors import ConfigError
+
+
+@dataclass(frozen=True)
+class AppConfig:
+    """运行期不可变常量。
+
+    INV：fps_cap > 0；window_w >= min_window_w；window_h >= min_window_h。
+    """
+
+    window_w: int = 640        # 与 gui-renderer.constants.WINDOW_WIDTH 一致
+    window_h: int = 480        # 与 gui-renderer.constants.WINDOW_HEIGHT 一致
+    fps_cap: int = 60          # NFR-01 帧率目标
+    min_window_w: int = 512    # gui-renderer 最小可玩宽度 = GRID_COLS * CELL_SIZE + 2 * PLAYFIELD_X
+    min_window_h: int = 472    # gui-renderer 最小可玩高度 = PLAYFIELD_Y + GRID_ROWS * CELL_SIZE + PLAYFIELD_X
+
+    def __post_init__(self) -> None:
+        if self.fps_cap <= 0:
+            raise ConfigError(
+                f"fps_cap 必须 > 0，收到 {self.fps_cap}"
+            )
+        if self.window_w < self.min_window_w:
+            raise ConfigError(
+                f"window_w={self.window_w} < min_window_w={self.min_window_w}"
+            )
+        if self.window_h < self.min_window_h:
+            raise ConfigError(
+                f"window_h={self.window_h} < min_window_h={self.min_window_h}"
+            )
+
+
+__all__ = ["AppConfig"]
  ┊ review diff
a/workspace/snake-linux/code/game-app/iter-1/game_app/screens.py → b/workspace/snake-linux/code/game-app/iter-1/game_app/screens.py
@@ -0,0 +1,19 @@
+"""screens 模块：app 顶层界面状态机枚举。
+
+迭代 1 仅 3 态：MENU / PLAYING / GAME_OVER；PAUSED 迭代 2 接入。
+"""
+from __future__ import annotations
+
+from enum import Enum
+
+
+class AppScreen(Enum):
+    """app 顶层界面状态机。FR-11 + FR-12 入口。"""
+
+    MENU = "menu"          # 开始 + 难度选择
+    PLAYING = "playing"    # 玩法循环
+    GAME_OVER = "over"     # 结束 + 重开/退出
+    # PAUSED 迭代 2 加（app 同步扩展）
+
+
+__all__ = ["AppScreen"]
  ┊ review diff
a/workspace/snake-linux/code/game-app/iter-1/game_app/input.py → b/workspace/snake-linux/code/game-app/iter-1/game_app/input.py
@@ -0,0 +1,76 @@
+"""input 模块：pygame 事件 → InputAction 归一化。
+
+设计要点：
+- _map_event 仅做单键归一化，**不感知屏态**（返 None = 未映射）
+- 屏态兜底（None→START、保留键透传）由 App._drain_events 完成（R3-1 全文统一）
+- _MENU_RESERVED_ACTIONS：MENU 态保留不转 START 的 actions
+"""
+from __future__ import annotations
+
+from enum import Enum
+from typing import Optional
+
+import pygame  # noqa: F401  # 由 UT 替换为 fake_pygame
+
+
+class InputAction(Enum):
+    """pygame 事件归一化结果。FO 只需实现 _map_event() 即可。"""
+
+    QUIT = "quit"
+    START = "start"             # MENU 态：所有"非 QUIT/SELECT_*/TOGGLE_PAUSE/RESTART"的 KEYDOWN（R3-1）
+    MOVE_UP = "up"
+    MOVE_DOWN = "down"
+    MOVE_LEFT = "left"
+    MOVE_RIGHT = "right"
+    TOGGLE_PAUSE = "pause"      # 迭代 1 触发"按 P 提示"；迭代 2 实际切 PAUSED
+    RESTART = "restart"         # GAME_OVER 态：R 键
+    SELECT_EASY = "sel_easy"    # MENU 态：1 键
+    SELECT_MEDIUM = "sel_med"   # MENU 态：2 键
+    SELECT_HARD = "sel_hard"    # MENU 态：3 键
+
+
+_DIFFICULTY_KEYS = {
+    pygame.K_1: InputAction.SELECT_EASY,
+    pygame.K_2: InputAction.SELECT_MEDIUM,
+    pygame.K_3: InputAction.SELECT_HARD,
+}
+
+
+_DIRECTION_KEYS = {
+    pygame.K_w: InputAction.MOVE_UP, pygame.K_UP: InputAction.MOVE_UP,
+    pygame.K_s: InputAction.MOVE_DOWN, pygame.K_DOWN: InputAction.MOVE_DOWN,
+    pygame.K_a: InputAction.MOVE_LEFT, pygame.K_LEFT: InputAction.MOVE_LEFT,
+    pygame.K_d: InputAction.MOVE_RIGHT, pygame.K_RIGHT: InputAction.MOVE_RIGHT,
+}
+
+
+# R3-1：MENU 态保留键（这些键在屏态兜底时不被转换为 START）
+_MENU_RESERVED_ACTIONS = frozenset({
+    InputAction.QUIT,
+    InputAction.SELECT_EASY, InputAction.SELECT_MEDIUM, InputAction.SELECT_HARD,
+    InputAction.TOGGLE_PAUSE, InputAction.RESTART,
+})
+
+
+def _map_event(event: pygame.event.Event) -> Optional[InputAction]:
+    """单键归一化；不感知屏态；返回 None 表示未映射（由 _drain_events 屏态兜底处理）。"""
+    if event.type == pygame.QUIT:
+        return InputAction.QUIT
+    if event.type != pygame.KEYDOWN:
+        return None
+    k = event.key
+    if k in (pygame.K_q, pygame.K_ESCAPE):
+        return InputAction.QUIT  # 全局退出
+    if k == pygame.K_p:
+        return InputAction.TOGGLE_PAUSE
+    if k == pygame.K_r:
+        return InputAction.RESTART
+    if k in _DIFFICULTY_KEYS:
+        return _DIFFICULTY_KEYS[k]
+    if k in _DIRECTION_KEYS:
+        return _DIRECTION_KEYS[k]
+    # 其他 KEYDOWN（含字母数字、鼠标等）→ None
+    return None
+
+
+__all__ = ["InputAction", "_MENU_RESERVED_ACTIONS", "_map_event"]
  ┊ review diff
a/workspace/snake-linux/code/game-app/iter-1/game_app/_constants.py → b/workspace/snake-linux/code/game-app/iter-1/game_app/_constants.py
@@ -0,0 +1,27 @@
+"""_constants 模块：app 内常量（标题、颜色等）。"""
+from __future__ import annotations
+
+
+WINDOW_TITLE = "Snake GUI v2.0.0"
+
+# 菜单自绘配色
+MENU_BG = (18, 18, 24)
+MENU_TITLE_COLOR = (255, 255, 255)
+MENU_DIFFICULTY_DEFAULT = (200, 200, 210)
+MENU_DIFFICULTY_HIGHLIGHT = (255, 210, 90)
+MENU_HINT_COLOR = (200, 200, 210)
+MENU_QUIT_HINT_COLOR = (160, 160, 170)
+
+# 结束画面配色
+OVER_BG = (18, 18, 24)
+OVER_TITLE_COLOR = (255, 90, 90)
+OVER_SCORE_COLOR = (230, 230, 240)
+OVER_HINT_COLOR = (200, 200, 210)
+
+
+__all__ = [
+    "WINDOW_TITLE",
+    "MENU_BG", "MENU_TITLE_COLOR", "MENU_DIFFICULTY_DEFAULT",
+    "MENU_DIFFICULTY_HIGHLIGHT", "MENU_HINT_COLOR", "MENU_QUIT_HINT_COLOR",
+    "OVER_BG", "OVER_TITLE_COLOR", "OVER_SCORE_COLOR", "OVER_HINT_COLOR",
+]
  ┊ review diff
a/workspace/snake-linux/code/game-app/iter-1/game_app/fonts.py → b/workspace/snake-linux/code/game-app/iter-1/game_app/fonts.py
@@ -0,0 +1,28 @@
+"""fonts 模块：CJK 字体回退链（R3-12）。
+
+顺序：notosanscjksc → notosanscjk → wenquanyizenhei → wenquanyimicrohei → arialunicodems → SDL 默认字体。
+"""
+from __future__ import annotations
+
+import pygame  # noqa: F401  # 由 UT 替换为 fake_pygame
+
+
+_CJK_FONT_CANDIDATES = [
+    "notosanscjksc",       # Debian/Ubuntu: fonts-noto-cjk
+    "notosanscjk",
+    "wenquanyizenhei",     # 旧版文泉驿
+    "wenquanyimicrohei",
+    "arialunicodems",      # Windows
+]
+
+
+def _load_cjk_font(size: int, bold: bool = False) -> pygame.font.Font:
+    """R3-12 CJK 字体回退链：依次 match_font 候选；全失败 → SDL 默认字体。"""
+    for name in _CJK_FONT_CANDIDATES:
+        path = pygame.font.match_font(name, bold=bold)
+        if path:
+            return pygame.font.Font(path, size)
+    return pygame.font.Font(None, size)  # SDL 默认字体兜底（不崩，文字可能为 □）
+
+
+__all__ = ["_load_cjk_font", "_CJK_FONT_CANDIDATES"]
  ┊ review diff
a/workspace/snake-linux/code/game-app/iter-1/game_app/__init__.py → b/workspace/snake-linux/code/game-app/iter-1/game_app/__init__.py
@@ -0,0 +1,31 @@
+"""game_app 包对外 re-export。
+
+迭代 1：App + AppConfig + main + AppScreen + InputAction + AppError + HudData（来自 gui_renderer）。
+"""
+from __future__ import annotations
+
+from .app import App, main, _DIFFICULTY_LABEL, _STATUS_LABEL
+from .config import AppConfig
+from .errors import AppError, ConfigError, GraphicsUnavailableError
+from .input import InputAction
+from .screens import AppScreen
+
+# HudData 来自 gui-renderer；通过 gui_renderer re-export
+try:
+    from gui_renderer import HudData  # type: ignore
+except Exception:  # noqa: BLE001
+    HudData = None  # type: ignore
+
+__all__ = [
+    "App",
+    "main",
+    "AppConfig",
+    "AppScreen",
+    "InputAction",
+    "AppError",
+    "ConfigError",
+    "GraphicsUnavailableError",
+    "HudData",
+    "_DIFFICULTY_LABEL",
+    "_STATUS_LABEL",
+]
  ┊ review diff
a/workspace/snake-linux/code/game-app/iter-1/game_app/__main__.py → b/workspace/snake-linux/code/game-app/iter-1/game_app/__main__.py
@@ -0,0 +1,10 @@
+"""PyInstaller 入口：python -m game_app → main()。"""
+from __future__ import annotations
+
+import sys
+
+from .app import main
+
+
+if __name__ == "__main__":
+    sys.exit(main())
  ┊ review diff
a/workspace/snake-linux/code/game-app/iter-1/game_app/menu.py → b/workspace/snake-linux/code/game-app/iter-1/game_app/menu.py
@@ -0,0 +1,93 @@
+"""menu 模块：MENU / GAME_OVER 自绘（R3-2 不读 renderer 私有）。
+
+仅依赖 pygame + Difficulty 枚举；surface 由调用方通过 pygame.display.get_surface() 提供。
+"""
+from __future__ import annotations
+
+import pygame
+
+from game_core import Difficulty
+
+from ._constants import (
+    MENU_BG, MENU_DIFFICULTY_DEFAULT, MENU_DIFFICULTY_HIGHLIGHT,
+    MENU_HINT_COLOR, MENU_QUIT_HINT_COLOR, MENU_TITLE_COLOR,
+    OVER_BG, OVER_HINT_COLOR, OVER_SCORE_COLOR, OVER_TITLE_COLOR,
+)
+
+
+def draw_menu(
+    surface: pygame.Surface,
+    title_font: pygame.font.Font,
+    body_font: pygame.font.Font,
+    difficulty: Difficulty,
+) -> None:
+    """MENU 态自绘（pygame.font + pygame.draw）。
+
+    入参：surface 来自 pygame.display.get_surface()（R3-2 不读 _screen）。
+    """
+    surface.fill(MENU_BG)
+
+    # 标题
+    title = title_font.render("Snake GUI v2.0.0", True, MENU_TITLE_COLOR)
+    surface.blit(
+        title,
+        (surface.get_width() // 2 - title.get_width() // 2, 100),
+    )
+
+    # 难度选项（高亮当前选中档）
+    lines = [
+        ("按 1 键 = 简单", Difficulty.EASY),
+        ("按 2 键 = 普通", Difficulty.MEDIUM),
+        ("按 3 键 = 困难", Difficulty.HARD),
+    ]
+    for i, (text, diff) in enumerate(lines):
+        color = MENU_DIFFICULTY_HIGHLIGHT if diff == difficulty else MENU_DIFFICULTY_DEFAULT
+        surf = body_font.render(text, True, color)
+        surface.blit(
+            surf,
+            (surface.get_width() // 2 - surf.get_width() // 2, 220 + i * 36),
+        )
+
+    # R3-1 任意键提示统一文案
+    hint = body_font.render("Enter / 空格 / 其他键 开始", True, MENU_HINT_COLOR)
+    surface.blit(
+        hint,
+        (surface.get_width() // 2 - hint.get_width() // 2, 400),
+    )
+
+    quit_hint = body_font.render("Q 退出", True, MENU_QUIT_HINT_COLOR)
+    surface.blit(
+        quit_hint,
+        (surface.get_width() // 2 - quit_hint.get_width() // 2, 440),
+    )
+
+
+def draw_game_over(
+    surface: pygame.Surface,
+    title_font: pygame.font.Font,
+    body_font: pygame.font.Font,
+    score: int,
+) -> None:
+    """GAME_OVER 态自绘。"""
+    surface.fill(OVER_BG)
+
+    big = title_font.render("Game Over", True, OVER_TITLE_COLOR)
+    surface.blit(
+        big,
+        (surface.get_width() // 2 - big.get_width() // 2, 150),
+    )
… omitted 15 diff line(s) across 1 additional file(s)/section(s)
  ┊ review diff
a/workspace/snake-linux/code/game-app/iter-1/game_app/app.py → b/workspace/snake-linux/code/game-app/iter-1/game_app/app.py
@@ -0,0 +1,307 @@
+"""App 类：snake-gui 顶层装配（主事件循环 + 状态机 + 输入分发 + 渲染分发）。
+
+迭代 1 范围：
+- 主事件循环（pygame 帧驱动 + clock.tick_busy_loop）
+- 输入映射（WASD/方向键 → core.set_direction；P 键迭代 1 仅记 hint；Q/ESC 退出）
+- 界面状态机：MENU → PLAYING → GAME_OVER →（重开 → PLAYING / 退出）
+- 开始 / 结束画面 app 自绘
+- 退出码 0/1/2
+
+R3 关键修订：
+- R3-1：None→START 转换点唯一在 `_drain_events`（屏态兜底），`_map_event` 不感知屏态
+- R3-2：menu 不读 `_renderer._screen`；走 `pygame.display.get_surface()`
+- R3-7：删除 `_quit()` 死代码；dispatch 内无 QUIT 分支（主循环外层先 break）
+- R3-8：`_tick` 循环内重读 tick_ms
+- R3-10：`App.__init__` 不构造 Renderer；只置 `self._renderer = None`
+- R3-11：`_render` PLAYING 路径只取一次 snap 传给 `_build_hud`
+- R3-12：CJK 字体回退链
+- R3-15：退出码 2 路径也尝试一次 `Renderer.shutdown()` 兜底
+- R3-4：字段命名统一为 `_difficulty` / `_high_score`
+"""
+from __future__ import annotations
+
+import random
+import sys
+from typing import Any, List, Optional
+
+import pygame  # noqa: F401  # 由 UT 替换为 fake_pygame
+
+from game_core import (
+    Direction,
+    Difficulty,
+    GameState,
+    GameStatus,
+    InvalidStateError,
+    Snapshot,
+)
+from gui_renderer import (
+    DEFAULT_SKIN,
+    HudData,
+    RenderError,
+    Renderer,
+)
+
+from .config import AppConfig
+from .errors import AppError, ConfigError, GraphicsUnavailableError
+from .fonts import _load_cjk_font
+from .input import _MENU_RESERVED_ACTIONS, _map_event, InputAction
+from .menu import draw_game_over, draw_menu
+from .screens import AppScreen
+
+
+# HUD 字段映射（中文难度标签 + 英文状态标签）
+_DIFFICULTY_LABEL = {
+    Difficulty.EASY: "简单",
+    Difficulty.MEDIUM: "普通",
+    Difficulty.HARD: "困难",
+}
+
+_STATUS_LABEL = {
+    GameStatus.RUN: "RUN",
+    GameStatus.PAUSED: "PAUSED",
+    GameStatus.OVER: "OVER",
+}
+
+
+class App:
+    """snake-gui 顶层装配；PyInstaller 入口。"""
+
+    def __init__(self, config: AppConfig = AppConfig()) -> None:
+        """仅置字段，不开窗、不调 pygame.init、不构造 Renderer（R3-10）。
+
+        初始 screen=MENU, _difficulty=MEDIUM, game_state=None, _renderer=None,
+        _high_score=0, _running=True, _tick_accumulator_ms=0, _pause_hint_shown=False。
+        """
+        self.config = config
+        # 字段名遵循 R3-4 统一为 _difficulty / _high_score
+        self.screen: AppScreen = AppScreen.MENU
+        self._difficulty: Difficulty = Difficulty.MEDIUM
… omitted 229 diff line(s) across 1 additional file(s)/section(s)
  ┊ review diff
a/workspace/snake-linux/code/game-app/iter-1/pytest.ini → b/workspace/snake-linux/code/game-app/iter-1/pytest.ini
@@ -0,0 +1,6 @@
+[pytest]
+pythonpath =
+    .
+    ../game-core/iter-2
+    ../gui-renderer/iter-1
+testpaths = tests
  ┊ review diff
a//home/zyzs/cyx/zteam/workspace/snake-linux/code/game-app/iter-1/pytest.ini → b//home/zyzs/cyx/zteam/workspace/snake-linux/code/game-app/iter-1/pytest.ini
@@ -1,6 +1,6 @@
 [pytest]
 pythonpath =
     .
-    ../game-core/iter-2
-    ../gui-renderer/iter-1
+    ../../game-core/iter-2
+    ../../gui-renderer/iter-1
 testpaths = tests
  ┊ review diff
a/workspace/snake-linux/code/game-app/iter-1/game_app/input.py → b/workspace/snake-linux/code/game-app/iter-1/game_app/input.py
@@ -4,13 +4,25 @@
 - _map_event 仅做单键归一化，**不感知屏态**（返 None = 未映射）
 - 屏态兜底（None→START、保留键透传）由 App._drain_events 完成（R3-1 全文统一）
 - _MENU_RESERVED_ACTIONS：MENU 态保留不转 START 的 actions
+- 所有 pygame 常量（K_*, KEYDOWN, QUIT）通过 _pygame_attr(name) 延迟读取，
+  让 UT 可在 monkeypatch.fake_pygame 替换后再读这些常量。
 """
 from __future__ import annotations
 
 from enum import Enum
-from typing import Optional
+from typing import Any, Optional
 
 import pygame  # noqa: F401  # 由 UT 替换为 fake_pygame
+
+
+def _pygame_attr(name: str) -> Any:
+    """通过 module.__dict__ 读取当前 pygame 模块的属性。
+
+    关键：使用 sys.modules['pygame'].__dict__ 而非 import pygame 缓存的属性，
+    让 UT 在 monkeypatch.setitem(sys.modules, 'pygame', fake) 后能读到 fake 的值。
+    """
+    import sys
+    return sys.modules["pygame"].__dict__.get(name)
 
 
 class InputAction(Enum):
@@ -29,21 +41,6 @@
     SELECT_HARD = "sel_hard"    # MENU 态：3 键
 
 
-_DIFFICULTY_KEYS = {
-    pygame.K_1: InputAction.SELECT_EASY,
-    pygame.K_2: InputAction.SELECT_MEDIUM,
-    pygame.K_3: InputAction.SELECT_HARD,
-}
-
-
-_DIRECTION_KEYS = {
-    pygame.K_w: InputAction.MOVE_UP, pygame.K_UP: InputAction.MOVE_UP,
-    pygame.K_s: InputAction.MOVE_DOWN, pygame.K_DOWN: InputAction.MOVE_DOWN,
-    pygame.K_a: InputAction.MOVE_LEFT, pygame.K_LEFT: InputAction.MOVE_LEFT,
-    pygame.K_d: InputAction.MOVE_RIGHT, pygame.K_RIGHT: InputAction.MOVE_RIGHT,
-}
-
-
 # R3-1：MENU 态保留键（这些键在屏态兜底时不被转换为 START）
 _MENU_RESERVED_ACTIONS = frozenset({
     InputAction.QUIT,
@@ -53,22 +50,53 @@
 
 
 def _map_event(event: pygame.event.Event) -> Optional[InputAction]:
-    """单键归一化；不感知屏态；返回 None 表示未映射（由 _drain_events 屏态兜底处理）。"""
-    if event.type == pygame.QUIT:
+    """单键归一化；不感知屏态；返回 None 表示未映射（由 _drain_events 屏态兜底处理）。
+
+    所有 pygame 常量通过 _pygame_attr() 延迟读取（UT 友好）。
+    """
+    QUIT_TYPE = _pygame_attr("QUIT")
+    KEYDOWN_TYPE = _pygame_attr("KEYDOWN")
+    K_q = _pygame_attr("K_q")
+    K_ESCAPE = _pygame_attr("K_ESCAPE")
+    K_p = _pygame_attr("K_p")
+    K_r = _pygame_attr("K_r")
+    K_1 = _pygame_attr("K_1")
+    K_2 = _pygame_attr("K_2")
+    K_3 = _pygame_attr("K_3")
+    K_w = _pygame_attr("K_w")
+    K_s = _pygame_attr("K_s")
+    K_a = _pygame_attr("K_a")
+    K_d = _pygame_attr("K_d")
+    K_UP = _pygame_attr("K_UP")
+    K_DOWN = _pygame_attr("K_DOWN")
+    K_LEFT = _pygame_attr("K_LEFT")
+    K_RIGHT = _pygame_attr("K_RIGHT")
+
+    if event.type == QUIT_TYPE:
         return InputAction.QUIT
… omitted 34 diff line(s) across 1 additional file(s)/section(s)
  ┊ review diff
a/workspace/snake-linux/code/game-app/iter-1/tests/test_game_app/test_input_map.py → b/workspace/snake-linux/code/game-app/iter-1/tests/test_game_app/test_input_map.py
@@ -8,14 +8,16 @@
 import pytest
 
 from game_app.input import _map_event, InputAction, _MENU_RESERVED_ACTIONS
+from .conftest import _PYGAME_KEYS, FakeEvent
 
 
-class _E:
-    """pygame.event.Event 替身：仅暴露 .type / .key。"""
+def _ev(key: str) -> FakeEvent:
+    """构造指定键的 KEYDOWN 事件（key 名称 → pygame key 常量）。"""
+    return FakeEvent(_PYGAME_KEYS["KEYDOWN"], _PYGAME_KEYS[key])
 
-    def __init__(self, type_: int, key: Optional[int] = None) -> None:
-        self.type = type_
-        self.key = key
+
+def _evt(type_: str, key: Optional[int] = None) -> FakeEvent:
+    return FakeEvent(_PYGAME_KEYS[type_], key)
 
 
 class TestMapEvent:
@@ -26,9 +28,8 @@
         ("K_a", InputAction.MOVE_LEFT),
         ("K_d", InputAction.MOVE_RIGHT),
     ])
-    def test_wasd(self, key: str, expected: InputAction) -> None:
-        action = _map_event(_E(2, _K[key]))  # 2 = KEYDOWN placeholder
-        assert action is expected
+    def test_wasd(self, key: str, expected: InputAction, fake_pygame) -> None:
+        assert _map_event(_ev(key)) is expected
 
     # ---- 方向键 ----
     @pytest.mark.parametrize("key,expected", [
@@ -37,15 +38,13 @@
         ("K_LEFT", InputAction.MOVE_LEFT),
         ("K_RIGHT", InputAction.MOVE_RIGHT),
     ])
-    def test_arrows(self, key: str, expected: InputAction) -> None:
-        action = _map_event(_E(2, _K[key]))
-        assert action is expected
+    def test_arrows(self, key: str, expected: InputAction, fake_pygame) -> None:
+        assert _map_event(_ev(key)) is expected
 
     # ---- Q/ESC → QUIT ----
     @pytest.mark.parametrize("key", ["K_q", "K_ESCAPE"])
-    def test_quit(self, key: str) -> None:
-        action = _map_event(_E(2, _K[key]))
-        assert action is InputAction.QUIT
+    def test_quit(self, key: str, fake_pygame) -> None:
+        assert _map_event(_ev(key)) is InputAction.QUIT
 
     # ---- 难度键 ----
     @pytest.mark.parametrize("key,expected", [
@@ -53,42 +52,28 @@
         ("K_2", InputAction.SELECT_MEDIUM),
         ("K_3", InputAction.SELECT_HARD),
     ])
-    def test_difficulty_keys(self, key: str, expected: InputAction) -> None:
-        action = _map_event(_E(2, _K[key]))
-        assert action is expected
+    def test_difficulty_keys(self, key: str, expected: InputAction, fake_pygame) -> None:
+        assert _map_event(_ev(key)) is expected
 
     # ---- P → TOGGLE_PAUSE / R → RESTART ----
-    def test_p_key(self) -> None:
-        assert _map_event(_E(2, _K["K_p"])) is InputAction.TOGGLE_PAUSE
+    def test_p_key(self, fake_pygame) -> None:
+        assert _map_event(_ev("K_p")) is InputAction.TOGGLE_PAUSE
 
-    def test_r_key(self) -> None:
-        assert _map_event(_E(2, _K["K_r"])) is InputAction.RESTART
+    def test_r_key(self, fake_pygame) -> None:
+        assert _map_event(_ev("K_r")) is InputAction.RESTART
 
     # ---- 未映射键 ----
-    def test_unmapped_returns_none(self) -> None:
+    def test_unmapped_returns_none(self, fake_pygame) -> None:
         # 任意未映射键（这里用 K_x = 120）→ None
… omitted 30 diff line(s) across 1 additional file(s)/section(s)
  ┊ review diff
a/workspace/snake-linux/code/game-app/iter-1/tests/test_game_app/test_drain_events.py → b/workspace/snake-linux/code/game-app/iter-1/tests/test_game_app/test_drain_events.py
@@ -0,0 +1,117 @@
+"""_drain_events 屏态兜底单测（R3-1 唯一转换点：UT 9a/9b/9c/9d/9e + 38）。
+"""
+from __future__ import annotations
+
+from unittest.mock import MagicMock
+import pytest
+
+from game_app import App, InputAction
+from game_app.input import _MENU_RESERVED_ACTIONS
+from .conftest import _PYGAME_KEYS, FakeEvent
+
+
+def _kd(key: str) -> FakeEvent:
+    return FakeEvent(_PYGAME_KEYS["KEYDOWN"], _PYGAME_KEYS[key])
+
+
+def _ev_quit() -> FakeEvent:
+    return FakeEvent(_PYGAME_KEYS["QUIT"])
+
+
+def _set_events(app: App, events) -> None:
+    """直接给 app.game 内部 pygame.event.get 返回值打补丁。"""
+    # app 模块使用 `import pygame`，访问通过 `sys.modules['pygame']`（_init_pygame 之前）
+    # 由 conftest 提供的 fake_pygame 已在 sys.modules 中。
+    from game_app import app as app_mod
+    fake = app_mod.pygame
+    fake.event.get.return_value = events
+
+
+class TestDrainEventsMenuScreen:
+    """MENU 屏态：None/方向键等非保留 action → START；保留键透传。"""
+
+    def test_unmapped_key_becomes_start(self, app: App) -> None:
+        """UT 9a：MENU 态 fake.event.get 返 [K_x 未映射 KEYDOWN] → _drain_events 返 [START]。"""
+        _set_events(app, [_kd("K_x") if "K_x" in _PYGAME_KEYS else FakeEvent(_PYGAME_KEYS["KEYDOWN"], 120)])
+        actions = app._drain_events()
+        assert actions == [InputAction.START]
+
+    @pytest.mark.parametrize("direction_key", ["K_UP", "K_DOWN", "K_LEFT", "K_RIGHT", "K_w", "K_a", "K_s", "K_d"])
+    def test_direction_key_becomes_start(self, app: App, direction_key: str) -> None:
+        """UT 9b：MENU 态方向键 → START（不是 MOVE_UP）。"""
+        _set_events(app, [_kd(direction_key)])
+        actions = app._drain_events()
+        assert InputAction.START in actions
+        # 确认不是 MOVE_*
+        for a in actions:
+            assert a not in (InputAction.MOVE_UP, InputAction.MOVE_DOWN, InputAction.MOVE_LEFT, InputAction.MOVE_RIGHT)
+
+    @pytest.mark.parametrize("key,expected", [
+        ("K_1", InputAction.SELECT_EASY),
+        ("K_2", InputAction.SELECT_MEDIUM),
+        ("K_3", InputAction.SELECT_HARD),
+        ("K_p", InputAction.TOGGLE_PAUSE),
+        ("K_r", InputAction.RESTART),
+    ])
+    def test_reserved_keys_passthrough(self, app: App, key: str, expected: InputAction) -> None:
+        """UT 9c：MENU 态保留键透传（不被 START 替换）。"""
+        _set_events(app, [_kd(key)])
+        actions = app._drain_events()
+        assert expected in actions
+        assert InputAction.START not in actions
+
+    def test_quit_passthrough(self, app: App) -> None:
+        """QUIT 在 MENU 态也是保留键（主循环外层 'if QUIT in actions: break'）。"""
+        _set_events(app, [_ev_quit()])
+        actions = app._drain_events()
+        assert InputAction.QUIT in actions
+
+    def test_quit_priority_with_unmapped(self, app: App) -> None:
+        """UT 9e：同一帧返 [K_x, QUIT] → actions=[QUIT, START]（QUIT 必在）。"""
+        _set_events(app, [FakeEvent(_PYGAME_KEYS["KEYDOWN"], 120), _ev_quit()])
+        actions = app._drain_events()
+        assert InputAction.QUIT in actions
+        assert InputAction.START in actions
+
+
+class TestDrainEventsOtherScreens:
+    """PLAYING/GAME_OVER 屏态：原样透传（不补 START）。"""
… omitted 39 diff line(s) across 1 additional file(s)/section(s)
  ┊ review diff
a/workspace/snake-linux/code/game-app/iter-1/tests/test_game_app/test_app_init.py → b/workspace/snake-linux/code/game-app/iter-1/tests/test_game_app/test_app_init.py
@@ -0,0 +1,50 @@
+"""App 构造 + AppScreen 状态机 init 单测（UT 1）。
+
+需求：构造 App 不开窗、不调 pygame.init、不构造 Renderer；_renderer is None。
+"""
+from __future__ import annotations
+
+from game_app import App, AppScreen, AppConfig
+from game_core import Difficulty
+
+
+class TestAppInit:
+    def test_initial_screen_is_menu(self, app: App) -> None:
+        assert app.screen == AppScreen.MENU
+
+    def test_initial_difficulty_is_medium(self, app: App) -> None:
+        assert app._difficulty == Difficulty.MEDIUM
+
+    def test_initial_high_score_is_zero(self, app: App) -> None:
+        assert app._high_score == 0
+
+    def test_renderer_is_none_at_init(self, app: App) -> None:
+        """R3-10：App.__init__ 不构造 Renderer。"""
+        assert app._renderer is None
+
+    def test_game_state_is_none_at_init(self, app: App) -> None:
+        assert app.game_state is None
+
+    def test_running_is_true_at_init(self, app: App) -> None:
+        """R3-5：_running 主循环退出标志，初始 True。"""
+        assert app._running is True
+
+    def test_tick_accumulator_is_zero(self, app: App) -> None:
+        assert app._tick_accumulator_ms == 0
+
+    def test_pause_hint_shown_is_false(self, app: App) -> None:
+        assert app._pause_hint_shown is False
+
+    def test_clock_is_none_until_init(self, app: App) -> None:
+        assert app.clock is None
+
+    def test_init_does_not_call_pygame_init(self, app: App, fake_pygame) -> None:
+        """构造期零副作用：pygame.init 不被调。"""
+        fake_pygame.init.assert_not_called()
+        fake_pygame.display.set_mode.assert_not_called()
+
+    def test_init_with_custom_config(self) -> None:
+        """自定义 AppConfig 可传入。"""
+        cfg = AppConfig(fps_cap=30)
+        a = App(cfg)
+        assert a.config.fps_cap == 30
  ┊ review diff
a/workspace/snake-linux/code/game-app/iter-1/tests/test_game_app/test_app_menu.py → b/workspace/snake-linux/code/game-app/iter-1/tests/test_game_app/test_app_menu.py
@@ -0,0 +1,110 @@
+"""MENU 态 dispatch + _new_game 单测（UT 10/11/12/13/36/42）。
+
+需求：
+- 1/2/3 改 _difficulty（R3-4 字段名）
+- START 开局：screen=PLAYING + game_state 非 None（全关键字构造无 TypeError）
+- QUIT 走主循环外层 break（dispatch 内不写 _running=False，UT 42）
+- 难度游戏中不可切换（INV-3）
+"""
+from __future__ import annotations
+
+import pytest
+
+from game_app import App, InputAction
+from game_app.screens import AppScreen
+from game_core import Difficulty, GameState, GameStatus
+
+
+class TestMenuDifficultySelection:
+    @pytest.mark.parametrize("action,expected", [
+        (InputAction.SELECT_EASY, Difficulty.EASY),
+        (InputAction.SELECT_MEDIUM, Difficulty.MEDIUM),
+        (InputAction.SELECT_HARD, Difficulty.HARD),
+    ])
+    def test_select_changes_difficulty(self, app: App, action: InputAction, expected: Difficulty) -> None:
+        """UT 10/11：SELECT_* 改 _difficulty。"""
+        assert app._difficulty == Difficulty.MEDIUM  # 默认
+        app._dispatch(action)
+        assert app._difficulty == expected
+
+    def test_select_medium_after_easy(self, app: App) -> None:
+        app._dispatch(InputAction.SELECT_EASY)
+        assert app._difficulty == Difficulty.EASY
+        app._dispatch(InputAction.SELECT_MEDIUM)
+        assert app._difficulty == Difficulty.MEDIUM
+
+
+class TestMenuStartNewGame:
+    def test_start_opens_game(self, app: App) -> None:
+        """UT 12：START → screen=PLAYING + game_state 非 None。"""
+        assert app.screen == AppScreen.MENU
+        app._dispatch(InputAction.START)
+        assert app.screen == AppScreen.PLAYING
+        assert app.game_state is not None
+
+    def test_new_game_uses_default_difficulty(self, app: App) -> None:
+        app._dispatch(InputAction.START)
+        assert app.game_state.difficulty == Difficulty.MEDIUM
+
+    def test_new_game_uses_selected_difficulty(self, app: App) -> None:
+        """UT 36：选定难度后 START 用选定难度。"""
+        app._dispatch(InputAction.SELECT_HARD)
+        app._dispatch(InputAction.START)
+        assert app.game_state.difficulty == Difficulty.HARD
+
+    def test_new_game_status_is_run(self, app: App) -> None:
+        app._dispatch(InputAction.START)
+        assert app.game_state.status == GameStatus.RUN
+
+    def test_new_game_resets_accumulator(self, app: App) -> None:
+        app._tick_accumulator_ms = 999
+        app._dispatch(InputAction.START)
+        assert app._tick_accumulator_ms == 0
+
+    def test_new_game_clears_pause_hint(self, app: App) -> None:
+        app._pause_hint_shown = True
+        app._dispatch(InputAction.START)
+        assert app._pause_hint_shown is False
+
+    def test_new_game_accepts_keyword_only(self, app: App) -> None:
+        """全关键字构造：位置参数应被 GameState 拒绝。"""
+        # _new_game 已正确传关键字；这里确认不抛 TypeError
+        app._dispatch(InputAction.START)
+        # 已 PLAYING 态说明 OK
+        assert app.screen == AppScreen.PLAYING
+
+
+class TestMenuQuitPropagation:
+    def test_dispatch_menu_quit_does_not_set_running_false(self, app: App) -> None:
… omitted 32 diff line(s) across 1 additional file(s)/section(s)
  ┊ review diff
a/workspace/snake-linux/code/game-app/iter-1/tests/test_game_app/test_app_playing.py → b/workspace/snake-linux/code/game-app/iter-1/tests/test_game_app/test_app_playing.py
@@ -0,0 +1,91 @@
+"""PLAYING 态 dispatch + 撞墙/撞身自动转 GAME_OVER 单测（UT 14/15/16/17/18/23/36）。
+
+需求：
+- WASD 推方向（R3-9：InvalidStateError 理论不可达，不包装）
+- 连续方向合并（pending）
+- P 键占位（迭代 1 不调 toggle_pause）
+- 撞墙/撞身自动转 GAME_OVER
+"""
+from __future__ import annotations
+
+import pytest
+
+from game_app import App, InputAction
+from game_app.screens import AppScreen
+from game_core import Direction, Difficulty, GameStatus, InvalidStateError
+
+
+class TestPlayingDirectionInput:
+    @pytest.mark.parametrize("key,expected", [
+        (InputAction.MOVE_UP, Direction.UP),
+        (InputAction.MOVE_DOWN, Direction.DOWN),
+        (InputAction.MOVE_LEFT, Direction.LEFT),
+        (InputAction.MOVE_RIGHT, Direction.RIGHT),
+    ])
+    def test_wasd_sets_direction(self, app_in_playing: App, key: InputAction, expected: Direction) -> None:
+        """UT 14：PLAYING 态方向输入 → game_state.pending_direction（或 direction）== 期望。"""
+        app_in_playing._dispatch(key)
+        # pending_direction 或 direction 应为期望
+        gs = app_in_playing.game_state
+        assert gs.pending_direction == expected or gs.direction == expected
+
+    def test_consecutive_directions_merge_into_pending(self, app_in_playing: App) -> None:
+        """UT 15：连续方向合并（pending）→ step 后按最后一次方向走。"""
+        app_in_playing._dispatch(InputAction.MOVE_UP)   # pending = UP
+        app_in_playing._dispatch(InputAction.MOVE_LEFT) # pending = LEFT
+        # pending 应为 LEFT（最后一次为准）
+        assert app_in_playing.game_state.pending_direction == Direction.LEFT
+
+
+class TestPlayingPausePlaceholder:
+    def test_p_key_does_not_call_toggle_pause(self, app_in_playing: App) -> None:
+        """UT 16：P 键占位 → _pause_hint_shown=True，game_state.status 仍 RUN。"""
+        assert app_in_playing._pause_hint_shown is False
+        assert app_in_playing.game_state.status == GameStatus.RUN
+        app_in_playing._dispatch(InputAction.TOGGLE_PAUSE)
+        assert app_in_playing._pause_hint_shown is True
+        assert app_in_playing.game_state.status == GameStatus.RUN  # 不变
+
+
+class TestPlayingWallCollision:
+    def test_wall_collision_transitions_to_game_over(self, app_in_playing: App) -> None:
+        """UT 17：撞墙自动转 GAME_OVER。"""
+        # app_in_playing 默认 HARD，初始 direction=RIGHT，蛇头在 (10, 7)
+        # 让 _tick 累计足够 dt 推动蛇撞右墙
+        app_in_playing._tick(100 * 100)  # 100ms tick × 100 = 10s，足够撞墙
+        assert app_in_playing.game_state.status == GameStatus.OVER
+        assert app_in_playing.screen == AppScreen.GAME_OVER
+
+
+class TestPlayingSelfCollision:
+    def test_self_collision_transitions_to_game_over(self, app_in_playing: App) -> None:
+        """UT 18：模拟蛇身填满后 step → screen=GAME_OVER。"""
+        # 走足够多步直到填满 / 自撞（蛇身默认 3 节，撞自身前需多次 step）
+        # HARD 100ms tick × 500 = 50s ≈ 500 步
+        # 蛇身会因吃食而增长，但 food 位置随机；最长情况：等到 OVER
+        # 取 10000 步（≈1000s），足够覆盖各种碰撞
+        app_in_playing._tick(100 * 10000)
+        assert app_in_playing.game_state.status == GameStatus.OVER
+        assert app_in_playing.screen == AppScreen.GAME_OVER
+
+
+class TestInvalidStateErrorNotWrapped:
+    """UT 23：OVER 状态调 set_direction 抛 InvalidStateError（FO 不包装）。"""
+
+    def test_set_direction_on_over_raises(self, app_in_playing: App) -> None:
+        # 推进到 OVER
+        app_in_playing._tick(100 * 100)
+        assert app_in_playing.game_state.status == GameStatus.OVER
… omitted 13 diff line(s) across 1 additional file(s)/section(s)
  ┊ review diff
a//home/zyzs/cyx/zteam/workspace/snake-linux/code/game-app/iter-1/tests/test_game_app/test_app_playing.py → b//home/zyzs/cyx/zteam/workspace/snake-linux/code/game-app/iter-1/tests/test_game_app/test_app_playing.py
@@ -23,16 +23,26 @@
         (InputAction.MOVE_RIGHT, Direction.RIGHT),
     ])
     def test_wasd_sets_direction(self, app_in_playing: App, key: InputAction, expected: Direction) -> None:
-        """UT 14：PLAYING 态方向输入 → game_state.pending_direction（或 direction）== 期望。"""
-        app_in_playing._dispatch(key)
-        # pending_direction 或 direction 应为期望
-        gs = app_in_playing.game_state
-        assert gs.pending_direction == expected or gs.direction == expected
+        """UT 14：PLAYING 态方向输入 → game_state.pending_direction（或 direction）== 期望。
+
+        iter-2 game-core 反向输入静默忽略（len>=2）：先转到 UP 再测 LEFT/RIGHT，
+        转到 RIGHT 再测 UP/DOWN，避免被反向忽略规则干扰。
+        """
+        # 默认 direction=RIGHT，先翻向 UP 让所有方向都不是反向
+        app_in_playing._dispatch(InputAction.MOVE_UP)
+        # 此刻 pending_direction == UP，direction 仍 RIGHT（pending 待 step 才提交）
+        # 测 MOVE_LEFT（垂直于 RIGHT）→ 应进入 pending
+        if expected != Direction.UP:
+            # 转到 UP 后再测目标
+            app_in_playing._dispatch(key)
+            gs = app_in_playing.game_state
+            assert gs.pending_direction == expected or gs.direction == expected
 
     def test_consecutive_directions_merge_into_pending(self, app_in_playing: App) -> None:
         """UT 15：连续方向合并（pending）→ step 后按最后一次方向走。"""
+        # 先翻向 UP（避免 RIGHT→LEFT 被反向忽略）
         app_in_playing._dispatch(InputAction.MOVE_UP)   # pending = UP
-        app_in_playing._dispatch(InputAction.MOVE_LEFT) # pending = LEFT
+        app_in_playing._dispatch(InputAction.MOVE_LEFT) # pending = LEFT（垂直于 UP）
         # pending 应为 LEFT（最后一次为准）
         assert app_in_playing.game_state.pending_direction == Direction.LEFT
 
  ┊ review diff
a//home/zyzs/cyx/zteam/workspace/snake-linux/code/game-app/iter-1/tests/test_game_app/test_app_playing.py → b//home/zyzs/cyx/zteam/workspace/snake-linux/code/game-app/iter-1/tests/test_game_app/test_app_playing.py
@@ -80,15 +80,23 @@
 
 
 class TestInvalidStateErrorNotWrapped:
-    """UT 23：OVER 状态调 set_direction 抛 InvalidStateError（FO 不包装）。"""
+    """UT 23：OVER 状态调 set_direction 抛 InvalidStateError（FO 不包装）。
+
+    说明：FO 的 _dispatch_over 在 OVER 态不会调用 set_direction（只处理 RESTART）。
+    但 game-core 暴露的 set_direction 在 OVER 状态必须抛 InvalidStateError —— 这是
+    "FO 不包装"语义的核心：如果以后扩展让 _dispatch_playing 在 OVER 态被调到，
+    set_direction 会自然抛错而不是被静默吃掉。UT 直接验证 game-core 行为以确认
+    不变量（FO 不写 try/except 包装）。
+    """
 
     def test_set_direction_on_over_raises(self, app_in_playing: App) -> None:
         # 推进到 OVER
-        app_in_playing._tick(100 * 100)
+        app_in_playing._tick(10000)
         assert app_in_playing.game_state.status == GameStatus.OVER
         # R3-9：FO 不包装 → 让 InvalidStateError 透传
+        # 直接调 game-core set_direction 验证 game-core 行为
         with pytest.raises(InvalidStateError):
-            app_in_playing._dispatch(InputAction.MOVE_UP)
+            app_in_playing.game_state.set_direction(Direction.UP)
 
 
 class TestPlayingPausedHint:
  ┊ review diff
a//home/zyzs/cyx/zteam/workspace/snake-linux/code/game-app/iter-1/tests/test_game_app/test_app_playing.py → b//home/zyzs/cyx/zteam/workspace/snake-linux/code/game-app/iter-1/tests/test_game_app/test_app_playing.py
@@ -16,35 +16,60 @@
 
 
 class TestPlayingDirectionInput:
-    @pytest.mark.parametrize("key,expected", [
-        (InputAction.MOVE_UP, Direction.UP),
-        (InputAction.MOVE_DOWN, Direction.DOWN),
-        (InputAction.MOVE_LEFT, Direction.LEFT),
-        (InputAction.MOVE_RIGHT, Direction.RIGHT),
-    ])
-    def test_wasd_sets_direction(self, app_in_playing: App, key: InputAction, expected: Direction) -> None:
-        """UT 14：PLAYING 态方向输入 → game_state.pending_direction（或 direction）== 期望。
+    def test_move_up_sets_pending(self, app_in_playing: App) -> None:
+        """UT 14（UP）：从 RIGHT 默认方向转到 UP（垂直）→ pending=UP。"""
+        app_in_playing._dispatch(InputAction.MOVE_UP)
+        gs = app_in_playing.game_state
+        assert gs.pending_direction == Direction.UP or gs.direction == Direction.UP
 
-        iter-2 game-core 反向输入静默忽略（len>=2）：先转到 UP 再测 LEFT/RIGHT，
-        转到 RIGHT 再测 UP/DOWN，避免被反向忽略规则干扰。
+    def test_move_down_sets_pending(self, app_in_playing: App) -> None:
+        """UT 14（DOWN）：从 RIGHT 转到 DOWN（垂直）→ pending=DOWN。"""
+        app_in_playing._dispatch(InputAction.MOVE_DOWN)
+        gs = app_in_playing.game_state
+        assert gs.pending_direction == Direction.DOWN or gs.direction == Direction.DOWN
+
+    def test_move_left_sets_pending(self, app_in_playing: App) -> None:
+        """UT 14（LEFT）：LEFT 是 RIGHT 的反向。
+        game-core iter-2 反向输入规则：len>=2 静默忽略。
+        我们先把方向翻到 UP（垂直于 LEFT 合法），再测 LEFT。
         """
-        # 默认 direction=RIGHT，先翻向 UP 让所有方向都不是反向
-        app_in_playing._dispatch(InputAction.MOVE_UP)
-        # 此刻 pending_direction == UP，direction 仍 RIGHT（pending 待 step 才提交）
-        # 测 MOVE_LEFT（垂直于 RIGHT）→ 应进入 pending
-        if expected != Direction.UP:
-            # 转到 UP 后再测目标
-            app_in_playing._dispatch(key)
-            gs = app_in_playing.game_state
-            assert gs.pending_direction == expected or gs.direction == expected
+        app_in_playing._dispatch(InputAction.MOVE_UP)     # pending=UP, direction=RIGHT
+        app_in_playing._dispatch(InputAction.MOVE_LEFT)   # LEFT 不是 UP 的反向 → pending=LEFT
+        gs = app_in_playing.game_state
+        assert gs.pending_direction == Direction.LEFT or gs.direction == Direction.LEFT
+
+    def test_move_right_sets_pending(self, app_in_playing: App) -> None:
+        """UT 14（RIGHT）：RIGHT 是 LEFT 的反向。
+        game-core iter-2 反向输入规则：len>=2 静默忽略。
+        先翻到 UP（与 RIGHT 垂直合法），再测 RIGHT。
+        """
+        app_in_playing._dispatch(InputAction.MOVE_UP)      # pending=UP, direction=RIGHT
+        app_in_playing._dispatch(InputAction.MOVE_RIGHT)   # RIGHT 已是当前 direction → 幂等
+        gs = app_in_playing.game_state
+        # 幂等分支：直接 return self（不重写 direction），所以 pending_direction 仍 UP，direction 仍 RIGHT
+        assert gs.pending_direction == Direction.UP or gs.direction == Direction.UP
 
     def test_consecutive_directions_merge_into_pending(self, app_in_playing: App) -> None:
-        """UT 15：连续方向合并（pending）→ step 后按最后一次方向走。"""
-        # 先翻向 UP（避免 RIGHT→LEFT 被反向忽略）
+        """UT 15：连续方向合并（pending）→ step 后按最后一次方向走。
+
+        注意：game-core iter-2 的 set_direction 只检查 `direction` 是否反向，
+        不检查 pending_direction。这意味着 "pending=UP → set_direction(LEFT)"
+        会因 LEFT 是 RIGHT.opposite 被静默忽略。这是 game-core 已知行为，
+        我们测试"非反向连续方向"的合并（DOWN 之后再 UP 不反向）。
+        """
+        # 默认 direction=RIGHT，先 MOVE_UP（垂直合法）→ pending=UP
         app_in_playing._dispatch(InputAction.MOVE_UP)   # pending = UP
-        app_in_playing._dispatch(InputAction.MOVE_LEFT) # pending = LEFT（垂直于 UP）
-        # pending 应为 LEFT（最后一次为准）
-        assert app_in_playing.game_state.pending_direction == Direction.LEFT
+        # 再 MOVE_DOWN：DOWN 不是 UP 反向（UP.opposite=DOWN... DOWN 实际是 UP 的反向！）
+        # 所以先 UP 再 DOWN 也会被反向忽略。换 UP → LEFT 测试
+        # 让我们用 UP → LEFT：LEFT 不是 UP 反向（UP.opposite=DOWN）
+        # 撤销之前的 pending=UP（设 DOWN，因为 DOWN 是 UP.opposite，但此时 direction 还是 RIGHT）
+        # 为简单：先 MOVE_LEFT（LEFT 是 RIGHT.opposite，但 pending=UP 时 game-core 仍看 direction=RIGHT）
+        # → 静默忽略。OK，我们改测：先 DOWN（垂直合法）→ pending=DOWN，再 UP（垂直合法）→ pending=UP
+        app_in_playing._dispatch(InputAction.MOVE_DOWN)  # 从 RIGHT 转向 DOWN 合法
+        app_in_playing._dispatch(InputAction.MOVE_UP)    # DOWN 不是 UP 反向（UP.opposite=DOWN）
… omitted 6 diff line(s) across 1 additional file(s)/section(s)
  ┊ review diff
a//home/zyzs/cyx/zteam/workspace/snake-linux/code/game-app/iter-1/tests/test_game_app/test_app_playing.py → b//home/zyzs/cyx/zteam/workspace/snake-linux/code/game-app/iter-1/tests/test_game_app/test_app_playing.py
@@ -16,6 +16,16 @@
 
 
 class TestPlayingDirectionInput:
+    """UT 14/15：PLAYING 态方向输入。
+
+    注意：game-core iter-2 的 set_direction 只检查 `self.direction` 是否反向，
+    不检查 `pending_direction`（这是已知设计，参见 design-r3 §4.4 §附录 C）。
+    因此"先 dispatch X 再 dispatch X.opposite" 的第二个调用会被静默忽略。
+
+    测试策略：每个用例都从一个**干净**的 app_in_playing fixture 开始，
+    避免 pending_direction 与 direction 不一致导致的反向误判。
+    """
+
     def test_move_up_sets_pending(self, app_in_playing: App) -> None:
         """UT 14（UP）：从 RIGHT 默认方向转到 UP（垂直）→ pending=UP。"""
         app_in_playing._dispatch(InputAction.MOVE_UP)
@@ -28,48 +38,46 @@
         gs = app_in_playing.game_state
         assert gs.pending_direction == Direction.DOWN or gs.direction == Direction.DOWN
 
-    def test_move_left_sets_pending(self, app_in_playing: App) -> None:
-        """UT 14（LEFT）：LEFT 是 RIGHT 的反向。
-        game-core iter-2 反向输入规则：len>=2 静默忽略。
-        我们先把方向翻到 UP（垂直于 LEFT 合法），再测 LEFT。
+    def test_move_left_after_step_commits_up(self, app_in_playing: App) -> None:
+        """UT 14（LEFT）：先 step 让 UP 提交到 direction=RIGHT → 再 LEFT 被反向忽略。
+
+        这里确认 game-core 的"反向忽略"行为是可观察的：先 commit UP → direction=UP，
+        再 dispatch LEFT → pending=LEFT（LEFT 不是 UP 的反向，UP.opposite=DOWN）。
         """
-        app_in_playing._dispatch(InputAction.MOVE_UP)     # pending=UP, direction=RIGHT
-        app_in_playing._dispatch(InputAction.MOVE_LEFT)   # LEFT 不是 UP 的反向 → pending=LEFT
+        # 先 MOVE_UP 让 pending=UP，然后 tick 一步提交 → direction=UP
+        app_in_playing._dispatch(InputAction.MOVE_UP)
+        # 提交 pending：跑一个 tick（最小 dt_ms 让 tick_ms 触发一次 step）
+        # HARD tick_ms=100。accumulator=0+100=100，>=100，step 一次 → pending 提交
+        app_in_playing._tick_accumulator_ms = 100
+        # 直接调 step 模拟 tick：避免 _tick 内部的 OVER 提前转屏
         gs = app_in_playing.game_state
-        assert gs.pending_direction == Direction.LEFT or gs.direction == Direction.LEFT
-
-    def test_move_right_sets_pending(self, app_in_playing: App) -> None:
-        """UT 14（RIGHT）：RIGHT 是 LEFT 的反向。
-        game-core iter-2 反向输入规则：len>=2 静默忽略。
-        先翻到 UP（与 RIGHT 垂直合法），再测 RIGHT。
-        """
-        app_in_playing._dispatch(InputAction.MOVE_UP)      # pending=UP, direction=RIGHT
-        app_in_playing._dispatch(InputAction.MOVE_RIGHT)   # RIGHT 已是当前 direction → 幂等
-        gs = app_in_playing.game_state
-        # 幂等分支：直接 return self（不重写 direction），所以 pending_direction 仍 UP，direction 仍 RIGHT
-        assert gs.pending_direction == Direction.UP or gs.direction == Direction.UP
+        new_gs = gs.step()
+        app_in_playing.game_state = new_gs
+        # 此刻 direction 应为 UP（已 step 一次）
+        assert app_in_playing.game_state.direction == Direction.UP
+        # 现在 dispatch LEFT：LEFT 不是 UP.opposite（DOWN）→ pending=LEFT
+        app_in_playing._dispatch(InputAction.MOVE_LEFT)
+        assert app_in_playing.game_state.pending_direction == Direction.LEFT
 
     def test_consecutive_directions_merge_into_pending(self, app_in_playing: App) -> None:
-        """UT 15：连续方向合并（pending）→ step 后按最后一次方向走。
+        """UT 15：连续方向合并（pending）→ 最后一次方向生效。
 
-        注意：game-core iter-2 的 set_direction 只检查 `direction` 是否反向，
-        不检查 pending_direction。这意味着 "pending=UP → set_direction(LEFT)"
-        会因 LEFT 是 RIGHT.opposite 被静默忽略。这是 game-core 已知行为，
-        我们测试"非反向连续方向"的合并（DOWN 之后再 UP 不反向）。
+        同样要避免 game-core 反向忽略：从 RIGHT（默认）→ DOWN（垂直合法）→ UP（垂直合法）
+        DOWN.opposite=UP，所以"先 DOWN 再 UP" 第二个会被反向忽略。
+
+        改为：从 RIGHT → UP → DOWN。UP.opposite=DOWN，DROP_DOWN 仍会被反向忽略！
+        因为 game-core 检查 direction（RIGHT），不是 pending。
+        所以干净的方式是 MOVE_UP → MOVE_LEFT（DROP 不反向，垂直于 UP）
         """
-        # 默认 direction=RIGHT，先 MOVE_UP（垂直合法）→ pending=UP
-        app_in_playing._dispatch(InputAction.MOVE_UP)   # pending = UP
-        # 再 MOVE_DOWN：DOWN 不是 UP 反向（UP.opposite=DOWN... DOWN 实际是 UP 的反向！）
-        # 所以先 UP 再 DOWN 也会被反向忽略。换 UP → LEFT 测试
… omitted 21 diff line(s) across 1 additional file(s)/section(s)
  ┊ review diff
a/workspace/snake-linux/code/game-app/iter-1/tests/test_game_app/test_app_tick.py → b/workspace/snake-linux/code/game-app/iter-1/tests/test_game_app/test_app_tick.py
@@ -0,0 +1,175 @@
+"""_tick 节拍推进单测（UT 19/19a/20/37）。
+
+需求：
+- R3-8：循环内重读 tick_ms（吃食加速即时生效）
+- 节拍不漂移（HARD 100ms / MEDIUM 160ms）
+- 一帧多次 step（节拍追跑）
+- _tick(0) 边界
+"""
+from __future__ import annotations
+
+from unittest.mock import patch
+import pytest
+
+from game_app import App, InputAction
+from game_app.screens import AppScreen
+from game_core import Difficulty, GameState, GameStatus
+
+
+class TestTickBasicBoundary:
+    def test_tick_zero_no_step(self, app: App) -> None:
+        """UT 37：_tick(0) → step 调 0 次。"""
+        from game_core import Difficulty as D
+        app._difficulty = D.MEDIUM
+        app._new_game(D.MEDIUM)
+        with patch.object(app.game_state, "step") as mock_step:
+            app._tick(0)
+            mock_step.assert_not_called()
+
+    def test_tick_exactly_one_step_medium(self, app: App) -> None:
+        """UT 37：_tick(160) 恰好调 1 次 step（MEDIUM）。"""
+        from game_core import Difficulty as D
+        app._difficulty = D.MEDIUM
+        app._new_game(D.MEDIUM)
+        # 直接用 spy 计数 game_state.step 调用次数
+        original = app.game_state.step
+        call_count = [0]
+
+        def counting_step():
+            call_count[0] += 1
+            return original()
+
+        app.game_state = GameState.set_score_callback(app.game_state, None)  # noop for testing
+        # 直接用 monkeypatch on the instance
+        original = app.game_state.step
+        app.game_state.step = lambda: (call_count.__setitem__(0, call_count[0] + 1) or original())  # type: ignore[method-assign]
+        app._tick(160)
+        # 因为 snake 撞墙前 step 多次可能进入 OVER，所以 step 数 ≤ 1
+        assert call_count[0] >= 1
+        assert app._tick_accumulator_ms == 0
+
+
+class TestTickDoesNotDrift:
+    """UT 19：节拍不漂移（每次 step 后重读 tick_ms）。"""
+
+    def test_three_50ms_ticks_medium_no_step(self, app: App) -> None:
+        """UT 19：MEDIUM 160ms × 3 次 _tick(50) → step 调 0 次（累加器 < 160）。"""
+        from game_core import Difficulty as D
+        app._difficulty = D.MEDIUM
+        app._new_game(D.MEDIUM)
+        # 累加器变化：50+50+50 = 150 < 160 → 0 次 step
+        app._tick(50)
+        assert app._tick_accumulator_ms == 50
+        app._tick(50)
+        assert app._tick_accumulator_ms == 100
+        app._tick(50)
+        assert app._tick_accumulator_ms == 150
+        # game_state.status 仍 RUN（未触发 step）
+        assert app.game_state.status == GameStatus.RUN
+
+    def test_accumulator_breaks_at_tick(self, app: App) -> None:
+        """UT 19：_tick(170) 一次 → step 调 1 次；累加器为 10。"""
+        from game_core import Difficulty as D
+        app._difficulty = D.MEDIUM
+        app._new_game(D.MEDIUM)
+        # 170ms → step 1 次（160ms），剩余 10ms
+        app._tick(170)
+        assert app._tick_accumulator_ms == 10
+        # snake 已 step 1 次，direction 提交
… omitted 97 diff line(s) across 1 additional file(s)/section(s)
  ┊ review diff
a/workspace/snake-linux/code/game-app/iter-1/tests/test_game_app/test_app_tick.py → b/workspace/snake-linux/code/game-app/iter-1/tests/test_game_app/test_app_tick.py
@@ -13,40 +13,28 @@
 
 from game_app import App, InputAction
 from game_app.screens import AppScreen
-from game_core import Difficulty, GameState, GameStatus
+from game_core import Difficulty, GameStatus
 
 
 class TestTickBasicBoundary:
     def test_tick_zero_no_step(self, app: App) -> None:
         """UT 37：_tick(0) → step 调 0 次。"""
-        from game_core import Difficulty as D
-        app._difficulty = D.MEDIUM
-        app._new_game(D.MEDIUM)
+        app._difficulty = Difficulty.MEDIUM
+        app._new_game(Difficulty.MEDIUM)
         with patch.object(app.game_state, "step") as mock_step:
             app._tick(0)
             mock_step.assert_not_called()
 
     def test_tick_exactly_one_step_medium(self, app: App) -> None:
         """UT 37：_tick(160) 恰好调 1 次 step（MEDIUM）。"""
-        from game_core import Difficulty as D
-        app._difficulty = D.MEDIUM
-        app._new_game(D.MEDIUM)
-        # 直接用 spy 计数 game_state.step 调用次数
-        original = app.game_state.step
-        call_count = [0]
-
-        def counting_step():
-            call_count[0] += 1
-            return original()
-
-        app.game_state = GameState.set_score_callback(app.game_state, None)  # noop for testing
-        # 直接用 monkeypatch on the instance
-        original = app.game_state.step
-        app.game_state.step = lambda: (call_count.__setitem__(0, call_count[0] + 1) or original())  # type: ignore[method-assign]
-        app._tick(160)
-        # 因为 snake 撞墙前 step 多次可能进入 OVER，所以 step 数 ≤ 1
-        assert call_count[0] >= 1
-        assert app._tick_accumulator_ms == 0
+        app._difficulty = Difficulty.MEDIUM
+        app._new_game(Difficulty.MEDIUM)
+        # 蛇头初始 (10, 7) direction=RIGHT，宽度 20 → 撞墙前 9 步安全
+        # _tick(160)：accumulator 0+160=160，step 1 次 → 累加器 0
+        with patch.object(app.game_state, "step", wraps=app.game_state.step) as mock_step:
+            app._tick(160)
+            assert mock_step.call_count == 1
+            assert app._tick_accumulator_ms == 0
 
 
 class TestTickDoesNotDrift:
@@ -54,9 +42,8 @@
 
     def test_three_50ms_ticks_medium_no_step(self, app: App) -> None:
         """UT 19：MEDIUM 160ms × 3 次 _tick(50) → step 调 0 次（累加器 < 160）。"""
-        from game_core import Difficulty as D
-        app._difficulty = D.MEDIUM
-        app._new_game(D.MEDIUM)
+        app._difficulty = Difficulty.MEDIUM
+        app._new_game(Difficulty.MEDIUM)
         # 累加器变化：50+50+50 = 150 < 160 → 0 次 step
         app._tick(50)
         assert app._tick_accumulator_ms == 50
@@ -69,13 +56,11 @@
 
     def test_accumulator_breaks_at_tick(self, app: App) -> None:
         """UT 19：_tick(170) 一次 → step 调 1 次；累加器为 10。"""
-        from game_core import Difficulty as D
-        app._difficulty = D.MEDIUM
-        app._new_game(D.MEDIUM)
+        app._difficulty = Difficulty.MEDIUM
+        app._new_game(Difficulty.MEDIUM)
         # 170ms → step 1 次（160ms），剩余 10ms
         app._tick(170)
         assert app._tick_accumulator_ms == 10
-        # snake 已 step 1 次，direction 提交
         assert app.game_state.status == GameStatus.RUN
 
… omitted 169 diff line(s) across 1 additional file(s)/section(s)
  ┊ review diff
a/workspace/snake-linux/code/game-app/iter-1/tests/test_game_app/test_app_tick.py → b/workspace/snake-linux/code/game-app/iter-1/tests/test_game_app/test_app_tick.py
@@ -13,28 +13,32 @@
 
 from game_app import App, InputAction
 from game_app.screens import AppScreen
-from game_core import Difficulty, GameStatus
+from game_core import Difficulty, GameStatus, GameState
+import dataclasses
+
+
+def _head_x(app: App) -> int:
+    return app.game_state.snake.head.x
 
 
 class TestTickBasicBoundary:
     def test_tick_zero_no_step(self, app: App) -> None:
-        """UT 37：_tick(0) → step 调 0 次。"""
+        """UT 37：_tick(0) → step 调 0 次（蛇头位置不变）。"""
         app._difficulty = Difficulty.MEDIUM
         app._new_game(Difficulty.MEDIUM)
-        with patch.object(app.game_state, "step") as mock_step:
-            app._tick(0)
-            mock_step.assert_not_called()
+        before = _head_x(app)
+        app._tick(0)
+        assert _head_x(app) == before  # 未推进
 
     def test_tick_exactly_one_step_medium(self, app: App) -> None:
-        """UT 37：_tick(160) 恰好调 1 次 step（MEDIUM）。"""
+        """UT 37：_tick(160) 恰好调 1 次 step（MEDIUM，蛇头 +1）。"""
         app._difficulty = Difficulty.MEDIUM
         app._new_game(Difficulty.MEDIUM)
-        # 蛇头初始 (10, 7) direction=RIGHT，宽度 20 → 撞墙前 9 步安全
-        # _tick(160)：accumulator 0+160=160，step 1 次 → 累加器 0
-        with patch.object(app.game_state, "step", wraps=app.game_state.step) as mock_step:
-            app._tick(160)
-            assert mock_step.call_count == 1
-            assert app._tick_accumulator_ms == 0
+        before = _head_x(app)
+        app._tick(160)
+        # 1 步：蛇头 (10,7) → (11,7)
+        assert _head_x(app) == before + 1
+        assert app._tick_accumulator_ms == 0
 
 
 class TestTickDoesNotDrift:
@@ -44,6 +48,7 @@
         """UT 19：MEDIUM 160ms × 3 次 _tick(50) → step 调 0 次（累加器 < 160）。"""
         app._difficulty = Difficulty.MEDIUM
         app._new_game(Difficulty.MEDIUM)
+        before = _head_x(app)
         # 累加器变化：50+50+50 = 150 < 160 → 0 次 step
         app._tick(50)
         assert app._tick_accumulator_ms == 50
@@ -51,15 +56,18 @@
         assert app._tick_accumulator_ms == 100
         app._tick(50)
         assert app._tick_accumulator_ms == 150
-        # game_state.status 仍 RUN（未触发 step）
+        # game_state 仍未推进（head.x 未变）
+        assert _head_x(app) == before
         assert app.game_state.status == GameStatus.RUN
 
     def test_accumulator_breaks_at_tick(self, app: App) -> None:
         """UT 19：_tick(170) 一次 → step 调 1 次；累加器为 10。"""
         app._difficulty = Difficulty.MEDIUM
         app._new_game(Difficulty.MEDIUM)
+        before = _head_x(app)
         # 170ms → step 1 次（160ms），剩余 10ms
         app._tick(170)
+        assert _head_x(app) == before + 1
         assert app._tick_accumulator_ms == 10
         assert app.game_state.status == GameStatus.RUN
 
@@ -71,13 +79,13 @@
         """UT 20：HARD 100ms × _tick(500) → step 调 5 次；累加器为 0。"""
         app._difficulty = Difficulty.HARD
         app._new_game(Difficulty.HARD)
+        before = _head_x(app)
         # 蛇头初始 (10, 7) direction=RIGHT，撞墙需 head.x >= 20，10 步撞墙
… omitted 105 diff line(s) across 1 additional file(s)/section(s)
  ┊ review diff
a/workspace/snake-linux/code/game-app/iter-1/tests/test_game_app/test_app_game_over.py → b/workspace/snake-linux/code/game-app/iter-1/tests/test_game_app/test_app_game_over.py
@@ -0,0 +1,73 @@
+"""GAME_OVER 态 dispatch + 重开单测（UT 21/22）。
+
+需求：
+- R 键 RESTART → 新 game_state 且 status=RUN
+- GAME_OVER 态 _drain_events 收到 QUIT 走主循环 break
+"""
+from __future__ import annotations
+
+import pytest
+
+from game_app import App, InputAction
+from game_app.screens import AppScreen
+from game_core import Difficulty, GameStatus
+
+
+class TestGameOverRestart:
+    def test_restart_opens_new_game(self, app_in_playing: App) -> None:
+        """UT 21：_dispatch(RESTART) → screen==PLAYING + 新 game_state.status==RUN。"""
+        # 进入 OVER
+        app_in_playing._tick(1100)
+        assert app_in_playing.screen == AppScreen.GAME_OVER
+        old_state = app_in_playing.game_state
+        assert old_state.status == GameStatus.OVER
+        # RESTART
+        app_in_playing._dispatch(InputAction.RESTART)
+        assert app_in_playing.screen == AppScreen.PLAYING
+        assert app_in_playing.game_state.status == GameStatus.RUN
+        # 新对象（纯函数语义）
+        assert app_in_playing.game_state is not old_state
+
+    def test_restart_uses_current_difficulty(self, app_in_playing: App) -> None:
+        """RESTART 保持选定难度。"""
+        app_in_playing._tick(1100)
+        assert app_in_playing.screen == AppScreen.GAME_OVER
+        # 当前 _difficulty=HARD
+        app_in_playing._dispatch(InputAction.RESTART)
+        assert app_in_playing.game_state.difficulty == Difficulty.HARD
+
+
+class TestGameOverQuit:
+    def test_game_over_quit_breaks_main_loop(self, app_in_playing: App) -> None:
+        """UT 22：GAME_OVER 态 _drain_events 返 [QUIT] → 主循环 break（_running 不被 dispatch 改）。"""
+        from .test_drain_events import _set_events
+        from .conftest import FakeEvent, _PYGAME_KEYS
+
+        app_in_playing._tick(1100)
+        assert app_in_playing.screen == AppScreen.GAME_OVER
+
+        # 设置 fake event
+        _set_events(app_in_playing, [FakeEvent(_PYGAME_KEYS["QUIT"])])
+        actions = app_in_playing._drain_events()
+        assert InputAction.QUIT in actions
+        # 主循环检测后 break → _running 仍 True（break 不会改 _running）
+        assert app_in_playing._running is True
+
+
+class TestGameOverIgnoresOtherActions:
+    """GAME_OVER 态收到非 RESTART 的 action 不应崩。"""
+
+    def test_game_over_move_up_ignored(self, app_in_playing: App) -> None:
+        app_in_playing._tick(1100)
+        assert app_in_playing.screen == AppScreen.GAME_OVER
+        # 调 MOVE_UP 应被静默忽略（_dispatch_over 没此分支）
+        app_in_playing._dispatch(InputAction.MOVE_UP)
+        assert app_in_playing.screen == AppScreen.GAME_OVER
+        assert app_in_playing.game_state.status == GameStatus.OVER
+
+    def test_game_over_start_ignored(self, app_in_playing: App) -> None:
+        """START 是 MENU 态专属；GAME_OVER 态收到应被忽略（_dispatch_over 无 START 分支）。"""
+        app_in_playing._tick(1100)
+        assert app_in_playing.screen == AppScreen.GAME_OVER
+        app_in_playing._dispatch(InputAction.START)
+        assert app_in_playing.screen == AppScreen.GAME_OVER
  ┊ review diff
a/workspace/snake-linux/code/game-app/iter-1/tests/test_game_app/test_app_hud.py → b/workspace/snake-linux/code/game-app/iter-1/tests/test_game_app/test_app_hud.py
@@ -0,0 +1,113 @@
+"""HUD 构造单测（UT 24/25/26/27）。
+
+需求：
+- _build_hud(snap) 返 HudData dataclass 含 5 字段
+- _high_score 占位 0
+- 难度标签中文
+- 状态标签 RUN/PAUSED/OVER
+"""
+from __future__ import annotations
+
+import pytest
+
+from game_app import App, InputAction, _DIFFICULTY_LABEL, _STATUS_LABEL
+from gui_renderer import HudData
+from game_core import Difficulty, GameStatus, Snapshot, Point, Snake, Food
+import dataclasses
+
+
+def _make_snapshot(status: GameStatus = GameStatus.RUN, score: int = 0) -> Snapshot:
+    """构造指定 status/score 的 Snapshot。"""
+    return Snapshot(
+        snake_body=(Point(0, 0),),
+        food=Point(1, 1),
+        score=score,
+        length=3,
+        status=status,
+        difficulty=Difficulty.MEDIUM,
+        tick_ms=160,
+    )
+
+
+class TestHudStructure:
+    def test_build_hud_returns_dataclass(self, app_in_playing: App) -> None:
+        """UT 24：_build_hud(snap) 返 HudData。"""
+        snap = app_in_playing.game_state.snapshot()
+        hud = app_in_playing._build_hud(snap)
+        assert isinstance(hud, HudData)
+
+    def test_hud_has_five_fields(self, app_in_playing: App) -> None:
+        snap = app_in_playing.game_state.snapshot()
+        hud = app_in_playing._build_hud(snap)
+        # 5 字段
+        assert hasattr(hud, "score")
+        assert hasattr(hud, "high_score")
+        assert hasattr(hud, "length")
+        assert hasattr(hud, "difficulty_label")
+        assert hasattr(hud, "status_label")
+        # 类型
+        assert isinstance(hud.score, int)
+        assert isinstance(hud.high_score, int)
+        assert isinstance(hud.length, int)
+        assert isinstance(hud.difficulty_label, str)
+        assert isinstance(hud.status_label, str)
+
+
+class TestHudHighScore:
+    def test_high_score_is_zero(self, app_in_playing: App) -> None:
+        """UT 25：_high_score 占位 0（INV-6）。"""
+        snap = app_in_playing.game_state.snapshot()
+        hud = app_in_playing._build_hud(snap)
+        assert hud.high_score == 0
+
+
+class TestHudDifficultyLabel:
+    def test_difficulty_label_chinese(self) -> None:
+        """UT 26：难度标签中文。"""
+        assert _DIFFICULTY_LABEL[Difficulty.EASY] == "简单"
+        assert _DIFFICULTY_LABEL[Difficulty.MEDIUM] == "普通"
+        assert _DIFFICULTY_LABEL[Difficulty.HARD] == "困难"
+
+    def test_difficulty_label_in_hud(self, app_in_playing: App) -> None:
+        """app_in_playing 用 HARD。"""
+        snap = app_in_playing.game_state.snapshot()
+        hud = app_in_playing._build_hud(snap)
+        assert hud.difficulty_label == "困难"
+
+
+class TestHudStatusLabel:
… omitted 35 diff line(s) across 1 additional file(s)/section(s)
  ┊ review diff
a/workspace/snake-linux/code/game-app/iter-1/tests/test_game_app/test_fonts.py → b/workspace/snake-linux/code/game-app/iter-1/tests/test_game_app/test_fonts.py
@@ -0,0 +1,71 @@
+"""CJK 字体回退链单测（UT 39）。
+
+需求：
+- pygame.font.match_font 候选 → pygame.font.Font(path, size)
+- 全失败 → pygame.font.Font(None, size) 兜底
+"""
+from __future__ import annotations
+
+from unittest.mock import MagicMock
+import pytest
+
+from game_app.fonts import _load_cjk_font, _CJK_FONT_CANDIDATES
+
+
+class TestLoadCjkFontFallbackChain:
+    def test_first_candidate_match(self, fake_pygame) -> None:
+        """第一个候选就匹配 → 调 pygame.font.Font(path, size)。"""
+        fake_pygame.font.match_font.return_value = "/usr/share/fonts/cjk.ttf"
+        fake_pygame.font.Font.return_value = MagicMock(name="loaded_font")
+
+        result = _load_cjk_font(22)
+        # 只调 1 次 match_font（第一个就成功）
+        assert fake_pygame.font.match_font.call_count == 1
+        # Font 被调，路径 = match_font 返回值
+        fake_pygame.font.Font.assert_called_once_with("/usr/share/fonts/cjk.ttf", 22)
+        assert result == fake_pygame.font.Font.return_value
+
+    def test_third_candidate_match(self, fake_pygame) -> None:
+        """第三个候选才匹配 → 前 2 次返 None，第 3 次返 path。"""
+        # 用 side_effect 控制每次调用返回
+        fake_pygame.font.match_font.side_effect = [None, None, "/usr/share/fonts/wqy.ttf"]
+        fake_pygame.font.Font.return_value = MagicMock(name="loaded_font")
+
+        result = _load_cjk_font(22, bold=True)
+        # 调 3 次
+        assert fake_pygame.font.match_font.call_count == 3
+        # Font 被调一次，路径 = 第 3 次返回值
+        fake_pygame.font.Font.assert_called_once_with("/usr/share/fonts/wqy.ttf", 22)
+        # 验证 bold 参数传递给 match_font
+        third_call_kwargs = fake_pygame.font.match_font.call_args_list[2]
+        assert third_call_kwargs.kwargs.get("bold") is True
+
+    def test_all_candidates_fail_uses_default(self, fake_pygame) -> None:
+        """全部候选返 None → pygame.font.Font(None, size) 兜底。"""
+        fake_pygame.font.match_font.return_value = None
+        fake_pygame.font.Font.return_value = MagicMock(name="default_font")
+
+        result = _load_cjk_font(22)
+        # match_font 被调 5 次（所有候选）
+        assert fake_pygame.font.match_font.call_count == len(_CJK_FONT_CANDIDATES)
+        # Font 被调一次，路径 = None（SDL 默认字体）
+        fake_pygame.font.Font.assert_called_once_with(None, 22)
+        assert result == fake_pygame.font.Font.return_value
+
+    def test_candidates_count_is_five(self) -> None:
+        """候选链固定 5 项（规格要求）。"""
+        assert len(_CJK_FONT_CANDIDATES) == 5
+        # 候选顺序与设计文档一致
+        assert "notosanscsksc" in _CJK_FONT_CANDIDATES[0]
+        assert "arialunicodems" in _CJK_FONT_CANDIDATES[-1]
+
+
+class TestFontsDefaultSafe:
+    def test_font_loader_does_not_raise(self, fake_pygame) -> None:
+        """_load_cjk_font 不应抛异常（match_font 全 None 时 SDL 默认字体兜底）。"""
+        fake_pygame.font.match_font.return_value = None
+        fake_pygame.font.Font.return_value = MagicMock(name="default_font")
+        # 不抛
+        _load_cjk_font(48)
+        _load_cjk_font(22)
+        _load_cjk_font(22, bold=True)
  ┊ review diff
a//home/zyzs/cyx/zteam/workspace/snake-linux/code/game-app/iter-1/tests/test_game_app/test_fonts.py → b//home/zyzs/cyx/zteam/workspace/snake-linux/code/game-app/iter-1/tests/test_game_app/test_fonts.py
@@ -56,7 +56,7 @@
         """候选链固定 5 项（规格要求）。"""
         assert len(_CJK_FONT_CANDIDATES) == 5
         # 候选顺序与设计文档一致
-        assert "notosanscsksc" in _CJK_FONT_CANDIDATES[0]
+        assert "notosanscjksc" in _CJK_FONT_CANDIDATES[0]
         assert "arialunicodems" in _CJK_FONT_CANDIDATES[-1]
 
 
  ┊ review diff
a/workspace/snake-linux/code/game-app/iter-1/tests/test_game_app/test_app_render_dispatch.py → b/workspace/snake-linux/code/game-app/iter-1/tests/test_game_app/test_app_render_dispatch.py
@@ -0,0 +1,155 @@
+"""_render 分发单测（UT 28/29/30/40）。
+
+需求：
+- MENU 态：用 pygame.display.get_surface() 取 surface + 调 menu.draw_menu；不调 renderer.render
+- PLAYING 态：调 renderer.render(snap, hud)；只取 1 次 snapshot
+- GAME_OVER 态：用 get_surface + menu.draw_game_over；不调 renderer.render
+- R3-2：menu 不读 _renderer 私有
+"""
+from __future__ import annotations
+
+from unittest.mock import MagicMock, patch
+import pytest
+
+from game_app import App, InputAction
+from game_app.screens import AppScreen
+from game_core import Difficulty
+
+
+def _attach_render_spy(app: App):
+    """给 fake renderer 装 spy 以观察调用。"""
+    app._renderer.render = MagicMock(name="renderer_render")
+    return app
+
+
+class TestRenderMenu:
+    def test_menu_uses_get_surface(self, app_in_playing: App) -> None:
+        """UT 28：MENU 态 _render 调 pygame.display.get_surface() 取 surface。"""
+        from game_app import app as app_mod
+        fake = app_mod.pygame
+        fake.display.get_surface.reset_mock()
+        # 切到 MENU
+        app_in_playing.screen = AppScreen.MENU
+        app_in_playing._render()
+        # get_surface 应被调（取 surface 用于 menu.draw_menu）
+        fake.display.get_surface.assert_called()
+
+    def test_menu_calls_draw_menu(self, app_in_playing: App) -> None:
+        """MENU 态 _render 调 menu.draw_menu。"""
+        from game_app import menu as menu_mod
+        with patch.object(menu_mod, "draw_menu") as mock_draw:
+            app_in_playing.screen = AppScreen.MENU
+            app_in_playing._render()
+            mock_draw.assert_called_once()
+            # 验 draw_menu 接受 (surface, title_font, body_font, difficulty)
+            args = mock_draw.call_args[0]
+            assert len(args) == 4  # surface, title_font, body_font, difficulty
+            assert args[3] == Difficulty.HARD
+
+    def test_menu_does_not_call_renderer_render(self, app_in_playing: App) -> None:
+        """MENU 态 _render 不调 renderer.render。"""
+        _attach_render_spy(app_in_playing)
+        app_in_playing.screen = AppScreen.MENU
+        app_in_playing._render()
+        app_in_playing._renderer.render.assert_not_called()
+
+
+class TestRenderPlaying:
+    def test_playing_calls_renderer_render(self, app_in_playing: App) -> None:
+        """UT 29：PLAYING 态 _render 调 renderer.render(snap, hud)。"""
+        _attach_render_spy(app_in_playing)
+        assert app_in_playing.screen == AppScreen.PLAYING
+        app_in_playing._render()
+        app_in_playing._renderer.render.assert_called_once()
+        args = app_in_playing._renderer.render.call_args[0]
+        # args = (snap, hud)
+        assert len(args) == 2
+
+    def test_playing_does_not_call_get_surface(self, app_in_playing: App) -> None:
+        """PLAYING 态 _render 不调 get_surface（renderer 内部处理）。"""
+        from game_app import app as app_mod
+        fake = app_mod.pygame
+        fake.display.get_surface.reset_mock()
+        app_in_playing._render()
+        fake.display.get_surface.assert_not_called()
+
+    def test_playing_calls_snapshot_only_once(self, app_in_playing: App) -> None:
+        """UT 29：_render 内 snapshot 调用次数 = 1（含传给 _build_hud）。"""
+        # 用 spy 计数（用 patch 因为 frozen dataclass 不允许 instance attr set）
… omitted 77 diff line(s) across 1 additional file(s)/section(s)
  ┊ review diff
a//home/zyzs/cyx/zteam/workspace/snake-linux/code/game-app/iter-1/tests/test_game_app/test_app_render_dispatch.py → b//home/zyzs/cyx/zteam/workspace/snake-linux/code/game-app/iter-1/tests/test_game_app/test_app_render_dispatch.py
@@ -33,18 +33,6 @@
         app_in_playing._render()
         # get_surface 应被调（取 surface 用于 menu.draw_menu）
         fake.display.get_surface.assert_called()
-
-    def test_menu_calls_draw_menu(self, app_in_playing: App) -> None:
-        """MENU 态 _render 调 menu.draw_menu。"""
-        from game_app import menu as menu_mod
-        with patch.object(menu_mod, "draw_menu") as mock_draw:
-            app_in_playing.screen = AppScreen.MENU
-            app_in_playing._render()
-            mock_draw.assert_called_once()
-            # 验 draw_menu 接受 (surface, title_font, body_font, difficulty)
-            args = mock_draw.call_args[0]
-            assert len(args) == 4  # surface, title_font, body_font, difficulty
-            assert args[3] == Difficulty.HARD
 
     def test_menu_does_not_call_renderer_render(self, app_in_playing: App) -> None:
         """MENU 态 _render 不调 renderer.render。"""
  ┊ review diff
a/workspace/snake-linux/code/game-app/iter-1/tests/test_game_app/test_app_render_dispatch.py → b/workspace/snake-linux/code/game-app/iter-1/tests/test_game_app/test_app_render_dispatch.py
@@ -31,15 +31,26 @@
         # 切到 MENU
         app_in_playing.screen = AppScreen.MENU
         app_in_playing._render()
-        # get_surface 应被调（取 surface 用于 menu.draw_menu）
-        fake.display.get_surface.assert_called()
+        # get_surface 应被调
+        assert fake.display.get_surface.called
+
+    def test_menu_calls_draw_menu(self, app_in_playing: App) -> None:
+        """MENU 态 _render 调 menu.draw_menu。"""
+        from game_app import menu as menu_mod
+        with patch.object(menu_mod, "draw_menu") as mock_draw:
+            app_in_playing.screen = AppScreen.MENU
+            app_in_playing._render()
+            mock_draw.assert_called_once()
+            args = mock_draw.call_args[0]
+            assert len(args) == 4  # surface, title_font, body_font, difficulty
+            assert args[3] == Difficulty.HARD
 
     def test_menu_does_not_call_renderer_render(self, app_in_playing: App) -> None:
         """MENU 态 _render 不调 renderer.render。"""
         _attach_render_spy(app_in_playing)
         app_in_playing.screen = AppScreen.MENU
         app_in_playing._render()
-        app_in_playing._renderer.render.assert_not_called()
+        assert not app_in_playing._renderer.render.called
 
 
 class TestRenderPlaying:
@@ -50,7 +61,6 @@
         app_in_playing._render()
         app_in_playing._renderer.render.assert_called_once()
         args = app_in_playing._renderer.render.call_args[0]
-        # args = (snap, hud)
         assert len(args) == 2
 
     def test_playing_does_not_call_get_surface(self, app_in_playing: App) -> None:
@@ -59,12 +69,10 @@
         fake = app_mod.pygame
         fake.display.get_surface.reset_mock()
         app_in_playing._render()
-        fake.display.get_surface.assert_not_called()
+        assert not fake.display.get_surface.called
 
     def test_playing_calls_snapshot_only_once(self, app_in_playing: App) -> None:
         """UT 29：_render 内 snapshot 调用次数 = 1（含传给 _build_hud）。"""
-        # 用 spy 计数（用 patch 因为 frozen dataclass 不允许 instance attr set）
-        # GameState.snapshot 是 instance method，但我们 patch class method
         from game_core import GameState
         original = GameState.snapshot
         call_count = [0]
@@ -89,7 +97,7 @@
         app_in_playing._tick(1100)
         assert app_in_playing.screen == AppScreen.GAME_OVER
         app_in_playing._render()
-        fake.display.get_surface.assert_called()
+        assert fake.display.get_surface.called
 
     def test_game_over_calls_draw_game_over(self, app_in_playing: App) -> None:
         """GAME_OVER 态 _render 调 menu.draw_game_over(surface, fonts, score)。"""
@@ -109,21 +117,18 @@
         app_in_playing._tick(1100)
         assert app_in_playing.screen == AppScreen.GAME_OVER
         app_in_playing._render()
-        app_in_playing._renderer.render.assert_not_called()
+        assert not app_in_playing._renderer.render.called
 
 
 class TestRenderMenuNoRendererPrivate:
     """UT 40：menu 不读 renderer 私有（R3-2）。"""
 
-    def test_menu_does_not_access_renderer_private(self, app_in_playing: App) -> None:
+    def test_menu_does_not_access_renderer_private(self) -> None:
         """自绘过程不碰 _renderer._screen。"""
-        # 自绘函数 spy app._renderer._screen 访问次数
-        # 通过 menu 内部不使用 _renderer 实现：检查 draw_menu/draw_game_over 形参
         from game_app import menu as menu_mod
         import inspect
… omitted 22 diff line(s) across 1 additional file(s)/section(s)
  ┊ review diff
a//home/zyzs/cyx/zteam/workspace/snake-linux/code/game-app/iter-1/tests/test_game_app/conftest.py → b//home/zyzs/cyx/zteam/workspace/snake-linux/code/game-app/iter-1/tests/test_game_app/conftest.py
@@ -75,8 +75,34 @@
 
 
 @pytest.fixture
+def app_with_mock_renderer(fake_pygame):
+    """App 已 _init_pygame（用 mock renderer）+ 进入 PLAYING 态。
+
+    与 app_in_playing 不同：renderer 整个被替换为 MagicMock，避免真渲染副作用。
+    用于 _render 分发测试。
+    """
+    from game_app import App
+    from game_core import Difficulty
+    a = App()
+    a._difficulty = Difficulty.HARD
+    # 用 mock renderer 替掉 _init_pygame 内部的真构造
+    mock_renderer = MagicMock(name="mock_renderer")
+    a._renderer = mock_renderer
+    a._menu_title_font = MagicMock(name="title_font")
+    a._menu_body_font = MagicMock(name="body_font")
+    a.clock = MagicMock(name="clock")
+    # 创建 game_state
+    a._new_game(Difficulty.HARD)
+    return a
+
+
+@pytest.fixture
 def app_in_playing(fake_pygame):
-    """App 已 _init_pygame + 进入 PLAYING 态（用于渲染分发 / 自绘类用例）。"""
+    """App 已 _init_pygame + 进入 PLAYING 态（用于非 render 的用例）。
+
+    注意：这里 _init_pygame 会用 fake_pygame 创建 Renderer，构造期校验通过，
+    但 render 调用会触发 fake.screen.fill 等副作用（被 fake 记录）。
+    """
     from game_app import App
     from game_core import Difficulty
     a = App()
@@ -98,7 +124,6 @@
 
 def make_keydown(key: int) -> FakeEvent:
     return FakeEvent(_PYGAME_KEYS["KEYDOWN"], key)
-    return None  # unreachable
 
 
 def make_quit_event() -> FakeEvent:
  ┊ review diff
a/workspace/snake-linux/code/game-app/iter-1/tests/test_game_app/test_app_render_dispatch.py → b/workspace/snake-linux/code/game-app/iter-1/tests/test_game_app/test_app_render_dispatch.py
@@ -16,62 +16,54 @@
 from game_core import Difficulty
 
 
-def _attach_render_spy(app: App):
-    """给 fake renderer 装 spy 以观察调用。"""
-    app._renderer.render = MagicMock(name="renderer_render")
-    return app
-
-
 class TestRenderMenu:
-    def test_menu_uses_get_surface(self, app_in_playing: App) -> None:
+    def test_menu_uses_get_surface(self, app_with_mock_renderer: App) -> None:
         """UT 28：MENU 态 _render 调 pygame.display.get_surface() 取 surface。"""
         from game_app import app as app_mod
         fake = app_mod.pygame
+        # 切到 MENU
+        app_with_mock_renderer.screen = AppScreen.MENU
         fake.display.get_surface.reset_mock()
-        # 切到 MENU
-        app_in_playing.screen = AppScreen.MENU
-        app_in_playing._render()
+        app_with_mock_renderer._render()
         # get_surface 应被调
         assert fake.display.get_surface.called
 
-    def test_menu_calls_draw_menu(self, app_in_playing: App) -> None:
+    def test_menu_calls_draw_menu(self, app_with_mock_renderer: App) -> None:
         """MENU 态 _render 调 menu.draw_menu。"""
         from game_app import menu as menu_mod
         with patch.object(menu_mod, "draw_menu") as mock_draw:
-            app_in_playing.screen = AppScreen.MENU
-            app_in_playing._render()
+            app_with_mock_renderer.screen = AppScreen.MENU
+            app_with_mock_renderer._render()
             mock_draw.assert_called_once()
             args = mock_draw.call_args[0]
             assert len(args) == 4  # surface, title_font, body_font, difficulty
             assert args[3] == Difficulty.HARD
 
-    def test_menu_does_not_call_renderer_render(self, app_in_playing: App) -> None:
+    def test_menu_does_not_call_renderer_render(self, app_with_mock_renderer: App) -> None:
         """MENU 态 _render 不调 renderer.render。"""
-        _attach_render_spy(app_in_playing)
-        app_in_playing.screen = AppScreen.MENU
-        app_in_playing._render()
-        assert not app_in_playing._renderer.render.called
+        app_with_mock_renderer.screen = AppScreen.MENU
+        app_with_mock_renderer._render()
+        assert not app_with_mock_renderer._renderer.render.called
 
 
 class TestRenderPlaying:
-    def test_playing_calls_renderer_render(self, app_in_playing: App) -> None:
+    def test_playing_calls_renderer_render(self, app_with_mock_renderer: App) -> None:
         """UT 29：PLAYING 态 _render 调 renderer.render(snap, hud)。"""
-        _attach_render_spy(app_in_playing)
-        assert app_in_playing.screen == AppScreen.PLAYING
-        app_in_playing._render()
-        app_in_playing._renderer.render.assert_called_once()
-        args = app_in_playing._renderer.render.call_args[0]
+        assert app_with_mock_renderer.screen == AppScreen.PLAYING
+        app_with_mock_renderer._render()
+        app_with_mock_renderer._renderer.render.assert_called_once()
+        args = app_with_mock_renderer._renderer.render.call_args[0]
         assert len(args) == 2
 
-    def test_playing_does_not_call_get_surface(self, app_in_playing: App) -> None:
+    def test_playing_does_not_call_get_surface(self, app_with_mock_renderer: App) -> None:
         """PLAYING 态 _render 不调 get_surface（renderer 内部处理）。"""
         from game_app import app as app_mod
         fake = app_mod.pygame
         fake.display.get_surface.reset_mock()
-        app_in_playing._render()
+        app_with_mock_renderer._render()
         assert not fake.display.get_surface.called
 
-    def test_playing_calls_snapshot_only_once(self, app_in_playing: App) -> None:
+    def test_playing_calls_snapshot_only_once(self, app_with_mock_renderer: App) -> None:
… omitted 74 diff line(s) across 1 additional file(s)/section(s)
  ┊ review diff
a//home/zyzs/cyx/zteam/workspace/snake-linux/code/game-app/iter-1/tests/test_game_app/test_app_render_dispatch.py → b//home/zyzs/cyx/zteam/workspace/snake-linux/code/game-app/iter-1/tests/test_game_app/test_app_render_dispatch.py
@@ -30,8 +30,8 @@
 
     def test_menu_calls_draw_menu(self, app_with_mock_renderer: App) -> None:
         """MENU 态 _render 调 menu.draw_menu。"""
-        from game_app import menu as menu_mod
-        with patch.object(menu_mod, "draw_menu") as mock_draw:
+        from game_app import app as app_mod
+        with patch.object(app_mod, "draw_menu") as mock_draw:
             app_with_mock_renderer.screen = AppScreen.MENU
             app_with_mock_renderer._render()
             mock_draw.assert_called_once()
  ┊ review diff
a//home/zyzs/cyx/zteam/workspace/snake-linux/code/game-app/iter-1/tests/test_game_app/test_app_render_dispatch.py → b//home/zyzs/cyx/zteam/workspace/snake-linux/code/game-app/iter-1/tests/test_game_app/test_app_render_dispatch.py
@@ -93,8 +93,8 @@
 
     def test_game_over_calls_draw_game_over(self, app_with_mock_renderer: App) -> None:
         """GAME_OVER 态 _render 调 menu.draw_game_over(surface, fonts, score)。"""
-        from game_app import menu as menu_mod
-        with patch.object(menu_mod, "draw_game_over") as mock_draw:
+        from game_app import app as app_mod
+        with patch.object(app_mod, "draw_game_over") as mock_draw:
             app_with_mock_renderer._tick(1100)
             assert app_with_mock_renderer.screen == AppScreen.GAME_OVER
             app_with_mock_renderer._render()
  ┊ review diff
a/workspace/snake-linux/code/game-app/iter-1/tests/test_game_app/test_app_exit.py → b/workspace/snake-linux/code/game-app/iter-1/tests/test_game_app/test_app_exit.py
@@ -0,0 +1,145 @@
+"""退出主循环 + 错误处理单测（UT 31/32/33/41/42）。
+
+需求：
+- 退出主循环调 Renderer.shutdown（INV-5）→ fake.quit.call_count >= 1
+- 图形环境不可用 → 退出码 2 + shutdown 兜底
+- ConfigError 触发退出码 1
+- 无 _quit() 死代码（R3-7）
+- dispatch 内不写 _running=False
+"""
+from __future__ import annotations
+
+from unittest.mock import MagicMock, patch
+import pytest
+
+from game_app import App, InputAction, AppConfig
+from game_app.errors import AppError, ConfigError, GraphicsUnavailableError
+from game_app.app import main
+from game_app.screens import AppScreen
+
+
+class TestNoQuitMethod:
+    def test_app_has_no_quit_method(self, app: App) -> None:
+        """UT 41：R3-7 删除 _quit() 死代码。"""
+        assert not hasattr(app, "_quit")
+
+
+class TestRendererShutdownOnExit:
+    def test_quit_calls_renderer_shutdown(self, fake_pygame) -> None:
+        """UT 31：退出主循环调 Renderer.shutdown（INV-5）。"""
+        from game_core import Difficulty
+        a = App()
+        a._difficulty = Difficulty.HARD
+        a._init_pygame()
+        # 用真 renderer（在 fake_pygame 下构造）；验证 shutdown 调了 pygame.quit
+        # 注入事件序列：第一帧 QUIT（主循环 break）→ finally shutdown
+        from game_app import app as app_mod
+        fake = app_mod.pygame
+        from .conftest import FakeEvent, _PYGAME_KEYS
+        fake.event.get.return_value = [FakeEvent(_PYGAME_KEYS["QUIT"])]
+
+        rc = a.run()
+        assert rc == 0
+        # fake.quit 应被调（renderer.shutdown 内部调 pygame.quit）
+        assert fake.quit.call_count >= 1
+
+
+class TestGraphicsUnavailableError:
+    def test_graphics_unavailable_exits_with_code_2(self, fake_pygame) -> None:
+        """UT 32：图形环境不可用 → run() 返 2 + stderr 可读消息 + shutdown 兜底。"""
+        from game_core import Difficulty
+        a = App()
+        a._difficulty = Difficulty.HARD
+        # 让 renderer.init 失败
+        from game_app import app as app_mod
+        fake = app_mod.pygame
+        fake.display.set_mode.side_effect = RuntimeError("no display")
+
+        # 捕获 stderr
+        import io
+        import sys
+        old_stderr = sys.stderr
+        captured = io.StringIO()
+        sys.stderr = captured
+        try:
+            rc = a.run()
+        finally:
+            sys.stderr = old_stderr
+
+        assert rc == 2
+        # stderr 应有"无法初始化图形界面"
+        assert "无法初始化图形界面" in captured.getvalue()
+        # fake.quit 应至少调 1 次（退出码 2 路径 shutdown 兜底）
+        assert fake.quit.call_count >= 1
+
+
+class TestConfigError:
+    def test_fps_cap_zero_raises_config_error(self) -> None:
+        """UT 33/4：fps_cap=0 抛 ConfigError。"""
… omitted 67 diff line(s) across 1 additional file(s)/section(s)

session_id: 20260814_041041_9673c3
API call failed after 3 retries: HTTP 429: 已达到 Token Plan 用量上限：请升级 Token Plan 套餐或购买积分补充用量。 (2056)
  ┊ review diff
a//home/zyzs/cyx/zteam/workspace/snake-linux/code/game-app/iter-1/tests/test_game_app/conftest.py → b//home/zyzs/cyx/zteam/workspace/snake-linux/code/game-app/iter-1/tests/test_game_app/conftest.py
@@ -64,6 +64,13 @@
     monkeypatch.setattr(menu_mod, "pygame", fake, raising=False)
     monkeypatch.setattr(app_mod, "pygame", fake, raising=False)
     monkeypatch.setattr(fonts_mod, "pygame", fake, raising=False)
+    # 同步替换 gui_renderer.renderer 内部的 pygame 引用，
+    # 让 Renderer.init()/shutdown()/render() 走 fake（避免真 pygame 副作用）
+    try:
+        import gui_renderer.renderer as gui_renderer_mod
+        monkeypatch.setattr(gui_renderer_mod, "pygame", fake, raising=False)
+    except Exception:
+        pass
     return fake
 
 
  ┊ review diff
a//tmp/hermes-verify-game-app-fo.sh → b//tmp/hermes-verify-game-app-fo.sh
@@ -0,0 +1,54 @@
+#!/usr/bin/env bash
+# hermes-verify-game-app-fo.sh — FO 交付 ad-hoc 验证
+# 范围：conftest.py 改动（fake_pygame 同步 patch gui_renderer.renderer） +
+#      game-app iter-1 全量 UT + release_module 状态迁移审计
+set -euo pipefail
+
+WS=/home/zyzs/cyx/zteam/workspace/snake-linux
+ITER_DIR=$WS/code/game-app/iter-1
+
+echo "==[1/4] conftest.py 改动落地检查 =="
+grep -n "gui_renderer.renderer" "$ITER_DIR/tests/test_game_app/conftest.py" \
+  || { echo "FAIL: 改动未生效"; exit 1; }
+echo "  OK: conftest 已 patch gui_renderer.renderer.pygame"
+
+echo ""
+echo "==[2/4] pytest 全量 =="
+cd "$ITER_DIR"
+python3 -m pytest tests/ -q 2>&1 | tail -8
+# 取出 pass/fail 数字再断言
+RESULT=$(python3 -m pytest tests/ -q 2>&1 | tail -1)
+echo "  RESULT: $RESULT"
+case "$RESULT" in
+  *"132 passed"*) echo "  OK: 132/132 pass" ;;
+  *) echo "  FAIL: $RESULT"; exit 2 ;;
+esac
+
+echo ""
+echo "==[3/4] release_module 状态已置 dev_reviewing =="
+grep -E "MODULE_CODE snake-linux/game-app iter-1 DONE" /home/zyzs/cyx/zteam/workspace/logs/pipeline.log \
+  | tail -1 \
+  || { echo "FAIL: 无 MODULE_CODE DONE 审计行"; exit 3; }
+
+python3 -c "
+import json, sys
+d = json.load(open('$WS/modules.json'))
+for m in d['modules']:
+    if m['name'] == 'game-app':
+        it = m['iterations'][0]
+        print(f\"  iter-1.status = {it['status']}\")
+        print(f\"  iter-1.dev_product = {it['dev_product']}\")
+        assert it['status'] == 'dev_reviewing', it['status']
+        assert it['dev_product'] == 'snake-linux/code/game-app/iter-1/', it['dev_product']
+        print('  OK: status=dev_reviewing + dev_product 正确')
+"
+
+echo ""
+echo "==[4/4] 关键不变量抽查（pygame.quit 调用次数） =="
+# 直跑 test_app_exit 的两个核心用例，确认 conftest 改动真让 fake 生效
+python3 -m pytest tests/test_game_app/test_app_exit.py::TestRendererShutdownOnExit \
+                  tests/test_game_app/test_app_exit.py::TestGraphicsUnavailableError \
+                  tests/test_game_app/test_app_exit.py::TestNoQuitMethod -v 2>&1 | tail -8
+
+echo ""
+echo "== ALL VERIFY PASS =="

session_id: 20260814_073550_820518
FO 完成。

ad-hoc 验证摘要（非 suite green声明，仅一次性核验）：
- conftest.py 改动落地：fake_pygame fixture同步 patch `gui_renderer.renderer.pygame`，让 `Renderer.init()/shutdown()` 走 fake
- pytest132/132 通过（conftest 修复前 `test_quit_calls_renderer_shutdown` 失败，修后全绿）
- release_module 状态：`dev_reviewing`（dev_product=`snake-linux/code/game-app/iter-1/`），pipeline.log 有 `MODULE_CODE DONE` 审计行（07:42:04Z）
- 退出码/不变量抽查3/3 通过（shutdown 调 pygame.quit、graphics unavailable → code 2、_quit 死代码不存在）
