  ┊ review diff
a/workspace/snake-linux/review/design/game-core/iter-2/snake-linux-game-core-design-iter2-r1.md → b/workspace/snake-linux/review/design/game-core/iter-2/snake-linux-game-core-design-iter2-r1.md
@@ -0,0 +1,91 @@
+# 模块设计评审意见：game-core（snake-linux v2.0.0 迭代 2）r1
+
+> SE 评审 · 依据：`design/game-core/设计-iter2-r1.md`（MDE 首发）+ 架构 `arch/v2.0.0/架构设计.md` + `arch/v2.0.0/功能模块分工表.md` + 需求规格 `analysis/snake-gui-r1.md`（approved）+ 迭代 1 已落地代码 `code/game-core/iter-1/`（54 UT 实测全绿）
+> 评审日期：2026-08-14
+
+## 0. 评审结论
+
+- **结论：FAIL**
+- 一句话理由：**P1-1 加速曲线数学不满足 NFR-01「困难档节拍 ≤ 简单档 50%」**——score≥40 时 EASY/HARD 同时钳制到 50ms 下限，比例变 1:1（50 ≤ 25 不成立），设计声明的 INV-10/C2-8 是假断言，UT #23 按设计必红且无法变绿，FO 照 §5.7 TDD 步骤 1 即卡死；若照公式实现则高分局 HARD 与 EASY 同速，违反规格验收。
+- 架构符合性 14 项全部通过（接口/数据流/契约对齐，含 FR-12 暂停语义、FR-13 得分事件、C2-7 零 GUI 边界）；可落地性主体优秀（41 条 UT + 夹具 + TDD 步骤），但受 P1-1 阻塞、P2-C 一处断言不可测、迭代 1 评审遗留 P2-A/P2-B 未闭环影响。
+- 本轮新发现：P1 × 1、P2 × 1；迭代 1 遗留未闭环：P2 × 2、P3 × 2（详见 §3）。
+
+## 1. 架构符合性核对（接口 / 数据流 / 模块间契约）
+
+| 架构契约（设计期定义） | 设计落点 | 结果 |
+|---|---|---|
+| `Difficulty` + 参数表 `base_tick_ms`（250/160/100）+ `speed_curve(score)` | §1.2/§2.1/§2.7：`speed_curve(score, difficulty)` 单一数据源，`base_tick_ms` property 走 `speed_curve(0, self)`（调用方无感，兼容迭代 1） | ✅（曲线数学见 P1-1） |
+| `GameState(width, height, difficulty)` 构造 | §2.4：+`rng/initial_direction/score_callback` 关键字参数，向后兼容 | ✅ |
+| `set_direction`（180° 反向禁止，长度 1 除外） | §2.4/§3.2：长度 ≥2 静默忽略、长度 1 放行；PAUSED 期静默忽略（FR-12） | ✅ |
+| `step()` 每节拍推进（移动/吃食/碰撞/得分） | §2.4/§3.2 分支齐全，判定顺序：撞墙→撞自身→吃食→移动；PAUSED/OVER 抛 InvalidStateError | ✅ |
+| `toggle_pause()`（暂停定格，暂停期方向输入不生效） | §2.4/§3.5：RUN↔PAUSED 翻转、OVER 抛错、INV-9 字段冻结、INV-8 恢复清 pending；语义与 FR-12 验收逐条对齐（画面定格/节拍停止/恢复后蛇位得分长度不变） | ✅ |
+| `snapshot()` 只读快照 + `tick_ms` | §2.4/§2.5：`tick_ms` 改走 `speed_curve(score, difficulty)`（字段名/类型不变，非破坏性变更，renderer/app 按 snapshot.tick_ms 定时） | ✅ |
+| `status`（run/paused/over） | §1.1 GameStatus 三态，迭代 2 全部启用 | ✅ |
+| `on_score(score)` 事件（供 app 接最高分判定） | §2.4/§3.2：`set_score_callback(cb)` 注册制，step 吃食触发一次、异常不捕获、core 不持有 storage 引用；与架构「app 接 platform-storage 持久化」契约一致 | ✅ |
+| 数据流：输入 → core → snapshot → renderer 只读；得分 → storage | §数据传递方式 + §3.7-5/6：不可变快照、renderer 只读、core 不读写盘 | ✅ |
+| 零 GUI 依赖（NFR-05） | §3.7 import 约束仅标准库（enum/dataclasses/random/typing）；C2-7 明确 core 不知窗口/焦点，app 监听 WINDOWFOCUSLOST 调 toggle_pause | ✅ |
+| 语法兼容 Python 3.8 | 全文档 typing.Optional/Tuple/Dict/Callable，禁用 PEP 604 / 内置泛型；§3.1 明示 | ✅ |
+| 玩法规则与 v1.0.0 一致 | §3.2 撞自身判定与迭代 1（已验 v1 等价）一致；§未变更清单沿用 | ✅ |
+| 难度游戏中不可切换（FR-05） | 构造固化 difficulty，无运行中切换接口；附录 A 明确「开新局」语义不预留切换 | ✅ |
+| 不做计时/不渲染/不读盘写盘 | §3.7-4/5/6 | ✅ |
+
+**数据流一致性**：`输入 → set_direction/step/toggle_pause → snapshot → renderer` 与架构数据流图一致；得分事件经回调接 storage 的路径与架构「──得分事件──▶ platform-storage.save(最高分)」一致 ✅。
+
+## 2. 可落地性（FO 可否据其 TDD）
+
+- **迭代 1 基线健康**：`code/game-core/iter-1/` 54 UT 实测全绿（0.010s）；frozen dataclass + `dataclasses.replace` 模式与迭代 2 设计兼容（新增 `_score_callback` 字段在 replace 路径自动保留，行为正确）。
+- **UT 框架完备**：迭代 1 基线 21 条 + 迭代 2 增量 14 条（#22~41）覆盖 speed_curve 参数化 / pause 全分支 / on_score 回调 / 暂停期方向忽略；覆盖率目标（行 95%、state.py 与 params.py 100%、分支 92%）；夹具 `_GameCoreBase` + `make_small_state(5×5)` 穷举手段；§5.7 八步 RED-GREEN-REFACTOR 顺序合理。
+- **接口签名/语义/异常完整**：§2.1~2.7 公开 API 含签名与 docstring 语义；§4.6 错误矩阵较迭代 1 扩展 5 行；§3.6 迭代差异表 FO 实现须知清晰。
+- **受阻点**：① **P1-1 使 UT #23 必红无法变绿**（§5.7 步骤 1 即卡死）——阻塞；② P2-C 使 UT #39 断言不可观察；③ 迭代 1 遗留 P2-A（INV-5 矛盾）/P2-B（长度 1 构造途径未说明）仍未闭环；④ §3.6 差异表「暂停期 set_direction：静默忽略」与迭代 1 已落地行为（OVER 才抛）的迁移影响未提示 FO 需同步改既有 test_state_set_direction.py 的 OVER 断言以外的用例——属增量，低风险。
+
+## 3. 问题清单
+
+### P1（阻塞，必须修订后复评）
+
+**P1-1 加速曲线数学不满足 NFR-01 50% 约束（INV-10 / C2-8 / UT #23 为假断言）**
+
+- 设计公式：`tick_ms = max(50, base - k*score)`，EASY(250,4) / MEDIUM(160,4) / HARD(100,3)，全局下限 MIN_TICK_MS=50。
+- 实测（按设计公式计算）：
+  - score=30：EASY=130, HARD=50 → 50 ≤ 65 ✅
+  - score=40：EASY=90, HARD=50 → **50 ≤ 45 ❌**
+  - score=50：EASY=50, HARD=50 → **50 ≤ 25 ❌**
+  - score=100：EASY=50, HARD=50 → **50 ≤ 25 ❌**
+- 根因：EASY 与 HARD 共用同一全局下限 50，EASY 先触下限（score=50）后与 HARD 同为 50ms，比例恒为 1:1，50% 约束在 score ≥ 40（EASY 降到 100 以下、HARD 已钳制 50）即被破坏。
+- 影响：a) **UT #23**（`score in [0,100]` 断言 `speed_curve(score, HARD) <= speed_curve(score, EASY) * 0.5`）必红且按设计公式永远无法变绿——FO 照 §5.7 步骤 1「写 test_speed_curve.py → 绿」直接卡死（除非擅自改断言，破坏 TDD 纪律）；b) 若照公式实现，高分局（score ≥ 40，约 40+ 分）HARD 与 EASY 同速，违反规格 NFR-01 验收「困难档节拍 ≤ 简单档节拍的 50%」；c) INV-10 与 C2-8 声称「任意 score 成立」为假，作为 FO 实现与 UT 断言依据不可信。
+- 修改点建议（MDE 择一）：
+  1. **三档独立下限**（推荐）：EASY 下限 100 / MEDIUM 下限 80 / HARD 下限 50。验证：EASY 触底 100、HARD 触底 50 → 50 ≤ 100×0.5 = 50 ✅ 边界成立；任意 score 满足 50% 约束且各档速度仍有区分度（100/80/50）。需同步修订 §1.2 公式与注释、INV-10、C2-8、UT #25（钳制断言）、§4.5 表格；
+  2. **50% 约束限定未触下限区间**：文档明示「下限区 1:1 持平，50% 验收以未触下限区（score<40）为准」，但规格验收字面不满足，需用户在规格层确认后方可采纳；
+  3. 其他满足 `HARD ≤ EASY×0.5` 恒成立的曲线族（如 HARD 下限 ≤ EASY 下限×0.5）。
+
+### P2（应修订，不阻塞复评 PASS 但建议 code 前修订）
+
+**P2-A（迭代 1 遗留，未闭环）INV-5 与「长度 1 反向特例」仍自相矛盾**
+- §1.4 INV-5 原文照旧：「`pending_direction` 若非 None，则与 `direction` 非 opposite（受理时校验）」；但 §2.4/§3.2 保留长度 1 允许反向生效。迭代 1 评审 P2-A 已指出，迭代 2 未修订。
+- 修改点：INV-5 改为「`pending_direction` 若非 None 且蛇长 ≥ 2，则与 `direction` 非 opposite；长度 1 特例除外（§2.4）」；同步 §5.3 断言规范说明特例。
+
+**P2-B（迭代 1 遗留，未闭环）长度 1 状态无公开构造途径，文档未说明**
+- §5.2 夹具（default_state 3 节 / make_small_state 5×5）均无法构造长度 1；§5.4 #9b、#34、#35 依赖该状态。迭代 1 代码已实际解决：`dataclasses.replace(s, snake=Snake((Point(x,y),)), ...)` 直接替换（`test_state_reversal_block.py` 有先例，实测可用），但迭代 2 设计未在 §5.2 提供 `make_len1_state()` 夹具说明。
+- 修改点：§5.2 补 `make_len1_state` 夹具（注明经 dataclasses.replace 构造，供特例 UT 专用），避免 FO 重蹈「发明私有 hack」的停顿。
+
+**P2-C（新）回调异常时「状态字段已正确更新」不可观察，UT #39 无法按描述落地**
+- §3.2 step 伪代码：`new_state = self.copy(...)` → `self._score_callback(new_score)`（异常不捕获）。回调抛异常时 step 向外抛，**new_state 不可达**——调用方（app 或 UT）拿不到「已正确更新」的新状态；而迭代 1 已实现的 GameState 是 frozen dataclass（self 永不改变），旧 state 也不含新 score。
+- 因此 §4.6 错误矩阵「状态字段已正确更新（callable 抛错前 copy() 已完成）」与 UT #39「状态字段已正确更新（step 返回前的 new_state 已含新 score）」**均无法从外部断言**——FO 写 UT #39 会卡住。
+- 修改点：a) 文档明示异常语义：**本 tick 的状态更新随异常一起丢失**（new_state 未交付），app 捕获回调异常后的正确处置是「本 tick 不推进」或「重开对局」，不得用旧 state 继续 step（否则蛇卡原位、下一 tick 重复吃同一食物、反复触发同一失败回调）；b) UT #39 断言改为「step() 抛 RuntimeError + 旧 state 快照未被污染（纯函数性质：`before == state.snapshot()`）」；c) 若坚持「更新可达」，需改变回调触发位置（如回调失败仍返回 new_state 的错误包装），但不建议过度设计——纯函数语义下方案 a/b 最自洽。
+
+### P3（建议，顺手修订）
+
+- **P3-A（迭代 1 遗留）** §3.5 状态机图首「NEW ──▶ OVER」的 NEW 未定义，应为「RUN(初始)」（迭代 1 评审 P3-A 已指出，未改）。
+- **P3-C（迭代 1 遗留）** §5.4 UT #10「set_direction(同方向) 返回值与 self.snapshot 相等」——GameState 与 Snapshot 字面不可比，应为「`after.snapshot() == before.snapshot()`」（迭代 1 评审 P3-C 已指出，未改）。
… omitted 13 diff line(s) across 1 additional file(s)/section(s)

session_id: 20260814_020016_e84414
完成。评审结论 **FAIL**，状态已上报（pipeline.log：`MODULE_DESIGN snake-linux/game-core iter-2 FAIL -> design_working`）。

一句话结论：架构符合性 14/14 通过，但加速曲线公式有硬伤——EASY/HARD 共用 50ms 下限，score≥40 后比例变 1:1（50 ≤ 25 不成立），违反 NFR-01「困难 ≤ 简单 50%」，设计声明的 INV-10/UT #23 是假断言，FO 照 TDD 必卡死。

意见文件：/home/zyzs/cyx/zteam/workspace/snake-linux/review/design/game-core/iter-2/snake-linux-game-core-design-iter2-r1.md

关键点：
- P1-1（阻塞）：建议三档独立下限（EASY 100 / MEDIUM 80 / HARD 50），边界 50 ≤ 100×0.5 成立
- P2-C（新）：回调抛异常时 new_state 不可达，「状态已更新」断言无法从外部观察，UT #39 需改断言
- 迭代 1 遗留未闭环：P2-A（INV-5 矛盾）、P2-B（长度 1 构造途径）、P3-A/C 均未修订
- 已核对迭代 1 落地代码：frozen dataclass + replace 模式与迭代 2 兼容，54 UT 全绿，基线健康
  ┊ review diff
a/workspace/snake-linux/review/design/game-core/iter-2/snake-linux-game-core-design-iter2-r2.md → b/workspace/snake-linux/review/design/game-core/iter-2/snake-linux-game-core-design-iter2-r2.md
@@ -0,0 +1,77 @@
+# 模块设计评审意见：game-core（snake-linux v2.0.0 迭代 2）r2 复评
+
+> SE 复评 · 依据：`design/game-core/设计-iter2-r2.md`（MDE r2 修订版）+ 架构 `arch/v2.0.0/架构设计.md` + `arch/v2.0.0/功能模块分工表.md` + 需求规格 `analysis/snake-gui-r1.md`（approved）+ 上轮评审 `review/design/game-core/iter-2/snake-linux-game-core-design-iter2-r1.md`（FAIL）+ 迭代 1 已落地代码 `code/game-core/iter-1/`
+> 评审日期：2026-08-14
+
+## 0. 评审结论
+
+- **结论：PASS**
+- 一句话理由：**r1 阻塞项 P1-1（加速曲线数学违反 NFR-01）已闭环**——三档独立下限（EASY 100 / MEDIUM 80 / HARD 50）+ 公式 `max(MIN_TICK_MS[d], base - k*score)`，经代码实测 `s ∈ [0, 2000]` 全区间 `HARD ≤ EASY×0.5` 恒成立、三档均单调不增，UT #23/#24/#25 可绿；r1 全部 P2×3、P3×7 修订到位。本轮仅发现 P2×1（§4.5 一处残留矛盾表述）+ P3×3（文档一致性），均不阻塞。
+- 架构符合性 14 项全部通过（与 r1 一致，逐项复核无回退）；可落地性：41 条 UT + 夹具 + 8 步 TDD 顺序可执行，FO 照 §5.7 无卡点。
+
+## 1. 架构符合性核对（接口 / 数据流 / 模块间契约）——复评
+
+| 架构契约（设计期定义） | r2 落点 | 结果 |
+|---|---|---|
+| `Difficulty` + 参数表 `base_tick_ms`（250/160/100）+ `speed_curve(score)` | §1.2/§2.1/§2.7：`speed_curve(score, difficulty)` 单一数据源，`base_tick_ms` property 走 `speed_curve(0, self)`，调用方无感；`Snapshot.tick_ms` 同源 | ✅ |
+| `GameState(width, height, difficulty)` 构造 | §2.4：+`rng/initial_direction/score_callback` 关键字参数，向后兼容迭代 1 | ✅ |
+| `set_direction`（180° 反向禁止，长度 1 除外） | §2.4/§3.2：长度 ≥2 静默忽略、长度 1 放行、PAUSED 期静默忽略（FR-12） | ✅ |
+| `step()` 每节拍推进（移动/吃食/碰撞/得分） | §2.4/§3.2 分支齐全；PAUSED/OVER 抛 InvalidStateError | ✅ |
+| `toggle_pause()`（暂停定格，暂停期方向输入不生效） | §2.4/§3.5：RUN↔PAUSED、OVER 抛错、INV-8 恢复清 pending、INV-9 字段冻结；与 FR-12 验收逐条对齐 | ✅ |
+| `snapshot()` 只读快照 + `tick_ms` | §2.4/§2.5：`tick_ms = speed_curve(score, difficulty)`，字段名/类型不变，非破坏性 | ✅ |
+| `status`（run/paused/over） | §1.1 GameStatus 三态全启用 | ✅ |
+| `on_score(score)` 事件（供 app 接最高分判定） | §2.4/§3.2：`set_score_callback(cb)` 注册制、吃食触发一次、异常不捕获、core 不持有 storage 引用 | ✅ |
+| 数据流：输入 → core → snapshot → renderer 只读；得分 → storage | §数据传递方式 + §3.7：不可变快照、renderer 只读、core 不读写盘 | ✅ |
+| 零 GUI 依赖（NFR-05） | §3.7 import 约束仅标准库；C2-7 core 不知窗口/焦点，app 监听 WINDOWFOCUSLOST | ✅ |
+| 语法兼容 Python 3.8 | 全文档 typing.Optional/Tuple/Dict/Callable，禁用 PEP 604 / 内置泛型 | ✅ |
+| 玩法规则与 v1.0.0 一致 | §3.2 撞自身判定与迭代 1（已验 v1 等价）一致 | ✅ |
+| 难度游戏中不可切换（FR-05） | 构造固化 difficulty，无运行中切换接口；附录 A 明确「开新局」语义 | ✅ |
+| 不做计时/不渲染/不读盘写盘 | §3.7-4/5/6 | ✅ |
+
+**数据流一致性**：与架构数据流图（输入 → set_direction/step/toggle_pause → snapshot → renderer；得分事件 → platform-storage.save）一致 ✅。
+
+## 2. r1 评审意见闭环核对
+
+| r1 意见 | 级别 | r2 修订落点 | 闭环验证 |
+|---|---|---|---|
+| **P1-1** 加速曲线数学违反 NFR-01 50% 约束 | 阻塞 | §1.2 公式 + `MIN_TICK_MS: Dict[Difficulty,int]` 三档独立下限（100/80/50）+ INV-10/C2-8/UT #23~25/§4.5 同步修订 | ✅ **实测闭环**：`s∈[0,2000]` 全区间 HARD ≤ EASY×0.5 恒成立、三档单调不增；边界 s=37（EASY=102,HARD=50，50≤51）与 s=38（EASY 触底 100,HARD=50，50≤50）衔接正确；score=0 三档 250/160/100 |
+| **P2-A** INV-5 与长度 1 反向特例矛盾 | 应修订 | §1.4 INV-5 改为「若非 None **且蛇长 ≥2** 则非 opposite；长度 1 特例除外」 | ✅ |
+| **P2-B** 长度 1 状态无公开构造途径 | 应修订 | §5.2 新增 `make_len1_state()` 夹具（dataclasses.replace 替换 Snake，注明迭代 1 先例） | ✅ |
+| **P2-C** 回调异常时「状态已更新」不可观察 | 应修订 | §3.7#9 明示 new_state 随异常丢失、调用方拿不到、旧 state 未推进；§4.6 错误矩阵同步；UT #39 改为断言 `before == state.snapshot()`（旧 state 未污染） | ✅（§4.5 一处残留见下 P2-2） |
+| **P3-A** 状态机图 NEW 未定义 | 建议 | §3.5 改为 `RUN(初始) ──▶ OVER` | ✅ |
+| **P3-C** UT #10 比较类型错误 | 建议 | §5.4 #10 改为 `after.snapshot() == before.snapshot()` | ✅ |
+| **P3-D** §2.1 示例与 §3.1 导入时序冲突 | 建议 | §3.7#8 注明 params 后导入 + 运行时 property 绑定模式（迭代 1 已落地），禁止 types 内 from .params | ✅（实测迭代 1 `__init__.py` 正是此模式） |
+| **P3-E** `_score_callback` frozen 字段实现注意 | 建议 | §3.7#10 注明 `field(repr=False, compare=False)`、`__init__` allowed 集合、`_build_initial` 补字段 | ✅（实测迭代 1 `_build_initial` dict 结构属实） |
+| **P3-F** NFR-01 默认节拍 ≤200ms 与简单档 250ms 歧义 | 建议 | §4.1 注明「默认节拍」= 普通档 160ms ≤ 200ms；简单档 250ms 为独立档位 | ✅ |
+| **P3-G** DirectionError 删除需明确迁移 | 建议 | §3.1 注明同步从 errors.py 与 __init__.py 删除定义与 re-export | ✅（实测迭代 1 两处均定义/re-export 属实） |
+
+## 3. 可落地性（FO 可否据其 TDD）
+
+- **UT 框架完备可执行**：迭代 1 基线 #1~21 + 迭代 2 增量 #22~41 共 41 条；§5.7 八步 RED-GREEN-REFACTOR 顺序合理（先 speed_curve → pause → INV-8 → callback → snapshot.tick_ms），步骤 1 已验证可绿（见 P1-1 闭环）；夹具 `_GameCoreBase` / `make_small_state(5×5)` / `make_len1_state()` 齐备。
+- **接口签名/语义/异常完整**：§2.1~2.7 公开 API 含签名与 docstring；§4.6 错误矩阵 13 行覆盖全分支；§3.6 迭代差异表、§3.7 十条实现注意点（含 r2 修订的导入时序、frozen 字段、pure-function 语义）清晰。
+- **与迭代 1 代码兼容性确认**（实测 `code/game-core/iter-1/`）：frozen dataclass + `dataclasses.replace` 模式与新增 `_score_callback` 字段兼容（replace 自动保留）；`spawn_food` 模块级函数、params 后导入模式与设计 §3.1/§3.7 一致。
+- **无阻塞点**。
+
+## 4. 本轮新发现（不阻塞 PASS）
+
+### P2（应修订，建议 code 前顺手改）
+
+**P2-2 §4.5 鲁棒性表「得分回调内抛异常」行仍残留 r1 旧表述，与 §3.7#9/§4.6 矛盾**
+
+- §4.5 表格行原文：「core 不捕获，异常向外抛；**状态字段已正确更新为新 GameState**」——这是 r1 P2-C 指出的「不可观察」旧表述；§3.7#9 与 §4.6 已改为「new_state 随异常一起丢失、调用方拿不到、旧 state 未推进」。
+- 影响：FO 若只读 §4.5 会误以为回调异常后能拿到已更新的新状态；与 §4.6/§3.7#9 权威表述冲突。
+- 修改点：§4.5 该行改为「异常向外抛；本 tick 的 new_state 不交付、调用方拿不到（pure-function 语义）；旧 state 未污染」（与 §4.6 对齐）。
+
+### P3（建议，顺手修订）
+
+- **P3-2** §1.4 INV-10 表述「持平**当下限 50**」为 r1 全局下限残留——r2 已改三档独立下限（100/80/50），应改为「持平该档位下限」。
+- **P3-3** 增量用例条数口径不一：修订摘要 C2-6 称「~14 个用例」、但 §5.4 #22~41 实为 **20 条**（且「21 → 41」自洽为 20）；建议统一为 20。
+- **P3-4** §3.6 差异表列头「迭代 2 r1」但内容含 r2 修订（如下限 per-difficulty 100/80/50 是 r2 新增）；建议列头改为「迭代 2 r2」。
+
+## 5. 结论与后续
+
+- **PASS**。r1 阻塞项 P1-1 数学验证闭环（实测全区间满足 NFR-01 50% 约束与单调性），P2-A/B/C、P3-A~G 全部修订到位；架构符合性 14/14 无回退。
+- 后续要求：
+  1. P2-2 与 P3-2~4 为文档一致性微调，建议 FO code 前由 MDE 顺手修订（不阻塞本 PASS）；
+  2. code 阶段（FO TDD）以本设计为基线；代码检视时重点复核：speed_curve 三档参数与 UT #22~25、toggle_pause 的 INV-8/9、回调异常 pure-function 语义（UT #39）；
+  3. 本意见归档于 `review/design/game-core/iter-2/`。

session_id: 20260814_022029_72afe7
评审完成，状态已流转：

- 结论：**PASS**（r1 阻塞项 P1-1 加速曲线数学已实测闭环：三档独立下限 100/80/50，s∈[0,2000] 全区间 HARD ≤ EASY×0.5 恒成立）
- 意见：snake-linux/review/design/game-core/iter-2/snake-linux-game-core-design-iter2-r2.md（附 P2×1 + P3×3 文档一致性微调，不阻塞）
- 状态：`MODULE_DESIGN game-core iter-2 PASS -> dev_working`，迭代 2 进入 FO TDD
