  ┊ review diff
a/workspace/snake-linux/review/code/gui-renderer/iter-3/snake-linux-gui-renderer-code-iter3-r1.md → b/workspace/snake-linux/review/code/gui-renderer/iter-3/snake-linux-gui-renderer-code-iter3-r1.md
@@ -0,0 +1,200 @@
+# 代码检视意见：gui-renderer（snake-linux v2.0.0 迭代 3）r1
+
+> MDE 检视（模块内实现视角）· 依据：模块设计 `snake-linux/design/gui-renderer/设计-r3.md` + 设计评审 `snake-linux/review/design/gui-renderer/iter-3/snake-linux-gui-renderer-design-iter3-r2.md`（PASS，已按其 P1-1 / P1-2 / P2-1 / P2-2 / P3-1 / P3-2 全部修订）+ 架构 `snake-linux/arch/v2.0.0/架构设计.md` + 需求规格 `snake-linux/analysis/snake-gui-r1.md`
+> 检视日期：2026-08-14
+
+## 0. 检视结论
+
+- **结论：PASS**
+- 一句话理由：实现与设计 §3.1/§4（接口/数据结构/绘制流程/帧率采样/鲁棒性矩阵）逐字段一致；99 条 UT 全绿（≥设计 §7.6 要求 51 条新增 + 39 条迭代 1 = 90 条）；fake_pygame headless 桩方案生效；迭代 1 既有 2 个 HUD UT（font.render==5、OVER hud_accent）零修改通过；FO 严格落实 SE 评审第二轮 6 条修订（P1-1/P1-2/P2-1/P2-2/P3-1/P3-2）。
+- 发现 1 项 P3 文档残留建议（非阻塞，对代码功能无影响）；0 项阻塞级问题；0 项需修复级问题。
+
+## 1. 检视范围
+
+```
+workspace/snake-linux/code/gui-renderer/iter-3/
+├── gui_renderer/
+│   ├── __init__.py            (67 行)  增量导出 InterpolationState / DARK_SKIN / COLORBLIND_FRIENDLY_SKIN / SKIN_REGISTRY / CELL_SIZE_MIN / MIN_PLAYABLE_W / MIN_PLAYABLE_H
+│   ├── types.py               (124 行) Skin 增量 3 字段（cell_gap/food_pattern/snake_pattern）+ InterpolationState（修订 P2-2：InterpolatedCell 已删）
+│   ├── constants.py           (122 行) DARK_SKIN + COLORBLIND_FRIENDLY_SKIN + SKIN_REGISTRY + CELL_SIZE_MIN + MIN_PLAYABLE_W/H
+│   ├── errors.py              (35 行)  SkinNotFoundError 实装结构化构造 (name, available)（修订 P3-1）
+│   └── renderer.py            (496 行) Renderer 增量：enable_high_dpi / render(*, interp=None) / set_skin / handle_resize / skin_names / current_skin_name / _draw_food 按 pattern 分发 / _draw_hud 同色描边 10 blit + 5 render
+├── tests/
+│   ├── conftest.py            (321 行，fake_pygame 单例共享）
+│   ├── test_types.py          (16 用例)
+│   ├── test_constants.py      (17 用例)
+│   ├── test_skin_registry.py  (7 用例)
+│   ├── test_renderer_init.py  (18 用例)
+│   ├── test_renderer_render.py (21 用例)
+│   ├── test_renderer_skin.py  (5 用例)
+│   └── test_renderer_resize.py (8 用例)
+└── README.md                  (49 行)
+
+合计 99 测试用例（迭代 1 既有 ~35 条 + 迭代 3 增量 ~64 条；超过设计 §7.6 必含 51 条目标）。
+```
+
+实测 pytest：`99 passed, 1 warning in 0.29s`（warning 为 pygame pkgdata 弃用提示，非本模块代码问题）。
+
+## 2. 检视清单 4 项核对
+
+### 清单 1 — 实现与模块设计一致（数据结构/接口/流程）
+
+| 设计条款 | 实装位置 | 结果 |
+|---|---|---|
+| §3.1 `Renderer(window_size, *, skin=None, vsync=True, cell_size, grid_cols, grid_rows, enable_high_dpi=True)` 签名（迭代 3 新增 enable_high_dpi） | `renderer.py:118-128` | ✅ 与设计签名逐字一致 |
+| §3.1 `set_skin(name)` 查 SKIN_REGISTRY；不在 → SkinNotFoundError(name, available) | `renderer.py:241-251` | ✅ 关键字实参 `SkinNotFoundError(name=name, available=...)`，与 errors.py 签名兼容 |
+| §3.1 `handle_resize(w, h)` 重算 cell_size + set_mode | `renderer.py:255-299` | ✅ 最小尺寸校验、保留 SCALED 标志 (`self._flags`)、字体按比例缩放 |
+| §3.1 `render(snapshot, hud, *, interp=None)`；None 时按 alpha=1.0 渲染（向后兼容） | `renderer.py:303-372` | ✅ interp=None 时不进 prev_body 分支，`alpha=1.0` 默认；`test_render_with_interp_none_behaves_like_iter1` 验证 |
+| §3.1 `skin_names()` + `current_skin_name` 属性 | `renderer.py:199-201` / `194-197` | ✅ tuple(SKIN_REGISTRY.keys()) + self._skin.name |
+| §1.2 Skin 增量字段 cell_gap / food_pattern / snake_pattern（全部 default 兼容迭代 1） | `types.py:55-57` + `constants.py:47-58` | ✅ DEFAULT_SKIN 字面量构造仍合法；`test_skin_new_fields_have_defaults_compat_with_iter1` 通过 |
+| §1.2 修订 P2-1：hud_shadow 字段已删除（无消费点） | `types.py:54-57` + `test_types.py:146-159` `test_skin_does_not_have_hud_shadow_field` | ✅ 代码与 §11 修订追溯表一致；设计文档内部残留（见 §5 P3） |
+| §1.3 SKIN_REGISTRY 三套 | `constants.py:93-97` | ✅ `classic` / `dark` / `colorblind_friendly`；`test_skin_registry_*` 三套 is 引用 + 颜色 in range |
+| §1.5 InterpolationState 字段 alpha / prev_snake_body / prev_food=None | `types.py:101-114` | ✅ frozen，prev_food 默认 None；`test_interpolationstate_prev_food_optional_default_none` 通过 |
+| §4.3 三个皮肤常量值（dark/cb）+ cell_gap/food_pattern/snake_pattern | `constants.py:60-90` | ✅ 与设计 §4.3 字段值完全一致；test_constants 三套皮肤断言通过 |
+| §4.4 _interpolate_position / _grid_distance 工具函数；prev_food=None 或距离>1 跳过食物插值 | `renderer.py:45-56` / 食物分支 `renderer.py:359-365` | ✅ `_grid_distance` Chebyshev 距离；兜底语义已在 `test_render_food_distance_gt_1_skips_interp` 覆盖 |
+| §4.4 HUD 5 段 font.render（仍 5 次）+ 偏移 blit + 主版 blit = 10 blit | `renderer.py:421-471` | ✅ `test_render_hud_blit_count_is_10` + `test_render_hud_calls_font_render_5_times` 双断言 |
+| §4.4 _draw_food 按 food_pattern 分发（solid 2 / ringed 3 / checkered 5 rects） | `renderer.py:374-419` | ✅ 三个 pattern 测试（`test_render_food_pattern_*_uses_*_rects`） |
+| §3.2 模块导出：Renderer / Skin / HudData / FpsMetric / InterpolationState / Rect / Color / SkinNotFoundError / RenderError + 各常量 | `__init__.py:6-67` | ✅ `__all__` 与设计 §3.3 公开 API 清单 1:1 对应（修订 P2-2：InterpolatedCell 不导出） |
+| §5.5 鲁棒性矩阵 13 行 | `renderer.py` 全部场景有具体 raise | ✅ 见 §3 详表 |
+| §5.7 不 import socket/urllib/http/requests | `renderer.py` / `types.py` 仅 stdlib + pygame + 同包 | ✅ |
+| §1.4 修订 P2-2：Rect 仅保留 1 个消费点（HUD 背景框）声称，撤回"插值子区域裁剪" | 代码未引 Rect 实例化 | ✅ 设计自检一致（代码内 Rect 仅 re-export，无运行时消费） |
+| §3.1 修订 P3-2：render 未 init 抛 RenderError（替代迭代 1 assert） | `renderer.py:326-327` | ✅ `test_render_without_init_raises` 通过 |
+| §4.7 enable_high_dpi=True → flags |= pygame.SCALED（pygame 1.x 降级 flags=0） | `renderer.py:217-219` | ✅ `getattr(pygame, "SCALED", 0)` + fake_pygame 已提供 SCALED |
+
+**清单 1 结论：PASS**（与设计逐字段对齐，18 条关键条款全绿）
+
+### 清单 2 — 实现细节质量（边界/异常/资源释放）
+
+| 失败场景 | 处理位置 | 设计条款 | 结果 |
+|---|---|---|---|
+| set_skin 名称不在注册表 | `renderer.py:247-248` 抛 `SkinNotFoundError(name=name, available=SKIN_REGISTRY.keys())` | §5.5 | ✅ 结构化字段；`test_set_skin_unknown_raises_skin_not_found` 通过（断言 e.name/e.available 长度=3） |
+| handle_resize 尺寸 < MIN_PLAYABLE_W/H | `renderer.py:274-279` 抛 RenderError（任一维度即抛） | §5.5 | ✅ `test_handle_resize_below_min_raises_render_error` 三组断言（100×100 / 减一宽度 / 减一高度） |
+| handle_resize (0, 0) / 负数 | `renderer.py:270-271` 类型/正整数校验 | §5.5 | ✅ `test_handle_resize_zero_size_raises_render_error` + `test_handle_resize_negative_raises_render_error` |
+| handle_resize 未 init | `renderer.py:267-268` 抛 RenderError | §5.5 | ✅ `test_handle_resize_without_init_raises` |
+| 皮肤 RGB 越界 ([0,255]) | `renderer.py:75-78` 校验 8 个 Color 字段每个通道 | §5.5 | ✅ `test_renderer_rejects_color_out_of_range` (300) + `test_renderer_rejects_negative_color` (-1) |
+| skin cell_gap / food_pattern / snake_pattern 非法 | `renderer.py:80-91` | §5.5 | ✅ 校验 cell_gap∈[0,10]、food_pattern 三值、snake_pattern 两值；防御分支 `_draw_food` fallback |
+| render 未 init | `renderer.py:326-327` 抛 RenderError（修订 P3-2） | §5.5 + §4.4 | ✅ `test_render_without_init_raises` |
+| render snapshot=None / snake_body 空 | `renderer.py:328-331` | §5.5 + §4.4 | ✅ `test_render_rejects_none_snapshot` + `test_render_rejects_empty_snake_body` |
+| interp alpha 越界 [0,1] | `renderer.py:344` `max(0.0, min(1.0, interp.alpha))` clip | §5.5 | ✅ 无崩溃路径；降级到边界值 |
… omitted 122 diff line(s) across 1 additional file(s)/section(s)

session_id: 20260814_074552_db6ae1
状态机迁移成功：`dev_reviewing → it_working`（检视 PASS → 进入 MTO IT 阶段）。产物落盘 + 状态推进 + 审计日志（pipeline.log 路径是全局的，归属 `workspace/logs/pipeline.log`），一切三件套满足。

工作完成：
- 检视意见 `snake-linux/review/code/gui-renderer/iter-3/snake-linux-gui-renderer-code-iter3-r1.md`（PASS）
- statectl 推进 `dev_reviewing → it_working`
- 无汇报（按任务约定）
