  ┊ review diff
a/workspace/snake-linux/review/design/platform-storage/iter-2/snake-linux-platform-storage-it2-design-r1.md → b/workspace/snake-linux/review/design/platform-storage/iter-2/snake-linux-platform-storage-it2-design-r1.md
@@ -0,0 +1,73 @@
+# 功能模块设计评审意见：platform-storage（snake-linux v2.0.0 迭代 2）r1
+
+> SE 评审 · 依据：模块设计 `snake-linux/design/platform-storage/r1.md` + 架构设计 `snake-linux/arch/v2.0.0/架构设计.md` + 功能模块分工表 + 需求规格 `snake-linux/analysis/snake-gui-r1.md`（approved）
+> 评审日期：2026-08-14
+
+## 0. 评审结论
+
+- **结论：FAIL**
+- 一句话理由：设计整体遵循架构（模块定位/依赖/接口/数据流/技术选型全部一致），UT 框架详实（27 用例 + 桩/断言规范）具备 TDD 基础，但存在 **3 处设计文档内部矛盾**（RLock 声明 vs 流程/用例、schema_version 校验承诺 vs load 流程、__init__ 行为定义缺失），直接导致 FO 按文档 TDD 时行为歧义；均属文档级小修，MDE 修订后重新 DONE 即可过。
+
+## 1. 架构遵循性核对
+
+| 核对项 | 架构要求 | 设计落实 | 结果 |
+|--------|----------|----------|:----:|
+| 模块定位 | 中间件、无依赖（叶子） | §0 中间件/依赖无/被 game-app 依赖 | ✅ |
+| 迭代排期 | 迭代 2 首发 | §0 迭代 2（首发）；modules.json n=2 design_reviewing | ✅ |
+| 接口 | `get_user_data_dir()`（三平台目录+应用子目录）；`HighScoreStore(path)`: load/save(原子写)/reset | §3.1/§3.2 签名与语义完全对应（含 path 属性扩展，兼容） | ✅ |
+| 数据流 | core 得分事件 → app → storage.save（同步） | §2 同步函数返回值传递，无反向依赖 | ✅ |
+| 技术选型 | 标准库 JSON + 原子写（tmp + os.replace）；三平台目录 %APPDATA% / ~/Library/Application Support / ~/.local/share | §4.2 原子写流程（tmp→fsync→os.replace）；§4.5 三平台路径 | ✅ |
+| 零第三方依赖 | core/storage 不 import 第三方库 | §5.5 NFR-06 无网络 import 检查；资源评估"纯标准库" | ✅ |
+| Python 3.8 兼容 | 语法兼容 3.8 | unlink missing_ok 用 try/except 规避（§4.4） | ✅ |
+
+接口清单与架构"设计期定义接口"要求一致，无接口级偏差。
+
+## 2. 需求覆盖核对（模块承载子集）
+
+| 需求 | 设计落点 | 结果 |
+|------|----------|:----:|
+| FR-13 最高分持久化（重启保留/重置/异常退出不损坏） | HighScoreStore load/save/reset + 原子写 + 损坏备份恢复（§3.2/§4.2~4.4） | ✅ |
+| NFR-06 无网络行为 | §5.5 不 import socket/urllib/http + 数据最小化 | ✅ |
+| NFR-07 便携式不写系统目录 | 用户数据目录（§1.1） | ✅ |
+| §0 规格引用 | 写"FR-14（用户数据目录，不写安装路径）" | ⚠️ 引用错误，见 P4 |
+
+## 3. 可落地性评估（FO TDD 依据）
+
+- ✅ UT 框架完备：测试目录/文件划分（test_paths 7 例、test_highscore 15 例、test_atomic_write 5 例）、运行命令、覆盖率目标 ≥95%、桩/mock 规范（monkeypatch 三平台/禁止 mock Path）、断言规范（原子性/异常链/并发）齐全；
+- ✅ 接口签名/异常语义/边界行为（缺文件、损坏、权限拒绝）逐条明确；
+- ❌ 但存在 3 处设计内部矛盾（见 §4），FO 按文档实现会出现"按 A 处写实现、按 B 处写测试"对不上的情况。
+
+## 4. 必改问题（FAIL 依据，阻塞 FO 无歧义 TDD）
+
+### P1. RLock 声明"不实装"与流程/用例自相矛盾（§2 vs §4.2/§7.4/§7.5-14）
+- §2 数据传递方式："进程内互斥 threading.RLock（**预留）；本迭代单线程不实装**"；
+- 但 §4.2 save 流程第 1 步即 `with self._lock:` 进入临界区；§7.4 断言规范与 §7.5 用例 14 均要求"threading.Thread(5) 并发 save 不同分值 → 最终 = max"。
+- 后果：若不实装锁，读-比较-写非原子，低分线程可能在 `_cache` 更新前通过比较并覆盖高分，用例 14 无锁下必 flaky/失败；若实装锁，§2 声明错误。
+- **修订（二选一，必须取齐）**：a) 迭代 2 实装 RLock（标准库一行、零成本，§4.2 流程已就位），删除 §2"不实装"表述；b) 删除用例 14 与 §7.4 并发断言，明确"迭代 2 不承诺并发行为"。
+
+### P2. schema_version 校验承诺与 load() 流程矛盾（§5.2 vs §4.3；用例清单缺项）
+- §5.2 鲁棒性表承诺："schema_version 不识别 → 备份 + 返回 0"；
+- 但 §4.3 load() 流程仅处理 JSONDecodeError/KeyError/ValueError/TypeError 与 high_score 类型/负数校验，**无 schema_version 校验分支**；§7.5 用例清单也无对应用例。
+- 后果：按 §4.3 实现，`{"schema_version": 99, "high_score": 100}` 将正常返回 100，与 §5.2 承诺冲突；FO 无法确定正确行为。
+- **修订**：§4.3 load() 增加 `schema_version != 1` 时走损坏备份分支（返回 0 + 备份）；§7.5 test_highscore 补用例"schema_version 不识别 → 返回 0 + 备份存在"。
+
+### P3. __init__ 行为定义不全：构造期 *.tmp 清理无实现流程（§3.2 vs §5.2/§7.5-15）
+- §5.2 承诺"临时文件残留 → 构造期清理 *.tmp"、用例 15 要求"构造期清理残留 .tmp"；
+- 但 §3.2 __init__ 语义仅"构造期 mkdir + load"，§4 实现细节无 __init__ 流程小节（清理方式/glob 范围/时序未定义）。
+- 后果：FO 不知道清理是"精确删自身 .tmp"还是"glob 全目录"、先于/后于 load 执行。
+- **修订**：§4 补 __init__ 流程：mkdir(parents=True) → glob 清理 `*.tmp` 残留 → load() 初始化 _cache。
+
+## 5. 建议问题（不阻塞本轮）
+
+### P4. §0 规格引用错误：FR-14 → 应 NFR-07
+- 规格 FR-14 = "免预装直接运行（三平台单文件可执行）"，属 game-app/PyInstaller 交付范畴，与本模块无关；"不写安装路径"实际对应 **NFR-07**（发布物规范·便携式）。
+- 分工表与架构写的是"FR-13/NFR-06/07"。建议 §0 承载需求改为"FR-13 + NFR-06/07"，避免追溯混淆。
+
+### P5. preferences.json 预留接口未定义签名（§1.2 vs §3）
+- §1.2 称"接口预留由 storage 模块提供（load/save/reset）"，但 §3 对外接口仅有 get_user_data_dir + HighScoreStore，偏好接口无签名定义。
+- 建议：a) §3 补预留接口签名（标注迭代 3 实装）；或 b) 明确"本轮不提供偏好接口，迭代 3 设计时定义"。避免 FO 误以为本轮要实现偏好 load/save。
+
+## 6. 结论
+
+- **FAIL**：P1~P3 为设计文档内部矛盾（非架构违背、非方案不可行），会让 FO 按 §7 用例写测试与按 §4 流程写实现互相冲突；MDE 按上述修订（预计半小时内）后重新 `release_module ... design DONE`，SE 复审通过即 PASS。
+- 架构遵循性本身无问题，无需回退架构。

session_id: 20260814_003507_922cf1
评审完成，无需汇报的任务已按要求闭环：

**评审结论：FAIL**（平台-storage 迭代 2 设计）

- 意见落盘：/home/zyzs/cyx/zteam/workspace/snake-linux/review/design/platform-storage/iter-2/snake-linux-platform-storage-it2-design-r1.md
- 状态已更新：`release_module ... design FAIL` → design_reviewing → **design_working**（打回 MDE 修订），审计已入 pipeline.log

**架构遵循性**：通过（模块定位/依赖/接口/数据流/技术选型与架构一致，无接口级偏差；FR-13/NFR-06/07 覆盖到位）

**FAIL 依据（3 处设计内部矛盾，阻塞 FO 无歧义 TDD）**：
1. RLock 声明"预留不实装"（§2）与 save 流程 `with self._lock`（§4.2）、并发用例 14"最终=max"（§7.5）冲突——无锁下用例 14 必 flaky
2. §5.2 承诺"schema_version 不识别→备份归零"，但 §4.3 load() 流程无该校验分支、用例清单也无对应用例
3. §5.2/用例 15 要求"构造期清理 *.tmp"，但 §3.2/§4 未定义 __init__ 清理流程

另附 2 项建议（不阻塞）：§0 规格引用 FR-14 应为 NFR-07；preferences.json 预留接口未定义签名。

MDE 修订后重新 design DONE，SE 复审即可。
  ┊ review diff
a/workspace/snake-linux/review/design/platform-storage/iter-2/snake-linux-platform-storage-it2-design-r2.md → b/workspace/snake-linux/review/design/platform-storage/iter-2/snake-linux-platform-storage-it2-design-r2.md
@@ -0,0 +1,55 @@
+# 功能模块设计评审意见：platform-storage（snake-linux v2.0.0 迭代 2）r2（复审）
+
+> SE 评审 · 依据：模块设计 `snake-linux/design/platform-storage/r2.md`（修订版）+ 架构设计 `snake-linux/arch/v2.0.0/架构设计.md` + 功能模块分工表 + 需求规格 `snake-linux/analysis/snake-gui-r1.md`（approved）
+> 复审对象：r1 评审（FAIL，3 必改 + 2 建议）后的 MDE 修订版
+> 评审日期：2026-08-14
+
+## 0. 评审结论
+
+- **结论：PASS**
+- 一句话理由：r1 全部 5 项意见（P1~P3 必改 + P4/P5 建议）在 r2 中逐条落实且落点与流程/用例取齐，无新增矛盾；架构遵循性（模块定位/依赖/接口/数据流/技术选型）经复核仍全量一致；UT 框架（18+5+7 用例、桩/mock/断言规范）可支撑 FO 无歧义 TDD。
+
+## 1. r1 意见修订核对（逐条）
+
+| ID | r1 意见 | r2 修订落点 | 结果 |
+|----|---------|-------------|:----:|
+| P1 | RLock 声明"不实装"与流程/用例矛盾 | §2 数据传递方式改为"迭代 2 实装（标准库一行，零成本）"；§1.3 `_lock` 注释同步"迭代 2 实装"；§4.2/§4.3/§4.4 保留 `with self._lock:`；§7.4 并发断言与 §7.5 用例 14 保留 | ✅ |
+| P2 | schema_version 校验承诺与 load() 流程矛盾 | §4.3 load() 新增校验分支：schema_version 缺字段/类型错/值 != 1 → 备份损坏文件 + 返回 0；§7.5 补用例 16（=99）、17（缺字段）、18（类型错字符串） | ✅ |
+| P3 | __init__ 行为定义不全（构造期 .tmp 清理无流程） | §3.2 语义补"构造期 mkdir → 清理残留 *.tmp → load"；新增 §4.0 完整流程（解析 path → mkdir → glob 精确清理同名 `.tmp` → 建 RLock → load 初始化 _cache）；用例 15 保留 | ✅ |
+| P4 | §0 规格引用错误 FR-14 → NFR-07 | §0 承载需求改为"FR-13 + NFR-06/07"，与分工表/架构一致 | ✅ |
+| P5 | preferences.json 预留接口未定义签名 | 新增 §3.4"偏好接口预留（迭代 3 实装）"：PreferencesStore 签名占位（init/load/save/reset）+ 明确"本迭代不导出不实现，FO 不得据此实现"承诺 | ✅ |
+
+修订对照表（§修订对照）自述与文档正文一致，无"声称已改但正文未改"的落空项。
+
+## 2. 架构遵循性复核（r2 版）
+
+| 核对项 | 架构要求 | r2 落实 | 结果 |
+|--------|----------|---------|:----:|
+| 模块定位 | 中间件、无依赖（叶子） | §0 中间件/依赖无/被 game-app 依赖 | ✅ |
+| 迭代排期 | 迭代 2 首发 | §0 迭代 2（首发）；modules.json n=2 design_reviewing | ✅ |
+| 接口 | `get_user_data_dir()`；`HighScoreStore(path)`: load/save(原子写)/reset | §3.1/§3.2 签名语义对应（path 属性为兼容扩展）；§3.3 StorageError | ✅ |
+| 数据流 | core 得分事件 → app → storage.save（同步） | §2 同步函数返回值；无反向依赖 | ✅ |
+| 技术选型 | 标准库 JSON + 原子写（tmp + os.replace）；三平台目录 | §4.2 原子写流程（tmp→flush→fsync→os.replace）；§1.1/§4.5 三平台路径 | ✅ |
+| 零第三方依赖 | core/storage 不 import 第三方库 | §5.5 NFR-06 import 检查；§6 纯标准库 | ✅ |
+| Python 3.8 兼容 | 语法兼容 3.8 | unlink missing_ok 用 try/except FileNotFoundError 规避（§4.0/§4.4） | ✅ |
+| NFR-03 衔接 | 可读错误提示路径 | §2 错误反馈 StorageError → game-app 统一捕获 | ✅ |
+
+## 3. 需求覆盖核对
+
+| 需求 | 设计落点 | 结果 |
+|------|----------|:----:|
+| FR-13 最高分持久化（重启保留/重置/异常退出不损坏） | HighScoreStore load/save/reset + 原子写 + 损坏备份恢复（§3.2/§4.2~4.4） | ✅ |
+| NFR-06 无网络行为 | §5.5 不 import socket/urllib/http + 数据最小化（仅最高分整数） | ✅ |
+| NFR-07 便携式不写系统目录 | §1.1 用户数据目录（APPDATA / ~/Library/Application Support / ~/.local/share） | ✅ |
+
+## 4. 复审新发现（不阻塞）
+
+- §4.0 第 3 步清理匹配的两种表述（`self.path.name + ".tmp"` 与 `self.path.with_suffix(self.path.suffix + ".tmp").name`）经核算一致（均为 `highscore.json.tmp`），且与用例 15"精确匹配同名 .tmp"对齐；表述略显绕，但不构成行为歧义；
+- §4.0 建锁（第 4 步）先于 load（第 5 步，内部 `with self._lock:`），时序正确；
+- §4.3 schema_version 校验分支与用例 16/17/18 逐条对应（=99/缺字段/类型错），high_score 类型与负数校验与用例 5/6 对应，无"有承诺无用例"或"有用例无流程"的缺项；
+- 建议级（留给 FO/MDE 检视把关，不阻塞本轮）：§4.2 第 5 步 `flush → fsync → close` 若中间抛 OSError，fd 可能未关闭且 `.tmp` 残留——虽有构造期清理兜底，建议 FO 用 try/finally 保证 close，MDE 检视门禁时确认。
+
+## 5. 结论
+
+- **PASS**：r1 五项意见全部落实且取齐（声明/流程/用例三处一致），架构遵循性与需求覆盖无回归，UT 框架（test_paths 7 + test_highscore 18 + test_atomic_write 5 = 30 用例）具备 FO TDD 依据。
+- 模块迭代 2 可进入 dev_working（FO 开发）；建议项随检视门禁（release_module review）确认即可。

session_id: 20260814_011538_c9a74d
评审完成：PASS。

- 意见落盘：/home/zyzs/cyx/zteam/workspace/snake-linux/review/design/platform-storage/iter-2/snake-linux-platform-storage-it2-design-r2.md
- r1 五项意见（P1~P5）r2 全部落实且声明/流程/用例取齐，无新矛盾，架构遵循性复核通过
- 状态：release_module design PASS → platform-storage 迭代 2 进入 dev_working（等 FO TDD）
