  ┊ review diff
a/workspace/snake-linux/review/design/gui-renderer/iter-3/snake-linux-gui-renderer-design-iter3-r1.md → b/workspace/snake-linux/review/design/gui-renderer/iter-3/snake-linux-gui-renderer-design-iter3-r1.md
@@ -0,0 +1,142 @@
+# 功能模块设计评审意见：gui-renderer（snake-linux v2.0.0 迭代 3）r1
+
+> SE 评审 · 依据：模块设计 `snake-linux/design/gui-renderer/设计-r3.md` + 架构设计 `snake-linux/arch/v2.0.0/架构设计.md` + 功能模块分工表 + 需求规格 `snake-linux/analysis/snake-gui-r1.md`（approved）+ 迭代 1 已落地代码 `snake-linux/code/gui-renderer/iter-1/`（it_passed）+ game-core 已落地代码 `snake-linux/code/game-core/iter-1/`（接口实核）
+> 评审日期：2026-08-14
+
+## 0. 评审结论
+
+- **结论：FAIL**
+- 一句话理由：架构遵循性整体成立（模块类型/依赖方向/迭代边界/向后兼容契约设计优秀），但存在 **2 项 P1 阻塞问题**——①插值 prev 缓存时序错误（§2.2/§8 按此实现 FR-07 平滑动画完全失效）；②§7.3 conftest 与 §8 用 `GameState(20, 15, Difficulty.MEDIUM)` 位置参数调用，而 game-core 实测**仅接受 keyword 参数**（`TypeError: GameState only accepts keyword arguments`），FO 照抄 UT 即刻崩溃。另有 2 项 P2、5 项 P3，详见 §3。
+
+---
+
+## 1. 架构符合性核对（接口 / 数据流 / 模块间契约）
+
+| 架构契约（设计期定义） | 设计落点 | 结果 |
+|---|---|---|
+| 模块类型：中间件，依赖 game-core | §0 中间件/依赖 game-core（已 it_passed）/被 game-app 依赖 | ✅ |
+| 迭代排期：迭代 1, 3（分工表） | §0 迭代 3 = 平滑动画/皮肤/缩放/高分屏；迭代 3 不做 game-app 主循环/难度 UI/打包 | ✅ |
+| `Renderer(skin_name)` / `render(snapshot)` | 架构接口清单仍为旧签名（**P2-2**，见 §3）；设计沿用迭代 1 已落地 `Renderer(window_size, skin=None)` / `render(snapshot, hud)` 并加 `interp` 可选参 | ⚠️ |
+| `set_skin(name)` 游戏中对局不中断 | §3.1 set_skin 只换 self._skin 引用，下一帧生效；不中断对局 | ✅ |
+| `handle_resize(w, h)` 等比缩放 | §4.6 重算 cell_size（下限 8/上限 48）+ 字体比例缩放 + set_mode；保持 grid_cols/rows 不变 | ✅（异常口径矛盾见 P2-1） |
+| `fps_metric()` 帧率统计（P95 帧时间） | 字段不变；迭代 3 验证插值后 P95 仍反映真实帧时间 | ✅ |
+| 皮肤注册表 ≥3 套（经典/深色/色盲友好） | §1.3 SKIN_REGISTRY 3 套 + set_skin 查表；色盲方案三重视觉冗余（颜色+纹理+形状）对齐 FR-10「不以颜色为唯一区分手段」 | ✅ |
+| 数据流：core snapshot → renderer 只读 | §1.5/§2.2 renderer 不缓存游戏状态，interp 由 game-app 维护——职责边界正确 | ✅（但 game-app 侧缓存时序错误，P1-1） |
+| 无网络（NFR-06）/无音效（R-04） | §5.4/§5.7 不 import socket/urllib/http/requests；无音频 | ✅ |
+| NFR-04 高分屏清晰 | §4.7 enable_high_dpi=True 默认启用 pygame.SCALED（pygame 2.x） | ✅ |
+| 语法兼容 Python 3.8 | dataclass/typing 均 3.8 支持（架构「不用 dataclass」条款为迭代 1 评审 P2-3 遗留，未修订——P2-2） | ⚠️ |
+| 不引入第三方依赖（除 pygame） | §0 明确 | ✅ |
+
+### 1.1 与 game-core 实际契约核对（代码实核，非纸面对纸面）
+
+| 设计引用 | game-core 落地实测 | 结果 |
+|---|---|---|
+| `GameState(20, 15, Difficulty.MEDIUM)`（§7.3/§8） | **仅接受 keyword**：`GameState(width=20, height=15, difficulty=Difficulty.MEDIUM)`；位置参数抛 `TypeError` | ❌ **P1-2** |
+| `state.step()` 返回新实例 | `def step(self) -> "GameState"` 返回新状态；§8 `state = state.step()` 用法正确 | ✅ |
+| `snapshot.snake_body` / `.food` / `.score` / `.length` / `.status` / `.difficulty` / `.tick_ms` | 实测全部字段存在（snake_body Tuple[Point]，Point 有 .x/.y；status=GameStatus.RUN；tick_ms=160@MEDIUM） | ✅ |
+| `snapshot.status.name` / `difficulty.name` | "RUN"/"PAUSED"/"OVER"；"easy"/"medium"/"hard"——HUD 显示用 name 一致 | ✅ |
+| `snap.tick_ms // 16` 节拍帧数估算（§8） | tick_ms=160 → 10 帧 @60FPS，可用 | ✅（插值时序见 P1-1） |
+
+### 1.2 与迭代 1 已落地代码的向后兼容核对（实核 gui_renderer/*.py）
+
+| 迭代 1 契约 | 迭代 3 增量 | 结果 |
+|---|---|---|
+| `Skin` 9 字段 frozen dataclass | 新增 4 字段全带默认值（hud_shadow/cell_gap/food_pattern/snake_pattern）→ 迭代 1 DEFAULT_SKIN 字面量构造仍合法 | ✅ |
+| `render(snapshot, hud)` | 加 `*, interp=None` 可选参，None 时 alpha=1.0 瞬移，行为与迭代 1 一致 | ✅ |
+| `Renderer.__init__(window_size, *, skin=None, vsync=True, cell_size, grid_cols, grid_rows)` | 尾部追加 `enable_high_dpi=True` keyword 参数，旧调用零修改 | ✅ |
+| `init()` 不调 pygame.init / 顶层 import pygame 可 monkeypatch | 迭代 3 保持（§4.7/§5.1） | ✅ |
+| `_min_window_size`（512×472 最小可玩） | §4.6 handle_resize 复用 PLAYFIELD_X/Y 公式 | ✅ |
+| `_validate_skin` RGB ∈ [0,255] | 增量校验 hud_shadow/cell_gap/food_pattern/snake_pattern | ✅ |
+| Rect 迭代 1 无消费点（迭代 1 评审 P3-B） | §1.4 补齐 2 个消费点（HUD 背景框 + 插值裁剪 Rect） | ✅ |
+| skin 属性 / cell_size / grid_cols / grid_rows 只读属性 | 新增 current_skin_name 属性 | ✅ |
+
+---
+
+## 2. 可落地性（FO 可否据其 TDD）
+
+- **UT 框架完备**：增量 46 条用例（types 3 + constants 5 + skin_registry 6 + init 2 + render 8 + skin 6 + resize 8 + hidpi 3 + interpolation 5 = 46）✓；覆盖率 ≥90%（render ≥95%）✓；fake_pygame + monkeypatch headless 方案沿用迭代 1 ✓；TDD 六步顺序合理 ✓；
+- **向后兼容设计是亮点**：Skin 新字段默认值 + render interp 可选参 + __init__ 尾部新增参数，三处增量均不破坏迭代 1 已通过 code/IT 契约，FO 可在 iter-1 目录原地增量（§4.1 目录决策合理）；
+- **❌ P1-2 直接阻塞 FO 开工**：§7.3 `prev_snapshot` fixture 模板与 §8 对接契约均使用位置参数构造 GameState，game-core 实测抛 TypeError；FO 照抄 §7.3 则 pytest 全红且误导（会怀疑自己代码而非设计）；
+- **❌ P1-1 使 FR-07 出口不达标**：§8 主循环伪代码在 `state.step()` **之后**缓存 prev_snap，导致 interp.prev == 当前 snapshot，插值恒等于同位置渲染——按此实现蛇仍整格瞬移，FR-07「无整格跳变」验收必然失败；
+- **P2-1 口径矛盾**：§7.5 断言 4 要求 handle_resize(100,100) 抛 RenderError，但 §4.6 代码只有类型校验（正整数），无最小尺寸校验分支；且 (200,200) 断言 3 期望降级到 8 不抛——同属「放不下最小网格」的两个尺寸行为不同，FO 无法确定正确口径。
+
+---
+
+## 3. 问题清单
+
+### P1（阻塞，必须修订后重新评审）
+
+**P1-1 插值 prev 缓存时序错误 → FR-07 平滑动画失效（§2.2 含糊 + §8 明确错误）**
+- §8 伪代码：
+  ```python
+  if ticks_in_step >= state.snapshot().tick_ms // 16:
+      state = state.step()            # snapshot 已变为新位置 B
+      prev_snap = state.snapshot()    # ❌ 缓存的是 step 之后的新位置 B
+      prev_body = tuple(...)          # prev == current
+      ...
+  snap = state.snapshot()             # B
+  alpha = ticks_in_step / (snap.tick_ms // 16)   # 0 → 0.1 → ...
… omitted 64 diff line(s) across 1 additional file(s)/section(s)

session_id: 20260814_025055_990140
评审完成，结论 **FAIL**，状态已更新（iter-3 → design_working，MDE 修订后重提）。

关键发现（2 项 P1 阻塞）：
- **P1-1**：§8 对接伪代码在 `state.step()` 之后才缓存 prev_snap → interp.prev == 当前 snapshot，插值恒等，FR-07 平滑动画按此实现完全失效（蛇仍整格瞬移）；
- **P1-2**：§7.3 conftest 与 §8 用 `GameState(20, 15, Difficulty.MEDIUM)` 位置参数构造，game-core 实测仅接受 keyword 参数（`GameState only accepts keyword arguments`），FO 照抄 UT 即刻崩溃。

另有 P2-2（设计声明「P2-1/P2-3 已修订」不实——架构文档实测仍是旧接口签名 `Renderer(skin_name)/render(snapshot)` 与「不用 dataclass」条款，需 SE 侧同步修订）等 2 项 P2、5 项 P3。

意见落盘：`/home/zyzs/cyx/zteam/workspace/snake-linux/review/design/gui-renderer/iter-3/snake-linux-gui-renderer-design-iter3-r1.md`
  ┊ review diff
a/workspace/snake-linux/review/design/gui-renderer/iter-3/snake-linux-gui-renderer-design-iter3-r2.md → b/workspace/snake-linux/review/design/gui-renderer/iter-3/snake-linux-gui-renderer-design-iter3-r2.md
@@ -0,0 +1,127 @@
+# 功能模块设计评审意见：gui-renderer（snake-linux v2.0.0 迭代 3）r2
+
+> SE 评审（第二轮）· 依据：模块设计 `snake-linux/design/gui-renderer/设计-r3.md`（r2 修订版）+ 架构设计 `snake-linux/arch/v2.0.0/架构设计.md` + 功能模块分工表 + 需求规格 `snake-linux/analysis/snake-gui-r1.md`（approved）+ 迭代 1 已落地代码 `snake-linux/code/gui-renderer/iter-1/`（实核 gui_renderer/*.py 与 tests/*.py）+ game-core 已落地代码
+> 评审日期：2026-08-14
+
+## 0. 评审结论
+
+- **结论：FAIL**
+- 一句话理由：r1 的 P1×2/P2×2/P3×5 **全部修订到位**（插值时序正确性推演表、GameState keyword 构造、handle_resize 抛异常口径统一，质量高）；但本轮**实核迭代 1 已落地代码与 UT 断言**后发现 2 项新 P1 阻塞问题——①HUD 阴影设计使每段文本 `font.render` 两次（5→10 次调用），直接破坏迭代 1 既有 UT 两个断言（render 调用次数 ==5、Status 颜色断言命中阴影版），设计未声明修订既有用例，§0「向后兼容契约」承诺不成立；②§4.4/§2.3 可照抄代码引用迭代 1 **不存在的常量/属性**（`HUD_TOP_ROW_Y`/`HUD_GAP`/`self._line_height`，落地实际为 `HUD_FIRST_LINE_Y`/`HUD_SECOND_LINE_Y`/`HUD_LINE_HEIGHT`），FO 照抄即 NameError/AttributeError。
+
+---
+
+## 1. r1 评审意见修订复核（逐条）
+
+| r1 意见 | 修订位置 | 复核结果 |
+|---------|----------|----------|
+| **P1-1** 插值 prev 缓存时序 | §1.5 字段注释改「上一节拍（step 前）」；§2.2 数据流图 step 前缓存 + 帧推演表（帧 1~21）；§8 伪代码 `prev_snap = state.snapshot()` 置于 `state.step()` 之前 | ✅ 推演核对无误：帧 11 缓存 A→step→B、alpha=0 画 A；帧 12~20 从 A 平滑到 B；FR-07「无整格跳变」成立 |
+| **P1-2** GameState 位置参数 | §7.3 conftest、§8 均改 keyword 写法；fixture 注释修正（未 step）并新增显式断言（蛇长 3/RUN/MEDIUM/tick_ms=160） | ✅ 与 game-core 实测签名一致（`GameState only accepts keyword arguments`）；fixture 语义不再含糊 |
+| **P2-1** handle_resize 口径矛盾 | §2.3/§4.6 代码补 `MIN_PLAYABLE_W/H` 校验抛 RenderError；§5.5 鲁棒性表、§7.5 断言 4、§7.6 用例 3 三处统一；§3.3 新增 MIN_PLAYABLE_W/H 常量 | ✅ 代码/鲁棒性表/断言三处一致，无静默降级残留；阈值公式与迭代 1 `_min_window_size`（192×232）吻合 |
+| **P2-2** 架构同步声明不实 | 头部删除虚假「已修订」声明，改述「接口对齐迭代 1 落地契约（架构文档同步修订由 SE 在架构侧落实）」 | ✅ 设计侧声明修正到位；**架构文档实测仍未同步**（接口清单/dataclass 条款），见 §4 S1（SE 侧待办，本评审后落实） |
+| **P3-1** 兼容矩阵 hud_shadow | §1.2 表 + §4.3 定义统一 (255,255,255) | ✅ |
+| **P3-2** _grid_to_pixel 注解 | 放宽 `Tuple[float, float]` + 截断语义说明 | ✅ |
+| **P3-3** 默认值写法 | §1.2/§4.2 统一 `field(default_factory=lambda: Color(...))` | ✅ |
+| **P3-4** HUD 5 行→2 行 5 段 + 阴影偏移 | §3.1 docstring、§4.4 _draw_hud、§7.4 FakePygame blit 记录、§7.5/§7.6 断言 | ⚠️ 描述口径修正到位，**但阴影实现与迭代 1 既有 UT 冲突**（见 P1-1） |
+| **P3-5** fixture 注释/断言 | §7.3 修正 + 显式断言 | ✅ |
+
+**复核结论：r1 全部 9 条意见修订质量合格，无回退。**
+
+---
+
+## 2. 架构符合性核对（本轮独立复核）
+
+| 架构契约 | 设计落点 | 结果 |
+|---|---|---|
+| 模块类型：中间件，依赖 game-core（已 it_passed） | §0 | ✅ |
+| 迭代排期：gui-renderer 迭代 1, 3 | §0 迭代 3 = 平滑动画/皮肤/缩放/高分屏；不做 game-app 主循环/难度 UI/打包 | ✅ |
+| 迭代 3 出口对齐架构 §迭代计划「验收 3（GUI 呈现）」 | §0 出口清单 5 项全对齐 FR-07/09/10/NFR-04 | ✅ |
+| 数据流：core snapshot → renderer 只读 | §1.5/§2.2 renderer 不缓存游戏状态，interp 由 game-app 维护 | ✅ |
+| `set_skin(name)` 对局不中断（FR-10） | §4.5 只换 self._skin 引用，下一帧生效 | ✅ |
+| `handle_resize(w,h)` 等比缩放（FR-09） | §4.6 重算 cell_size + 字体比例 + set_mode；保持 grid_cols/rows 不变 | ✅ |
+| NFR-04 高分屏清晰 | §4.7 enable_high_dpi=True 默认 pygame.SCALED | ✅ |
+| 无网络（NFR-06）/无音效（R-04） | §5.4/§5.7 | ✅ |
+| 不引入第三方依赖（除 pygame） | §0 | ✅ |
+
+### 2.1 与迭代 1 落地代码向后兼容核对（本轮实核 gui_renderer/*.py + tests/*.py）
+
+| 迭代 1 落地事实 | 迭代 3 设计 | 结果 |
+|---|---|---|
+| `Skin` 9 字段 frozen dataclass | 新增 4 字段全默认值 → DEFAULT_SKIN 字面量构造合法 | ✅ |
+| `render(snapshot, hud)`（迭代 1 签名无 interp） | `*, interp=None` 可选参，None 时行为一致 | ✅ |
+| `__init__(window_size, *, skin, vsync, cell_size, grid_cols, grid_rows)` | 尾部追加 `enable_high_dpi=True` | ✅ |
+| `init()` flags=0（局部变量） | 增量 `self._flags` 属性 + SCALED 位；handle_resize 保留 flags | ✅（新属性不破坏） |
+| `_grid_to_pixel(cell)` 公式 `PLAYFIELD_X + x*cell_size` | 注解放宽 float | ✅ |
+| `_validate_skin` RGB 校验 | 增量校验 hud_shadow/cell_gap/food_pattern/snake_pattern | ✅ |
+| `cell = self._cell_size - 1`（经典 -1 间隙） | `cell_draw = cell_size - skin.cell_gap`（classic=1 → 一致） | ✅ |
+| HUD 常量：`HUD_FIRST_LINE_Y`/`HUD_SECOND_LINE_Y`/`HUD_LINE_HEIGHT`（无 HUD_TOP_ROW_Y/HUD_GAP） | §4.4 伪代码用 `HUD_TOP_ROW_Y`/`HUD_GAP`/`self._line_height` | ❌ **P1-2** |
+| 迭代 1 `test_render_hud_calls_font_render_5_times`（render 调用 ==5）、`test_render_hud_status_over_uses_accent_color`（next() 取首个含 "Status" 调用断言 accent） | §4.4 阴影方案每段 render 2 次（阴影+主版）→ 5 段 = 10 次；首含 "Status" 调用变为阴影版（hud_shadow 色） | ❌ **P1-1** |
+| `test_render_food_calls_draw_rect_twice`（classic：食物 2 次 rect） | classic food_pattern="solid" → 2 次，一致 | ✅ |
+| `test_render_snake_len_3/5`（y 坐标过滤） | interp=None 时坐标不变 | ✅ |
+
+---
+
+## 3. 可落地性（FO 可否据其 TDD）
+
+- **UT 框架增量完备**：46 条增量用例 + TDD 六步顺序 + fake_pygame headless 方案，整体质量高；§7.3 fixture 显式断言 game-core 初始行为，插值用例基线明确；
+- **❌ P1-1 使「向后兼容」承诺不成立**：按 §4.4 实现 HUD 阴影后，迭代 1 既有 2 个用例必红；设计 §7.6 仅列增量用例、未声明修订既有用例，FO 无法判断「改实现还是改测试」——这比「照抄即崩」更隐蔽（实现符合设计，测试却失败）；
+- **❌ P1-2 破坏「FO 照抄即可」承诺**：§4.4 _draw_hud 与 §2.3 可照抄代码含 3 个不存在的标识符，且若按设计新增这些常量，§4.3/§3.3 增量常量清单又未列入——FO 要么 NameError、要么改动契约清单；
+- 其余（插值时序/缩放口径/皮肤注册表/异常路径）均可落地。
+
+---
+
+## 4. 问题清单
+
+### P1（阻塞，必须修订后重新评审）
+
+**P1-1 HUD 阴影方案破坏迭代 1 既有 UT 两个断言，设计未声明修订（§4.4 vs 迭代 1 tests/test_renderer_render.py）**
+- 迭代 1 实核断言：
+  - `test_render_hud_calls_font_render_5_times`：`assert len(font.render_calls) == 5`（5 段文本各 render 一次）；
… omitted 49 diff line(s) across 1 additional file(s)/section(s)
  ┊ review diff
a//home/zyzs/cyx/zteam/workspace/snake-linux/arch/v2.0.0/架构设计.md → b//home/zyzs/cyx/zteam/workspace/snake-linux/arch/v2.0.0/架构设计.md
@@ -66,7 +66,7 @@
 - `HighScoreStore(path)`：`load() -> int`、`save(score)`（原子写：临时文件 + os.replace）、`reset()`；异常退出不损坏历史
 
 **gui-renderer（依赖 game-core）**
-- `Renderer(skin_name)`：`render(snapshot)` 绘制一帧（蛇/食物/背景/HUD：得分/最高分/长度）；`set_skin(name)`（游戏中对局不中断）；`handle_resize(w, h)` 等比缩放；`fps_metric()` 帧率统计（P95 帧时间）
+- `Renderer(window_size, *, skin=None, vsync=True, cell_size, grid_cols, grid_rows, enable_high_dpi=True)`：构造期不建屏（`init()` 建屏）；`enable_high_dpi=True` 启用 `pygame.SCALED`（高分屏清晰 NFR-04）；`render(snapshot, hud, *, interp=None)` 绘制一帧（蛇/食物/背景/HUD：得分/最高分/长度；interp 为可选插值上下文，None=瞬移，向后兼容）；`set_skin(name)`（查 SKIN_REGISTRY，不在表内抛 SkinNotFoundError，游戏中对局不中断）；`handle_resize(w, h)` 等比缩放（保持 grid_cols/rows，< 最小可玩尺寸抛 RenderError）；`skin_names()` / `current_skin_name`（皮肤切换 UI 用）；`fps_metric()` 帧率统计（P95 帧时间）
 - 皮肤注册表：≥3 套（经典/深色/色盲友好——色盲方案不以颜色为唯一区分手段，叠加形状/纹理）
 
 **game-app（装配）**
  ┊ review diff
a//home/zyzs/cyx/zteam/workspace/snake-linux/arch/v2.0.0/架构设计.md → b//home/zyzs/cyx/zteam/workspace/snake-linux/arch/v2.0.0/架构设计.md
@@ -118,7 +118,7 @@
 ## 代码风格约定
 
 - 与 v1.0.0 对齐：类职责分层（模型/存储/渲染/装配各司其职）、模块 docstring 标注对应 FR/NFR 编号；
-- 语法兼容 Python 3.8（对齐 v1 的保守策略，不用 dataclass/海象/3.9+ 特性）；
+- 语法兼容 Python 3.8（对齐 v1 保守策略：不用海象运算符/3.9+ 新语法；**dataclass 可用**——game-core/gui-renderer 已全量采用 frozen dataclass 值对象并通过评审，作为标准写法）；
 - game-core 与 platform-storage **不 import 任何第三方库**（纯标准库，保可测性与打包精简）；GUI 依赖（pygame）仅限 gui-renderer / game-app；
 - 坐标约定：沿用 v1 的 Point(x, y)，y 向下，0,0 为左上角；方向向量 UP/DOWN/LEFT/RIGHT；
 - 测试：core 用标准库 unittest 确定性用例（对齐 v1 已验证模式）；性能指标留档脚本（NFR-01/02 回归）。
  ┊ review diff
a//home/zyzs/cyx/zteam/workspace/snake-linux/arch/v2.0.0/架构设计.md → b//home/zyzs/cyx/zteam/workspace/snake-linux/arch/v2.0.0/架构设计.md
@@ -58,7 +58,7 @@
 
 **game-core（无依赖，纯逻辑）**
 - `Difficulty`（枚举：EASY/MEDIUM/HARD）+ 参数表：`base_tick_ms`（250/160/100）、`speed_curve(score)`（随长度/得分加速，验收以"档位间可感知差异、困难 ≤ 简单 50%"为准）
-- `GameState(width, height, difficulty)`：构造；`set_direction(vec)`（含 180° 反向禁止）；`step()` 每节拍推进（移动/吃食/碰撞/得分）；`toggle_pause()`（暂停定格，暂停期方向输入不生效）；`snapshot()` 返回只读状态快照（蛇身坐标/食物/得分/长度/状态/难度）；`status`（run/paused/over）
+- `GameState(width=..., height=..., difficulty=...)`：构造（**仅接受 keyword 参数**）；`set_direction(vec)`（含 180° 反向禁止）；`step()` 每节拍推进（移动/吃食/碰撞/得分）；`toggle_pause()`（暂停定格，暂停期方向输入不生效）；`snapshot()` 返回只读状态快照（蛇身坐标/食物/得分/长度/状态/难度/tick_ms）；`status`（run/paused/over）
 - 事件/回调：`on_score(score)`（供 app 接最高分判定）
 
 **platform-storage（无依赖）**

session_id: 20260814_031011_849d90
完成。结果摘要：

评审结论：**FAIL**（第二轮）
- r1 的 P1×2/P2×2/P3×5 修订全部合格（插值时序推演表、keyword 构造、缩放口径统一）
- 但实核迭代 1 落地代码发现 **2 项新 P1**：①HUD 阴影设计使每段 render 两次（5→10 次），破坏迭代 1 两个既有 UT 断言且未声明修订；②§4.4 可照抄代码引用不存在的常量（HUD_TOP_ROW_Y/HUD_GAP/_line_height，实际为 HUD_FIRST_LINE_Y/HUD_SECOND_LINE_Y）
- 另有 P2×2（吃食节拍食物长距离插值滑行、InterpolatedCell 死类型+Rect 纸面消费点）、P3×2

已执行：
- 意见落盘 `workspace/snake-linux/review/design/gui-renderer/iter-3/snake-linux-gui-renderer-design-iter3-r2.md`
- `release_module snake-linux gui-renderer 3 design ... FAIL` ✅（iter-3 → design_working，上半部已自动拉起 MDE 修订）
- SE 侧 S1 落实：架构设计.md 同步 3 处（gui-renderer 接口清单对齐落地+迭代 3 增量、dataclass 条款修正、GameState keyword 签名），防下游 game-app 设计踩同类坑
  ┊ review diff
a/workspace/snake-linux/review/design/gui-renderer/iter-3/snake-linux-gui-renderer-design-iter3-r3.md → b/workspace/snake-linux/review/design/gui-renderer/iter-3/snake-linux-gui-renderer-design-iter3-r3.md
@@ -0,0 +1,119 @@
+# 功能模块设计评审意见：gui-renderer（snake-linux v2.0.0 迭代 3）r3
+
+> SE 评审（第三轮）· 依据：模块设计 `snake-linux/design/gui-renderer/设计-r3.md`（r3 修订版）+ 架构设计 `snake-linux/arch/v2.0.0/架构设计.md`（**已含 S1 同步修订**）+ 功能模块分工表 + 需求规格 `snake-linux/analysis/snake-gui-r1.md`（approved）+ 迭代 1 已落地代码 `snake-linux/code/gui-renderer/iter-1/`（实核 gui_renderer/*.py 与 tests/*.py）+ game-core 已落地代码（实核 GameState/Point/Snapshot）
+> 评审日期：2026-08-14
+
+## 0. 评审结论
+
+- **结论：FAIL**
+- 一句话理由：r2 的 6 条意见（P1×2 / P2×2 / P3×2）在 r3 **全部修订到位且质量高**（HUD 阴影改为「单次 render + 阴影 blit 偏移」保住迭代 1 断言、常量引用修正、InterpolatedCell 删除、SkinNotFoundError 实装、食物插值开关语义）；架构符合性本轮**全绿**（含 S1 架构文档同步已落实）；但实核发现 **1 项新 P1 阻塞**——`enable_high_dpi` 默认 True + `init()` 无条件执行 `pygame.SCALED`，而 fake_pygame 桩**未提供 SCALED 常量**且设计 §7.4 桩规范未要求补齐 → 迭代 1 既有 39 条用例与迭代 3 新增用例在 `r.init()` 处全部 AttributeError 崩溃，FO 按设计照抄即全红。另有 2 项 P2（HUD「阴影」实为同色重影、hud_shadow 字段无消费点；Rect 消费点文档自相矛盾）、3 项 P3。
+
+---
+
+## 1. r2 评审意见修订复核（逐条）
+
+| r2 意见 | 修订位置（r3） | 复核结果 |
+|---------|----------|----------|
+| **P1-1** HUD 阴影破坏迭代 1 断言 | §0.1 兼容契约 + §3.1 docstring + §4.4 `_draw_hud`（每段单次 `font.render` + 阴影 blit 偏移 (+1,+1) + 主版 blit）+ §7.4/§7.5/§7.6 + §10 实核表 | ✅ 方案正确：`font.render` 仍 5 次、blit 10 次（5 阴影 + 5 主版）；迭代 1 既有 `test_render_hud_calls_font_render_5_times`（==5）与 `test_render_hud_status_over_uses_accent_color`（"Status" 单次 render 用 hud_accent）零修改通过；§0.1 明确声明「HUD 阴影 blit 属本迭代预期变更，font.render 计数不变」 |
+| **P1-2** 引用不存在常量 | §4.4/§2.3 改引用迭代 1 既有 `HUD_FIRST_LINE_Y`/`HUD_SECOND_LINE_Y`；删除 HUD_TOP_ROW_Y/HUD_GAP/self._line_height 设计 | ✅ 与迭代 1 constants.py 实核一致（HUD_FIRST_LINE_Y=12 / HUD_SECOND_LINE_Y=44 / HUD_LINE_HEIGHT=28，无 HUD_TOP_ROW_Y/HUD_GAP）；FO 照抄无 NameError |
+| **P2-1** 吃食节拍食物滑行 | §1.5 prev_food=None 语义 + §2.2 数据流 + §4.4 `_grid_distance` 距离兜底 + §7.3 fixture + §7.5/§7.6 用例 | ✅ 语义闭环：game-app 吃食节拍传 None → renderer 瞬移；距离 >1 格 renderer 自动跳过；用例 11/12 覆盖；game-app 伪代码 `prev_snap.food == cur_snap.food` 判断实核 Point == 可比较 ✅ |
+| **P2-2** InterpolatedCell 死类型 + Rect 纸面消费点 | §1.5/§3.2/§3.3/§7.6 删除 InterpolatedCell；§1.4 Rect 声称 1 个消费点 | ⚠️ InterpolatedCell 删除彻底 ✅；**Rect 消费点文档自相矛盾**（见 P2-2，§1.4 声称消费 vs §4.4 明确不绘制） |
+| **P3-1** SkinNotFoundError 构造签名 | §2.4 实装 `__init__(name, available)` + self.name/self.available；§4.5 set_skin 抛法同步；§7.6 断言 e.name/e.available | ✅ 与 errors.py 占位类演进一致，FO 可实现 |
+| **P3-2** render 未 init 保护 | §3.1/§4.4 改为 `if self._screen is None: raise RenderError`；§5.5 鲁棒性表 + §7.6 用例 13 | ✅ 异常语义明确化，优于迭代 1 assert；与「不破坏契约」不冲突（异常类型变化非 API 变化） |
+
+**复核结论：r2 全部 6 条意见修订质量合格，无回退。**
+
+---
+
+## 2. 架构符合性核对（本轮独立复核）
+
+| 架构契约 | 设计落点 | 结果 |
+|---|---|---|
+| 模块类型：中间件，依赖 game-core | §0 | ✅ |
+| 迭代排期：gui-renderer 迭代 1, 3；迭代 3 = 平滑动画/皮肤/缩放/高分屏 | §0.2/§0.3 出口 5 项全对齐 FR-07/09/10/NFR-04 | ✅ |
+| `Renderer(window_size, *, skin=None, vsync=True, cell_size, grid_cols, grid_rows, enable_high_dpi=True)` | §3.1 签名一致（补默认值） | ✅ |
+| `render(snapshot, hud, *, interp=None)` 向后兼容 | §3.1/§1.5 None=瞬移 | ✅ |
+| `set_skin(name)` 对局不中断 / `handle_resize(w,h)` 等比缩放 / `skin_names()` / `current_skin_name` | §3.1/§4.5/§4.6 | ✅ |
+| 皮肤注册表 ≥3 套（经典/深色/色盲友好，不以颜色为唯一区分） | §1.3 SKIN_REGISTRY 3 套 + 三重视觉冗余（cell_gap/纹理/形状） | ✅ |
+| NFR-04 高分屏清晰（pygame.SCALED） | §4.7 enable_high_dpi 默认 True | ✅（**桩侧缺口见 P1-1**） |
+| 数据流：core snapshot → renderer 只读；renderer 不持有游戏状态 | §1.5/§2.2 interp 由 game-app 维护 | ✅ |
+| 无网络（NFR-06）/无音效（R-04）/无第三方依赖（除 pygame） | §5.4/§5.7 | ✅ |
+| **S1（r2 遗留）：架构文档接口清单 + dataclass 条款同步** | 实核 arch/v2.0.0/架构设计.md：`Renderer(..., enable_high_dpi=True)` / `render(snapshot, hud, *, interp=None)` / set_skin / handle_resize / skin_names / current_skin_name 已写入接口清单；「dataclass 可用；禁 3.9+ 新语法」已修订 | ✅ **S1 已落实** |
+
+**架构符合性：11/11 全绿（含 S1）。**
+
+### 2.1 与迭代 1 落地代码向后兼容核对（实核 gui_renderer/*.py + tests/*.py）
+
+| 迭代 1 落地事实 | 迭代 3 r3 设计 | 结果 |
+|---|---|---|
+| `Skin` 9 字段 frozen | +4 字段全默认值 → DEFAULT_SKIN 字面量构造合法 | ✅ |
+| `render(snapshot, hud)` | `*, interp=None` 可选参，None 行为一致 | ✅ |
+| `init()` flags=0 局部变量 | `self._flags` 属性 + SCALED 位（§4.7）；handle_resize 保留 flags | ✅ |
+| `_draw_hud` x 坐标硬编码 16/200/400/300 | §4.4 同坐标（SCORE_X=16/HIGH_X=200/LENGTH_X=400/DIFF_X=16/STATUS_X=300） | ✅ |
+| `cell = self._cell_size - 1` | `cell_draw = cell_size - skin.cell_gap`（classic=1 一致） | ✅ |
+| HUD 常量 HUD_FIRST_LINE_Y/HUD_SECOND_LINE_Y | §4.4 引用既有常量 | ✅ |
+| `test_render_hud_calls_font_render_5_times`（==5） | 单次 render + 阴影 blit 方案 → 5 次不变 | ✅ |
+| `test_render_hud_status_over_uses_accent_color`（"Status" 单次 render == hud_accent） | OVER 时 Status 单次 render 用 hud_accent，无阴影版干扰 | ✅ |
+| `_grid_to_pixel(cell: Tuple[int,int])` | 注解放宽 Tuple[float,float] + int(round()) 截断 | ✅ |
+| `_validate_skin` RGB 校验 | 增量 hud_shadow/cell_gap/food_pattern/snake_pattern | ✅ |
+| `_min_window_size` 公式（192×232） | MIN_PLAYABLE_W/H 常量公式一致（20×8+32=192；96+15×8+16=232） | ✅ |
+
+---
+
+## 3. 可落地性（FO 可否据其 TDD）
+
+- **UT 框架整体质量高**：51 条增量用例 + TDD 七步顺序 + fake_pygame headless 方案 + fixture 显式断言 game-core 初始行为（蛇长 3/RUN/MEDIUM/tick_ms=160，实核全部吻合）；§7.5 断言规范与 §4.6/§5.5 三处口径一致（缩放 < 最小可玩尺寸统一抛 RenderError）；
+- **❌ P1-1 直接阻塞 FO 开工**：enable_high_dpi 默认 True 时 `init()` 无条件执行 `flags |= pygame.SCALED`，fake_pygame 桩（迭代 1 conftest 沿用）无 SCALED 属性 → `r.init()` AttributeError → **迭代 1 既有全部用例 + 迭代 3 新增用例全崩**；设计 §7.4 桩规范只要求「set_mode 记录 flags」，未要求 fake 提供 SCALED 常量；§4.7 注释「若版本不支持会抛 AttributeError → UT 跳过此分支」对 fake 场景是空话（fake 无该属性即抛错，无「跳过」路径）；
+- **P2-1 视觉语义不实**：HUD「阴影」实际是同一 surface 同色 blit 偏移两次 → 文字重影/加粗而非阴影；`hud_shadow` 字段被定义、被校验（§4.2），但 §4.4 `_draw_hud` 全程未读它——死字段，与 r2 P2-2（InterpolatedCell 无消费点）同类教训；深色皮肤下同色偏移视觉上仅轻微描边，色盲皮肤（浅底深字）偏移重影反而劣化可读性；
+- **P2-2 Rect 消费点自相矛盾**：§1.4 声称「HUD 文本背景框是 Rect 真实消费点（见 §4.4）」；§4.4 注释明确「背景框不绘制，Rect 仅保留类型定义，无实际渲染消费」；§9 红线又写「Rect 真实消费点仅 HUD 背景框 1 处」——三处两说，FO 无法判断 Rect 是否参与绘制；
+- 其余（插值时序推演表/缩放口径/皮肤注册表/异常路径/game-app 对接伪代码）均可落地，质量高。
+
+---
+
+## 4. 问题清单
+
+### P1（阻塞，必须修订后重新评审）
+
+**P1-1 fake_pygame 缺 `SCALED` 常量 + enable_high_dpi 默认 True → 全套 UT 在 init() 崩溃（§4.7 init() vs §7.4 桩规范 vs 迭代 1 conftest）**
+- 迭代 1 conftest 的 fake_pygame（`types.ModuleType` 实例）**无 SCALED 属性**；r3 §4.7 `init()`：
… omitted 41 diff line(s) across 1 additional file(s)/section(s)

session_id: 20260814_032515_00c42c
评审完成，无需汇报——但按惯例一句话收尾：**FAIL**。

- 评审意见：`/home/zyzs/cyx/zteam/workspace/snake-linux/review/design/gui-renderer/iter-3/snake-linux-gui-renderer-design-iter3-r3.md`
- 状态：iter 3 已由 `release_module ... design ... FAIL` 置回 `design_working`（MDE 修订态），评审路径已入 modules.json

核心结论：r2 的 6 条意见 r3 全部落地到位（含架构文档 S1 同步，实核已修订）；架构符合性 11/11 全绿。但新增 1 项 **P1 阻塞**：`enable_high_dpi` 默认 True + `init()` 无条件执行 `pygame.SCALED`，而 fake_pygame 桩未提供 SCALED 常量、§7.4 桩规范也未要求补齐 → 按设计照抄，迭代 1 既有 39 条 + 新增用例在 `r.init()` 处全崩（AttributeError）。另有 P2×2（HUD「阴影」实为同色重影、hud_shadow 字段无消费点；Rect 消费点文档自相矛盾）+ P3×3。
  ┊ review diff
a/workspace/snake-linux/review/design/gui-renderer/iter-3/snake-linux-gui-renderer-design-iter3-r4.md → b/workspace/snake-linux/review/design/gui-renderer/iter-3/snake-linux-gui-renderer-design-iter3-r4.md
@@ -0,0 +1,113 @@
+# 功能模块设计评审意见：gui-renderer（snake-linux v2.0.0 迭代 3）r4
+
+> SE 评审（第四轮）· 依据：模块设计 `snake-linux/design/gui-renderer/设计-r4.md`（r4 修订版）+ 架构设计 `snake-linux/arch/v2.0.0/架构设计.md` + 功能模块分工表 + 需求规格 `snake-linux/analysis/snake-gui-r1.md`（approved）+ 迭代 1 已落地代码（实核 `code/gui-renderer/iter-1/gui_renderer/*.py` 与 `tests/*.py`，共 53 条用例）+ game-core 迭代 1 落地代码（实核 `state.py`/`types.py`/`params.py`）+ platform-storage 落地代码（实核 `highscore.py`）
+> 评审日期：2026-08-14
+
+## 0. 评审结论
+
+- **结论：PASS**
+- 一句话理由：r3 的 6 条意见（P1×1 / P2×2 / P3×3）在 r4 **全部修订到位且质量高**（P1-1 三方案同时落实，实核 getattr 防御单独即可保证 fake 无 SCALED 时不崩，三方案冗余但安全；P2-1 删 hud_shadow 死字段并诚实化"同色描边"声称；P2-2 Rect 三处口径统一；P3×3 全部对齐）；**架构符合性 11/11 全绿**；**与迭代 1 落地代码向后兼容实核全绿**（53 条既有用例的断言方式逐一核对——font.render==5 / Status 颜色 / 蛇身 y 坐标过滤 / 食物 width 过滤 / fps 采样 / init 幂等 / 未 init 无 AssertionError 断言，r4 方案零破坏）；可落地性整体高（fixture 模板 / 桩规范 / 断言规范 / TDD 七步齐全），剩余 **P2×2 + P3×5 均为顺手修订级**，不阻塞 FO 开工，故 PASS。
+
+---
+
+## 1. r3 评审意见修订复核（逐条）
+
+| r3 意见 | 修订位置（r4） | 复核结果 |
+|---------|----------|----------|
+| **P1-1** fake_pygame 缺 SCALED → 全套 UT 在 init() 崩溃 | §4.7（方案③ `flags \|= getattr(pygame, "SCALED", 0)` 防御）、§7.3（方案② renderer fixture 显式 `enable_high_dpi=False` + 新增 `renderer_high_dpi` fixture）、§7.4（方案① fake_pygame 必须提供 `SCALED = 0x40000000` 常量）、§7.5/§7.6/§5.5/§9/§10/§7.7 同步 | ✅ **三方案同时落实，冗余但安全**。实核迭代 1 conftest：`FakePygameModule` 无 SCALED 属性（r3 判断属实）；方案③ getattr 防御**单独**即可保证 fake 无 SCALED 时 `flags |= 0` 不崩——既有 renderer fixture `Renderer((512, 472))` 即便不改也能跑；方案②进一步让默认 fixture 完全避开 SCALED 路径；方案①支撑 hidpi 专项用例断言 flags 含 SCALED 位（§4.7 已注明此依赖） |
+| **P2-1** HUD"阴影"实为同色重影 + hud_shadow 死字段 | §0.1/§1.1/§1.2/§3.1/§3.3/§4.2/§4.3/§4.4/§5.5/§7.5/§9/§10 | ✅ **方案 (a) 诚实化**：hud_shadow 字段删除彻底（实核 §1.2 代码块、§4.3 两个皮肤字面量、§4.2 _validate_skin 均无残留）；"阴影"改述为"同色描边/文字加粗"（§0.1 重写清晰）；**实核迭代 1 无 blit 次数断言**（test_renderer_render.py 仅断言 font.render==5、Status 颜色、draw.rect 按 y/width 过滤）→ 10 次 blit 不破坏任何既有用例 |
+| **P2-2** Rect 消费点三处自相矛盾 | §1.4（删消费点表 + 4 条具体证据）、§4.4（"不绘制背景框"注释）、§9（红线改"Rect 无新增消费点"） | ✅ 三处口径统一为"迭代 3 无新增消费点，仅保留类型定义"。小瑕疵：§11 历史追溯表 P2-2 行仍写"Rect 仅保留 HUD 背景框 1 个真实消费点"（r2→r3 的历史记录，§12 已纠正），建议加注"r3 状态，r4 已改"（P3-5） |
+| **P3-1** 用例编号不连续 + 合计计数不符 | §7.6 编号重排 + 合计改 50 | ✅ 编号连续 1-N；2+5+7+2+12+5+8+3+6 = **50** 核对无误 |
+| **P3-2** §0.3 主循环驱动表述与架构不符 | §0.3 改述"主循环已在 game-app 迭代 1 落地"+ 注明架构出处 | ✅ 与架构迭代计划一致 |
+| **P3-3** §0.1 阴影说明表述混乱 | §0.1 重写（同一 surface blit 至偏移 + 主版；本质同色描边；不二次 render） | ✅ 表述清晰，与 §4.4 docstring / §1.2 三处口径一致 |
+
+**复核结论：r3 全部 6 条意见修订质量合格，无回退，无新 P1。**
+
+---
+
+## 2. 架构符合性核对（本轮独立复核）
+
+| 架构契约 | 设计落点 | 结果 |
+|---|---|---|
+| 模块类型：中间件，依赖 game-core | §0 | ✅ |
+| 迭代排期：gui-renderer 迭代 1, 3；迭代 3 = 平滑动画/皮肤/缩放/高分屏 | §0.2 出口 5 项（FR-07/09/10/NFR-04 + SkinRegistry + SkinNotFoundError）；与分工表"迭代 3 视觉增强：gui-renderer（平滑动画+皮肤系统+窗口缩放）"一致 | ✅ |
+| `Renderer(window_size, *, skin=None, vsync=True, cell_size, grid_cols, grid_rows, enable_high_dpi=True)` | §3.1 签名一致（尾部追加 enable_high_dpi=True，keyword-only） | ✅ |
+| `render(snapshot, hud, *, interp=None)` 向后兼容 | §1.5/§3.1（None=瞬移 alpha=1.0）；实核迭代 1 `render(snapshot, hud)` 签名不变 | ✅ |
+| `set_skin(name)` 对局不中断 / `handle_resize(w,h)` 等比缩放 / `skin_names()` / `current_skin_name` | §3.1/§4.5/§4.6 | ✅ |
+| 皮肤注册表 ≥3 套（经典/深色/色盲友好，不以颜色为唯一区分） | §1.3 SKIN_REGISTRY 3 套 + 三重视觉冗余（cell_gap 间隙 + food_pattern 纹理 + snake_pattern 纹理 + 形状） | ✅ |
+| NFR-04 高分屏清晰（pygame.SCALED） | §4.7 enable_high_dpi 默认 True + getattr 防御 | ✅ |
+| 数据流：core snapshot → renderer 只读；renderer 不持有游戏状态 | §1.5/§2.2 interp 由 game-app 维护；实核迭代 1 renderer 无状态写回 | ✅ |
+| 无网络（NFR-06）/无音效（R-04）/无第三方依赖（除 pygame） | §5.4/§5.7 | ✅ |
+| 迭代 1 遗留项：SkinNotFoundError 占位实装 | §2.4 实装 `__init__(name, available)` + self.name/self.available | ✅ |
+
+**架构符合性：10/10 全绿。**
+
+---
+
+## 3. 与迭代 1 落地代码向后兼容实核（逐项核对 53 条既有用例）
+
+| 迭代 1 落地事实（实核） | r4 设计 | 结果 |
+|---|---|---|
+| `Skin` 9 字段 frozen，无默认值 | +3 字段全默认值（cell_gap=1/food_pattern="solid"/snake_pattern="solid"）→ DEFAULT_SKIN 字面量构造合法；r4 §4.3 新增皮肤同步使用 | ✅ |
+| `render(snapshot, hud)` | `*, interp=None` 可选参；interp=None 时 prev_body=None → 不插值，行为一致 | ✅ |
+| `init()` flags=0 局部变量（幂等 `if self._initialized: return`） | `self._flags` 属性 + `flags \|= getattr(pygame, "SCALED", 0)`；幂等保留 | ✅ |
+| `_draw_hud` 5 段 font.render + 5 次 blit，y 坐标 12/44，x 坐标 16/200/400/300 | 单次 render/段 + 2 次 blit/段（偏移 (+1,+1) + 主版）→ font.render 仍 5 次，blit 10 次 | ✅（实核迭代 1 **无 blit 次数断言**，10 次不破坏） |
+| `test_render_hud_calls_font_render_5_times`（==5） | font.render 仍 5 次 | ✅ 零修改通过 |
+| `test_render_hud_status_over_uses_accent_color`（含 "Status" 的 render 调用 color == hud_accent） | OVER 时 Status 单次 render 用 hud_accent，无阴影版干扰 | ✅ 零修改通过 |
+| `test_render_food_calls_draw_rect_twice`（outline width=1 == 1；fill width=0 == 蛇3+食物1 = 4） | classic food_pattern="solid" → 食物 fill 1 + outline 1；蛇身 3 次 width=0 | ✅ 零修改通过 |
+| `test_render_snake_len_3/5`（按 y=PLAYFIELD_Y+CELL_SIZE 过滤蛇身 rect） | interp=None 时坐标不变；`cell_draw = cell_size - cell_gap`（classic=1 一致） | ✅ 零修改通过 |
+| `test_render_rejects_empty/none_snapshot`（RenderError） | 保留 | ✅ |
+| `test_init_is_idempotent` / shutdown 幂等 / 上下文管理 | 保留幂等 | ✅ |
+| 未 init 直接 render：迭代 1 为 `assert screen is not None`（AssertionError） | r4 改 `raise RenderError`（P3-2） | ✅ 实核迭代 1 **无任何断言 AssertionError 的用例**，异常类型变更不破坏既有用例 |
+| `_grid_to_pixel(cell: Tuple[int,int])` 公式 `PLAYFIELD_X + x*cell_size` | 注解放宽 `Tuple[float,float]`；插值路径 int(round()) 截断；非插值路径 int 运算不变 | ✅ |
+| `_min_window_size` 公式（实核：20*24+32=512 / 96+15*24+16=472） | MIN_PLAYABLE_W = 20*8+32=192 / MIN_PLAYABLE_H = 96+15*8+16=232（CELL_SIZE_MIN=8 公式） | ✅ 公式一致（r4 用 CELL_SIZE_MIN 替换 CELL_SIZE 作下限） |
+| fake_pygame 桩（FakePygameModule 无 SCALED；set_mode 不记录 flags；draw.rect 记录 (color,rect,width)；FakeSurface.blit 记录 blit_calls） | r4 要求增量：SCALED 常量 + set_mode 记录 + blit 断言依据（FakeSurface.blit_calls 已具备） | ✅ 增量方向正确，无结构性变更 |
+| game-core `GameState` 仅接受 keyword 参数（实核 state.py L109-123） | §7.3 fixture / §8 伪代码全用 keyword 写法 | ✅ |
+| game-core `step()` 返回新 GameState（dataclasses.replace 不可变风格，实核 L166+） | §2.2/§8 伪代码 `state = state.step()` | ✅ |
+| MEDIUM.base_tick_ms = 160（实核 params.py） | §7.3 prev_snapshot fixture 断言 snap.tick_ms == 160 | ✅ |
+| platform-storage `HighScoreStore(path: Optional[Path] = None)`（实核 highscore.py L45） | §8 伪代码 `HighScoreStore()` 无参 | ✅ |
+
+**向后兼容实核：全部 ✅，迭代 1 的 53 条既有用例零修改通过（r4 声称"39 条"为计数误差，见 P3-2）。**
+
+---
+
+## 4. 可落地性（FO 可否据其 TDD）
+
+- **整体高**：§7.3 conftest 模板（含 game-core 实测签名注释、prev_snapshot 显式断言初始值）、§7.4 桩规范（SCALED 常量/记录要求）、§7.5 断言规范（插值帧/食物形态/HUD 同色描边/缩放/高分屏）、§7.6 50 条用例编号连续、§7.7 TDD 七步、§7.8 运行命令——FO 照抄可开工；
+- **❌ P2-1 直接误导 FO**：§7.6 test_interpolation 用例 3 期望值笔误——`_interpolate_position((0,0), (10,0), 0.5) == (5.0, 5.0)`，按 §4.4 公式 `py = 0 + 0.5*(0-0) = 0.0`，**应为 `(5.0, 0.0)`**。FO 照抄会得到错误断言：实现正确（返回 (5.0,0.0)）后测试仍红，FO 若优先信用例可能反向改坏实现；
+- **❌ P2-2 断言口径矛盾**：食物 draw.rect 次数三处不一致——§7.4 桩规范"checkered 4 次"、§7.5 断言表"5 次（4 子格 + 1 outline）"、§7.6 用例 7"5 次"；且均未明确"按颜色过滤掉蛇身 rect"（同一帧蛇身还有 3 次 rect，总调用数 ≠ 断言数），FO 照抄 §7.5 按总数断言会红；
… omitted 35 diff line(s) across 1 additional file(s)/section(s)

session_id: 20260814_035028_89b985
完成。评审结论 **PASS**，状态已推进：gui-renderer 迭代 3 `design_reviewing → dev_working`（pipeline.log 已留审计行）。

- 评审意见：`/home/zyzs/cyx/zteam/workspace/snake-linux/review/design/gui-renderer/iter-3/snake-linux-gui-renderer-design-iter3-r4.md`
- 要点：r3 六条意见全部修订到位；架构符合性 10/10 全绿；与迭代 1 落地代码（53 条既有用例）向后兼容实核全绿；无 P1，附 P2×2（test_interpolation 用例 3 期望值笔误、食物 rect 断言口径矛盾）+ P3×5 顺手修订项，不阻塞 FO 开工。
