  ┊ review diff
a/workspace/snake-linux/review/code/game-app/iter-3/游戏-app-代码检视-iter3.md → b/workspace/snake-linux/review/code/game-app/iter-3/游戏-app-代码检视-iter3.md
@@ -0,0 +1,228 @@
+# 模块内代码检视：game-app（snake-linux v2.0.0 迭代 3）
+
+> 检视人：MDE
+> 设计：`snake-linux/design/game-app/设计-iter3-r2.md`（SE r1 评审 FAIL → r2 全部落地）
+> 代码：`snake-linux/code/game-app/iter-3/`（iter-3 不新建代码目录，沿用 iter-1 源码目录增量修改）
+> 测试：`snake-linux/code/game-app/iter-3/tests/test_game_app/`（67 通过）+ iter-1（181 通过）
+> UT 运行：`pytest snake-linux/code/game-app/iter-3/tests/ -v` → **67 passed**
+> `pytest snake-linux/code/game-app/iter-1/tests/ -v` → **181 passed**（iter-2/3 沿用无回归）
+
+---
+
+## 结论：PASS
+
+| 检查项 | 结果 | 备注 |
+|---|---|---|
+| 1. 实现与模块设计一致（数据结构 / 接口 / 流程） | ✅ | G3-1/2/3/4/5 全部落地；r2 修订（r2-1 插值链路自洽 / r2-2 VIDEORESIZE 契约 / r2-3 _prev_snap 生命周期 / r2-4 skin_names 派生 / r2-5 InputAction=18 / r2-6 snap 参数防御 / r2-7 prev_food 始终传）全部一致 |
+| 2. 实现细节质量（边界 / 异常 / 资源释放） | ✅ | SkinNotFoundError / RenderError / StorageError 兜底齐全；OVER 后 _prev_snap=None；退出码 0/1/2 路径完整；不抛/不退/不中断游戏的不变量（INV-15）实测守住 |
+| 3. 可测试性（UT 可写可跑） | ✅ | 67 iter-3 UT 全绿；fake_pygame + fake_renderer_iter3 + fake_storage 三桩 + monkeypatch `create_storage`/`Renderer` 注入顺序符合 G3-R-P1-A/B；fixture 间互不泄漏 |
+| 4. 代码风格符合架构约定 | ✅ | 单一职责 / no 全局变量 / R3-2 不读 renderer 私有 / R3-10 __init__ 不构造 Renderer / R3-12 CJK 字体回退链 / 退出码语义 |
+
+---
+
+## 1. 实现与设计一致性逐项核对
+
+### 1.1 数据结构（G3-1 / G3-3 / G3-4）
+
+| 设计 § | 项 | 代码落点 | 一致 |
+|---|---|---|---|
+| §1.1 `InputAction` enum = 18（iter-2 15 + iter-3 3，r2-5 修订） | `input.py:38-58` | `InputAction.QUIT...UNFOCUS + SET_SKIN_PREV/SET_SKIN_NEXT/RESIZE`，共 18 项 | ✅ |
+| §1.1 `AppConfigV3`（frozen, 继承 AppConfig, +enable_high_dpi） | `config.py:46-58` | 完全对齐；__post_init__ 不重写（bool 无非法值）；ConfigError 父类继承 | ✅ |
+| §1.2 `_skin_index: int = 0` 默认（r2-4 修订派生用 `skin_names()[_skin_index]`） | `app.py:121` | 实现一致 | ✅ |
+| §1.2 `_prev_snap: Optional[Snapshot] = None`（r2-1/r2-3） | `app.py:122` | 实现一致 | ✅ |
+| §1.4 字段汇总（_difficulty / _high_score / 字体 / clock 等） | `app.py:114-126` | 与设计 §1.4 完全对应 | ✅ |
+
+### 1.2 输入映射（G3-1 / G3-2）
+
+| 设计 § | 项 | 代码落点 | 一致 |
+|---|---|---|---|
+| §3.3 / §4.3 `_map_event` 不感知屏态 | `input.py:130-167` | ✅ 与设计一致 |
+| §4.3 K_LEFT → SET_SKIN_PREV | `input.py:150-151` | ✅ |
+| §4.3 K_RIGHT → SET_SKIN_NEXT | `input.py:152-153` | ✅ |
+| §4.3 K_a 仍为 MOVE_LEFT（不映射皮肤） | `input.py:159-160` | ✅（注释已明示 K_LEFT 永远不走到这里；逻辑正确，仅 dead `or k == K_LEFT` 不美观，详 §3.4） |
+| §4.3 VIDEORESIZE → RESIZE | `input.py:144-146` | ✅（r2-2 契约前置：依赖 gui-renderer iter-3 落实 RESIZABLE，**该契约尚未落实**，详 §4） |
+| §4.3 总数 = 18（r2-5 修订） | `test_input_map.py` | ✅ UT 显式断言 `test_skin_actions_exist` / `test_resize_action_exists` |
+
+### 1.3 状态机分发（G2-1 / G2-7 / G3-1 / G3-2）
+
+| 设计 § | 项 | 代码落点 | 一致 |
+|---|---|---|---|
+| §4.4 `_drain_events` VIDEORESIZE 同步处理、不入 actions | `app.py:200-203` | ✅ |
+| §4.4 `_drain_events` SET_SKIN 屏态分发：MENU 同步处理、其他态透传 MOVE_* | `app.py:205-211` | ✅ |
+| §4.4 `_switch_skin` 循环索引 + SkinNotFoundError 兜底 | `app.py:241-262` | ✅（assert _renderer / 空注册表防御 / try-except SkinNotFoundError → stderr） |
+| §4.4 `_handle_resize` RenderError 兜底 stderr 不中断 | `app.py:268-278` | ✅ |
+| §4.4 `_new_game` 首行 `self._prev_snap = None`（r2-3 修订） | `app.py:280` | ✅ |
+| §4.5 `_tick` step **前**保存 _prev_snap（r2-1 全链修订） | `app.py:295-313` | ✅（与 r1 错版"step 后保存"区分明确） |
+| §4.6 `_interpolation_state` 真实 Chebyshev 距离防御（r2-3 修订） | `app.py:350-375` | ✅（`max(|dx|, |dy|) > 1 → None`，与 renderer `_grid_distance` 一致） |
+| §4.6 alpha 公式 = `elapsed_in_tick / tick_ms`（r2-1 修订，非 `1.0 - ...`） | `app.py:383-385` | ✅ |
+| §4.6 删除 `self.game_state is None` 冗余检查，改为 `if snap is None`（r2-6 修订） | `app.py:345-346` | ✅ |
+| §4.6 `prev_food` 始终传（r2-7 修订，不再 None 兜底） | `app.py:389` | ✅ |
+| §4.7 `_init_pygame` isinstance AppConfigV3 判定 enable_high_dpi | `app.py:151-156` | ✅（iter-2 AppConfig 兜底 True，向后兼容） |
+| §4.4 `_dispatch_over(BACK_TO_MENU)` 重置 game_state=None（INV-7） | `app.py:247-249` | ✅ |
+
+### 1.4 主循环骨架（§4.2）
+
+| 项 | 落点 | 一致 |
+|---|---|---|
+| `run` / `_run_loop` / `_drain_events` / `_dispatch` / `_tick` | `app.py:131-216` | ✅ 主循环 ≤ 30 行原则守住 |
+| 退出码 0/1/2 + R3-15 shutdown 兜底（`finally: self._renderer.shutdown()`） | `app.py:131-151` | ✅ |
+| 失焦检测仅 PLAYING 态追加 UNFOCUS | `app.py:219-225` | ✅ |
+
+### 1.5 `menu.py`（G3-5）
+
+| 设计 § | 项 | 代码落点 | 一致 |
+|---|---|---|---|
+| §3.7 `draw_menu` 加 `current_skin_name: str = "classic"` 形参 | `menu.py:25,36,55-61` | ✅（默认值保持向后兼容；新行在 y=315，难度选项 y=220-292 与最高分行 y=340 之间） |
+| §4.9 提示行加 ← → 切皮肤 | `menu.py:71-76` | ✅ |
+| draw_game_over / draw_pause_overlay 沿用 iter-2 | `menu.py:88,131` | ✅ |
+
… omitted 150 diff line(s) across 1 additional file(s)/section(s)

session_id: 20260814_165546_c8266a
Status is correctly migrated to `it_working` after the PASS. The first call succeeded, the second call found the state already advanced (which is expected idempotent behavior). My review file is in the `reviews[]` list.

任务完成——MDE 代码检视 PASS，review 落盘到 `snake-linux/review/code/game-app/iter-3/游戏-app-代码检视-iter3.md`，状态已迁移到 `it_working`。
