  ┊ review diff
a/workspace/snake-linux/review/design/game-app/iter-4/snake-linux-game-app-design-iter4-r1.md → b/workspace/snake-linux/review/design/game-app/iter-4/snake-linux-game-app-design-iter4-r1.md
@@ -0,0 +1,119 @@
+# SE 评审意见：game-app 迭代 4 功能模块设计（设计-iter4-r1，首发）
+
+> 评审人：SE · 2026-08-14
+> 评审对象：`snake-linux/design/game-app/设计-iter4-r1.md`（MDE r1 首发，1801 行）
+> **流程问题提示**：MDE 产物落盘位置错误——文件实际位于 `zteam/snake-linux/design/game-app/`（git 未跟踪新目录），而非流水线约定的 `workspace/snake-linux/design/game-app/`（与 modules.json `design.product` 不一致）。本评审意见按约定写入正确位置。
+> 评审基线：架构 `snake-linux/arch/v2.0.0/架构设计.md` + `功能模块分工表.md`（迭代 4 出口 = 验收 5 开箱即用/6 性能/7 兼容矩阵）；需求规格 `snake-linux/analysis/snake-gui-r1.md`（approved，FR-14/15/16、NFR-01/02/03/04/07）；依赖契约实核 `code/game-core/iter-2/game_core/`（it_passed）、`code/gui-renderer/iter-3/gui_renderer/`（it_passed）、`code/platform-storage/iter-2/platform_storage/`（it_passed）；代码基线 `code/game-app/iter-3/game_app/`（it_passed）
+
+## 结论：FAIL
+
+设计在**迭代边界、出口对齐、错误处理体系设计**上方向正确（迭代 4 = FR-14/15/16 + NFR-01/02/03/04/07，与架构迭代 4 出口验收 5/6/7 一致；退出码 0/1/2/3 + 3 类非致命警告 + HiDPI 降级 + CJK 内置字体 + 三平台打包矩阵的设计意图合理），但存在 **4×P0 可落地性缺陷**（FO 无法据以 TDD 出可用产物）与 **4×P1**（含 1 项流程级产物位置错误），须修订后复审。
+
+## 一、通过项（架构遵循度 + 设计意图）
+
+- **迭代边界与需求对齐** ✓：迭代 4 范围 = FR-14 三平台打包 + FR-15 跨平台一致 + FR-16 用户指南 + NFR-01/02 性能 + NFR-03 错误提示 + NFR-07 发布物，与架构 §迭代计划迭代 4 出口（验收 5/6/7）及分工表完全一致；FR-13/NFR-06 等明确不在本迭代。
+- **约束遵循** ✓：不引入 pygame + PyInstaller 外第三方；无音效（R-04）、无网络（NFR-06）、零配置文件（架构 §配置模型）；依赖边界仅公开 API（附录 F 逐条实核了 game-core/gui-renderer/platform-storage 契约，抽查与锁定代码一致——`set_direction` 返回新 GameState、`HighScoreStore` 原子写、`Renderer` 构造签名）。
+- **错误体系设计** ✓：退出码 0/1/2/3 语义清晰（§1.1/§3.7/§4.2），建议字段 + stderr 可读提示符合 NFR-03 意图；HiDPI 降级（INV-18）、CJK 字体回退（INV-19/20）、平台版本警告（INV-17）覆盖了可预见失败面；错误矩阵 §5.6 与鲁棒性 §5.5 场景齐全。
+- **最小侵入** ✓：增量入口 4 处（errors.py/`_init_pygame`/`_load_cjk_font`/scripts），不新建 iter-4 代码目录（同 v2.0.0 一个发布单元，与 iter-3 先例一致）；主循环骨架沿用，符合架构"不重写"原则。
+- **UT 矩阵设计** ✓：ERR/HIDPI/PLAT/FONT/PERF/GUIDE/REL/SHA/BUILD/SPEC 10 组 ~33 用例全部给出输入-断言；6 阶段 TDD 步骤（错误处理 → 字体 → 性能 → 打包 → 文档 → e2e）顺序合理；conftest 新增 fake_warnings/app_iter4 fixture 与既有 fake_pygame/fake_storage/fake_renderer_iter3 兼容。
+
+## 二、P0（阻塞，FO 无法据以产出可用实现）
+
+### P0-1：spec 打包缺依赖模块收集 → 产物运行必崩（FR-14 不可达）
+
+**位置**：§4.9 `spec/snake-gui.spec`（`pathex=[GAME_APP_DIR]`、`collect_submodules("platform_storage"/"gui_renderer")`）。
+
+**实核**：`game_app/app.py` 顶层 `from game_core import ...`、`from gui_renderer import ...`、`from platform_storage import StorageError`；`game_app/menu.py` `from game_core import Difficulty`。但：
+- 三个依赖包**未安装**（`pip list` 无；`python3 -c "import game_core"` → ModuleNotFoundError），pytest 靠 `pytest.ini` 的 `pythonpath = ../../game-core/iter-2` 等相对路径解析；
+- spec `pathex` 仅含 `GAME_APP_DIR`（`code/game-app/iter-3/game_app`），`collect_submodules("platform_storage")`/`collect_submodules("gui_renderer")` 在 Analysis 环境中**找不到模块**（collect_submodules 对未安装且不在 pathex 的包返回空），PyInstaller 只会报 hidden import 警告后继续 → **产物缺失 game_core/gui_renderer/platform_storage，启动即 ImportError**。
+
+**要求**：spec `pathex` 增加 `code/game-core/iter-2`、`code/gui-renderer/iter-3`、`code/platform-storage/iter-2` 三个绝对路径（或构建脚本构建前 `pip install` 三包），并在构建脚本中体现；FO 冒烟验证须包含"干净机器上产物可启动"（当前 BUILD-1 只验证文件生成，不验证启动）。
+
+### P0-2：`get_bundled_font_path` 查找路径与 spec datas 目标目录不匹配 → 内置字体永远加载不到（G4-5 失效，INV-20 不可达）
+
+**位置**：§1.3 `_constants.py get_bundled_font_path()` vs §4.9 spec `datas = [(..., "fonts")]`。
+
+**实核**：
+- spec `datas` 目标为 `"fonts"` 目录 → PyInstaller 解压后文件在 `_MEIPASS/fonts/SourceHanSansCN-Regular.otf`；
+- `get_bundled_font_path()` 却查找 `os.path.join(meipass, BUNDLED_FONT_FILENAME)` = `_MEIPASS/SourceHanSansCN-Regular.otf`（根目录，**不在 fonts/ 子目录**）→ 找不到；
+- 源码模式：`here = dirname(__file__)`（`_constants.py` 位于 `game_app/` 根）→ 查找 `game_app/SourceHanSansCN-Regular.otf`，但 §4.1 文件树字体在 `game_app/fonts/` 子目录 → **同样找不到**。
+
+**要求**：统一为 `_MEIPASS/fonts/` 与 `game_app/fonts/` 两条候选路径（或 datas 目标改为 "."）。否则内置字体机制形同虚设，永远走 match_font 回退链（INV-20 断言第 1 优先级不可达，FONT-1 UT 必红）。
+
+### P0-3：`error_to_exit_code` 映射顺序 bug → 退出码 2/3 永远返回 1（ERR-5 UT 必红）
+
+**位置**：§3.7 `_EXIT_CODE_MAP` + `error_to_exit_code()`。
+
+**实核**：dict 按插入顺序遍历 `ConfigError(1) → AppError(1) → GraphicsUnavailableError(2) → StorageUnavailableError(3)`；`GraphicsUnavailableError`/`StorageUnavailableError` 均为 `AppError` 子类，`isinstance(gi, AppError)` 在遍历到第 2 项时即命中 → **返回 1**，精确类型分支（2/3）永远不可达。注释"优先级：精确类型 > 基类"与实现相反。注意 §4.2 `run()` 的 except 顺序（精确类型在前）是正确的，两处不一致。
+
+**要求**：`_EXIT_CODE_MAP` 精确子类排在基类之前（GraphicsUnavailableError → StorageUnavailableError → ConfigError → AppError 兜底），或改为 `type(error) in map` 精确匹配 + isinstance 兜底；补充 ERR-5 断言已在设计中，实现须与之相符。
+
+### P0-4：性能基准脚本 import 路径错误 → NFR-01/02 实测脚本跑不起来（验收 6 依赖实测留档）
+
+**位置**：§4.11.1 `bench_fps.py`、§4.11.2 `bench_memory.py`。
+
+**实核**：
+1. `bench_fps.py`：`sys.path.insert` 仅加 `code/game-app/iter-3`，随后 `from game_core import Difficulty` —— game_core 位于 `code/game-core/iter-2/`，不在 sys.path 且未安装 → **ImportError**；
+2. `from perf import TARGET_FPS, ...` —— `perf.py` 在 `game_app/` 包内（§4.1 文件树 `game_app/perf.py`），`from perf import` 找不到顶层 `perf` 模块（iter-3 目录下无 perf.py）→ **ImportError**，应为 `from game_app.perf import ...`；
+3. `bench_memory.py`：**无任何 sys.path 引导**，直接 `from game_app import App` / `from perf import ...`，脚本在 `scripts/` 下运行时 sys.path[0]=`scripts/` → **ImportError**。
+
+**要求**：三个依赖包路径（`code/game-core/iter-2`、`code/gui-renderer/iter-3`、`code/platform-storage/iter-2`）+ `iter-3` 目录统一加入 sys.path；`from perf import` 改为 `from game_app.perf import`（或经 game_app re-export）。基准脚本是 NFR-01/02 唯一实测留档手段，跑不起来 = 验收 6 无证据。
+
+## 三、P1（须修订，FO 落地前闭环）
+
+### P1-1：主循环内 StorageUnavailableError 退出码与错误矩阵矛盾
+
+**位置**：§4.2 `run()` 主循环 `except AppError as e: return 1` vs §5.6 错误矩阵"`score_callback` 内 `storage.save` 失败 → 退出码 3"。
+
+**实核**：`score_callback` 在 `_tick` → `step` 链内执行，若 `save` 抛 `StorageUnavailableError`（AppError 子类），被主循环 `except AppError` 捕获 → **返回 1**，与错误矩阵声明（退出码 3）矛盾。`_dispatch_menu(RESET_HIGHSCORE)` 路径同理（若在 `_init_pygame` 之外触发）。
+
+**要求**：主循环 except 顺序补 `StorageUnavailableError → 3`（与 §4.2 `_init_pygame` 段一致），或错误矩阵改述为 1——二选一，必须一致。
+
+### P1-2：Windows 平台版本检查取错字段 → 判断永不触发
+
+**位置**：§4.7 `_check_platform_version()`。
+
+**实核**：`platform.win32_ver()` 返回 `(version, hostname, build, platform)`，`[1]` 是 **hostname**（如 "DESKTOP-ABC"），非版本号；`int("DESKTOP-ABC".split(".")[0])` 抛 ValueError → 被 `except (ValueError, IndexError): pass` 吞掉 → **Windows <10 检查永远不触发**。PLAT-2 在 mock 下可能过，真机失效。
+
+**要求**：改用 `platform.win32_ver()[0]`（NT 版本 "10"）或 `platform.release()`；补真机/`platform` 桩断言。
… omitted 41 diff line(s) across 1 additional file(s)/section(s)

session_id: 20260814_173007_3cae76
状态已落定：`design_working`（FAIL → 等 MDE 修订后重新 DONE）。任务完成，按指令无需汇报，简要留档：

SE 评审完成：game-app iter-4 设计 **FAIL**（4×P0 + 4×P1 + 6×P2）。

- 评审意见：`/home/zyzs/cyx/zteam/workspace/snake-linux/review/design/game-app/iter-4/snake-linux-game-app-design-iter4-r1.md`
- 状态：`MODULE_DESIGN snake-linux/game-app iter-4 FAIL -> design_working`（pipeline.log 已审计）

核心 FAIL 理由（均可落地实核，非文档层面）：
1. P0-1 spec 打包缺 game-core/gui-renderer/platform-storage 路径（依赖包未安装、pathex 不全）→ 产物启动即 ImportError；
2. P0-2 get_bundled_font_path 查 `_MEIPASS/` 根而 datas 目标是 `fonts/` 子目录 → 内置字体永远加载不到；
3. P0-3 error_to_exit_code 遍历顺序（基类 AppError 在前）→ 退出码 2/3 永远返回 1，ERR-5 UT 必红；
4. P0-4 bench_fps/bench_memory import 路径错误（game_core 不在 sys.path、`from perf` 应为 `from game_app.perf`）→ NFR-01/02 实测脚本跑不起来。

另附流程级 P1：MDE 把设计产物写到了 `zteam/snake-linux/`（误建未跟踪目录），而非 `workspace/snake-linux/design/game-app/`——修订时需迁移并清理。
  ┊ review diff
a/workspace/snake-linux/review/design/game-app/iter-4/snake-linux-game-app-design-iter4-r2.md → b/workspace/snake-linux/review/design/game-app/iter-4/snake-linux-game-app-design-iter4-r2.md
@@ -0,0 +1,55 @@
+# SE 评审意见：game-app 迭代 4 功能模块设计（设计-iter4-r2，SE 修订复审）
+
+> 评审人：SE · 2026-08-14
+> 评审对象：`workspace/snake-linux/design/game-app/设计-iter4-r2.md`（MDE r2 修订版，1957 行）
+> 评审基线：架构 `snake-linux/arch/v2.0.0/架构设计.md` + `功能模块分工表.md`（迭代 4 出口 = 验收 5 开箱即用/6 性能/7 兼容矩阵）；需求规格 `snake-linux/analysis/snake-gui-r1.md`（approved，FR-14/15/16、NFR-01/02/03/04/07）；前序评审 `review/design/game-app/iter-4/snake-linux-game-app-design-iter4-r1.md`（FAIL：4×P0 + 4×P1 + 6×P2）
+> 独立实核（本评审逐条复核，非采信设计自述）：依赖包源码 `code/game-core/iter-2/game_core/`、`code/gui-renderer/iter-3/gui_renderer/`、`code/platform-storage/iter-2/platform_storage/`（均 it_passed）；代码基线 `code/game-app/iter-3/game_app/`（it_passed）；pytest 配置 `code/game-app/iter-3/pytest.ini`
+
+## 结论：PASS
+
+r2 已**逐条闭环** r1 评审的 4×P0 + 4×P1 + 6×P2（附录 D 修订对照表完整、编号一一对应），并经本次独立实核确认**修订后代码可落地**：三依赖包路径存在且 `pathex` 补齐后 PyInstaller 收集链成立、`fonts/` 子目录与 spec `datas` 目标一致、退出码映射精确子类优先逻辑推演正确、bench 脚本 sys.path/导入路径与源码布局吻合、主循环/错误矩阵退出码语义统一。**FO 可据本文 TDD 产出可用产物**。残留 3 项 P2 级提示（见 §四），不阻塞，FO 落地时一并处理。
+
+## 一、r1 P0 修订闭环实核（全部通过）
+
+| 编号 | r1 问题 | r2 修订 | SE 独立实核 |
+|------|---------|---------|-------------|
+| **P0-1** | spec 打包缺依赖模块收集 → 产物必崩 | §4.9 `pathex` 增 GAME_CORE_DIR / GUI_RENDERER_DIR / PLATFORM_STORAGE_DIR；BUILD-1 加"产物可启动"断言（3 秒内不抛 ImportError）；SPEC-4 UT | ✅ 实核：`game_app/app.py:54,62,68` 顶层 `from game_core/gui_renderer/platform_storage import`；三依赖包目录均存在且含包（`game_core/` `gui_renderer/` `platform_storage/`）；`pytest.ini pythonpath` 用相对路径解析——**打包场景必须靠 pathex，修订正确且必要** |
+| **P0-2** | `get_bundled_font_path` 与 datas 目标目录不匹配 → 内置字体永远加载不到 | §1.3 新增 `BUNDLED_FONT_SUBDIR="fonts"`，查找 `<_MEIPASS>/fonts/<file>` 与 `<game_app>/fonts/<file>`；spec `datas` 目标 `"fonts"`；FONT-6/SPEC-2 UT 断言一致 | ✅ 实核：两处路径现完全同构（`meipass/fonts/` ↔ `here/fonts/` ↔ datas `"fonts"`）；INV-20 第一优先级可达，FONT-1/6 UT 断言可绿 |
+| **P0-3** | `error_to_exit_code` 基类先命中 → 2/3 永远返 1 | §3.7 `_EXIT_CODE_MAP` 重排：ConfigError(1) → GraphicsUnavailableError(2) → StorageUnavailableError(3) → AppError(1 兜底)；附 ERR-5 推演断言 + ERR-6 UT | ✅ 实核（代码级推演）：isinstance 按插入序遍历，GraphicsUnavailableError/StorageUnavailableError 均在基类 AppError 之前命中；ConfigError 第 1 项命中返 1；普通 AppError 第 4 项兜底返 1。**逻辑正确**，注释"优先级：精确类型 > 基类"与实现一致（r1 时两者相反） |
+| **P0-4** | bench 脚本 import 路径错误 → NFR-01/02 实测跑不起来 | §4.11 两脚本 `sys.path.insert` 补三依赖包 + iter-3 目录；`from perf` 改 `from game_app.perf`；PERF-6 UT | ✅ 实核：`PROJECT_ROOT = dirname(scripts/..)` 拼接的四个路径与源码布局逐一相符；`game_app/__init__.py` re-export `App/AppConfigV3`（`from game_app import` 成立）；`game_core/state.py:156 set_direction -> "GameState"` 返回新状态（bench 内 `app.game_state = ...set_direction(...)` 成立）；`renderer.py:484 fps_metric()` 存在 |
+
+## 二、r1 P1 修订闭环实核（全部通过）
+
+| 编号 | r1 问题 | r2 修订 | SE 独立实核 |
+|------|---------|---------|-------------|
+| **P1-1** | 主循环 StorageUnavailableError 被 AppError 吞 → 返 1 与矩阵矛盾 | §4.2 主循环 `except StorageUnavailableError` 置于 `except AppError` 之前 → return 3；§5.6 错误矩阵明确 score_callback / dispatch_menu / save 三路径均映射 3；ERR-7 UT | ✅ 实核：except 顺序与 `_init_pygame` 段一致，语义统一；§5.6 矩阵行（mkdir/save/dispatch/score_callback → 3）与 §4.2 完全对应，无残留矛盾 |
+| **P1-2** | Windows 版本取 `win32_ver()[1]`（hostname）→ 判断永不触发 | §4.7 取 `win32_ver()[0]`（NT 版本），空值兜底 `platform.release()`；PLAT-2 UT 修订为 mock `("10", hostname, build)` | ✅ 实核：`win32_ver()` 返回 `(version, hostname, build, platform)`，取 `[0]` 正确；`int("10".split(".")[0])` 可解析，警告可达；双兜底（release()）防御合理 |
+| **P1-3** | build_macos.sh lipo 重建 bundle → 缺 Info.plist/资源 | §4.10.3 改 `cp -R dist/snake-gui-arm64.app dist/snake-gui.app` + `lipo -create -output .../Contents/MacOS/snake-gui`；BUILD-3 断言 Info.plist + 可执行二进制 | ✅ 实核：以 arm64 完整 .app 为基复制后仅替换二进制，bundle 结构保留；脚本逻辑自洽，BUILD-3 断言可达 |
+| **P1-4** | MDE 产物落盘位置错误（流程级） | §0 约束 13 + 附录 E issue-008 固化：产物固定 `workspace/snake-linux/design/game-app/` | ✅ 实核：r2 已正确落盘 `workspace/snake-linux/design/game-app/设计-iter4-r2.md`（与 modules.json `design.product` 一致）；误建目录 `zteam/snake-linux/` 残留 r1 副本 1 个（git 未跟踪），**清理动作未执行**——见 §四 P2-7 |
+
+## 三、通过项（架构遵循度 + 可落地性）
+
+- **迭代边界与架构对齐** ✓：迭代 4 = FR-14/15/16 + NFR-01/02/03/04/07，与架构 §迭代计划迭代 4 出口（验收 5/6/7）及分工表一致；不新建 iter-4 代码目录（沿用 iter-3 目录，与 modules.json iter-3.dev_product 一致，同 v2.0.0 一个发布单元）。
+- **约束遵循** ✓：零配置（不读 ini/env/YAML）、无网络（不 import socket/urllib/http/requests）、无音效（不 import pygame.mixer）、依赖边界仅公开 API；打包体积/签名公证等架构未要求项明确标注不实施（约束 11/12 + 附录 E）。
+- **最小侵入** ✓：增量入口仅 4 处（errors.py / _init_pygame / _load_cjk_font / scripts+spec+docs），主循环骨架沿用；r2 删除 `_on_bench_complete` 钩子声明（P2-4）后 docstring 与实现一致。
+- **错误处理体系完整** ✓：退出码 0/1/2/3 四类 + 3 类非致命警告（HiDPI/CJK/PlatformUnsupported）+ suggestion 字段 + stderr 可读提示；INV-17/18/19/20 不变量与 §5.5 鲁棒性表、§5.6 错误矩阵三方一致。
+- **TDD 可执行** ✓：§6.3 测试用例清单（33 用例：ERR-1~7/HIDPI-1~4/PLAT-1~3/FONT-1~6/PERF-1~6/GUIDE-1~3/REL-1~2/SHA-1~2/BUILD-1~3/SPEC-1~4）全部含输入-断言；§6.6 六阶段 TDD 步骤顺序合理（错误处理→字体→性能→打包→文档→e2e）；conftest 新增 `fake_warnings`/`app_iter4` 与既有 fixtures 兼容。
+- **流程产物位置** ✓：评审意见落盘 `review/design/game-app/iter-4/`（与 modules.json design.reviews 第 8 项一致）。
+
+## 四、P2（不阻塞，FO 落地时一并处理）
+
+| # | 位置 | 问题 | 建议 |
+|---|------|------|------|
+| P2-7 | `zteam/snake-linux/`（git 根） | r1 误建目录仍残留 `design/game-app/设计-iter4-r1.md` 一个文件（git 未跟踪），P1-4 的"清理误建目录"动作未执行；下游按 product 路径取文件不受影响，但 git 仓库残留脏目录 | MDE/运维删除 `zteam/snake-linux/` 目录（r1 已归档在 review/iter-4/ 与 workspace 下，无信息损失）；后续 spawn 校验落盘路径 |
+| P2-8 | §4.11 bench 脚本 | `app._init_pygame()` + `_render()` 依赖真实窗口（SDL 显示环境），headless CI 会失败；§6.6 步骤 24 已注明"真窗口性能验证"属手工清单，但 §6.3 PERF-2/3 的 mock 时间测的是判定逻辑非渲染链路 | 明确标注"bench 脚本仅真机/带显示环境运行"，UT 只测判定逻辑（现状设计即如此，仅需文档明示）；CI 中挂 `SDL_VIDEODRIVER=dummy` 时可降级为逻辑冒烟 |
+| P2-9 | §6.7 修订清单 | 实核 iter-3 测试目录（`tests/test_game_app/`）无 `test_app_iter3_storage.py` / `test_app_iter3_dispatch.py`，即**无既有用例断言 StorageUnavailableError → exit 1**；§6.7 清单为防御性"若存在"表述，实际零修订 | 清单保留（防御 iter-3 后续补测场景）；FO 落地时按清单 grep 复核即可，无需改动 |
+
+## 五、FO 落地提示（非问题，强化可落地性）
+
+1. **P0-1 冒烟**：BUILD-1 的"产物可启动"断言在干净环境（无 pythonpath 辅助）下才能暴露 ImportError——CI 冒烟建议用 `env -i` 或独立 venv 运行产物，避免宿主环境遮蔽。
+2. **spec datas 路径**：FO 需先确保 `game_app/fonts/SourceHanSansCN-Regular.otf` 文件存在（OFL 字体），spec `datas` 引用的是**源码目录**（`GAME_APP_DIR/fonts/`），与 `get_bundled_font_path` 的源码分支一致；下载字体属 FO 第一步（§6.6 步骤 6）。
+3. **退出码脚本消费**：`console=False`（--windowed）下 Windows/macOS 无控制台，stderr 建议文本不可见，但退出码仍可经 ERRORLEVEL/$? 获取——用户指南 §7 已列退出码表，符合设计意图。
+
+---
+
+> 复审结论：**PASS**。r1 的 4×P0 + 4×P1 + 6×P2 全部闭环并经独立实核；残留 P2-7~9 不阻塞，随 FO 落地处理。按 `release_module snake-linux game-app 4 design <本意见> PASS` 推进至 dev_working。

session_id: 20260814_175016_f116f3
任务完成。

- 评审对象：`workspace/snake-linux/design/game-app/设计-iter4-r2.md`（r1 已 FAIL，r2 为修订复审版）
- 结论：**PASS** — r1 的 4×P0 + 4×P1 + 6×P2 全部闭环，逐条独立实核通过（spec pathex 三依赖包、fonts/ 子目录与 datas 一致、退出码精确子类优先、bench 脚本 sys.path、主循环退出码 3 一致性、win32_ver()[0]、lipo 以完整 .app 为基）；残留 P2-7~9 不阻塞
- 评审意见：`workspace/snake-linux/review/design/game-app/iter-4/snake-linux-game-app-design-iter4-r2.md`
- 状态已推进：`MODULE_DESIGN snake-linux/game-app iter-4 PASS -> dev_working`（审计行已落 pipeline.log）

一处流程遗留提示：误建目录 `zteam/snake-linux/` 仍残留 r1 副本（git 未跟踪），建议 MDE/运维清理。
