  ┊ review diff
a/workspace/snake-linux/review/arch/v2.0.0/snake-linux-arch-v2.0.0-r1.md → b/workspace/snake-linux/review/arch/v2.0.0/snake-linux-arch-v2.0.0-r1.md
@@ -0,0 +1,86 @@
+# 架构评审意见：snake-linux v2.0.0（snake-gui）r1
+
+> PM 评审 · 依据：`arch/v2.0.0/架构设计.md` + `arch/v2.0.0/功能模块分工表.md` + 需求规格 `analysis/snake-gui-r1.md`（approved）
+> 评审日期：2026-08-13
+
+## 0. 评审结论
+
+- **结论：PASS**
+- 一句话理由：架构完整覆盖需求规格全部 16 条 FR、7 条 NFR 与边界约束，四模块分层（core/storage/renderer/app）职责单一、依赖单向无环、接口先行，迭代计划 1→2→3→4 依依赖串行推进且与分工表/modules.json 一致，无阻塞级问题；4 项建议与 1 项前置条件提醒不阻塞本轮。
+
+## 1. 需求覆盖核对（规格 → 架构落点）
+
+### 1.1 FR 覆盖（16/16）
+
+| FR | 内容 | 架构落点 | 结果 |
+|----|------|----------|:----:|
+| FR-01 | 经典玩法闭环（节拍/方向/吃食/得分/碰撞） | game-core：移动/吃食/碰撞/得分 + step() 节拍推进 | ✅ |
+| FR-02 | 反向移动禁止 | game-core set_direction 拒绝 180°（长度 1 除外，§关键约束） | ✅ |
+| FR-03 | 食物生成不重叠 | game-core step 内新食物排除蛇身（§关键约束） | ✅ |
+| FR-04 | 结束判定与画面（得分/重开/退出） | core status=over + game-app 结束界面流程 | ✅ |
+| FR-05 | 难度分级（三档/不可切换） | core Difficulty 枚举 + 参数表 250/160/100 + GameState 固化无运行中切换接口 | ✅ |
+| FR-06 | 图形界面渲染 | gui-renderer（Pygame 蛇/食物/背景/HUD） | ✅ |
+| FR-07 | 平滑动画 | gui-renderer 平滑插值动画 | ✅ |
+| FR-08 | 美观基线 | gui-renderer 配色/HUD/辨识度 + 皮肤系统 | ✅ |
+| FR-09 | 窗口等比缩放自适应 | gui-renderer handle_resize（最小尺寸提示见 A-3） | ✅* |
+| FR-10 | 皮肤系统 ≥3 套（深色/色盲友好/对局不中断） | gui-renderer set_skin + 注册表（色盲叠加形状/纹理，不唯颜色） | ✅ |
+| FR-11 | 开始/重开/退出，1 秒内干净退出 | game-app 界面流程 + 错误处理（退出 1 秒无残留进程） | ✅ |
+| FR-12 | 暂停/继续（定格/节拍停/方向不生效） | core toggle_pause（暂停期方向输入不生效）+ app 输入映射 | ✅ |
+| FR-13 | 最高分持久化（重启保留/重置/异常不损坏） | platform-storage HighScoreStore load/save(原子写)/reset | ✅ |
+| FR-14 | 三平台免安装单文件可执行 | PyInstaller --onefile --windowed 三平台各自打包 | ✅ |
+| FR-15 | 跨平台运行一致（同版本号） | 构建矩阵三平台产出 + 版本统一 v2.0.0 | ✅ |
+| FR-16 | 用户指南（五节） | 迭代 4 交付用户指南（键位/难度/皮肤/暂停/平台差异/已知限制） | ✅ |
+
+### 1.2 NFR 覆盖（7/7）
+
+| NFR | 内容 | 架构落点 | 结果 |
+|-----|------|----------|:----:|
+| NFR-01 | ≥60FPS/输入延迟≤1 节拍/困难≤简单 50% | renderer fps_metric(P95) + core 参数表（口径见 A-1） | ✅* |
+| NFR-02 | 内存 ≤300MB/CPU ≤10% | 迭代 4 性能调优 + 性能指标留档脚本 | ✅ |
+| NFR-03 | 可读错误提示 | game-app 图形环境缺失/初始化失败可读提示，无裸 traceback | ✅ |
+| NFR-04 | 兼容矩阵（Win10/11、macOS12+ 双架构、Linux、HiDPI） | 构建矩阵 + renderer 高分屏清晰（手段见 A-5） | ✅* |
+| NFR-05 | 职责分离/核心可脱离 GUI UT | game-core 纯标准库零 GUI 依赖 + snapshot 只读接口 | ✅ |
+| NFR-06 | 无网络行为 | 全模块不引入 socket/http 依赖（§关键约束） | ✅ |
+| NFR-07 | 发布物规范（版本号/SHA256/发布说明/便携式） | 发布物清单 SHA256SUMS + 发布说明 + 不写系统目录 | ✅ |
+
+### 1.3 边界与约束覆盖
+
+| 约束 | 架构落实 | 结果 |
+|------|----------|:----:|
+| 玩法与 v1.0.0 一致 | 坐标约定/语法 3.8/类职责分层对齐 v1 | ✅ |
+| 三平台免安装、零预装零配置 | PyInstaller 单文件 + 零配置文件模型 | ✅ |
+| 不做音效 | 不引入音频模块（§关键约束） | ✅ |
+| 单机无网络 | 同 NFR-06 | ✅ |
+| 单需求单版本独立交付 | v2.0.0 独立于已 released 的 v1.0.0 | ✅ |
+
+## 2. 模块组织合理性
+
+- **分层清晰**：game-core（基础平台·纯逻辑）← gui-renderer（中间件·渲染）← game-app（上层·装配）；platform-storage（中间件·持久化）为独立叶子。依赖单向向下，无环。
+- **职责单一、互不重叠**：玩法/渲染/持久化/装配四类职责各归一模块，无"上帝模块"；模块边界与分工表、modules.json 三方一致（模块名/类型/职责/依赖/迭代矩阵逐项对齐）。
+- **可测试性设计到位**（NFR-05）：core/storage 零第三方依赖可用标准库 unittest 脱离 GUI 测试；renderer 只读 snapshot 不改游戏状态，为确定性联调与回归提供接口基础。
+- **接口先行**：四模块接口清单（Difficulty/GameState/snapshot/HighScoreStore/Renderer/main）在设计期定义，下游开发（FO/MTO）有据可依，迭代 1 三模块并行开发的前提成立。
+- 备注：modules.json 中模块 `reqs` 字段当前为空，需求 dispatch 尚未落盘（分工表已声明 snake-gui → game-app）——属 SE 后续调度动作，不阻塞架构评审。
+
+## 3. 迭代计划可行性
+
+- **串行依赖推理成立**：1（玩法闭环）→ 2（体验：暂停/加速/持久化）→ 3（视觉：动画/皮肤/缩放）→ 4（交付：打包/性能/指南），每步以上一步产物为基线，无跳步。
+- **迭代内并行有接口支撑**：迭代 1 三模块并行，依赖架构 §模块间接口 的 snapshot 联调约定，可行。
+- **出口验收对齐规格**：迭代 1→验收 1/4；迭代 2→验收 2/4；迭代 3→验收 3；迭代 4→验收 5/6/7，与需求规格 §5 验收标准逐项对应，无遗漏验收项。
+- **工作量均衡**：game-app 横跨全部 4 迭代（承载需求主体，合理）；core 2 迭代、renderer 2 迭代、storage 1 迭代，无单迭代过载。
+- **风险点**：三平台打包（迭代 4）依赖对应平台构建资源，见 A-4。
+
+## 4. 评审意见列表
+
+| 编号 | 级别 | 位置 | 问题描述 | 修改建议 |
+|------|------|------|----------|----------|
+| A-1 | 建议 | NFR-01 ↔ 难度参数 | NFR-01 指标"默认节拍 ≤ 200ms"与难度基线"简单 250ms"存在口径张力：若"默认"指开局默认档位，需明确默认档为普通（160ms）才自洽；架构沿用 250/160/100 未指出该口径。不影响实现（参数表已在 core），但验收判定时可能扯皮 | 在架构或实现阶段明确"开局默认档位 = 普通（160ms）"，使 NFR-01"默认节拍 ≤200ms"与三档参数自洽 |
+| A-2 | 建议 | 迭代 1 出口 | 迭代 1 出口"验收 1（玩法闭环）、4（控制流程）可自动化验证"——玩法闭环可由 core UT 覆盖，但验收 4 含开始/结束/重开 GUI 流程，自动化手段未明确（事件注入/集成测试/人工 checklist） | 迭代 1 测试策略中明确 GUI 流程验证方式（建议 pygame 事件泵注入 + 断言状态迁移，或明确人工验收清单） |
+| A-3 | 建议 | FR-09 最小尺寸 | 模块职责有"窗口等比缩放自适应"，但接口清单未给"小于最小可玩尺寸时提示"（FR-09 验收）的落点 | 在 gui-renderer handle_resize 或 game-app 界面流程中显式补充最小尺寸判定与提示行为 |
… omitted 8 diff line(s) across 1 additional file(s)/section(s)

session_id: 20260813_160509_00a2b2
架构评审完成：**PASS**。

- 需求覆盖核对：FR-01~16 全 16 条、NFR-01~07 全 7 条、边界约束全部有架构落点，无遗漏；
- 模块组织：game-core/platform-storage/gui-renderer/game-app 四模块职责单一、依赖单向无环、接口先行，与分工表/modules.json 三方一致；
- 迭代计划：1→2→3→4 串行依赖成立，出口验收与规格 §5 逐项对齐；
- 意见：1 项重要（A-4 三平台构建资源为交付链前置条件，不阻塞）+ 4 项建议（默认档位口径/迭代 1 GUI 自动化验证/最小尺寸提示/HiDPI 手段）。

评审意见：`/home/zyzs/cyx/zteam/workspace/snake-linux/review/arch/v2.0.0/snake-linux-arch-v2.0.0-r1.md`
状态已推进：v2.0.0 arch_reviewing → **testplan**（pipeline.log 已留 ARCH_REVIEW PASS 审计）。
