  ┊ review diff
a/workspace/snake-linux/code/game-app/iter-3/pytest.ini → b/workspace/snake-linux/code/game-app/iter-3/pytest.ini
@@ -0,0 +1,7 @@
+[pytest]
+pythonpath =
+    .
+    ../../game-core/iter-2
+    ../../gui-renderer/iter-3
+    ../../platform-storage/iter-2
+testpaths = tests
  ┊ review diff
a/workspace/snake-linux/code/game-app/iter-3/tests/test_game_app/conftest.py → b/workspace/snake-linux/code/game-app/iter-3/tests/test_game_app/conftest.py
@@ -0,0 +1,272 @@
+"""game-app 迭代 3 测试 conftest：pygame 桩 + App fixture。
+
+迭代 3 增量（G3-R-P1-A/B/C/G3-R-P2-6/G3-R-P2-7）：
+- fake_pygame 同时替换 game_app.input/menu/app/fonts/config 模块的 pygame 引用
+- 新增 fake_renderer_iter3 fixture（set_skin/handle_resize/skin_names/current_skin_name/render(interp=)）
+- 新增 FakeEvent.make_resize_event 工厂（VIDEORESIZE 事件）
+- app / app_in_playing 改造为"先 monkeypatch create_storage + Renderer 桩 + 注入 fake_storage 再 _init_pygame"——真实 IO 彻底断绝（G3-R-P1-A）
+- app_with_storage 改造为 monkeypatch create_storage 返 tmp_path 实例（G3-R-P1-B）
+- app_in_game_over fixture 头部显式 from game_core import GameStatus（G3-R-P1-C）
+- 新增 app_with_config_v3 fixture（G3-4 验证）
+"""
+from __future__ import annotations
+
+import sys
+from typing import Any, Optional
+from unittest.mock import MagicMock
+
+import pytest
+
+
+# pygame key/type 常量（fake 与 fixture 共用；G3-2 新增 VIDEORESIZE）
+_PYGAME_KEYS = {
+    "QUIT": 256,
+    "KEYDOWN": 768,
+    "VIDEORESIZE": 16,  # G3-2 新增：SDL_VIDEORESIZE 常量值
+    "K_w": 119, "K_s": 115, "K_a": 97, "K_d": 100,
+    "K_UP": 1073741906, "K_DOWN": 1073741905,
+    "K_LEFT": 1073741904, "K_RIGHT": 1073741903,
+    "K_q": 113, "K_ESCAPE": 27, "K_p": 112, "K_r": 114,
+    "K_h": 104,
+    "K_BACKSPACE": 8,
+    "K_RETURN": 13, "K_SPACE": 32,
+    "K_1": 49, "K_2": 50, "K_3": 51,
+}
+
+
+def _build_fake_pygame() -> MagicMock:
+    fake = MagicMock(name="fake_pygame")
+    fake.error = RuntimeError
+    for k, v in _PYGAME_KEYS.items():
+        setattr(fake, k, v)
+    # display
+    fake.display.set_mode.return_value = MagicMock(name="screen")
+    fake.display.get_surface.return_value = MagicMock(name="surface")
+    fake.display.flip = MagicMock(name="flip")
+    fake.display.quit = MagicMock(name="display_quit")
+    # font
+    fake.font.SysFont.return_value = MagicMock(name="sysfont")
+    fake.font.Font.return_value = MagicMock(name="font")
+    fake.font.match_font.return_value = None
+    fake.font.init = MagicMock(name="font_init")
+    fake.font.quit = MagicMock(name="font_quit")
+    # draw
+    fake.draw.rect = MagicMock(name="draw_rect")
+    # time
+    fake.time.Clock.return_value = MagicMock(name="clock")
+    fake.time.get_ticks = MagicMock(return_value=0)
+    # event
+    fake.event.get.return_value = []
+    # init / quit
+    fake.init = MagicMock(name="pygame_init")
+    fake.quit = MagicMock(name="pygame_quit")
+    # key
+    fake.key.get_focused.return_value = True
+    # surface for SRCALPHA
+    fake.SRCALPHA = 65536
+    return fake
+
+
+@pytest.fixture
+def fake_pygame(monkeypatch):
+    """替换 game_app 内部所有 pygame 引用为可编程 fake。
+
+    G3-R-P2-6 修订：替换列表补 config 模块。
+    """
+    fake = _build_fake_pygame()
+    monkeypatch.setitem(sys.modules, "pygame", fake)
+    import game_app.input as input_mod
… omitted 194 diff line(s) across 1 additional file(s)/section(s)
  ┊ review diff
a/workspace/snake-linux/code/game-app/iter-3/tests/test_game_app/test_app_iter3_config_v3.py → b/workspace/snake-linux/code/game-app/iter-3/tests/test_game_app/test_app_iter3_config_v3.py
@@ -0,0 +1,167 @@
+"""AppConfigV3 子类单测（UT V3-1~V3-7）。
+
+需求：
+- AppConfigV3 是 AppConfig 的子类，继承全部字段 + 新增 enable_high_dpi: bool = True
+- 继承父类 __post_init__ 校验（fps_cap/窗口尺寸）
+- isinstance 判定与 App.__init__ 集成（G3-4）
+
+G3-4：NFR-04 高分屏清晰
+"""
+from __future__ import annotations
+
+import dataclasses
+from unittest.mock import MagicMock
+import pytest
+
+from game_app.config import AppConfig, AppConfigV3
+from game_app.errors import ConfigError
+
+
+class TestAppConfigV3Defaults:
+    """V3-1 / V3-7：默认值 + 字段继承。"""
+
+    def test_default_construction_no_args(self) -> None:
+        """V3-1：AppConfigV3() 默认构造 + enable_high_dpi=True。"""
+        cfg = AppConfigV3()
+        assert cfg.enable_high_dpi is True
+
+    def test_default_construction_explicit_true(self) -> None:
+        """V3-1：AppConfigV3(enable_high_dpi=True) 显式构造。"""
+        cfg = AppConfigV3(enable_high_dpi=True)
+        assert cfg.enable_high_dpi is True
+
+    def test_inherits_parent_fields(self) -> None:
+        """V3-7：AppConfigV3 继承 AppConfig 全部字段。"""
+        cfg = AppConfigV3()
+        assert cfg.window_w == AppConfig().window_w == 640
+        assert cfg.window_h == AppConfig().window_h == 480
+        assert cfg.fps_cap == AppConfig().fps_cap == 60
+        assert cfg.min_window_w == AppConfig().min_window_w == 512
+        assert cfg.min_window_h == AppConfig().min_window_h == 472
+
+    def test_isinstance_subclass_of_app_config(self) -> None:
+        """AppConfigV3 是 AppConfig 子类（isinstance 判定为 True）。"""
+        cfg = AppConfigV3()
+        assert isinstance(cfg, AppConfig)
+
+    def test_app_config_is_not_v3(self) -> None:
+        """AppConfig 实例**不是** AppConfigV3 实例（isinstance 判定为 False）。"""
+        cfg = AppConfig()
+        assert not isinstance(cfg, AppConfigV3)
+
+    def test_frozen(self) -> None:
+        """frozen dataclass：构造后字段不可写。"""
+        cfg = AppConfigV3()
+        with pytest.raises(dataclasses.FrozenInstanceError):
+            cfg.enable_high_dpi = False  # type: ignore[misc]
+
+
+class TestAppConfigV3EnableHighDpi:
+    """V3-2：enable_high_dpi 可设。"""
+
+    def test_disable_high_dpi(self) -> None:
+        """V3-2：enable_high_dpi=False 合法构造。"""
+        cfg = AppConfigV3(enable_high_dpi=False)
+        assert cfg.enable_high_dpi is False
+
+    def test_enable_high_dpi_with_custom_fields(self) -> None:
+        """enable_high_dpi + 自定义父类字段。"""
+        cfg = AppConfigV3(window_w=800, window_h=600, fps_cap=30, enable_high_dpi=False)
+        assert cfg.window_w == 800
+        assert cfg.enable_high_dpi is False
+
+
+class TestAppConfigV3Validation:
+    """V3-3：继承父类 __post_init__ 校验。"""
+
+    @pytest.mark.parametrize("bad_fps", [0, -1, -100])
+    def test_invalid_fps_cap_raises_config_error(self, bad_fps: int) -> None:
… omitted 89 diff line(s) across 1 additional file(s)/section(s)
  ┊ review diff
a//home/zyzs/cyx/zteam/workspace/snake-linux/code/game-app/iter-3/game_app/config.py → b//home/zyzs/cyx/zteam/workspace/snake-linux/code/game-app/iter-3/game_app/config.py
@@ -1,7 +1,14 @@
-"""config 模块：AppConfig 运行期不可变常量 + 构造期校验（G2-R-N1）。
+"""config 模块：AppConfig / AppConfigV3 运行期不可变常量 + 构造期校验。
 
 公开 API：
-- AppConfig：dataclass(frozen=True) + __post_init__ 校验
+- AppConfig：dataclass(frozen=True) + __post_init__ 校验（iter-2 沿用）
+- AppConfigV3：dataclass(frozen=True)，继承 AppConfig + 新增 enable_high_dpi 字段（G3-4 iter-3）
+
+迭代 3 增量（G3-4 NFR-04 高分屏清晰）：
+- AppConfigV3 继承 AppConfig 全部字段 + 新增 enable_high_dpi: bool = True
+- 继承父类 __post_init__ 校验（不重写，bool 无非法值）
+- App.__init__ 用 isinstance(config, AppConfigV3) 判定，把 enable_high_dpi 传给 Renderer 构造
+- 旧 AppConfig 实例向后兼容（isinstance False → 兜底 enable_high_dpi=True）
 """
 from __future__ import annotations
 
@@ -15,6 +22,7 @@
     """运行期不可变常量。FR-09/NFR-01/NFR-02。
 
     G2-R-N1：__post_init__ 在构造期校验字段合法性，非法抛 ConfigError。
+    iter-3：字段不变；扩展 enable_high_dpi 通过子类 AppConfigV3（G3-4）。
     """
     window_w: int = 640
     window_h: int = 480
@@ -33,4 +41,17 @@
             )
 
 
-__all__ = ["AppConfig"]+@dataclass(frozen=True)
+class AppConfigV3(AppConfig):
+    """iter-3 扩展：增加 enable_high_dpi 字段（NFR-04 高分屏清晰）。
+
+    字段：父类全部 + enable_high_dpi: bool = True。
+    __post_init__ 继承父类（fps_cap/窗口尺寸校验），不重写。
+    App.__init__ 用 isinstance(config, AppConfigV3) 判定并把 enable_high_dpi 传给 Renderer 构造；
+    iter-2 AppConfig 实例仍可用（isinstance False → 兜底 enable_high_dpi=True）。
+    """
+    enable_high_dpi: bool = True  # G3-4 iter-3 新增（NFR-04）
+    # __post_init__ 继承父类校验（bool 字段无非法值，不需要新增校验）
+
+
+__all__ = ["AppConfig", "AppConfigV3"]
  ┊ review diff
a//home/zyzs/cyx/zteam/workspace/snake-linux/code/game-app/iter-3/game_app/__init__.py → b//home/zyzs/cyx/zteam/workspace/snake-linux/code/game-app/iter-3/game_app/__init__.py
@@ -2,11 +2,13 @@
 
 迭代 2：App + AppConfig + main + AppScreen + InputAction + AppError + HudData
 + StorageUnavailableError (G2-2 iter-2 新增)
+
+迭代 3 增量（G3-4）：AppConfigV3 子类（NFR-04 高分屏清晰）
 """
 from __future__ import annotations
 
 from .app import App, main, _DIFFICULTY_LABEL, _STATUS_LABEL
-from .config import AppConfig
+from .config import AppConfig, AppConfigV3  # G3-4 iter-3 新增 AppConfigV3
 from .errors import (
     AppError,
     ConfigError,
@@ -26,12 +28,13 @@
     "App",
     "main",
     "AppConfig",
+    "AppConfigV3",  # G3-4 iter-3 新增
     "AppScreen",
     "InputAction",
     "AppError",
     "ConfigError",
     "GraphicsUnavailableError",
-    "StorageUnavailableError",  # G2-2 iter-2 新增
+    "StorageUnavailableError",
     "HudData",
     "_DIFFICULTY_LABEL",
     "_STATUS_LABEL",
  ┊ review diff
a//home/zyzs/cyx/zteam/workspace/snake-linux/code/game-app/iter-3/game_app/app.py → b//home/zyzs/cyx/zteam/workspace/snake-linux/code/game-app/iter-3/game_app/app.py
@@ -9,6 +9,20 @@
 - _run_loop 跳过 PAUSED 态的 _tick（INV-10）
 - _render 在 PAUSED 态调 render + draw_pause_overlay（G2-5）
 - _drain_events 检测 pygame.key.get_focused() 追加 UNFOCUS（G2-4 仅 PLAYING 态）
+
+迭代 3 增量（G3-1/2/3/4/5）：
+- 新增 _skin_index: int 字段（G3-1，皮肤循环索引；r2-4 修订：派生用 skin_names()[_skin_index]）
+- 新增 _prev_snap: Optional[Snapshot] 字段（G3-3，r2-1 修订：_tick step 前保存 + r2-3 _new_game 重置）
+- AppConfigV3 子类支持（G3-4）：isinstance 判定 + enable_high_dpi 传入 Renderer 构造
+- _drain_events 同步处理 VIDEORESIZE（G3-2，r2-2 契约前置：不入 dispatch）
+- _drain_events MENU 态处理 SET_SKIN_PREV/NEXT（G3-1，不入 dispatch）
+- _render PLAYING 路径走 interp=InterpolationState（G3-3，r2-1 alpha=elapsed/tick_ms 公式）
+- _tick step 前维护 _prev_snap（G3-3，r2-1 修订赋值时机）
+- _new_game 重置 _prev_snap = None（G3-3，r2-3 修订生命周期）
+- _render MENU 自绘加 current_skin_name 形参（G3-5）
+- _interpolation_state 实现真实 Chebyshev 距离防御（G3-3，r2-3 修订）
+- _interpolation_state 删除冗余 self.game_state 检查（G3-3，r2-6 修订）
+- _switch_skin（MENU 态切换皮肤）/ _handle_resize（VIDEORESIZE 同步处理）新方法
 
 沿用 R3（iter-1）：
 - R3-1：None→START 屏态兜底唯一在 _drain_events
  ┊ review diff
a//home/zyzs/cyx/zteam/workspace/snake-linux/code/game-app/iter-3/game_app/app.py → b//home/zyzs/cyx/zteam/workspace/snake-linux/code/game-app/iter-3/game_app/app.py
@@ -67,7 +67,7 @@
 )
 from platform_storage import StorageError
 
-from .config import AppConfig
+from .config import AppConfig, AppConfigV3
 from .errors import (
     AppError,
     ConfigError,
  ┊ review diff
a//home/zyzs/cyx/zteam/workspace/snake-linux/code/game-app/iter-3/game_app/app.py → b//home/zyzs/cyx/zteam/workspace/snake-linux/code/game-app/iter-3/game_app/app.py
@@ -84,6 +84,7 @@
 from .menu import draw_game_over, draw_menu, draw_pause_overlay
 from .screens import AppScreen
 from .storage import create_storage
+from gui_renderer import InterpolationState  # G3-3 iter-3 新增（用于平滑插值上下文构造）
 
 
 # HUD 字段映射（中文难度标签 + 英文状态标签）
  ┊ review diff
a//home/zyzs/cyx/zteam/workspace/snake-linux/code/game-app/iter-3/game_app/app.py → b//home/zyzs/cyx/zteam/workspace/snake-linux/code/game-app/iter-3/game_app/app.py
@@ -114,6 +114,8 @@
         _storage=None（G2-2 让 UT 不依赖磁盘）, _high_score=0, _running=True,
         _tick_accumulator_ms=0。
         G2-1 删除 _pause_hint_shown 字段（INV-8）。
+        G3-1 iter-3 新增 _skin_index=0（皮肤循环索引，默认经典 skin_names()[0]）。
+        G3-3 iter-3 新增 _prev_snap=None（r2-1 修订：step 前保存；r2-3 修订：_new_game 重置）。
         """
         self.config = config
         # 字段名遵循 R3-4 统一为 _difficulty / _high_score
@@ -125,6 +127,9 @@
         self._high_score: int = 0  # _init_pygame 覆盖为 storage.load()
         self._tick_accumulator_ms: int = 0
         self._running: bool = True  # R3-5 + G2-R-N2：主循环不读，保留供 iter-3 用
+        # ---- iter-3 增量（G3-1/G3-3）----
+        self._skin_index: int = 0  # G3-1：皮肤循环索引（默认经典）；r2-4 文档修订
+        self._prev_snap: Optional[Snapshot] = None  # G3-3：上一节拍前快照
         # 删除 _pause_hint_shown（G2-1 INV-8）
         # CJK 字体（_init_pygame 内构造）
         self._menu_title_font: Optional[pygame.font.Font] = None
  ┊ review diff
a//home/zyzs/cyx/zteam/workspace/snake-linux/code/game-app/iter-3/game_app/app.py → b//home/zyzs/cyx/zteam/workspace/snake-linux/code/game-app/iter-3/game_app/app.py
@@ -173,11 +173,20 @@
         失败时 RenderError / pygame.error → GraphicsUnavailableError。
         G2-2：HighScoreStore 构造在 _init_pygame 内；mkdir 失败抛 (StorageError, OSError) → AppError。
         P1-3：_storage = None 时由 fixture 注入 fake；构造前 `if self._storage is None:` 跳过 create_storage。
-        """
+        G3-4 iter-3 增量：构造 Renderer 时根据 config 类型判定 enable_high_dpi（NFR-04 高分屏清晰）：
+            - isinstance(config, AppConfigV3) → enable_high_dpi=config.enable_high_dpi
+            - 否则（AppConfig 或其子类无 enable_high_dpi）→ enable_high_dpi=True（默认）
+        r2-2 契约前置：Renderer.__init__ 内部必须带 pygame.RESIZABLE 标志（FR-09 VIDEORESIZE 事件源）。
+        """
+        # G3-4：构造 Renderer（enable_high_dpi 判定）
+        enable_high_dpi = True  # 默认（NFR-04）
+        if isinstance(self.config, AppConfigV3):
+            enable_high_dpi = self.config.enable_high_dpi
         try:
             self._renderer = Renderer(
                 (self.config.window_w, self.config.window_h),
                 skin=DEFAULT_SKIN,
+                enable_high_dpi=enable_high_dpi,  # G3-4
             )
             self._renderer.init()
         except (RenderError, pygame.error) as e:
  ┊ review diff
a/workspace/snake-linux/code/game-app/iter-3/tests/test_game_app/test_input_map.py → b/workspace/snake-linux/code/game-app/iter-3/tests/test_game_app/test_input_map.py
@@ -0,0 +1,84 @@
+"""_map_event 单测（迭代 3 增量：G3-1/G3-2）。
+
+需求：
+- 单键归一化；不感知屏态；未映射键返 None
+- G3-1：K_LEFT → SET_SKIN_PREV；K_RIGHT → SET_SKIN_NEXT（在 _drain_events 内按屏态分发）
+- G3-2：VIDEORESIZE 事件 → RESIZE（_drain_events 内同步处理）
+- K_a/K_d 始终为 MOVE_LEFT/MOVE_RIGHT（避免 WASD 用户意外触发皮肤切换）
+
+输入总成员数 = 18（iter-2 15 + iter-3 3）：
+  QUIT/START/MOVE_UP/MOVE_DOWN/MOVE_LEFT/MOVE_RIGHT/TOGGLE_PAUSE/RESTART
+  /SELECT_EASY/SELECT_MEDIUM/SELECT_HARD/RESET_HIGHSCORE/BACK_TO_MENU/ESCAPE/UNFOCUS
+  +SET_SKIN_PREV/SET_SKIN_NEXT/RESIZE
+"""
+from __future__ import annotations
+
+from typing import Optional
+import pytest
+
+from game_app.input import _map_event, InputAction, _MENU_RESERVED_ACTIONS
+from .conftest import _PYGAME_KEYS, FakeEvent
+
+
+def _ev(key: str) -> FakeEvent:
+    return FakeEvent(_PYGAME_KEYS["KEYDOWN"], _PYGAME_KEYS[key])
+
+
+def _evt(type_: str, key: Optional[int] = None) -> FakeEvent:
+    return FakeEvent(_PYGAME_KEYS[type_], key)
+
+
+class TestMapEventIter3SkinKeys:
+    """G3-1：方向键 → SET_SKIN_PREV/SET_SKIN_NEXT（在 _drain_events 内按屏态分发）。"""
+
+    def test_left_arrow_returns_set_skin_prev(self, fake_pygame) -> None:
+        """G3-1：← 键 → SET_SKIN_PREV。"""
+        assert _map_event(_ev("K_LEFT")) is InputAction.SET_SKIN_PREV
+
+    def test_right_arrow_returns_set_skin_next(self, fake_pygame) -> None:
+        """G3-1：→ 键 → SET_SKIN_NEXT。"""
+        assert _map_event(_ev("K_RIGHT")) is InputAction.SET_SKIN_NEXT
+
+    def test_k_a_returns_move_left_not_skin(self, fake_pygame) -> None:
+        """G3-1：K_a 保持 MOVE_LEFT（不映射 SET_SKIN_PREV），避免 WASD 用户意外触发。"""
+        assert _map_event(_ev("K_a")) is InputAction.MOVE_LEFT
+
+    def test_k_d_returns_move_right_not_skin(self, fake_pygame) -> None:
+        """G3-1：K_d 保持 MOVE_RIGHT（不映射 SET_SKIN_NEXT）。"""
+        assert _map_event(_ev("K_d")) is InputAction.MOVE_RIGHT
+
+    def test_k_up_returns_move_up_not_skin(self, fake_pygame) -> None:
+        """G3-1：K_UP 保持 MOVE_UP。"""
+        assert _map_event(_ev("K_UP")) is InputAction.MOVE_UP
+
+    def test_k_down_returns_move_down_not_skin(self, fake_pygame) -> None:
+        """G3-1：K_DOWN 保持 MOVE_DOWN。"""
+        assert _map_event(_ev("K_DOWN")) is InputAction.MOVE_DOWN
+
+
+class TestMapEventIter3ResizeEvent:
+    """G3-2：VIDEORESIZE 事件 → RESIZE（在 _drain_events 内同步处理）。"""
+
+    def test_videoresize_event_returns_resize(self, fake_pygame) -> None:
+        """G3-2：pygame.VIDEORESIZE 事件类型 → RESIZE。"""
+        ev = FakeEvent(_PYGAME_KEYS["VIDEORESIZE"], w=1024, h=768)
+        assert _map_event(ev) is InputAction.RESIZE
+
+
+class TestInputActionCount:
+    """r2-5 修订：InputAction 成员总数 = 18（iter-2 15 + iter-3 3）。"""
+
+    def test_total_member_count_is_18(self) -> None:
+        assert len(InputAction) == 18
+
+    def test_skin_actions_exist(self) -> None:
+        """G3-1：SET_SKIN_PREV/SET_SKIN_NEXT 在 InputAction 中。"""
+        assert hasattr(InputAction, "SET_SKIN_PREV")
+        assert hasattr(InputAction, "SET_SKIN_NEXT")
+        assert InputAction.SET_SKIN_PREV.value == "skin_prev"
… omitted 6 diff line(s) across 1 additional file(s)/section(s)
  ┊ review diff
a//home/zyzs/cyx/zteam/workspace/snake-linux/code/game-app/iter-3/game_app/input.py → b//home/zyzs/cyx/zteam/workspace/snake-linux/code/game-app/iter-3/game_app/input.py
@@ -5,7 +5,7 @@
 - 屏态兜底（None→START、保留键透传）由 App._drain_events 完成（R3-1 全文统一）
 - _MENU_RESERVED_ACTIONS：MENU 态保留不转 START 的 actions
 - _GAME_OVER_RESERVED_ACTIONS：GAME_OVER 态保留不转 BACK_TO_MENU 的 actions（G2-7）
-- 所有 pygame 常量（K_*, KEYDOWN, QUIT）通过 _pygame_attr(name) 延迟读取，
+- 所有 pygame 常量（K_*, KEYDOWN, QUIT, VIDEORESIZE）通过 _pygame_attr(name) 延迟读取，
   让 UT 可在 monkeypatch.fake_pygame 替换后再读这些常量。
 
 G2-3/7 新增 action：
@@ -15,6 +15,15 @@
 
 G2-4 新增 action：
 - UNFOCUS：内部信号，不来自 _map_event，仅主循环内检测到失焦时入 actions
+
+迭代 3 增量（G3-1/G3-2）：
+- SET_SKIN_PREV / SET_SKIN_NEXT（G3-1）：←/→ 键 → _drain_events 内按屏态分发
+  （MENU 态切皮肤，其他屏态透传为 MOVE_LEFT/MOVE_RIGHT——保持对局不中断）
+- RESIZE（G3-2）：pygame.VIDEORESIZE 事件 → _drain_events 内同步处理（直接调
+  Renderer.handle_resize，不入 dispatch 列表）。r2-2 契约前置：Renderer 窗口必须
+  带 RESIZABLE 标志（VIDEORESIZE 事件源），由 gui-renderer iter-3 落实。
+- 成员总数 = 18（iter-2 15 + iter-3 3，r2-5 修订）
+- K_a/K_d 始终为 MOVE_LEFT/MOVE_RIGHT（G3-1 修订：避免 WASD 用户意外触发皮肤切换）
 """
 from __future__ import annotations
 
  ┊ review diff
a//home/zyzs/cyx/zteam/workspace/snake-linux/code/game-app/iter-3/game_app/input.py → b//home/zyzs/cyx/zteam/workspace/snake-linux/code/game-app/iter-3/game_app/input.py
@@ -42,7 +42,19 @@
 
 
 class InputAction(Enum):
-    """pygame 事件归一化结果。FO 只需实现 _map_event() 即可。"""
+    """pygame 事件归一化结果。FO 只需实现 _map_event() 即可。
+
+    迭代 3 增量（G3-1/G3-2，r2-5 修订计数）：
+    - SET_SKIN_PREV = "skin_prev"    # ← 键：MENU 态切上一皮肤（G3-1）
+    - SET_SKIN_NEXT = "skin_next"    # → 键：MENU 态切下一皮肤（G3-1）
+    - RESIZE = "resize"              # pygame.VIDEORESIZE 事件（G3-2，r2-2 契约前置）
+                                     # _drain_events 内同步处理（直接调 Renderer.handle_resize）
+                                     # 其他动作维持原行为
+    成员总数 = 18（iter-2 沿用 15 + iter-3 新增 3）：
+      QUIT/START/MOVE_UP/MOVE_DOWN/MOVE_LEFT/MOVE_RIGHT/TOGGLE_PAUSE/RESTART
+      /SELECT_EASY/SELECT_MEDIUM/SELECT_HARD/RESET_HIGHSCORE/BACK_TO_MENU/ESCAPE/UNFOCUS
+      +SET_SKIN_PREV/SET_SKIN_NEXT/RESIZE
+    """
 
     QUIT = "quit"
     START = "start"             # MENU 态：所有"非 QUIT/SELECT_*/TOGGLE_PAUSE/RESTART/RESET_HIGHSCORE"的 KEYDOWN（R3-1）
@@ -59,6 +71,10 @@
     BACK_TO_MENU = "back"          # G2-7 iter-2 新增：Backspace → GAME_OVER 态 dispatch
     ESCAPE = "escape"             # P1-2 iter-2 新增：ESC 键独立 action（与 Q 区分）
     UNFOCUS = "unfocus"           # G2-4 iter-2 新增：内部信号，不来自 _map_event
+    # ---- iter-3 增量（G3-1/G3-2）----
+    SET_SKIN_PREV = "skin_prev"     # G3-1 ← 键：MENU 态切上一皮肤
+    SET_SKIN_NEXT = "skin_next"     # G3-1 → 键：MENU 态切下一皮肤
+    RESIZE = "resize"               # G3-2 pygame.VIDEORESIZE 事件（r2-2 契约前置）
 
 
 # R3-1：MENU 态保留键（G2-3 新增 RESET_HIGHSCORE）
  ┊ review diff
a//home/zyzs/cyx/zteam/workspace/snake-linux/code/game-app/iter-3/game_app/input.py → b//home/zyzs/cyx/zteam/workspace/snake-linux/code/game-app/iter-3/game_app/input.py
@@ -103,15 +103,28 @@
     """单键归一化；不感知屏态；返回 None 表示未映射（由 _drain_events 屏态兜底处理）。
 
     所有 pygame 常量通过 _pygame_attr() 延迟读取（UT 友好）。
+
+    iter-3 增量（G3-1/G3-2）：
+    - ← 键 → SET_SKIN_PREV（G3-1）—— _drain_events 内按屏态分发：
+      MENU 态切皮肤，其他屏态透传为 MOVE_LEFT（不影响对局，FR-10）
+    - → 键 → SET_SKIN_NEXT（G3-1）—— 同上，右方向
+    - pygame.VIDEORESIZE 事件 → RESIZE（G3-2）—— _drain_events 内同步处理，
+      直接调 Renderer.handle_resize；r2-2 契约前置：Renderer 窗口必须带 RESIZABLE 标志
+    - K_a/K_d 保持 MOVE_LEFT/MOVE_RIGHT（G3-1 修订：避免 WASD 用户意外触发皮肤切换）
+    - K_UP/K_DOWN 保持 MOVE_UP/MOVE_DOWN（G3-1 修订：仅方向键 ← / → 触发皮肤切换）
     """
     QUIT_TYPE = _pygame_attr("QUIT")
     KEYDOWN_TYPE = _pygame_attr("KEYDOWN")
+    VIDEORESIZE_TYPE = _pygame_attr("VIDEORESIZE")  # G3-2 新增
     K_q = _pygame_attr("K_q")
     K_ESCAPE = _pygame_attr("K_ESCAPE")
     K_BACKSPACE = _pygame_attr("K_BACKSPACE")
 
     if event.type == QUIT_TYPE:
         return InputAction.QUIT
+    # G3-2 新增：VIDEORESIZE 事件 → RESIZE
+    if event.type == VIDEORESIZE_TYPE:
+        return InputAction.RESIZE
     if event.type != KEYDOWN_TYPE:
         return None
     k = event.key
@@ -133,13 +146,19 @@
         return InputAction.SELECT_MEDIUM
     if k == _pygame_attr("K_3"):
         return InputAction.SELECT_HARD
+    # G3-1 新增：←/→ 键 → SET_SKIN_PREV/SET_SKIN_NEXT（在 _drain_events 内按屏态分发）
+    if k == _pygame_attr("K_LEFT"):
+        return InputAction.SET_SKIN_PREV
+    if k == _pygame_attr("K_RIGHT"):
+        return InputAction.SET_SKIN_NEXT
+    # WASD 方向键（iter-2 沿用；G3-1 修订：K_a/K_d 不映射皮肤）
     if k == _pygame_attr("K_w") or k == _pygame_attr("K_UP"):
         return InputAction.MOVE_UP
     if k == _pygame_attr("K_s") or k == _pygame_attr("K_DOWN"):
         return InputAction.MOVE_DOWN
-    if k == _pygame_attr("K_a") or k == _pygame_attr("K_LEFT"):
+    if k == _pygame_attr("K_a") or k == _pygame_attr("K_LEFT"):  # 永远不会命中（已被 SET_SKIN_PREV 截获）
         return InputAction.MOVE_LEFT
-    if k == _pygame_attr("K_d") or k == _pygame_attr("K_RIGHT"):
+    if k == _pygame_attr("K_d") or k == _pygame_attr("K_RIGHT"):  # 永远不会命中（已被 SET_SKIN_NEXT 截获）
         return InputAction.MOVE_RIGHT
     # 其他 KEYDOWN（含字母数字、鼠标等）→ None
     return None
  ┊ review diff
a/workspace/snake-linux/code/game-app/iter-3/tests/test_game_app/test_app_iter3_skin.py → b/workspace/snake-linux/code/game-app/iter-3/tests/test_game_app/test_app_iter3_skin.py
@@ -0,0 +1,205 @@
+"""G3-1 皮肤切换 UI 单测（SK-1~SK-11）。
+
+需求：
+- MENU 态 ←/→ 切皮肤（_skin_index 循环；调 Renderer.set_skin）
+- PLAYING/PAUSED/GAME_OVER 态 ←/→ 透传为 MOVE_LEFT/MOVE_RIGHT（不影响对局，FR-10）
+- SkinNotFoundError 兜底（stderr 提示 + _skin_index 不变）
+- skin_names() 空时防御
+- _render MENU 路径用 current_skin_name（通过 spy draw_menu 断言）
+
+G3-1：MENU 态皮肤切换 UI
+"""
+from __future__ import annotations
+
+from unittest.mock import MagicMock, patch
+import pytest
+
+from game_app import App, InputAction, AppScreen
+from game_app.screens import AppScreen as AppScreenConst
+from game_core import Difficulty
+
+# 复用作 test_drain_events 的事件注入辅助
+from .conftest import (
+    FakeEvent, _PYGAME_KEYS,
+    make_resize_event,  # 仅占位，下面单独构造
+)
+
+
+def _kd(key: str) -> FakeEvent:
+    return FakeEvent(_PYGAME_KEYS["KEYDOWN"], _PYGAME_KEYS[key])
+
+
+def _set_events(app: App, events) -> None:
+    """直接给 fake_pygame.event.get 返回值打补丁。"""
+    from game_app import app as app_mod
+    fake = app_mod.pygame
+    fake.event.get.return_value = events
+
+
+# ============================================================
+# SK-1~SK-3：MENU 态 _switch_skin 行为
+# ============================================================
+
+class TestSwitchSkinMenuScreen:
+    """G3-1：MENU 态 SET_SKIN_NEXT/SET_SKIN_PREV 在 _drain_events 内同步处理（不进 dispatch）。"""
+
+    def test_skin_next_increments_index(self, app: App, fake_renderer_iter3: MagicMock) -> None:
+        """SK-1：MENU 态 → 键切下一皮肤 → set_skin("dark") 调用 1 次 + _skin_index == 1。"""
+        _set_events(app, [_kd("K_RIGHT")])
+        actions = app._drain_events()
+        # SK-1：MENU 态同步处理 → 不入 actions 列表
+        assert InputAction.SET_SKIN_NEXT not in actions
+        # 调 set_skin
+        fake_renderer_iter3.set_skin.assert_called_once_with("dark")
+        # _skin_index 更新
+        assert app._skin_index == 1
+
+    def test_skin_prev_decrements_index_wraps(self, app: App, fake_renderer_iter3: MagicMock) -> None:
+        """SK-2：MENU 态 ← 键切上一皮肤（初始 0 → (0-1)%3=2 → colorblind_friendly）。"""
+        _set_events(app, [_kd("K_LEFT")])
+        actions = app._drain_events()
+        assert InputAction.SET_SKIN_PREV not in actions
+        fake_renderer_iter3.set_skin.assert_called_once_with("colorblind_friendly")
+        assert app._skin_index == 2
+
+    def test_skin_cycles_through_indices(self, app: App, fake_renderer_iter3: MagicMock) -> None:
+        """SK-3：MENU 态循环边界：连续 3 次 ← → _skin_index 在 [0, 2, 1, 0]。"""
+        for _ in range(3):
+            _set_events(app, [_kd("K_LEFT")])
+            app._drain_events()
+        # 0 -> 2 -> 1 -> 0
+        assert app._skin_index == 0
+        # 验证调用顺序（colorblind_friendly → dark → classic）
+        assert fake_renderer_iter3.set_skin.call_count == 3
+        calls = [c.args[0] for c in fake_renderer_iter3.set_skin.call_args_list]
+        assert calls == ["colorblind_friendly", "dark", "classic"]
+
+    def test_skin_next_multiple_times(self, app: App, fake_renderer_iter3: MagicMock) -> None:
+        """MENU 态连续 → 键 → _skin_index 循环 0→1→2→0。"""
… omitted 127 diff line(s) across 1 additional file(s)/section(s)
  ┊ review diff
a//home/zyzs/cyx/zteam/workspace/snake-linux/code/game-app/iter-3/game_app/app.py → b//home/zyzs/cyx/zteam/workspace/snake-linux/code/game-app/iter-3/game_app/app.py
@@ -84,7 +84,7 @@
 from .menu import draw_game_over, draw_menu, draw_pause_overlay
 from .screens import AppScreen
 from .storage import create_storage
-from gui_renderer import InterpolationState  # G3-3 iter-3 新增（用于平滑插值上下文构造）
+from gui_renderer import InterpolationState, SkinNotFoundError  # G3-3 iter-3 新增 + G3-1 SkinNotFoundError 兜底
 
 
 # HUD 字段映射（中文难度标签 + 英文状态标签）
  ┊ review diff
a//home/zyzs/cyx/zteam/workspace/snake-linux/code/game-app/iter-3/game_app/app.py → b//home/zyzs/cyx/zteam/workspace/snake-linux/code/game-app/iter-3/game_app/app.py
@@ -234,11 +234,34 @@
         R3-1 屏态兜底（不变）：MENU 屏态下所有 action（除保留键外）→ START。
         G2-4 新增：screen==PLAYING 时 pygame.key.get_focused() == False → 追加 UNFOCUS。
         G2-7 / P1-2 修订：screen==GAME_OVER 时 ESCAPE → BACK_TO_MENU（仅 ESC 转，Q 保持 QUIT 直通 break）。
+
+        迭代 3 增量（G3-1/G3-2）：
+        - G3-2：VIDEORESIZE 事件在循环内**同步处理**（调 Renderer.handle_resize），
+          然后**不**进入 actions 列表（不入 dispatch）。r2-2 契约前置：Renderer 窗口
+          必须带 RESIZABLE 标志（pygame 产生 VIDEORESIZE 事件源）。
+        - G3-1：SET_SKIN_PREV/NEXT 在 MENU 态**同步处理**（调 Renderer.set_skin +
+          更新 _skin_index），然后**不**进入 actions 列表（不入 dispatch）；其他屏态
+          （PLAYING/PAUSED/GAME_OVER）透传为 MOVE_LEFT/MOVE_RIGHT（保持对局控制，FR-10）。
         """
         raw = pygame.event.get()
         actions: List[InputAction] = []
         for ev in raw:
             action = _map_event(ev)
+            # G3-2 增量：VIDEORESIZE 同步处理（不入 actions）
+            if action == InputAction.RESIZE:
+                self._handle_resize(ev)  # 见下方 RenderError 兜底
+                continue
+            # G3-1 增量：SET_SKIN_PREV/NEXT 按屏态分发
+            if action in (InputAction.SET_SKIN_PREV, InputAction.SET_SKIN_NEXT):
+                if self.screen == AppScreen.MENU:
+                    # MENU 态：同步处理皮肤切换
+                    self._switch_skin(direction=action)
+                    continue  # 不入 actions
+                else:
+                    # 其他屏态（PLAYING/PAUSED/GAME_OVER）：透传为 MOVE_LEFT/MOVE_RIGHT
+                    action = (InputAction.MOVE_LEFT if action == InputAction.SET_SKIN_PREV
+                              else InputAction.MOVE_RIGHT)
+            # R3-1 屏态兜底（不变）+ ESC 覆盖（G2-7 / P1-2）
             if self.screen == AppScreen.MENU:
                 if action is None:
                     action = InputAction.START
@@ -259,6 +282,53 @@
             if not focused:
                 actions.append(InputAction.UNFOCUS)
         return actions
+
+    def _switch_skin(self, direction: InputAction) -> None:
+        """G3-1：皮肤切换（仅 MENU 态调用）。
+
+        步骤：
+        1. 调 Renderer.skin_names() 获当前注册表所有皮肤名 tuple
+        2. 计算新索引：(direction==SET_SKIN_PREV) ? (_skin_index - 1) % len : (_skin_index + 1) % len
+        3. 调 self._renderer.set_skin(skin_names[new_index])
+        4. 更新 self._skin_index = new_index
+        5. SkinNotFoundError 兜底：理论上不会发生（skin_names() 返注册表内的所有 key），
+           但若 set_skin 抛 SkinNotFoundError（防御），维持 _skin_index 不变 + stderr 提示
+
+        r2-4 修订：皮肤名派生统一用 skin_names()[_skin_index]，不再引用不存在的 SKIN_REGISTRY_NAMES。
+        """
+        assert self._renderer is not None, "MENU 态 _renderer 必须已 init"
+        skin_names = self._renderer.skin_names()
+        if not skin_names:
+            return  # 防御：注册表为空不切
+        if direction == InputAction.SET_SKIN_PREV:
+            new_index = (self._skin_index - 1) % len(skin_names)
+        else:  # SET_SKIN_NEXT
+            new_index = (self._skin_index + 1) % len(skin_names)
+        try:
+            self._renderer.set_skin(skin_names[new_index])
+            self._skin_index = new_index
+        except SkinNotFoundError as e:
+            # 理论不可达（skin_names() 返注册表内的所有 key）；防御性 stderr 提示
+            print(f"[警告] 切换皮肤失败: {e}", file=sys.stderr)
+
+    def _handle_resize(self, event: Any) -> None:
+        """G3-2：窗口缩放处理（_drain_events 内同步调用，r2-2 契约前置）。
+
+        步骤：
+        1. 调 self._renderer.handle_resize(event.w, event.h)
+        2. RenderError 兜底（< MIN_PLAYABLE_W/H 或类型错误）：
+           stderr 提示 + 不更新（renderer 内部维持原尺寸）—— 不抛异常，不退游戏
+
+        r2-2 契约前置：Renderer 窗口必须带 RESIZABLE 标志，否则 pygame 不产生 VIDEORESIZE 事件，
+        此函数仅在真窗口拖拽缩放时被调用；UT 注入 fake 事件时仍可达。
+        """
… omitted 10 diff line(s) across 1 additional file(s)/section(s)
  ┊ review diff
a//home/zyzs/cyx/zteam/workspace/snake-linux/code/game-app/iter-3/game_app/menu.py → b//home/zyzs/cyx/zteam/workspace/snake-linux/code/game-app/iter-3/game_app/menu.py
@@ -26,11 +26,14 @@
     body_font: pygame.font.Font,
     difficulty: Difficulty,
     high_score: int = 0,
+    current_skin_name: str = "classic",
 ) -> None:
     """MENU 态自绘（pygame.font + pygame.draw）。
 
     入参：surface 来自 pygame.display.get_surface()（R3-2 不读 _screen）。
     G2-6：high_score > 0 时显示"最高分：xxx"行；= 0 时不显示（避免"最高分：0"误导）。
+    G3-5 iter-3 新增：current_skin_name 形参（默认 "classic" 保持向后兼容），
+    自绘新增"当前皮肤：<current_skin_name>"行（在难度选项与最高分行之间，y=315）。
     """
     surface.fill(MENU_BG)
 
@@ -55,6 +58,15 @@
             (surface.get_width() // 2 - surf.get_width() // 2, 220 + i * 36),
         )
 
+    # G3-5 iter-3 新增：当前皮肤行（难度选项 y=220~292，最高分行 y=340，留 23px 在 y=315）
+    skin_line = body_font.render(
+        f"当前皮肤：{current_skin_name}", True, MENU_DIFFICULTY_DEFAULT
+    )
+    surface.blit(
+        skin_line,
+        (surface.get_width() // 2 - skin_line.get_width() // 2, 315),
+    )
+
     # G2-6：最高分行
     if high_score > 0:
         hs_line = body_font.render(f"最高分：{high_score}", True, MENU_DIFFICULTY_HIGHLIGHT)
@@ -63,9 +75,9 @@
             (surface.get_width() // 2 - hs_line.get_width() // 2, 340),
         )
 
-    # G2-R-N3 提示补正
+    # G2-R-N3 提示补正（迭代 3 沿用，新增 ←/→ 切皮肤提示）
     hint = body_font.render(
-        "Enter / 空格 / 其他键 开始（P 暂停 · H 重置最高分 · Q 退出）",
+        "Enter / 空格 / 其他键 开始（P 暂停 · H 重置最高分 · ← → 切皮肤 · Q 退出）",
         True, MENU_HINT_COLOR,
     )
     surface.blit(
  ┊ review diff
a//home/zyzs/cyx/zteam/workspace/snake-linux/code/game-app/iter-3/game_app/app.py → b//home/zyzs/cyx/zteam/workspace/snake-linux/code/game-app/iter-3/game_app/app.py
@@ -483,12 +483,15 @@
             surface = pygame.display.get_surface()
             assert surface is not None, "MENU graphic not initialized"
             assert self._menu_title_font is not None and self._menu_body_font is not None
-            draw_menu(  # G2-6 加 high_score
+            # G3-5 iter-3 增量：从 Renderer 公开属性读当前皮肤名（r2-4 修订：不读 _skin 私有）
+            current_skin = self._renderer.current_skin_name if self._renderer else "classic"
+            draw_menu(  # G3-5 加 current_skin_name
                 surface,
                 self._menu_title_font,
                 self._menu_body_font,
                 self._difficulty,
                 high_score=self._high_score,
+                current_skin_name=current_skin,
             )
         elif self.screen == AppScreen.PLAYING:
             assert self._renderer is not None
  ┊ review diff
a/workspace/snake-linux/code/game-app/iter-3/tests/test_game_app/test_app_iter3_resize.py → b/workspace/snake-linux/code/game-app/iter-3/tests/test_game_app/test_app_iter3_resize.py
@@ -0,0 +1,167 @@
+"""G3-2 窗口缩放单测（RS-1~RS-7）。
+
+需求：
+- _drain_events 注入 VIDEORESIZE → Renderer.handle_resize 调用 + actions 列表不含 RESIZE
+- RenderError 兜底（stderr 提示 + 不抛异常）
+- PLAYING/PAUSED/GAME_OVER 态缩放不中断（INV-15）
+- 同一帧多事件：RESIZE + KEYDOWN → handle_resize 调 + actions 含 QUIT
+- 缩放由 renderer 内部完成重绘，app 无需重 render
+
+G3-2：窗口等比缩放（FR-09）
+r2-2 契约前置：Renderer 窗口必须带 RESIZABLE 标志（VIDEORESIZE 事件源）；
+app 侧无降级路径（由 gui-renderer 模块所有者保证，独立可测）。
+"""
+from __future__ import annotations
+
+from unittest.mock import MagicMock
+import pytest
+
+from game_app import App, InputAction
+from game_app.screens import AppScreen
+from game_core import Difficulty
+
+from .conftest import FakeEvent, _PYGAME_KEYS, make_resize_event
+
+
+def _kd(key: str) -> FakeEvent:
+    return FakeEvent(_PYGAME_KEYS["KEYDOWN"], _PYGAME_KEYS[key])
+
+
+def _set_events(app: App, events) -> None:
+    from game_app import app as app_mod
+    fake = app_mod.pygame
+    fake.event.get.return_value = events
+
+
+# ============================================================
+# RS-1：VIDEORESIZE → handle_resize 调用 + 不入 actions
+# ============================================================
+
+class TestResizeEventHandling:
+    """G3-2：VIDEORESIZE 事件在 _drain_events 内同步处理。"""
+
+    def test_resize_event_calls_handle_resize(
+        self, app: App, fake_renderer_iter3: MagicMock
+    ) -> None:
+        """RS-1：_drain_events() 注入 [VIDEORESIZE(w=1024, h=768)] → fake_renderer_iter3.handle_resize(1024, 768) 调用 1 次 + actions 列表不含 RESIZE。"""
+        ev = make_resize_event(1024, 768)
+        _set_events(app, [ev])
+        actions = app._drain_events()
+        fake_renderer_iter3.handle_resize.assert_called_once_with(1024, 768)
+        assert InputAction.RESIZE not in actions
+
+    def test_resize_event_returns_empty_actions(
+        self, app: App
+    ) -> None:
+        """RS-1 辅：单独 RESIZE 事件 → actions 为空（不入 dispatch）。"""
+        ev = make_resize_event(800, 600)
+        _set_events(app, [ev])
+        actions = app._drain_events()
+        assert actions == []
+
+    def test_render_error_caught_in_stderr(
+        self, app: App, fake_renderer_iter3: MagicMock, capsys
+    ) -> None:
+        """RS-2：fake_renderer_iter3.handle_resize.side_effect = RenderError("尺寸过小") → _handle_resize 调用 → stderr 写入 + 不抛异常。"""
+        from gui_renderer import RenderError
+        fake_renderer_iter3.handle_resize.side_effect = RenderError("尺寸过小")
+        ev = make_resize_event(100, 100)
+        _set_events(app, [ev])
+        # 不应抛异常
+        actions = app._drain_events()
+        # stderr 写入
+        captured = capsys.readouterr()
+        assert "[警告]" in captured.err
+        assert "窗口缩放失败" in captured.err
+        # actions 列表为空
+        assert actions == []
+
… omitted 89 diff line(s) across 1 additional file(s)/section(s)
  ┊ review diff
a/workspace/snake-linux/code/game-app/iter-3/tests/test_game_app/test_app_iter3_interp.py → b/workspace/snake-linux/code/game-app/iter-3/tests/test_game_app/test_app_iter3_interp.py
@@ -0,0 +1,301 @@
+"""G3-3 平滑插值动画单测（INTERP-1~INTERP-13）。
+
+需求：
+- _interpolation_state(snap) 构造 InterpolationState（仅 PLAYING 路径调用）
+- r2-1 alpha 公式：alpha = (_tick_accumulator_ms % tick_ms) / tick_ms
+  （step 刚完成 elapsed=0 → alpha=0 显示 prev；elapsed→tick 时 alpha=1 显示 cur）
+- r2-3 修订：_prev_snap = None / Chebyshev 距离 > 1 → 返 None
+- r2-6 修订：snap=None 防御
+- r2-7 修订：prev_food 始终传
+- _render PLAYING 路径走 interp=；PAUSED/GAME_OVER 不走插值
+- _tick step 前维护 _prev_snap（r2-1）+ OVER 后 _prev_snap=None
+- _new_game 重置 _prev_snap=None
+
+G3-3：平滑插值动画（FR-07）
+"""
+from __future__ import annotations
+
+import dataclasses
+from unittest.mock import MagicMock, patch
+import pytest
+
+from game_app import App, InputAction, AppScreen
+from game_app.screens import AppScreen as AppScreenConst
+from game_core import (
+    Difficulty, Direction, GameStatus, Point, Snapshot,
+)
+from gui_renderer import InterpolationState
+
+from .conftest import FakeEvent, _PYGAME_KEYS
+
+
+def _set_events(app: App, events) -> None:
+    from game_app import app as app_mod
+    fake = app_mod.pygame
+    fake.event.get.return_value = events
+
+
+def _mk_snap(snake_body, food=Point(10, 10), tick_ms=160,
+             score=0, status=GameStatus.RUN, difficulty=Difficulty.MEDIUM) -> Snapshot:
+    return Snapshot(
+        snake_body=tuple(Point(*p) if isinstance(p, tuple) else p for p in snake_body),
+        food=food,
+        score=score,
+        length=len(snake_body),
+        status=status,
+        difficulty=difficulty,
+        tick_ms=tick_ms,
+    )
+
+
+# ============================================================
+# INTERP-1：首帧 _prev_snap=None → 返回 None
+# ============================================================
+
+class TestInterpolationStateBasic:
+    """INTERP-1~5：_interpolation_state 基础行为。"""
+
+    def test_interp_none_when_no_prev_snap(self, app: App) -> None:
+        """INTERP-1：_prev_snap=None → _interpolation_state(snap) 返 None。"""
+        assert app._prev_snap is None
+        snap = _mk_snap([(5, 5), (5, 6), (5, 7)])
+        result = app._interpolation_state(snap)
+        assert result is None
+
+    def test_interp_none_when_snap_is_none(self, app: App) -> None:
+        """INTERP-13：snap=None 参数防御 → 返 None（r2-6 修订）。"""
+        result = app._interpolation_state(None)
+        assert result is None
+
+
+# ============================================================
+# INTERP-2 / INTERP-3：alpha 计算（r2-1 修订）
+# ============================================================
+
+class TestInterpolationAlpha:
+    """r2-1 修订：alpha = (_tick_accumulator_ms % tick_ms) / tick_ms。"""
+
+    def test_interp_alpha_half(self, app: App) -> None:
… omitted 223 diff line(s) across 1 additional file(s)/section(s)
  ┊ review diff
a//home/zyzs/cyx/zteam/workspace/snake-linux/code/game-app/iter-3/game_app/app.py → b//home/zyzs/cyx/zteam/workspace/snake-linux/code/game-app/iter-3/game_app/app.py
@@ -460,6 +460,55 @@
             if new_status == GameStatus.OVER:
                 self.screen = AppScreen.GAME_OVER  # OVER 自动转 GAME_OVER
                 break
+
+    def _interpolation_state(self, snap: Snapshot) -> Optional[InterpolationState]:
+        """G3-3 构造 InterpolationState（仅 PLAYING 路径调用）；r2-1/r2-3/r2-6/r2-7 修订。
+
+        返回：
+        - 若 _prev_snap is None → 返回 None（首帧 / OVER 后 / 新局首帧——r2-3 修订 _new_game 已重置；
+          Renderer 走瞬移渲染）
+        - 若 _prev_snap.snake_body 与 snap.snake_body **Chebyshev 距离 > 1 格** → 返回 None
+          （r2-3 修订：实现真实距离防御 max(|dx|, |dy|) > 1，与 renderer 内部 _grid_distance 一致；
+          防御吃食节拍/蛇身跳变/新局残留快照——消除原 docstring "距离 > 1 格" 与实现 "仅长度检查" 的偏差）
+        - 若 len(prev_body) != len(cur_body) → 返回 None（吃食节拍防御——r2-7 修订：app 侧选择
+          更保守防御，prev_food=None 语义由 renderer 单独兜底）
+        - 否则返回 InterpolationState(alpha, prev_snake_body, prev_food)
+          - alpha = (_tick_accumulator_ms % tick_ms) / tick_ms  **r2-1 修订**：已消费时长占整节拍比例
+            → step 完成后 elapsed=0 → alpha=0（显示 prev 旧位置）
+            → elapsed→tick 时 alpha=1（显示 cur 新位置，连续）
+            → clip [0, 1]
+          - prev_snake_body = tuple((p.x, p.y) for p in _prev_snap.snake_body)
+          - prev_food = (_prev_snap.food.x, _prev_snap.food.y)  # r2-7 修订：始终传 prev_food
+            （renderer 内部处理 prev_food=None 语义：吃食节拍食物瞬移）
+        """
+        # r2-6 修订：删除冗余 self.game_state is None 检查（调用点 _render PLAYING 已 assert）
+        if snap is None:
+            return None  # 防御性 snap 参数检查
+        if self._prev_snap is None:
+            return None
+        # r2-3 修订：真实 Chebyshev 距离防御（消除 docstring 与实现偏差）
+        prev_body = self._prev_snap.snake_body
+        cur_body = snap.snake_body
+        if len(prev_body) != len(cur_body):
+            return None  # 蛇身长度变化（吃食）→ renderer 兜底（r2-7：更保守防御）
+        # r2-3 修订：蛇身逐节 Chebyshev 距离 > 1 → 跳变，不插值
+        for prev_pt, cur_pt in zip(prev_body, cur_body):
+            dx = abs(prev_pt.x - cur_pt.x)
+            dy = abs(prev_pt.y - cur_pt.y)
+            if dx > 1 or dy > 1:
+                return None  # 跳变，不插值（防御新局残留快照等异常）
+        # alpha 计算（r2-1 修订：与 _tick 循环内重读 tick_ms 一致——避免漂移）
+        tick_ms = snap.tick_ms
+        if tick_ms <= 0:
+            return None  # 防御：tick_ms 异常
+        elapsed_in_tick = self._tick_accumulator_ms % tick_ms
+        alpha = elapsed_in_tick / tick_ms  # r2-1 修订：不再是 1.0 - elapsed / tick_ms
+        alpha = max(0.0, min(1.0, alpha))  # clip
+        return InterpolationState(
+            alpha=alpha,
+            prev_snake_body=tuple((p.x, p.y) for p in prev_body),
+            prev_food=(self._prev_snap.food.x, self._prev_snap.food.y),  # r2-7 修订：始终传 prev_food
+        )
 
     def _build_hud(self, snap: Snapshot) -> HudData:
         """R3-11：_render 共享一次 snapshot 后传入。G2-6 high_score 来源 self._high_score。"""
  ┊ review diff
a//home/zyzs/cyx/zteam/workspace/snake-linux/code/game-app/iter-3/game_app/app.py → b//home/zyzs/cyx/zteam/workspace/snake-linux/code/game-app/iter-3/game_app/app.py
@@ -445,6 +445,19 @@
         **P0-1 屏态同步方案 A**：_tick 不再做屏态切换——
         - 切屏发生在 _dispatch_* 内显式赋值（INV-11 方案 A）
         - core step() 在 status != RUN 时抛 InvalidStateError，永不返回非 RUN 状态
+
+        迭代 3 增量（G3-3，**r2-1 全链修订**）：
+        - step 前 snapshot 保存到 self._prev_snap（用于下一帧 _render 构造 InterpolationState 的 prev_snake_body，旧位置）
+        - step 后 self.game_state = self.game_state.step()
+        - OVER 后 self._prev_snap = None（_render GAME_OVER 不读）
+        - PAUSED 态不进入此函数；_prev_snap 不变
+
+        **r2-1 关键修订说明**：
+        - 旧版（r1 错）写法：step 后写 self._prev_snap = self.game_state.snapshot() → prev 与 cur 恒相等 → 插值无效
+        - 新版（r2-1 正）写法：step 前写 self._prev_snap = self.game_state.snapshot() → prev = step 前（旧）位置，cur = step 后（新）位置 → 插值有效
+        - alpha 公式（r2-1 修订）：alpha = (_tick_accumulator_ms % tick_ms) / tick_ms
+          - step 刚完成（elapsed≈0）→ alpha≈0.0 → 显示 prev（旧位置）
+          - 节拍推进（elapsed→tick_ms）→ alpha→1.0 → 显示 cur（新位置）—— 蛇从旧位置滑向新位置，连续
         """
         assert self.screen == AppScreen.PLAYING  # G2-1 INV-10/11 入口断言
         assert self.game_state is not None
@@ -455,11 +468,15 @@
             if self._tick_accumulator_ms < tick_ms:
                 break
             self._tick_accumulator_ms -= tick_ms
+            # **r2-1 修订**：step 前 snapshot 保存到 _prev_snap（用于下一帧 _render 插值的 prev）
+            self._prev_snap = self.game_state.snapshot()
             self.game_state = self.game_state.step()
             new_status = self.game_state.status
             if new_status == GameStatus.OVER:
-                self.screen = AppScreen.GAME_OVER  # OVER 自动转 GAME_OVER
+                self.screen = AppScreen.GAME_OVER
+                self._prev_snap = None  # G3-3：OVER 态 _prev_snap 清空（_render GAME_OVER 不读）
                 break
+            # **r2-1 修订**：step 后不再写 _prev_snap（仅 step 前写一次，下一帧 _render 读）
 
     def _interpolation_state(self, snap: Snapshot) -> Optional[InterpolationState]:
         """G3-3 构造 InterpolationState（仅 PLAYING 路径调用）；r2-1/r2-3/r2-6/r2-7 修订。
  ┊ review diff
a//home/zyzs/cyx/zteam/workspace/snake-linux/code/game-app/iter-3/game_app/app.py → b//home/zyzs/cyx/zteam/workspace/snake-linux/code/game-app/iter-3/game_app/app.py
@@ -417,7 +417,11 @@
            - 若 storage.save 抛 StorageError → 包 StorageUnavailableError(AppError)
         3. `game_state` 用全关键字构造（game-core iter-2 锁定签名）。
         4. 重置 `_tick_accumulator_ms=0` + `screen=PLAYING`。
-        """
+
+        迭代 3 增量（G3-3，**r2-3 修订**）：
+        - 首行 `self._prev_snap = None`（新局首帧瞬移渲染，防御新局开局蛇身漂移）
+        """
+        self._prev_snap = None  # r2-3 修订：新局首帧不读残留快照，防御蛇身漂移
         if self._storage is None:
             cb = None
         else:
  ┊ review diff
a//home/zyzs/cyx/zteam/workspace/snake-linux/code/game-app/iter-3/game_app/app.py → b//home/zyzs/cyx/zteam/workspace/snake-linux/code/game-app/iter-3/game_app/app.py
@@ -565,9 +565,11 @@
             )
         elif self.screen == AppScreen.PLAYING:
             assert self._renderer is not None
-            snap = self.game_state.snapshot()
+            snap = self.game_state.snapshot()  # R3-11：取一次 snap
             hud = self._build_hud(snap)
-            self._renderer.render(snap, hud)
+            # G3-3 + r2-1：构造 InterpolationState 走平滑插值（alpha = elapsed/tick_ms）
+            interp = self._interpolation_state(snap)
+            self._renderer.render(snap, hud, interp=interp)
         elif self.screen == AppScreen.PAUSED:  # G2-1/G2-5 新增
             assert self._renderer is not None and self.game_state is not None
             snap = self.game_state.snapshot()
  ┊ review diff
a//home/zyzs/cyx/zteam/workspace/snake-linux/code/game-app/iter-3/tests/test_game_app/test_app_iter3_interp.py → b//home/zyzs/cyx/zteam/workspace/snake-linux/code/game-app/iter-3/tests/test_game_app/test_app_iter3_interp.py
@@ -98,23 +98,31 @@
         assert result is not None
         assert result.alpha == 0.0
 
-    def test_interp_alpha_one_at_tick_boundary(self, app: App) -> None:
-        """INTERP-3b：_tick_accumulator_ms=160 → alpha=1.0（显示 cur，新位置）。"""
-        app._prev_snap = _mk_snap([(5, 5), (5, 6), (5, 7)])
-        app._tick_accumulator_ms = 160
+    def test_interp_alpha_one_at_tick_boundary_minus_epsilon(self, app: App) -> None:
+        """INTERP-3b：alpha 上限：_tick_accumulator_ms 接近 tick_ms 时 alpha 接近 1.0（显示 cur，新位置）。
+
+        注意：alpha = (_tick_accumulator_ms % tick_ms) / tick_ms——这是 mod，不是 ceiling。
+        _tick_accumulator_ms=159 + tick_ms=160 → alpha=159/160=0.99375（接近 1）。
+        """
+        app._prev_snap = _mk_snap([(5, 5), (5, 6), (5, 7)])
+        app._tick_accumulator_ms = 159
         snap = _mk_snap([(6, 5), (5, 5), (5, 6)])
         result = app._interpolation_state(snap)
         assert result is not None
-        assert result.alpha == 1.0
-
-    def test_interp_alpha_clipped(self, app: App) -> None:
-        """INTERP-3c：alpha clip [0, 1]：_tick_accumulator_ms=200 + tick_ms=160 → alpha=1.0（裁剪）。"""
-        app._prev_snap = _mk_snap([(5, 5), (5, 6), (5, 7)])
-        app._tick_accumulator_ms = 200
+        assert result.alpha == 159 / 160  # alpha 上限接近 1.0
+
+    def test_interp_alpha_after_two_ticks(self, app: App) -> None:
+        """INTERP-3 辅：_tick_accumulator_ms=240（= 1.5 * tick_ms）+ tick_ms=160 → elapsed_in_tick=80 → alpha=0.5。
+
+        r2-1 修订：alpha = elapsed_in_tick / tick_ms，其中 elapsed_in_tick = acc % tick_ms。
+        即使 acc > tick_ms（如 1.5 个节拍），alpha 也只反映本节拍内的进度。
+        """
+        app._prev_snap = _mk_snap([(5, 5), (5, 6), (5, 7)])
+        app._tick_accumulator_ms = 240
         snap = _mk_snap([(6, 5), (5, 5), (5, 6)])
         result = app._interpolation_state(snap)
         assert result is not None
-        assert result.alpha == 1.0
+        assert result.alpha == 0.5  # (240 % 160) / 160 = 80/160 = 0.5
 
 
 # ============================================================
  ┊ review diff
a//home/zyzs/cyx/zteam/workspace/snake-linux/code/game-app/iter-3/tests/test_game_app/test_app_iter3_interp.py → b//home/zyzs/cyx/zteam/workspace/snake-linux/code/game-app/iter-3/tests/test_game_app/test_app_iter3_interp.py
@@ -194,8 +194,12 @@
 
     def test_render_playing_passes_interp(self, app_in_playing: App, fake_renderer_iter3: MagicMock) -> None:
         """INTERP-6：_render PLAYING 路径走 interp=；调用 fake_renderer_iter3.render 后断言 kwargs["interp"] 为 None 或 InterpolationState。"""
-        # 给 _prev_snap 一个有效值，让 _interpolation_state 返 InterpolationState
+        # 调一次 _tick(80) 让 _prev_snap 被设置（step 前 snapshot）
+        # 然后调 _render 看 interp
+        app_in_playing._tick(80)  # 不触发 step（80 < tick_ms=160 默认），但 _prev_snap 仍为 None
+        # 手动设 _prev_snap 来构造插值场景
         app_in_playing._prev_snap = app_in_playing.game_state.snapshot()
+        # 让 _tick_accumulator_ms 落在 0~tick_ms 区间内
         app_in_playing._tick_accumulator_ms = 80
         app_in_playing._render()
         # 断言 render 被调，且 kwargs["interp"] 是 InterpolationState
  ┊ review diff
a//home/zyzs/cyx/zteam/workspace/snake-linux/code/game-app/iter-3/tests/test_game_app/test_app_iter3_interp.py → b//home/zyzs/cyx/zteam/workspace/snake-linux/code/game-app/iter-3/tests/test_game_app/test_app_iter3_interp.py
@@ -243,14 +243,15 @@
     """INTERP-9/10：_tick step 前维护 _prev_snap（r2-1 修订）。"""
 
     def test_tick_normal_step_updates_prev_snap(self, app_in_playing: App) -> None:
-        """INTERP-10：_tick(160) → _prev_snap is not None + _prev_snap.snake_body == step 前位置。"""
-        # 记录 step 前的位置
+        """INTERP-10：_tick 后 _prev_snap is not None + _prev_snap.snake_body == step 前位置（最后一次 step）。"""
+        # 记录 step 前的位置（dt_ms 足够让 step 恰好发生 1 次）
+        # 默认 HARD 难度 tick_ms=80；dt=100 → step 1 次（acc=20 剩余）
         before_snap = app_in_playing.game_state.snapshot()
-        # 推进一个节拍（足够 dt 让 step 发生）
-        app_in_playing._tick(200)
+        app_in_playing._tick(100)  # 100 >= tick_ms=80，step 1 次
         # _prev_snap 应已被更新（r2-1：step 前保存）
         assert app_in_playing._prev_snap is not None
-        # _prev_snap.snake_body 应为 step 前的蛇身（即 before_snap.snake_body）
+        # _prev_snap.snake_body 应为**最后一次** step 前的蛇身
+        # 实际：本次调用 step 1 次，_prev_snap = step 前的快照 = before_snap（dt=100 之前的状态）
         assert app_in_playing._prev_snap.snake_body == before_snap.snake_body
 
     def test_tick_over_resets_prev_snap(self, app_in_playing: App) -> None:
  ┊ review diff
a//home/zyzs/cyx/zteam/workspace/snake-linux/code/game-app/iter-3/tests/test_game_app/test_app_iter3_interp.py → b//home/zyzs/cyx/zteam/workspace/snake-linux/code/game-app/iter-3/tests/test_game_app/test_app_iter3_interp.py
@@ -193,20 +193,23 @@
     """INTERP-6/7/8：_render 各路径与 interp= 关系。"""
 
     def test_render_playing_passes_interp(self, app_in_playing: App, fake_renderer_iter3: MagicMock) -> None:
-        """INTERP-6：_render PLAYING 路径走 interp=；调用 fake_renderer_iter3.render 后断言 kwargs["interp"] 为 None 或 InterpolationState。"""
-        # 调一次 _tick(80) 让 _prev_snap 被设置（step 前 snapshot）
-        # 然后调 _render 看 interp
-        app_in_playing._tick(80)  # 不触发 step（80 < tick_ms=160 默认），但 _prev_snap 仍为 None
+        """INTERP-6：_render PLAYING 路径走 interp=；调用 fake_renderer_iter3.render 后断言 kwargs["interp"] 为 None 或 InterpolationState。
+
+        app_in_playing 使用 HARD 难度，tick_ms=100。
+        _tick(80) 不触发 step（80 < 100）；手动设 _prev_snap 后调 _render。
+        """
+        # 调 _tick 让 _prev_snap 被设置（HARD tick_ms=100，dt=80 不触发 step）
+        app_in_playing._tick(80)
+        # 此时 _prev_snap 应为 None（dt 不够 step），但 _tick_accumulator_ms=80
         # 手动设 _prev_snap 来构造插值场景
         app_in_playing._prev_snap = app_in_playing.game_state.snapshot()
-        # 让 _tick_accumulator_ms 落在 0~tick_ms 区间内
-        app_in_playing._tick_accumulator_ms = 80
+        # _tick_accumulator_ms=80 + tick_ms=100 → alpha = 80/100 = 0.8
         app_in_playing._render()
         # 断言 render 被调，且 kwargs["interp"] 是 InterpolationState
         fake_renderer_iter3.render.assert_called_once()
         interp_kwarg = fake_renderer_iter3.render.call_args.kwargs.get("interp")
         assert isinstance(interp_kwarg, InterpolationState)
-        assert interp_kwarg.alpha == 0.5  # 80 / 160
+        assert interp_kwarg.alpha == 0.8  # 80 / 100
 
     def test_render_playing_interp_none_when_no_prev_snap(
         self, app_in_playing: App, fake_renderer_iter3: MagicMock
  ┊ review diff
a//home/zyzs/cyx/zteam/workspace/snake-linux/code/game-app/iter-3/tests/test_game_app/test_app_iter3_interp.py → b//home/zyzs/cyx/zteam/workspace/snake-linux/code/game-app/iter-3/tests/test_game_app/test_app_iter3_interp.py
@@ -246,15 +246,17 @@
     """INTERP-9/10：_tick step 前维护 _prev_snap（r2-1 修订）。"""
 
     def test_tick_normal_step_updates_prev_snap(self, app_in_playing: App) -> None:
-        """INTERP-10：_tick 后 _prev_snap is not None + _prev_snap.snake_body == step 前位置（最后一次 step）。"""
-        # 记录 step 前的位置（dt_ms 足够让 step 恰好发生 1 次）
-        # 默认 HARD 难度 tick_ms=80；dt=100 → step 1 次（acc=20 剩余）
+        """INTERP-10：_tick 后 _prev_snap is not None + _prev_snap.snake_body == step 前位置（最后一次 step）。
+
+        app_in_playing 使用 HARD 难度，tick_ms=100。dt=120 触发 1 次 step，acc 剩余 20。
+        """
+        # 记录 step 前的位置
         before_snap = app_in_playing.game_state.snapshot()
-        app_in_playing._tick(100)  # 100 >= tick_ms=80，step 1 次
+        app_in_playing._tick(120)  # 120 >= tick_ms=100，step 1 次
         # _prev_snap 应已被更新（r2-1：step 前保存）
         assert app_in_playing._prev_snap is not None
         # _prev_snap.snake_body 应为**最后一次** step 前的蛇身
-        # 实际：本次调用 step 1 次，_prev_snap = step 前的快照 = before_snap（dt=100 之前的状态）
+        # 实际：本次调用 step 1 次，_prev_snap = step 前的快照 = before_snap（dt=120 之前的状态）
         assert app_in_playing._prev_snap.snake_body == before_snap.snake_body
 
     def test_tick_over_resets_prev_snap(self, app_in_playing: App) -> None:
  ┊ review diff
a//tmp/hermes-verify-gameapp-iter3-e2e.py → b//tmp/hermes-verify-gameapp-iter3-e2e.py
@@ -0,0 +1,154 @@
+"""Ad-hoc 验证：game-app iter-3 端到端契约。
+
+覆盖：
+1. 模块导入 + 全公共 API 存在（AppConfigV3、InputAction 新成员、InterpolationState re-export）
+2. AppConfigV3 单实例 + isinstance 判定
+3. App 字段初始化（_skin_index=0、_prev_snap=None、_render 调用 contract）
+4. Renderer fake 注入下 _tick + _interpolation_state + _render PLAYING 全链路（不留真渲染副作用）
+5. _new_game 重置 _prev_snap；_tick OVER 后清空
+6. _switch_skin 循环索引 + SkinNotFoundError 兜底（stderr 捕获）
+7. _handle_resize RenderError 兜底
+8. _init_pygame 调用 Renderer(enable_high_dpi=...) 传参校验
+9. main() 入口函数存在 + 接受 iter-3 AppConfigV3
+"""
+from __future__ import annotations
+
+import sys
+import tempfile
+import os
+import io
+from contextlib import redirect_stderr
+from unittest.mock import MagicMock
+
+# 路径配置：把 game-app iter-3 与上游模块加进 sys.path
+HERE = os.path.dirname(os.path.abspath(__file__))
+ROOT = "/home/zyzs/cyx/zteam/workspace/snake-linux/code/game-app/iter-3"
+sys.path.insert(0, ROOT)
+sys.path.insert(0, os.path.join(ROOT, "tests"))
+sys.path.insert(0, "/home/zyzs/cyx/zteam/workspace/snake-linux/code/game-core/iter-2")
+sys.path.insert(0, "/home/zyzs/cyx/zteam/workspace/snake-linux/code/gui-renderer/iter-3")
+sys.path.insert(0, "/home/zyzs/cyx/zteam/workspace/snake-linux/code/platform-storage/iter-2")
+
+import pytest
+
+# 直接调 pytest 跑全部测试（同一进程内）作为完整端到端验证
+import subprocess
+
+result = subprocess.run(
+    ["python3", "-m", "pytest", os.path.join(ROOT, "tests"), "-q", "--tb=short"],
+    cwd=ROOT,
+    capture_output=True,
+    text=True,
+    timeout=120,
+)
+print("=== pytest 跑 iter-3 全套 ===")
+print(f"exit code: {result.returncode}")
+print(result.stdout[-2000:])
+if result.stderr:
+    print("--- stderr ---")
+    print(result.stderr[-500:])
+
+# 然后做补充独立验证：契约级导入 + 关键字段
+print("\n=== 补充契约级验证 ===")
+import game_app
+from game_app import App, AppConfig, AppConfigV3, AppScreen, InputAction, main
+from game_app.config import AppConfigV3 as V3
+from game_app.input import _map_event, _MENU_RESERVED_ACTIONS, InputAction as IA
+from game_app.menu import draw_menu
+from gui_renderer import (
+    InterpolationState, SkinNotFoundError, RenderError,
+)
+from game_core import Difficulty, GameStatus, Point, Snapshot
+
+# 1. AppConfigV3 字段契约
+cfg = AppConfigV3(enable_high_dpi=False)
+assert cfg.enable_high_dpi is False
+assert isinstance(cfg, AppConfig)
+assert cfg.window_w == 640
+print("✓ AppConfigV3 字段/继承/isinstance")
+
+# 2. InputAction 总数 = 18（r2-5）
+assert len(InputAction) == 18, f"InputAction count = {len(InputAction)}"
+assert InputAction.SET_SKIN_PREV.value == "skin_prev"
+assert InputAction.SET_SKIN_NEXT.value == "skin_next"
+assert InputAction.RESIZE.value == "resize"
+print("✓ InputAction 18 成员 + 新增 3 个")
+
+# 3. App.__init__ 字段契约（不调 _init_pygame，无 pygame 副作用）
+a = App(AppConfigV3())
… omitted 76 diff line(s) across 1 additional file(s)/section(s)
  ┊ review diff
a//tmp/hermes-verify-gameapp-iter3-e2e.py → b//tmp/hermes-verify-gameapp-iter3-e2e.py
@@ -94,7 +94,28 @@
 print("✓ AppConfig/AppConfigV3 构造兼容")
 
 # 5. _map_event 键映射契约（fake_pygame 不依赖 pygame.init）
-from game_app.conftest import _PYGAME_KEYS, FakeEvent  # type: ignore
+_PYGAME_KEYS = {
+    "QUIT": 256,
+    "KEYDOWN": 768,
+    "VIDEORESIZE": 16,
+    "K_q": 113, "K_ESCAPE": 27, "K_p": 112, "K_r": 114,
+    "K_h": 104, "K_BACKSPACE": 8,
+    "K_1": 49, "K_2": 50, "K_3": 51,
+    "K_LEFT": 1073741904, "K_RIGHT": 1073741903,
+    "K_w": 119, "K_s": 115, "K_a": 97, "K_d": 100,
+    "K_UP": 1073741906, "K_DOWN": 1073741905,
+}
+
+
+class FakeEvent:
+    __slots__ = ("type", "key", "w", "h")
+
+    def __init__(self, type_, key=None, w=None, h=None):
+        self.type = type_
+        self.key = key
+        self.w = w
+        self.h = h
+
 
 # fake pygame stub（最小子集供 _map_event 走查表）
 import types

session_id: 20260814_163025_24c500
验证完毕：

1. **iter-3 pytest 全套**（同一进程）：67/67 通过，包括 V3-1~V3-7（16）、SK-1~SK-11（13）、RS-1~RS-7（8）、INTERP-1~INTERP-13（20）、input_map iter-3 增量（10）。

2. **iter-1 既有基线回归**（独立目录）：181/181 仍通过——未破坏上游。

3. **Ad-hoc 契约验证**（tempfile 路径 `/tmp/hermes-verify-gameapp-iter3-e2e.py`，已清理）：
   - AppConfigV3 字段/继承/isinstance 契约
   - InputAction 18 成员 + SET_SKIN_PREV/SET_SKIN_NEXT/RESIZE
   - App.__init__ 新字段默认（_skin_index=0、_prev_snap=None）
   - AppConfig/AppConfigV3 构造向后兼容
   - _map_event G3-1/G3-2 键映射（K_LEFT/K_RIGHT/K_a/K_d/VIDEORESIZE）
   - SET_SKIN_* 不在 _MENU_RESERVED_ACTIONS（G3-1 屏态分发由 _drain_events 接管）
   - main() 入口存在
   - draw_menu current_skin_name 形参默认 'classic'（向后兼容）

4. **状态机**：modules.json 显示 game-app iter-3 = `dev_reviewing`，pipeline.log 审计行 `MODULE_CODE snake-linux/game-app iter-3 DONE -> dev_reviewing` 已记录。

注：这是 ad-hoc 验证（不是 pytest suite green 声称）。代码本身不在 git commit 阶段，无 KISS/DRY 二次精简需要。
