  ┊ review diff
a/workspace/snake-linux/review/code/gui-renderer/iter-1/snake-linux-gui-renderer-code-iter1-r1.md → b/workspace/snake-linux/review/code/gui-renderer/iter-1/snake-linux-gui-renderer-code-iter1-r1.md
@@ -0,0 +1,184 @@
+# 代码检视意见：gui-renderer（snake-linux v2.0.0 迭代 1）r1
+
+> MDE 检视（模块内实现视角）· 依据：模块设计 `snake-linux/design/gui-renderer/设计-r1.md` + 设计评审意见 `snake-linux/review/design/gui-renderer/iter-1/snake-linux-gui-renderer-design-iter1-r1.md`（PASS）+ game-core 已 it_passed 代码
+> 检视日期：2026-08-14
+
+## 0. 检视结论
+
+- **结论：PASS**
+- 一句话理由：实现与设计逐字段一致（接口/数据结构/绘制流程/帧率采样/鲁棒性矩阵全绿）；53 条 UT 全绿 + 覆盖率 100%（远超设计 §7.2 ≥90% 目标）；fake_pygame headless 方案生效。发现 2 项 P3 建议（非阻塞），0 项阻塞级问题。
+
+## 1. 检视范围
+
+```
+workspace/snake-linux/code/gui-renderer/iter-1/
+├── gui_renderer/
+│   ├── __init__.py           (35 行)
+│   ├── constants.py          (60 行)
+│   ├── errors.py             (25 行)
+│   ├── types.py              (75 行)
+│   └── renderer.py           (200 行)
+├── tests/
+│   ├── conftest.py           (130 行，fake_pygame 完整桩)
+│   ├── test_constants.py     (5 用例)
+│   ├── test_types.py         (12 用例)
+│   ├── test_renderer_init.py (14 用例)
+│   ├── test_renderer_render.py (10 用例)
+│   ├── test_renderer_fps.py  (8 用例)
+│   └── test_renderer_lifecycle.py (6 用例)
+└── README.md
+```
+
+合计 53 测试用例（设计 §7.6 必含 39 条 + 实际增补 14 条：异常场景 5 条 + FpsMetric 边界 4 条 + Init 边界 5 条）。
+
+## 2. 检视清单 4 项核对
+
+### 清单 1 — 实现与模块设计一致（数据结构/接口/流程）
+
+| 设计条款 | 实装位置 | 结果 |
+|---|---|---|
+| §3.1 `Renderer(window_size, *, skin=None, vsync=True, cell_size, grid_cols, grid_rows)` 签名 | `renderer.py:73-83` | ✅ 完整实装 |
+| §3.1 `init/shutdown/__enter__/__exit__` 生命周期 | `renderer.py:117-150` | ✅ `__enter__` 调 init、`__exit__` 调 shutdown；幂等通过测试验证 |
+| §4.4 绘制 6 步：fill→snake→food+outline→HUD→fps采样 | `renderer.py:158-184` | ✅ 与设计 §4.4 流程完全对齐 |
+| §4.5 grid_to_pixel 接受 `Tuple[int,int]` 而非 Point（避免循环依赖） | `renderer.py:228-235` | ✅ 与设计评审 P3-A 修订一致 |
+| §4.6 HUD 5 行（Score/High/Length/Difficulty/Status），OVER 用 accent | `renderer.py:189-225` | ✅ `test_render_hud_status_over_uses_accent_color` 验证 |
+| §4.7 fps 采样 render 末尾 + samples 容量 120 + P95 < 20 降级 mean | `renderer.py:182-184` + `types.py:50-66` | ✅ 与设计完全一致 |
+| §1.2 DEFAULT_SKIN 8 字段 | `constants.py:40-50` | ✅ 完整 |
+| §1.3 布局常量 8 项 | `constants.py:11-18` | ✅ 完整（含 PLAYFIELD_X/Y 内部细节） |
+| §3.3 模块导出 13 项 | `__init__.py:6-33` | ✅ `__all__` 与设计表 1:1 对应 |
+| §5.5 鲁棒性矩阵 7 场景 | 全部覆盖 | ✅ 见 §3 详表 |
+| §5.7 不 import socket/urllib/http/requests | `renderer.py`/`types.py` 仅 stdlib + pygame + 同包 | ✅ |
+| §9 迭代 3 接口（set_skin/handle_resize/draw_animated）不实装 | `renderer.py` 未出现 | ✅ |
+| §4.1 模块文件组织 | 与设计 §4.1 tree 完全一致 | ✅ |
+| §7.8 README 覆盖声称 100% | 实测 100%（见 §4） | ✅ |
+
+**清单 1 结论：PASS**
+
+### 清单 2 — 实现细节质量（边界/异常/资源释放）
+
+| 失败场景 | 实现处理 | 设计条款 | 结果 |
+|---|---|---|---|
+| 窗口尺寸过小 | `__init__` 校验 min_w/min_h → RenderError | §5.5 | ✅ |
+| window_size 非 tuple | `__init__` isinstance 校验 → RenderError | 设计未明确但合理 | ✅ |
+| cell_size/grid_cols/grid_rows <=0 | `__init__` 校验 → RenderError | 设计未明确但合理 | ✅ |
+| 颜色 RGB 越界（含负值） | `_validate_skin` 校验 → RenderError | §5.5 | ✅ |
+| snapshot 为 None | `render()` 显式 raise | §5.5 | ✅ |
+| snapshot.snake_body 为空 | `render()` 显式 raise | §5.5 | ✅ |
+| init 重复调用 | `if self._initialized: return` | §3.1 幂等 | ✅ |
+| shutdown 重复调用（含未 init） | 依赖 pygame 库幂等（display/font/pygame.quit） | §3.1 幂等 + §5.6 | ✅ |
+| render 中 init 未完成 | `assert screen is not None` | 未在设计承诺 | ⚠️ P3-1（见 §5） |
+| pygame.quit 失败（如已退出） | `shutdown` 不吞异常但 fake_pygame/真实 pygame 均幂等 | §5.6 | ✅ |
+| `fps_metric()` 样本为空 | p95=0, fps=0（types.py:53-56） | §4.7 降级 | ✅ |
+| fps samples 全 0 | mean=0 → fps 仍为 0（除零保护） | §4.7 | ✅ |
+
+**清单 2 结论：PASS**
+
+### 清单 3 — 可测试性（UT 可写可跑）
+
+| 设计条款 | 实装 | 结果 |
… omitted 106 diff line(s) across 1 additional file(s)/section(s)
  ┊ review diff
a//home/zyzs/cyx/zteam/workspace/snake-linux/review/code/gui-renderer/iter-1/snake-linux-gui-renderer-code-iter1-r1.md → b//home/zyzs/cyx/zteam/workspace/snake-linux/review/code/gui-renderer/iter-1/snake-linux-gui-renderer-code-iter1-r1.md
@@ -181,4 +181,14 @@
 
 ---
 
-> 本检视为模块内视角（数据结构/实现细节/可测试性/风格）。模块间接口/数据流视角由 SE 检视负责（已通过设计评审 P2-1 修订确认对齐）。+> 本检视为模块内视角（数据结构/实现细节/可测试性/风格）。模块间接口/数据流视角由 SE 检视负责（已通过设计评审 P2-1 修订确认对齐）。
+
+---
+
+## 附：状态机执行留痕
+
+- `release_module snake-linux gui-renderer 1 review snake-linux/review/code/gui-renderer/iter-1/ PASS` 被状态机严格校验拒绝：
+  - 模块 iter1 当前 `status = it_working`（2026-08-14T02:21:53Z MODULE_REVIEW PASS -> it_working，上轮 MDE pid 1167246 已完成检视门禁 PASS）
+  - `release_module review` 子命令仅允许从 `dev_reviewing` 状态迁移，**避免重复覆盖已完成 PASS 状态**
+  - 审计：script exit_code=1 + stderr `review 需 dev_reviewing + PASS/FAIL（当前 it_working）`
+- **处置**：本意见作为 r1 review PASS 之后的**附加观察记录**归档到同一目录（与上一轮意见并列），不调用 release_module 破坏状态机流水线。后续若需更新意见，应等模块回到 `dev_working`/`dev_reviewing` 后由对应轮次 MDE 重新检视（FAIL→FO 修订→再 spawn）。
  ┊ review diff
a//home/zyzs/cyx/zteam/workspace/snake-linux/review/code/gui-renderer/iter-1/snake-linux-gui-renderer-code-iter1-r1.md → b//home/zyzs/cyx/zteam/workspace/snake-linux/review/code/gui-renderer/iter-1/snake-linux-gui-renderer-code-iter1-r1.md
@@ -183,8 +183,6 @@
 
 > 本检视为模块内视角（数据结构/实现细节/可测试性/风格）。模块间接口/数据流视角由 SE 检视负责（已通过设计评审 P2-1 修订确认对齐）。
 
----
-
 ## 附：状态机执行留痕
 
 - `release_module snake-linux gui-renderer 1 review snake-linux/review/code/gui-renderer/iter-1/ PASS` 被状态机严格校验拒绝：

session_id: 20260814_021526_356fb3
MDE 检视完成。

检视结果 PASS — 实现与设计 100% 对齐（接口/数据结构/绘制流程/帧率/鲁棒性矩阵 7 项全绿），设计评审 P2/P3 共 8 项修订全部落地，53/53 测试全绿 + 覆盖率 100%，fake_pygame headless 方案生效。检视意见落盘 `snake-linux/review/code/gui-renderer/iter-1/snake-linux-gui-renderer-code-iter1-r1.md`。

release_module 命令状态机校验拒绝（模块已 `it_working`、上轮 MDE pid 1167246 已 PASS），未强行覆盖。状态机执行情况已在文件"状态机执行留痕"段留档。
