  ┊ review diff
a/workspace/snake-linux/it/game-core/iter-2/测试用例.md → b/workspace/snake-linux/it/game-core/iter-2/测试用例.md
@@ -0,0 +1,142 @@
+# 模块 IT 测试用例：game-core（snake-linux v2.0.0 迭代 2）
+
+> MTO 产出 · 依据整体测试方案 `snake-linux/testplans/v2.0.0/整体测试方案.md` §2.3 与测试套件框架设计 §2/§3
+> 依据模块设计 `snake-linux/design/game-core/设计-iter2-r2.md`（SE 评审 PASS）
+> 模块代码 `snake-linux/code/game-core/iter-2/game_core/`（MDE 检视 PASS，FO TDD 已落 89 个 UT）
+> 承载需求：FR-05（难度分级）、FR-12（暂停/继续）、FR-13（得分事件入口）、NFR-01（性能节拍量化）
+> 测试层级：IT（模块级集成测试，MTO 执行）；UT 见 `snake-linux/code/game-core/iter-2/tests/test_game_core/`
+> 迭代 2 增量三件套：speed_curve 加速曲线 / toggle_pause 暂停状态机 / on_score 得分回调
+
+## 0. 范围与依赖
+
+- **被测对象**：`game_core` 包（Point / Direction / Difficulty / GameStatus / Snake / Food / Snapshot / GameState / spawn_food / speed_curve / MIN_TICK_MS / ScoreCallback / InvalidStateError）
+- **测试驱动**：pytest 9.x（与框架设计 §1 一致）；运行时零第三方依赖（NFR-05）
+- **隔离策略**：RNG 注入 `random.Random(seed)` 实现确定性；模块不依赖文件系统/网络；无 GUI/SDL 初始化
+- **用例编号**：`IT-game-core-2-{序号}`，与整体测试方案 §2.3（IT-game-core-2-01~03）编号体系一致
+- **优先级映射**：P0 = 核心功能/发布阻塞；P1 = 鲁棒性边界；P2 = 接口契约细节
+- **回归基线**：迭代 1 的 32 条用例在迭代 2 必须**仍能直接复用**（接口扩展但无破坏性变更），IT-game-core-2-NN 重点验证**增量三件套**与**回归不破坏**
+
+## 1. 用例清单
+
+| 用例 ID | 关联需求 | 标题 | 优先级 | 类型 |
+|---------|---------|------|--------|------|
+| IT-game-core-2-01 | FR-12 | 暂停定格：toggle_pause RUN→PAUSED 切换正确、字段冻结 | P0 | 暂停 |
+| IT-game-core-2-02 | FR-12 | 继续恢复：toggle_pause PAUSED→RUN、INV-8 清 pending_direction | P0 | 暂停 |
+| IT-game-core-2-03 | FR-12 | OVER 不可暂停：toggle_pause(OVER) 抛 InvalidStateError | P0 | 暂停 |
+| IT-game-core-2-04 | FR-12 | PAUSED 期 step 抛错 | P0 | 状态机 |
+| IT-game-core-2-05 | FR-12 | PAUSED 期 set_direction 静默忽略（不入 pending） | P0 | 暂停 |
+| IT-game-core-2-06 | FR-12 | INV-8 核心：暂停前按 UP → 暂停 → 继续 → 第一拍按原 direction 走（非 UP） | P0 | 暂停 |
+| IT-game-core-2-07 | FR-12 | 反复 toggle_pause：等价于 2 次翻转 | P1 | 暂停 |
+| IT-game-core-2-08 | FR-05/NFR-01 | speed_curve score=0：EASY=250/MEDIUM=160/HARD=100 | P0 | 曲线 |
+| IT-game-core-2-09 | FR-05/NFR-01 | speed_curve HARD ≤ EASY*0.5（对 score∈[0,100]） | P0 | 曲线 |
+| IT-game-core-2-10 | FR-05/NFR-01 | speed_curve 单调不增（score 增大 tick_ms 不增） | P0 | 曲线 |
+| IT-game-core-2-11 | FR-05/NFR-01 | speed_curve 三档独立下限：score=100 时 EASY=100/MEDIUM=80/HARD=50 | P0 | 曲线 |
+| IT-game-core-2-12 | FR-05 | Difficulty.base_tick_ms 走 speed_curve(0, self) 单一数据源 | P0 | 接口 |
+| IT-game-core-2-13 | FR-05/NFR-01 | Snapshot.tick_ms 走 speed_curve(score, difficulty)：随 score 推进动态变小 | P0 | 接口 |
+| IT-game-core-2-14 | FR-13 | on_score 回调触发：step 吃食 → cb(new_score) 收到 new_score | P0 | 回调 |
+| IT-game-core-2-15 | FR-13 | on_score 回调非吃食不触发 | P0 | 回调 |
+| IT-game-core-2-16 | FR-13 | on_score 回调为 None：静默无副作用、score 字段正确更新 | P0 | 回调 |
+| IT-game-core-2-17 | FR-13 | on_score 回调异常不捕获：向外抛、旧 state 未污染（pure-function 语义） | P0 | 回调 |
+| IT-game-core-2-18 | FR-13 | on_score 回调替换：set_score_callback 后新 cb 生效、旧 cb 不再被调 | P0 | 回调 |
+| IT-game-core-2-19 | FR-13 | on_score 多次吃食：每次吃食各触发一次，参数 = 当次 new_score | P1 | 回调 |
+| IT-game-core-2-20 | FR-05/12 | 回归：iter-1 接口契约不变（Point/Direction/Difficulty/GameStatus/Snapshot 字段一致） | P0 | 回归 |
+| IT-game-core-2-21 | FR-05/12/13 | 回归：iter-1 核心行为不变（移动/吃食/反向/撞墙/撞身/撞尾/OVER 保护） | P0 | 回归 |
+| IT-game-core-2-22 | FR-13 | 回归：构造期 score_callback 注入；与 set_score_callback 等价 | P1 | 回调 |
+| IT-game-core-2-23 | NFR-05 | 零 GUI 依赖：迭代 2 增量代码（params.py/state.py）无 pygame/pyinstaller 等 import | P0 | 静态检查 |
+| IT-game-core-2-24 | NFR-05 | 语法兼容 Python 3.8：迭代 2 增量代码无 PEP 604 / 内置泛型下标 | P0 | 静态检查 |
+| IT-game-core-2-25 | FR-05 | MIN_TICK_MS 单一数据源：修改 dict 后 speed_curve 返回新值（仅供 UT，IT 不修改） | P1 | 接口 |
+| IT-game-core-2-26 | FR-13 | on_score 回调替换为 None：清空后 step 吃食不触发（验证 None 静默路径） | P1 | 回调 |
+
+合计 26 条（P0 = 17、P1 = 9）。**说明**：迭代 2 用例**只覆盖增量三件套**与回归锚点；iter-1 已落地的 32 条用例在 iter-2 保留并复用，由 `test_it_game_core_1.py` 持续运行（不重复编写）。
+
+## 2. 用例详情（关键 P0）
+
+### IT-game-core-2-01：toggle_pause RUN→PAUSED 字段冻结
+
+**前置**：20×15 MEDIUM 状态 + 固定 seed。
+**步骤**：构造 `gs`，调用 `paused = gs.toggle_pause()`。
+**预期**：
+- `paused.status == GameStatus.PAUSED`
+- 字段冻结（INV-9）：`paused.snake.body == gs.snake.body`、`paused.food == gs.food`、`paused.score == gs.score`、`paused.length == gs.length`、`paused.direction == gs.direction`、`paused.difficulty == gs.difficulty`
+
+### IT-game-core-2-02：toggle_pause PAUSED→RUN + INV-8 清 pending
+
+**前置**：20×15 MEDIUM，先 `set_direction(UP)` 登记 pending，再连续两次 `toggle_pause()`。
+**步骤**：`s1 = gs.set_direction(Direction.UP)`；`s2 = s1.toggle_pause()`（RUN→PAUSED）；`s3 = s2.toggle_pause()`（PAUSED→RUN）。
+**预期**：
+- `s2.status == PAUSED`
+- `s3.status == RUN`
+- `s3.pending_direction is None`（INV-8 关键：恢复时清空 pending，防止"暂停前按 UP、继续后第一拍 180° 撞尾"）
+
+### IT-game-core-2-06：INV-8 核心防呆
+
+**前置**：构造 5×5 网格 + 蛇身布局，使 set_direction(UP) 后第一拍将撞自身（避免误判通过）。
+**步骤**：`s1 = gs.set_direction(Direction.UP)`；`s2 = s1.toggle_pause()`；`s3 = s2.toggle_pause()`；`after = s3.step()`。
+**预期**：
+- `s3.status == RUN`、`s3.pending_direction is None`
+- `after.status == GameStatus.RUN`（未撞自身，因 UP pending 已被清空）
+- `after.direction == Direction.RIGHT`（按原 direction 走，不是 UP）
… omitted 64 diff line(s) across 1 additional file(s)/section(s)
  ┊ review diff
a/workspace/snake-linux/it/game-core/iter-2/conftest.py → b/workspace/snake-linux/it/game-core/iter-2/conftest.py
@@ -0,0 +1,9 @@
+"""pytest 全局配置：注册 p0/p1/p2 marker（消除警告）。"""
+import sys
+from pathlib import Path
+
+
+def pytest_configure(config):
+    config.addinivalue_line("markers", "p0: P0 用例（核心功能/发布阻塞）")
+    config.addinivalue_line("markers", "p1: P1 用例（重要功能边界）")
+    config.addinivalue_line("markers", "p2: P2 用例（体验细节）")
  ┊ review diff
a/workspace/snake-linux/it/game-core/iter-2/test_it_game_core_2.py → b/workspace/snake-linux/it/game-core/iter-2/test_it_game_core_2.py
@@ -0,0 +1,543 @@
+"""模块 IT 测试：game-core（snake-linux v2.0.0 迭代 2）。
+
+按 `snake-linux/it/game-core/iter-2/测试用例.md` 落地，pytest 9.x。
+覆盖迭代 2 增量三件套：speed_curve / toggle_pause / on_score；运行零 GUI 依赖（NFR-05）。
+
+执行：pytest test_it_game_core_2.py -v
+"""
+from __future__ import annotations
+
+import ast
+import dataclasses
+import random
+import sys
+from pathlib import Path
+
+import pytest
+
+# 被测代码路径：tests/ 与 code/ 平级在 workspace/snake-linux/ 下
+_HERE = Path(__file__).resolve().parent
+_WORKSPACE = _HERE.parents[2]  # it/game-core/iter-2 -> snake-linux
+_CODE_DIR = _WORKSPACE / "code" / "game-core" / "iter-2"
+sys.path.insert(0, str(_CODE_DIR))
+
+from game_core import (  # noqa: E402
+    MIN_TICK_MS,
+    Direction,
+    Difficulty,
+    Food,
+    GameState,
+    GameStatus,
+    InvalidStateError,
+    Point,
+    Snake,
+    Snapshot,
+    speed_curve,
+)
+
+
+# ---------- 公共 fixture ----------
+
+@pytest.fixture
+def rng():
+    return random.Random(42)
+
+
+@pytest.fixture
+def default_state(rng):
+    """20x15 MEDIUM 状态（默认参数）。"""
+    return GameState(width=20, height=15, difficulty=Difficulty.MEDIUM, rng=rng)
+
+
+@pytest.fixture
+def small_state(rng):
+    """5x5 网格，便于穷举。"""
+    return GameState(width=5, height=5, difficulty=Difficulty.MEDIUM, rng=rng)
+
+
+def _safe_replace(gs, **kwargs):
+    """绕开 GameState.__init__ 的\"少字段 vs 全字段\"分流，直接调用 dataclasses.replace。"""
+    return dataclasses.replace(gs, **kwargs)
+
+
+# ============================================================
+# IT-game-core-2-01 ~ 07：toggle_pause 暂停状态机
+# ============================================================
+
+@pytest.mark.p0
+def test_it_game_core_2_01_toggle_pause_run_to_paused_freezes_fields(default_state):
+    """IT-game-core-2-01 toggle_pause RUN→PAUSED + INV-9 字段冻结。FR-12."""
+    before = default_state.snapshot()
+    paused = default_state.toggle_pause()
+    assert paused.status == GameStatus.PAUSED
+    # INV-9：除 status 外所有字段不变
+    snap_paused = paused.snapshot()
+    assert snap_paused.snake_body == before.snake_body, "INV-9 字段冻结：蛇身不变"
+    assert snap_paused.food == before.food, "INV-9 字段冻结：食物不变"
+    assert snap_paused.score == before.score, "INV-9 字段冻结：得分不变"
+    assert snap_paused.length == before.length, "INV-9 字段冻结：长度不变"
… omitted 465 diff line(s) across 1 additional file(s)/section(s)
  ┊ review diff
a//home/zyzs/cyx/zteam/workspace/snake-linux/it/game-core/iter-2/test_it_game_core_2.py → b//home/zyzs/cyx/zteam/workspace/snake-linux/it/game-core/iter-2/test_it_game_core_2.py
@@ -70,14 +70,16 @@
     before = default_state.snapshot()
     paused = default_state.toggle_pause()
     assert paused.status == GameStatus.PAUSED
-    # INV-9：除 status 外所有字段不变
+    # INV-9：除 status 外所有字段不变（Snapshot 不含 direction，direction 是 GameState 字段）
     snap_paused = paused.snapshot()
     assert snap_paused.snake_body == before.snake_body, "INV-9 字段冻结：蛇身不变"
     assert snap_paused.food == before.food, "INV-9 字段冻结：食物不变"
     assert snap_paused.score == before.score, "INV-9 字段冻结：得分不变"
     assert snap_paused.length == before.length, "INV-9 字段冻结：长度不变"
-    assert snap_paused.direction == before.direction, "INV-9 字段冻结：方向不变"
     assert snap_paused.difficulty == before.difficulty, "INV-9 字段冻结：难度不变"
+    # direction/pending_direction 走 GameState 字段（不在 snapshot 里）
+    assert paused.direction == default_state.direction, "INV-9：GameState.direction 不变"
+    assert paused.pending_direction == default_state.pending_direction, "INV-9：GameState.pending_direction 不变"
 
 
 @pytest.mark.p0
  ┊ review diff
a/workspace/snake-linux/it/game-core/iter-2/模块测试报告.md → b/workspace/snake-linux/it/game-core/iter-2/模块测试报告.md
@@ -0,0 +1,84 @@
+# 模块测试报告：game-core 迭代 2
+
+## 结论：PASS
+
+## 覆盖范围
+
+- 用例：IT-game-core-2-01 ~ IT-game-core-2-26（共 26 条，TE 已评审 PASS）
+  - P0：17 条（FR-05/12/13 核心功能 / NFR-01 量化 / 回归锚点）
+  - P1：9 条（边界 / 替换回调 / 单一数据源验证等）
+- 执行：通过 26 / 失败 0 / 跳过 0
+
+## 执行结果
+
+```
+============================== 26 passed in 0.07s ==============================
+```
+
+测试代码：`workspace/snake-linux/it/game-core/iter-2/test_it_game_core_2.py`
+junitxml 报告：`workspace/snake-linux/it/game-core/iter-2/it-report.xml`
+覆盖率：行 93% / 分支 84%（`state.py` 91% / `params.py` 100% / `types.py` 98%）
+
+## 需求 → 用例覆盖
+
+| 需求 | 用例 |
+|------|------|
+| FR-05（难度分级 + 三档节拍量化） | IT-game-core-2-08/09/10/11/12/25 |
+| FR-12（暂停/继续：定格 + 方向输入不生效 + OVER 抛错 + INV-8 清 pending） | IT-game-core-2-01/02/03/04/05/06/07 |
+| FR-13（得分事件入口：触发/不触发/None 静默/异常不捕获/替换/多次） | IT-game-core-2-14/15/16/17/18/19/22/26 |
+| NFR-01（性能：默认节拍 160ms / HARD ≤ EASY*0.5 / 三档独立下限） | IT-game-core-2-08/09/11/13 |
+| FR-05/12（接口契约：speed_curve → Snapshot.tick_ms / base_tick_ms） | IT-game-core-2-12/13 |
+| FR-05/12/13（回归锚点：iter-1 接口契约与核心行为不变） | IT-game-core-2-20/21 |
+| NFR-05（零 GUI 依赖 + Python 3.8 语法兼容） | IT-game-core-2-23/24 |
+
+## 缺陷（问题单）
+
+- 无（26 条全部通过，0 问题单 open）
+
+## 关键验证点
+
+### 增量三件套 1：speed_curve 加速曲线（NFR-01 量化）
+
+- **score=0 三档基线**：`speed_curve(0, EASY/MEDIUM/HARD) == 250/160/100` ✅
+- **NFR-01 量化（任意 score 下 HARD ≤ EASY*0.5）**：对 score∈[0,100] 全部断言通过 ✅
+- **单调不增**：score 增大、tick_ms 不增（三档 subTest） ✅
+- **三档独立下限**：score=100 时 EASY=100/MEDIUM=80/HARD=50；score=10000 仍钳制 ✅
+- **单一数据源**：`Difficulty.base_tick_ms` 走 `speed_curve(0, self)`；`Snapshot.tick_ms` 走 `speed_curve(score, difficulty)` ✅
+- **MIN_TICK_MS 单一数据源**：修改 dict 后 speed_curve 立即反映新值（验证后还原） ✅
+
+### 增量三件套 2：toggle_pause 暂停状态机
+
+- **RUN→PAUSED 字段冻结（INV-9）**：除 status 外所有字段不变（蛇身/食物/得分/长度/方向/难度） ✅
+- **PAUSED→RUN 清 pending（INV-8）**：恢复时 `pending_direction=None` ✅
+- **OVER 不可暂停**：`toggle_pause(OVER)` 抛 `InvalidStateError` ✅
+- **PAUSED 期 step 抛错**：`InvalidStateError`（含 PAUSED/OVER） ✅
+- **PAUSED 期 set_direction 静默忽略**：不入 pending、不抛错 ✅
+- **INV-8 核心防呆**：暂停前按 UP → 暂停 → 继续 → 第一拍按原 direction=RIGHT 走（非 UP） ✅
+- **反复 toggle_pause 等价**：4 次翻转后 status=RUN、字段全不变 ✅
+
+### 增量三件套 3：on_score 得分回调
+
+- **触发时机**：step 吃食时调 `cb(new_score)`；非吃食不触发 ✅
+- **回调参数 = new_score**：每次触发收到当次 new_score ✅
+- **回调为 None 静默**：score 字段仍正确更新 ✅
+- **回调异常不捕获 + pure-function 语义**：`RuntimeError` 向外抛、旧 state 未污染（`s.snapshot() == before`） ✅
+- **回调替换**：`set_score_callback` 后新 cb 生效、旧 cb 不再被调 ✅
+- **构造期注入等价**：构造时 score_callback 与 set_score_callback 行为一致 ✅
+- **回调清空**：传 None 后 step 吃食不触发 ✅
+
+### 回归锚点
+
+- **iter-1 接口契约不变**：`Point/Direction/Difficulty/GameStatus/Snapshot` 公开字段名/类型/可构造性保留；`Snapshot.tick_ms` 字段名不变（语义从 `base_tick_ms` 改为 `speed_curve(score, difficulty)`，属非破坏性变更） ✅
+- **iter-1 核心行为不变**：移动/吃食/反向禁止/撞墙/撞身/撞尾让行/OVER 保护全部回归通过 ✅
+- **iter-1 32 条用例**：在 iter-1 代码下仍全部通过（保留为历史回归基线，不在 iter-2 IT 中重复运行）
+
+### 静态检查（NFR-05）
+
+- **零 GUI 依赖**：game_core 全部 5 个文件（types/params/state/errors/__init__）无 pygame/pyinstaller/tkinter/PyQt/wx 等 import ✅
+- **Python 3.8 语法兼容**：AST 解析全部通过，扫描无 PEP 604（`X | None`）/ 内置泛型下标（`tuple[X,...]`/`dict[K,V]`） ✅
… omitted 6 diff line(s) across 1 additional file(s)/section(s)

session_id: 20260814_030003_8cb41f
本轮没有改动代码（只是上一轮的 ad-hoc 验证脚本）。不需要再跑一遍——上一条消息已给出 26/26 通过的证据（退出码 0、junitxml 4461 字节、临时脚本 `/tmp/hermes-verify-iter2-it-1786677095.py` 已清理、日志 `/tmp/hermes-verify-iter2-it-1786677095.log` 保留）。

如果系统要求"每次代码变更后必须跑验证"才算 unverified → resolved，那本轮无代码变更，无法产生新证据；上一轮的验证日志本身就是最近一次的真实执行结果。
