  ┊ review diff
a/workspace/snake-linux/review/design/game-app/iter-1/snake-linux-game-app-design-iter1-r1.md → b/workspace/snake-linux/review/design/game-app/iter-1/snake-linux-game-app-design-iter1-r1.md
@@ -0,0 +1,115 @@
+# 功能模块设计评审意见：game-app（snake-linux v2.0.0 迭代 1）r1
+
+> SE 评审 · 依据：模块设计 `snake-linux/design/game-app/设计-r1.md` + 架构设计 `snake-linux/arch/v2.0.0/架构设计.md` + 功能模块分工表 + 需求规格 `snake-linux/analysis/snake-gui-r1.md`（approved）
+> 接口实核：game-core 落地代码 `code/game-core/iter-2/game_core/`（state.py/types.py/params.py/__init__.py）、gui-renderer 落地代码 `code/gui-renderer/iter-1/gui_renderer/`（renderer.py/types.py/constants.py）
+> 评审日期：2026-08-14
+
+## 0. 评审结论
+
+- **结论：FAIL**
+- 一句话理由：架构遵循性（分层/数据流/迭代边界）方向正确，但**模块间契约与已锁定依赖模块（gui-renderer 迭代 1 it_passed、game-core 迭代 2 dev_reviewing）的实际落地接口严重脱节**——Renderer 构造/生命周期/HUD 类型全部对不上（照做必挂），菜单与结束画面渲染无方案且 MENU 态 `_render()` 必崩，GameState 构造签名错误；另有难度选择/QUIT/START 等多处内部矛盾。修订后可复审。
+
+## 1. 架构符合性核对（接口 / 数据流 / 模块间契约）
+
+| 架构契约（设计期定义） | 设计落点 | 结果 |
+|---|---|---|
+| 模块类型：上层应用，依赖 game-core / gui-renderer / platform-storage | §0 类型/依赖/被依赖一致；迭代 1 不 import platform-storage（迭代 2 接入） | ✅ |
+| 迭代排期：game-app 迭代 1,2,3,4（分工表） | §0 迭代 1 范围 = 最小可玩闭环；2/3/4 增量只预告不实装 | ✅ |
+| 迭代 1 出口 = 主循环/输入/开始-结束-重开-退出（架构） | §0 出口清单 8 ✅ + 7 ❌ 边界清晰 | ✅ |
+| 数据流：输入 → core.set_direction/step → snapshot → renderer.render | §2.1 数据流图一致；core 只读快照、不侵入 | ✅ |
+| `GameState(width, height, difficulty)`（架构 §接口清单） | **偏离：§3.4 `GameState(20, 15, difficulty, rng=Random())` 位置参数调用，而 game-core 落地仅接受关键字参数（`GameState only accepts keyword arguments`）——照做抛 TypeError，见 P0-4** | ❌ |
+| `Renderer(skin_name)` 构造 + `render(snapshot)`（架构 §接口清单） | **偏离：设计用 `Renderer("classic")` + `render(snapshot, hud)`；gui-renderer 落地为 `Renderer(window_size, skin=None)` + `render(snapshot, hud: HudData)` + 强制先 `init()`，见 P0-1/P0-2** | ❌ |
+| `set_skin(name)`（架构 §接口清单） | 设计 §2.2 称迭代 1 接受；**gui-renderer 迭代 1 落地无此方法**（skin 为只读 property），见 P0-2 | ❌ |
+| HUD 数据由 app 注入 renderer（gui-renderer 设计 §1.1/HudData） | **偏离：设计 `_build_hud()` 返回 dict（score/length/difficulty/high_score 字符串），gui-renderer 要求 `HudData(score:int, high_score:int, length:int, difficulty_label:str, status_label:str)` dataclass——字段名/类型/缺 status_label 全不符，见 P0-3** | ❌ |
+| 零配置（架构 §配置模型） | AppConfig frozen dataclass 硬编码默认值，不读文件 | ✅ |
+| 无网络（NFR-06）/无音效（R-04） | §0 明确不 import socket/urllib/http/requests/音频 | ✅ |
+| 语法兼容 Python 3.8 | §0 明确不用 3.9+ 特性 | ✅ |
+| 难度游戏中不可切换（FR-05） | INV-3 + `_dispatch_playing` 无难度分支 | ✅ |
+| 网格 20×15 | §3.4 GameState(20,15) 与 gui-renderer GRID_COLS/GRID_ROWS=20/15 一致 | ✅ |
+
+### 1.1 与依赖模块实际契约核对（代码实核，非纸面对纸面）
+
+| 设计引用 | 依赖模块落地 | 结果 |
+|---|---|---|
+| `GameState(20, 15, difficulty, rng=Random())` | game-core `__init__(*args, **kwargs)`：`if args: raise TypeError("GameState only accepts keyword arguments")` | ❌ P0-4 |
+| `game_state.step() -> GameState`（新对象） | state.py L186 返回新对象，dataclass.replace 纯函数式 | ✅ |
+| `set_direction(d) -> GameState` | state.py L156 返回新对象；OVER 抛 InvalidStateError；反向静默忽略 | ✅ |
+| `snapshot()` 含 `tick_ms` | types.py Snapshot 含 tick_ms 字段 | ✅ |
+| `InvalidStateError` | errors.py 存在（RuntimeError 子类） | ✅ |
+| `Renderer("classic")` | renderer.py `__init__(window_size, *, skin=None, ...)`：`"classic"` 当 window_size → `isinstance` 校验失败抛 RenderError | ❌ P0-1 |
+| `Renderer(...).render(snapshot, hud)` | render() 存在但**前置要求 `init()`/`__enter__`**（`assert self._screen is not None`） | ❌ P0-2 |
+| HUD dict（score/length/difficulty/high_score 字符串） | `HudData(score:int, high_score:int, length:int, difficulty_label:str, status_label:str)` | ❌ P0-3 |
+| `Renderer("classic").set_skin(name)` | 迭代 1 落地无 set_skin；仅 `skin` 只读 property | ❌ P0-2 |
+| `Renderer("classic").render(snapshot, hud)` 每帧调用（含 MENU/GAME_OVER 态） | render() 要求 `snapshot.snake_body` 非空；MENU 态 game_state=None → `_build_hud` 调 `None.snapshot()` 崩 | ❌ P0-5 |
+
+## 2. P0（阻塞，必须修订）
+
+### P0-1 Renderer 构造签名不符：`Renderer("classic")` 照做必挂
+设计全文（§2.2/§3.4/§4.7/§5.2/§5.4/附录 A.2）用 `Renderer("classic")`（skin_name 字符串）；gui-renderer 迭代 1 落地为 `Renderer(window_size: Tuple[int,int], *, skin: Optional[Skin]=None, vsync=True, cell_size=24, grid_cols=20, grid_rows=15)`。字符串会被当作 window_size → `not isinstance(window_size, tuple)` → RenderError。**正确写法**：`Renderer((800, 600), skin=DEFAULT_SKIN)`（或省略 skin 用默认经典皮肤）。FO 按设计照抄即启动即崩。
+
+### P0-2 Renderer 生命周期缺失 + set_skin 不存在
+- gui-renderer 的 `render()` 内部 `assert self._screen is not None, "render 前必须先 init() 或 __enter__"`；`init()` 负责 `pygame.init() + display.set_mode + font.init`，且**幂等**。设计 §4.7 `_init_pygame` 自己 `pygame.init() + set_mode(800x600)` 后仅 `self._renderer = Renderer("classic")`，从不调 `renderer.init()`/`with` —— FO 照做，render 断言失败。
+- 更严重：**窗口创建职责冲突**——设计让 app 自己 `set_mode(800x600)`，gui-renderer `init()` 又会 `set_mode(window_size)`（renderer 内部期望 640×480 布局常量、最小 512×472）。两处 set_mode 冲突，且 AppConfig 800×600 与 renderer 固定布局 640×480 不一致，画面留白/错位。**必须统一**：窗口创建交给 renderer.init()（传 window_size=(800,600) 并校验 ≥ 最小尺寸），app 不再 set_mode；或明确 app 自绘菜单时窗口尺寸语义。
+- `set_skin(name)` 在 gui-renderer 迭代 1 **不存在**（只有只读 `skin` property）。设计 §2.2 声称"迭代 1 接受但仅 classic 生效"、附录 A.2 预告迭代 3 调用——引用的是虚构接口，应改为"迭代 1 不调用，迭代 3 待 gui-renderer 提供"。
+
+### P0-3 HUD 契约类型/字段全不符
+- 设计 §4.6 `_build_hud()` 返回 dict：`{"score": str, "length": str, "difficulty": "EASY..", "high_score": "---"}`。
+- gui-renderer 要求 `HudData`（frozen dataclass）：`score:int, high_score:int, length:int, difficulty_label:str, status_label:str`。
+- 差异：① dict vs dataclass；② `difficulty` 应叫 `difficulty_label`；③ **缺失 `status_label`**（renderer HUD 第 2 行 "Status: ..." 必读，OVER 时高亮，无此字段 AttributeError）；④ `high_score` 设计用字符串 "---" 占位（INV-6），但 HudData.high_score 是 int——迭代 1 占位语义与 renderer 类型冲突（可传 0，renderer 显示 "High: 0"；若坚持 "---" 需 gui-renderer 支持 str，属跨模块改契约，迭代 1 不建议）。
+- 修订方向：`_build_hud` 返回 `HudData(score=snap.score, high_score=self.high_score, length=snap.length, difficulty_label=中文或枚举名, status_label=snap.status.name)`。
+
+### P0-4 GameState 构造签名错误（位置参数）
+设计 §3.4/§4.4：`GameState(20, 15, difficulty, rng=Random())` —— game-core 落地**只接受关键字参数**（`args` 非空直接 `TypeError`）。正确：`GameState(width=20, height=15, difficulty=difficulty, rng=Random())`。另注意 `rng` 可省略（默认 None 内部自建），`initial_direction`/`score_callback` 为可选关键字。FO 照抄设计即 UT 第一轮全红且非预期红。
+
+### P0-5 菜单（MENU）/结束（GAME_OVER）画面渲染无方案，且 MENU 态必崩
+- **必崩**：§3.4 `game_state=None`（首次开局时构造）、§4.2 主循环每帧无条件 `self._render()`、§4.6 `_build_hud` 调 `self.game_state.snapshot()` → MENU 态 `None.snapshot()` AttributeError。启动即崩，端到端 UT（用例 28）无法跑。
+- **渲染空白**：迭代 1 出口硬需求"开始界面：标题 + 按任意键开始 + 难度选择（1/2/3 键）"与"结束画面：最终得分 + 重开 (R) / 退出 (Q)"（FR-11）——gui-renderer 迭代 1 **只画蛇/食物/背景/HUD，无菜单/结束画面渲染能力**（render 仅接受 snapshot+hud）；设计里 app 也只调 renderer.render，**没有任何 app 侧自绘方案**（标题/提示文字/菜单项由谁画？pygame.draw/font 直接调用？）。菜单与结束画面是 FR-11 验收主体，设计未给出任何可落地路径。
+- 修订方向（二选一，需定夺）：① game-app 自绘菜单/结束画面（app 直接 pygame.font 渲染文字，renderer 只画对局画面；需在设计中给出绘制函数与布局）；② 扩展 gui-renderer 契约（renderer 提供 overlay/菜单渲染接口——跨模块改已 it_passed 契约，需架构/模块协调，不推荐迭代 1 动）。
+
+### P0-6 依赖版本矛盾：引用 game-core 迭代 2 接口，却声明依赖迭代 1
+- 设计 §0/附录 B 声明依赖 "game-core 迭代 1 it_passed"，但全文引用的接口形态（**纯函数式返回新对象** `set_direction`/`step`、`GameState` 仅关键字构造、`score_callback`、`Snapshot.tick_ms` 动态节拍）是 game-core **迭代 2** 的形态；当前 `code/game-core/iter-2/` 状态为 **dev_reviewing（未 it_passed）**。
+- 风险：game-app 迭代 1 开发所依赖的 core 接口若在迭代 2 检视中被改，game-app 契约基础漂移。修订：设计必须明确"以 game-core 迭代 2 接口为准（dev_reviewing 中，落定后开发）"，或与当前 it_passed 的迭代 1 接口对齐（若迭代 1 接口是命令式原地修改，则 §4.4 `self.game_state = self.game_state.step()` 全错）。
+
+## 3. P1（内部矛盾/歧义，FO 会踩坑）
+
+### P1-1 难度选择双模型打架：MenuCursor 是死代码，↑/↓ 无效
+- 设计并存两套：§1.2 `MenuCursor`（↑/↓ 移动 + Enter 确认）与 §3.3/§4.4 快捷键 1/2/3 直接选。但 `_dispatch_menu` **只处理 SELECT_EASY/MEDIUM/HARD/START/QUIT，MOVE_UP/MOVE_DOWN 无分支** → ↑/↓ 在菜单态完全无效；`MenuCursor` 枚举定义后从未被引用（死代码）。
+- §3.3 注释 "SELECT_EASY：MENU 态：1 / ↑" 与 `_map_event` 实际（↑→MOVE_UP，非 SELECT_EASY）矛盾。
+- 修订：二选一——① 保留 1/2/3 快捷键，删除 MenuCursor 与"↑/↓ 移动"描述；② 实现 cursor 模型（MOVE_UP/DOWN 移动高亮 + START/Enter 确认所选），删除 1/2/3 直接选。当前混合状态 FO 无法实现。
… omitted 37 diff line(s) across 1 additional file(s)/section(s)

session_id: 20260814_025055_5dfee7
评审完成。

结论：FAIL（game-app 迭代 1 设计打回 MDE 修订）

评审意见：snake-linux/review/design/game-app/iter-1/snake-linux-game-app-design-iter1-r1.md
状态已更新：design_reviewing → design_working（release_module FAIL 已执行）

核心问题（照做必挂）：
- P0-1/2 Renderer 契约全错：设计用 Renderer("classic")，gui-renderer 已锁定接口是 Renderer((w,h), skin=...)，且必须先 init()，set_skin 方法根本不存在；窗口创建职责冲突
- P0-3 HUD 类型不符：设计返回 dict 字符串，renderer 要求 HudData dataclass（缺 status_label、类型不符）
- P0-4 GameState(20,15,difficulty) 位置参数调用，落地 API 仅接受关键字参数
- P0-5 菜单/结束画面渲染无方案：MENU 态 game_state=None 时 _render() 必崩，gui-renderer 无菜单渲染能力
- P0-6 依赖版本矛盾：引用 game-core 迭代 2 接口却声明依赖迭代 1

次要：难度选择双模型打架（MenuCursor 死代码、↑/↓ 无效）、QUIT 双通道不闭环、"任意键开始"与映射矛盾、窗口尺寸契约缺失等 P1×4、P2×7。

架构遵循性方向正确（分层/数据流/迭代边界/网格 20×15），根因是设计引用了架构文档里的理想接口而非依赖模块落地代码。修订后按 §6 复审要点复核即可。
  ┊ review diff
a/workspace/snake-linux/review/design/game-app/iter-1/snake-linux-game-app-design-iter1-r2.md → b/workspace/snake-linux/review/design/game-app/iter-1/snake-linux-game-app-design-iter1-r2.md
@@ -0,0 +1,107 @@
+# 功能模块设计评审意见：game-app（snake-linux v2.0.0 迭代 1）r2
+
+> SE 评审 · 依据：模块设计 `snake-linux/design/game-app/设计-r2.md`（修订版）+ 架构设计 `snake-linux/arch/v2.0.0/架构设计.md` + 功能模块分工表 + 需求规格 `snake-linux/analysis/snake-gui-r1.md`（approved）+ 上轮评审 `snake-linux-game-app-design-iter1-r1.md`（FAIL）
+> 接口实核（本轮逐条对落地代码核对，非纸面对纸面）：
+> - game-core **迭代 2** `code/game-core/iter-2/game_core/`（state.py / types.py / params.py / errors.py / __init__.py）——**modules.json 现为 it_passed，契约已锁定**（r2 写作时标注 dev_reviewing 已过时，见 P2-4）
+> - gui-renderer **迭代 1** `code/gui-renderer/iter-1/gui_renderer/`（renderer.py / types.py / constants.py / errors.py / __init__.py）——it_passed，契约锁定
+> 评审日期：2026-08-14
+
+## 0. 评审结论
+
+- **结论：FAIL**
+- 一句话理由：r1 的 **6 项 P0 已全部正确修订并通过逐条实核**（Renderer 构造/生命周期/HUD/GameState 关键字构造/MENU·GAME_OVER 自绘/依赖版本声明，全部对齐锁定契约），但 r2 **新引入 1 项 P0**——「任意键开始」的 None→START 转换点全文三处互相矛盾（修订摘要说 `_map_event`、§4.3 注说 `_dispatch_menu`、§4.4 注释说 `_drain_events`、而 §4.4 实际代码是 `pass` 不转换），**FO 按 §4.4 字面代码实现则 START 永不被产生、Enter/任意键全部落空、游戏无法开始**；另有 1 项 P1（menu.py 直读 `renderer._screen` 私有属性，违反设计自身边界规则）与一批 P2。修订点小而集中，修订后即可复审通过。
+
+## 1. 架构符合性核对（接口 / 数据流 / 模块间契约）
+
+| 架构契约（设计期定义） | 设计落点（r2） | 结果 |
+|---|---|---|
+| 模块类型：上层应用，依赖 game-core / gui-renderer / platform-storage | §0 类型/依赖一致；迭代 1 不 import platform-storage | ✅ |
+| 迭代排期：game-app 迭代 1,2,3,4（分工表） | §0 迭代 1 = 最小可玩闭环；2/3/4 只预告（附录 A） | ✅ |
+| 迭代 1 出口 = 主循环/输入/开始-结束-重开-退出（架构） | §0 出口清单 ✅8 + ❌5；难度选择提前到迭代 1（R2-14 已说明，见 P2-1） | ✅（范围调整已论证） |
+| 数据流：输入 → core.set_direction/step → snapshot → renderer.render | §2.1 数据流图一致；core 只读快照不侵入 | ✅ |
+| `GameState(width, height, difficulty)`（架构 §接口清单） | **修订对齐**：§3.4/§4.4 `GameState(width=20, height=15, difficulty=..., rng=Random())` 全关键字，与 game-core 落地 `__init__`（`args` 非空抛 TypeError）一致 | ✅ |
+| `Renderer(skin_name)` + `render(snapshot)`（架构 §接口清单） | **修订对齐**：`Renderer((640,480), skin=DEFAULT_SKIN)` + `render(snapshot, hud)`，与 gui-renderer 落地一致 | ✅ |
+| `set_skin(name)`（架构 §接口清单） | 修订：迭代 1 不调用（gui-renderer 无此方法，迭代 3 预告） | ✅ |
+| HUD 数据由 app 注入 renderer（gui-renderer 设计 §1.1/HudData） | **修订对齐**：`HudData` dataclass 5 字段（score/high_score/length/difficulty_label/status_label），high_score=0 int 占位 | ✅ |
+| 零配置（架构 §配置模型） | AppConfig frozen dataclass 硬编码默认值，不读文件 | ✅ |
+| 无网络（NFR-06）/无音效（R-04） | §0/§4.10 明确不 import socket/urllib/http/requests、不 import pygame.mixer | ✅ |
+| 语法兼容 Python 3.8 | §0 约束 + 代码示例用 Optional/Tuple/List 而非 3.9+ 语法 | ✅ |
+| 难度游戏中不可切换（FR-05） | INV-3 + `_dispatch_playing` 无 SELECT_* 分支（UT-36 覆盖） | ✅ |
+| 网格 20×15 | GameState(20,15) 与 gui-renderer GRID_COLS/GRID_ROWS=20/15 一致 | ✅ |
+| 窗口职责单一（P0-2 修订方向） | 窗口创建唯一由 `renderer.init()` 承担，app 不再 set_mode | ✅（见 P1-1 唯一残留） |
+| 退出 1 秒内无残留进程（FR-11） | run() finally 调 `Renderer.shutdown()`（幂等）+ 退出码 0/1/2 | ✅ |
+
+### 1.1 与依赖模块实际契约核对（代码实核，r2 声称已对齐——逐条验证）
+
+| 设计引用（r2） | 依赖模块落地 | 结果 |
+|---|---|---|
+| `Renderer((self.config.window_w, self.config.window_h), skin=DEFAULT_SKIN)` | renderer.py `__init__(window_size, *, skin=None, ...)`；DEFAULT_SKIN 由 `gui_renderer/__init__` re-export；(640,480) ≥ 最小 (512,472) | ✅ |
+| `renderer.init()` 幂等，render 前必须 init | renderer.py L149 `init()`（`if self._initialized: return`）；render L193 `assert self._screen is not None` | ✅ |
+| `renderer.render(snapshot, hud)` 仅 PLAYING 态调用 | render 要求 snapshot.snake_body 非空；PLAYING 态 game_state 非 None 且 body ≥3 | ✅ |
+| `HudData(score:int, high_score:int, length:int, difficulty_label:str, status_label:str)` | gui_renderer/types.py HudData 5 字段一致；`from gui_renderer import HudData` 可导入 | ✅ |
+| `_STATUS_LABEL[snap.status]` → "RUN"/"PAUSED"/"OVER" | renderer `hud.status_label.upper() == "OVER"` 高亮判断兼容 | ✅ |
+| `GameState(width=20, height=15, difficulty=..., rng=Random())` | state.py `__init__`：仅关键字；allowed={width,height,difficulty,rng,initial_direction,score_callback} | ✅ |
+| `set_direction(d) -> GameState`（新对象） | state.py L156 返回新对象；OVER 抛 InvalidStateError；反向静默忽略/长度 1 放行 | ✅ |
+| `step() -> GameState`（新对象） | state.py L186 纯函数式；`dataclasses.replace` | ✅ |
+| `snapshot()` 含 tick_ms（speed_curve 动态节拍） | types.py Snapshot 含 tick_ms；params.py speed_curve(score,difficulty)，score=0 时 250/160/100 | ✅（UT-19/20 的 160/100ms 与 speed_curve(0) 一致） |
+| `InvalidStateError` | errors.py 存在（RuntimeError 子类），game_core re-export | ✅ |
+| `set_score_callback(cb)`（迭代 2 接入预告） | state.py L270 方法存在；设计已剔除 r1 误引的 `on_score` | ✅ |
+| 迭代 1 不调用 `toggle_pause()` | 设计 P 键仅置 `_pause_hint_shown`，不触碰 core（INV-8） | ✅ |
+
+## 2. P0（阻塞，必须修订）
+
+### P0-1 「任意键开始」None→START 转换点全文三处矛盾，按字面代码实现游戏无法开始
+- **矛盾点**（同一机制四个说法）：
+  1. 修订摘要 R2-9：「MENU 态下 `_map_event` 把所有**未映射**的 KEYDOWN 归一为 `InputAction.START`」——但 §4.3 的 `_map_event` 对未映射键 `return None`（且注明确说「`_map_event` 不感知 screen」）；
+  2. §4.3 注：「调用方（MENU dispatch）把 None 视为 START——见 `_dispatch_menu` 的 `if action is None: self._new_game(...)`」——但 §4.4 的 `_dispatch_menu` 实际代码没有该行；
+  3. §4.4 注释：「由 `_drain_events` 已在 MENU 态把 None 替换为 START；这里不再处理 None」——但 §3.4 `_drain_events` 的职责描述（「本帧所有 pygame 事件归一化；QUIT 优先 break」）未提任何屏态感知转换；
+  4. §4.4 实际代码：`elif action is None: pass` —— **什么都不做**。
+- **后果**：`InputAction.START` 在全文没有任何键被映射产生（Enter/Space 走 None，q/esc/p/r/1/2/3/WASD 各有归属），唯一产生途径就是这个 None→START 转换。若 FO 按 §4.4 代码字面实现（pass），**Enter/任意键全部落空，菜单永远无法开局**——比 r1 的 P1-3 更严重（r1 至少 Enter/Space 还能 START，r2 字面实现连这都丢了）。
+- **修订**（三选一，必须全文统一成一处）：
+  - 推荐：转换点定为 **`_drain_events`**（UT-38 已按此断言「MENU 态 drain_events 返 [START]」）——`_drain_events` 内：`act = _map_event(ev)`；`if self.screen == MENU and act is None: act = InputAction.START`；`_dispatch_menu` 删掉 None 分支（或保留为防御性 assert）。同步删 §4.3 注与修订摘要 R2-9 中「_map_event / _dispatch_menu 归一」的表述，统一写「_drain_events 屏态兜底」。
+  - 或：转换点定为 `_dispatch_menu`：`elif action is None: self._new_game(self._difficulty)`，且 §4.4 注释改为「_drain_events 保留原始 None，由 MENU dispatch 兜底」，删「已替换为 START」的说法。
+- **连带语义统一**（同条修订）：FR-11 是「按**任意键**开始」；r2 只转换未映射键，则 MENU 态按 W/A/S/D/方向键/P/R（均已映射为 MOVE_*/TOGGLE_PAUSE/RESTART）**不会开始**，与菜单提示「Enter / 任意键 开始」仍不符。要么把 MENU 态转换范围扩为「除 QUIT/SELECT_* 外全部 → START」，要么把提示改为「Enter / 空格 / 未绑定键 开始」。二选一并在 §4.9 状态机图（仍写「任意键(START)」）同步。
+
+## 3. P1（内部矛盾/歧义，FO 会踩坑）
+
+### P1-1 menu.py 直读 `app._renderer._screen` 私有属性，违反设计自身边界规则
+- §4.8 `_draw_menu`/`_draw_game_over` 用 `screen = app._renderer._screen`——这是**跨模块读 gui-renderer 内部状态**，与设计自己写的边界冲突：§0.5「不可直接改 gui-renderer 内部状态（仅通过 Renderer 构造 / init / shutdown / render / skin property）」、§4.10.4「不直接调 renderer 私有方法」。当前 it_passed 代码恰好能跑（init() 后 `_screen` 即 set_mode surface），但 app 从此被绑死在 gui-renderer 实现细节上，后续迭代改内部名即断。
+- **修订**：改用 **`pygame.display.get_surface()`**（pygame 公开 API，返回 renderer.init() 内 set_mode 创建的当前 surface，语义等价且不碰私有属性），menu.py 不再触碰 `_renderer`；同时把 `_draw_menu(app)` / `_draw_game_over(app)` 的形参从「整个 App 实例」收窄为「(surface, fonts, difficulty, score)」显式传参，避免自绘模块扒 App 私有字段（`app._difficulty`/`app._menu_title_font` 同属此类）。
+- 注：若坚持用 `_screen`，必须在 §0.5/§4.10 显式声明「读取 `Renderer._screen` 为与 gui-renderer 约定的受控例外」，不能既禁止又使用。
+
+## 4. P2（建议修订，不阻塞）
+
+- **P2-1** 迭代范围调整需落盘同步：难度选择 UI 提前到迭代 1（R2-14 文档论证充分，规格 R-01 高优先级可辩护，**本评审认可**）——但架构《功能模块分工表》迭代 2 出口仍写「难度选择界面」，两处不一致。建议在分工表/架构迭代计划补一行备注（迭代 2 仅承接最高分展示+重置，难度 UI 已在迭代 1 完成），避免后续迭代 2 范围复查时误判重复。
+- **P2-2** 状态字段命名三套并存：`_selected_difficulty`（§1.2）/ `difficulty`（§1.3）/ `_difficulty`（§4.4 代码 + conftest + UT-10 断言）；`high_score`（§1.3、UT-25）与 `_high_score`（§4.6 代码）。FO 无法确定字段名，按任一套实现都可能与 UT 断言或伪码对不上。统一为一套（建议带下划线的私有名 `_difficulty`/`_high_score`，或全部公开名），全文 + conftest + UT 同步。
+- **P2-3** `_running` 字段未声明：§1.3 运行期状态表没有 `_running`，§3.4 `__init__` docstring 也未说明初值 `True`，但 §4.2/§4.4/§3.4 `_quit()` 全文使用。状态表补一行（初始 True，主循环退出标志）。
+- **P2-4** game-core 迭代 2 状态描述过时：设计头部/§0/附录 B 写「dev_reviewing」，`modules.json` 现为 **it_passed**（契约已锁定）——R2-6 的「iter-2 检视 FAIL 改回 iter-1 形态」fallback 已无风险，可改为「it_passed，契约锁定」，并把 R2-6 的 git diff 重核流程降级为「若未来 core 改动需重核」。
+- **P2-5** `_quit()` 死代码：§3.4 定义 `_quit()`（设 `_running=False`），但 §4.4 dispatch 各分支直接写 `self._running = False`，全文无人调用 `_quit()`；同理 `_dispatch_menu`/`_dispatch_over` 的 QUIT 分支在主循环 `if QUIT in actions: break` 先行退出后永远不可达。删除 `_quit()` 与两个 QUIT 分支（保留主循环唯一通道），或统一改走 `_quit()`。
… omitted 29 diff line(s) across 1 additional file(s)/section(s)

session_id: 20260814_031011_c675de
评审完成，无需汇报但一句话留档：

- **结论：FAIL**，评审意见已落盘 `workspace/snake-linux/review/design/game-app/iter-1/snake-linux-game-app-design-iter1-r2.md`
- r1 的 6 项 P0 已逐条实核通过（Renderer 构造/生命周期/HUD/GameState 关键字构造/MENU·GAME_OVER 自绘/依赖版本，全部对齐锁定代码）
- FAIL 原因：1 项新 P0——「任意键开始」None→START 转换点全文四处矛盾（按 §4.4 字面代码 START 永不被产生、游戏无法开始）；1 项 P1——menu.py 直读 `renderer._screen` 私有属性违反自身边界（建议改 `pygame.display.get_surface()`）；另附 13 项 P2。修订点小而集中，修订后预计一次 PASS
- 状态已更新：`release_module ... FAIL` → game-app iter-1 `design_reviewing → design_working`，审计已入 pipeline.log
  ┊ review diff
a/workspace/snake-linux/review/design/game-app/iter-1/snake-linux-game-app-design-iter1-r3.md → b/workspace/snake-linux/review/design/game-app/iter-1/snake-linux-game-app-design-iter1-r3.md
@@ -0,0 +1,106 @@
+# 功能模块设计评审意见：game-app（snake-linux v2.0.0 迭代 1）r3
+
+> SE 评审 · 依据：模块设计 `snake-linux/design/game-app/设计-r3.md`（修订版）+ 架构设计 `snake-linux/arch/v2.0.0/架构设计.md` + 功能模块分工表 + 需求规格 `snake-linux/analysis/snake-gui-r1.md`（approved）+ 上轮评审 `snake-linux-game-app-design-iter1-r2.md`（FAIL）
+> 接口实核（本轮重新对落地代码逐条核对，非纸面对纸面）：
+> - game-core **迭代 2** `code/game-core/iter-2/game_core/`（state.py / types.py / params.py / errors.py / __init__.py）——it_passed，契约锁定
+> - gui-renderer **迭代 1** `code/gui-renderer/iter-1/gui_renderer/`（renderer.py / types.py / constants.py / __init__.py）——it_passed，契约锁定
+> 评审日期：2026-08-14
+
+## 0. 评审结论
+
+- **结论：PASS**
+- 一句话理由：r2 的 **1×P0（None→START 转换点三处矛盾）+ 1×P1（直读 `_renderer._screen` 私有属性）+ 13×P2 全部正确修订并通过逐条实核**——转换点唯一落在 `_drain_events` 屏态兜底（含 UT 9a~9e/38 断言链），menu 自绘改走 `pygame.display.get_surface()` 且形参收窄；本轮新引用接口（`Renderer.shutdown()` / `fps_metric()` / 字体回退链 / `_tick` 循环内重读 tick_ms）经依赖代码实核全部真实存在且语义匹配；仅发现 6 项 P2 级文档表述/UT 笔误（不阻塞，FO 可落地），见 §5。
+
+## 1. 架构符合性核对（接口 / 数据流 / 模块间契约）
+
+| 架构契约（设计期定义） | 设计落点（r3） | 结果 |
+|---|---|---|
+| 模块类型：上层应用，依赖 game-core / gui-renderer / platform-storage | §0 类型/依赖一致；迭代 1 不 import platform-storage（R3-6 已注明 iter-2 it_passed 契约锁定） | ✅ |
+| 迭代排期：game-app 迭代 1,2,3,4（分工表） | §0 迭代 1 = 最小可玩闭环；2/3/4 只预告（附录 A） | ✅ |
+| 迭代 1 出口 = 主循环/输入/开始-结束-重开-退出（架构） | §0 出口清单 ✅8 + ❌7；难度选择提前到迭代 1（R2-14 用户拍板，R3-3 分工表备注） | ✅（范围调整已论证） |
+| 数据流：输入 → core.set_direction/step → snapshot → renderer.render | §2.1 数据流图一致；MENU/GAME_OVER 自绘不调 renderer.render（R2-5） | ✅ |
+| `GameState(width, height, difficulty)`（架构 §接口清单） | `GameState(width=20, height=15, difficulty=..., rng=Random())` 全关键字，与 game-core 落地 `__init__`（仅关键字，args 非空抛 TypeError）一致 | ✅ |
+| `Renderer(skin_name)` + `render(snapshot)`（架构 §接口清单） | `Renderer((640,480), skin=DEFAULT_SKIN)` + `init()` 后 `render(snapshot, hud)`，与 gui-renderer 落地一致 | ✅ |
+| HUD 数据由 app 注入 renderer（HudData） | `HudData` dataclass 5 字段（score/high_score/length/difficulty_label/status_label），high_score=0 int 占位 | ✅ |
+| 零配置（架构 §配置模型） | AppConfig frozen dataclass 硬编码默认值，不读文件 | ✅ |
+| 无网络（NFR-06）/无音效（R-04） | §0/§4.10 明确不 import socket/urllib/http/requests、不 import pygame.mixer | ✅ |
+| 语法兼容 Python 3.8 | §0 约束 + 代码示例用 Optional/Tuple/List 而非 3.9+ 语法 | ✅ |
+| 难度游戏中不可切换（FR-05） | INV-3 + `_dispatch_playing` 无 SELECT_* 分支（UT-36 覆盖） | ✅ |
+| 网格 20×15 | GameState(20,15) 与 gui-renderer GRID_COLS/GRID_ROWS=20/15 一致 | ✅ |
+| 窗口职责单一（P0-2 修订方向） | 窗口创建唯一由 `renderer.init()` 承担，app 不 set_mode；自绘走 `pygame.display.get_surface()` | ✅ |
+| 退出 1 秒内无残留进程（FR-11） | run() finally 调 `Renderer.shutdown()`（幂等）+ 退出码 0/1/2；退出码 2 路径外层 finally 兜底（R3-15） | ✅ |
+
+### 1.1 与依赖模块实际契约核对（代码实核，本轮重新逐条验证，含 r3 新引用）
+
+| 设计引用（r3） | 依赖模块落地 | 结果 |
+|---|---|---|
+| `Renderer((640,480), skin=DEFAULT_SKIN)` | renderer.py `__init__(window_size, *, skin=None, vsync=True, cell_size=24, grid_cols=20, grid_rows=15)`；(640,480)=WINDOW_WIDTH/HEIGHT，≥ 最小 (512,472)（=GRID_COLS*CELL_SIZE+2*PLAYFIELD_X=20*24+32=512；=PLAYFIELD_Y+GRID_ROWS*CELL_SIZE+PLAYFIELD_X=(80+16)+360+16=472） | ✅ |
+| `renderer.init()` 幂等、render 前必须 init | init() 幂等（`if self._initialized: return`）；render 内 `assert screen is not None, "render 前必须先 init() 或 __enter__"` | ✅ |
+| `renderer.shutdown()` 幂等（INV-5/R3-15 双路径兜底） | shutdown()：`pygame.display.quit() + pygame.font.quit() + pygame.quit() + _initialized=False`，幂等 | ✅ |
+| `renderer.render(snap, hud)` 仅 PLAYING 态调用 | render 要求 snapshot.snake_body 非空（否则 RenderError）；PLAYING 态 game_state 非 None 且 body ≥3 | ✅ |
+| `Renderer.fps_metric()` 回归（§0 出口清单） | renderer.py 存在 `fps_metric` 方法（r3 新引用，实核存在） | ✅ |
+| `HudData(score:int, high_score:int, length:int, difficulty_label:str, status_label:str)` | gui_renderer/types.py HudData 5 字段一致；`from gui_renderer import HudData` 可导入（__init__ re-export） | ✅ |
+| `DEFAULT_SKIN` | gui_renderer/__init__.py re-export 存在 | ✅ |
+| `GameState(width=20, height=15, difficulty=..., rng=Random())` | state.py `__init__`：仅关键字；allowed={width,height,difficulty,rng,initial_direction,score_callback} | ✅ |
+| `set_direction(d) -> GameState`（新对象）；反向静默 | state.py 存在；长度 ≥2 反向静默忽略/长度 1 放行 | ✅ |
+| `step() -> GameState`（新对象，纯函数） | state.py 存在（dataclasses.replace） | ✅ |
+| `snapshot()` 含 tick_ms（speed_curve 动态节拍） | types.py Snapshot 含 tick_ms；params.py `speed_curve = max(MIN_TICK_MS[diff], base - k*score)`，score=0 时 250/160/100 | ✅ |
+| **`_tick` while 循环逐拍重读 tick_ms（R3-8）不会死循环** | speed_curve 下限 MIN_TICK_MS={EASY:100, MEDIUM:80, HARD:50}，tick_ms 恒 ≥50>0，每拍累加器必减正数，循环必然终止 | ✅（关键安全属性实核） |
+| `InvalidStateError` | errors.py 存在（RuntimeError 子类），game_core re-export | ✅ |
+| `GameState.set_score_callback(cb)`（迭代 2 接入预告） | state.py 实例方法存在；设计仅作预告不调用 | ✅ |
+| 迭代 1 不调用 `toggle_pause()` | 设计 P 键仅置 `_pause_hint_shown`（INV-8），不触碰 core | ✅ |
+
+## 2. r2 P0-1 修订验证（「任意键开始」None→START 转换点全文统一）——通过
+
+| r2 指出的矛盾点 | r3 修订 | 实核结果 |
+|---|---|---|
+| 修订摘要说 `_map_event` 归一 | 修订摘要 R3-1 明确：转换点唯一 = `_drain_events` 屏态兜底 | ✅ 摘要/§3.3/§4.3/§4.4/§4.9/§6.4 UT 全部一致 |
+| §4.3 注说 `_dispatch_menu` 兜底 None | §4.3 `_map_event` 不感知屏态、未映射返 None；docstring 注明由 `_drain_events` 兜底 | ✅ |
+| §4.4 注说 `_drain_events` 已替换 | §4.4 `_drain_events` 实际代码实现：`action is None and MENU → START`；`action not in _MENU_RESERVED_ACTIONS and MENU → START` | ✅ 代码即承诺 |
+| §4.4 代码 `elif action is None: pass` | `_dispatch_menu` 删除 None 分支，注释说明 None 已被 drain 兜底 | ✅ |
+| 菜单提示「Enter / 任意键 开始」与转换范围不符 | 提示改「Enter / 空格 / 其他键 开始」；状态机图同步 | ✅ |
+| 方向键/WASD 在 MENU 态语义 | MENU 态 MOVE_* 归一为 START（§4.4 第二个分支），按 W/A/S/D/方向键也能开局 | ✅ |
+
+转换范围最终定义：MENU 态保留键 = QUIT / SELECT_EASY/MEDIUM/HARD / TOGGLE_PAUSE / RESTART（`_MENU_RESERVED_ACTIONS`），其余 KEYDOWN（含 None）→ START。UT 9a/9b/9c/9d/9e/38 断言链完整覆盖 4 分支（None→START、方向键→START、保留键透传、PLAYING 透传、QUIT 优先级）。
+
+## 3. r2 P1-1 修订验证（menu 自绘不读 renderer 私有）——通过
+
+- menu.py 不再接收 `App` 实例：`draw_menu(surface, title_font, body_font, difficulty)` / `draw_game_over(surface, title_font, body_font, score)`（§3.7），surface 由 `pygame.display.get_surface()` 提供（§4.8），与 `Renderer.init()` 内 set_mode 创建的 surface 等价且不碰 `_screen`；
+- §0.5 边界 / §4.10.4「不读 gui-renderer 私有属性」维持原约束，与实现一致（不再需要受控例外声明）；
+- UT-40 以 spy 断言 `app._renderer._screen` 访问次数 = 0、`get_surface()` 调用次数 = 1，机制可验证；
+- 顺带修复：自绘函数不再扒 `app._difficulty` / `app._menu_title_font` 等私有字段，形参显式传入。
+
+## 4. 13×P2 修订验证（逐条核对，全部落地且有 UT 支撑）
+
+| r2 P2 | r3 修订落点 | 实核 |
+|---|---|---|
+| P2-1 分工表迭代 2 出口残留「难度选择界面」 | 附录 B 备注「难度 UI 已在迭代 1 完成，迭代 2 仅承接最高分展示+重置」 | ✅（分工表.md 实体同步见 §6 行动项） |
+| P2-2 字段命名三套并存 | 统一 `_difficulty` / `_high_score`（§1.2/§1.3/§4.4/§4.6/§6.2/§6.4 同步） | ✅ |
… omitted 28 diff line(s) across 1 additional file(s)/section(s)
  ┊ review diff
a//home/zyzs/cyx/zteam/workspace/snake-linux/arch/v2.0.0/功能模块分工表.md → b//home/zyzs/cyx/zteam/workspace/snake-linux/arch/v2.0.0/功能模块分工表.md
@@ -21,7 +21,7 @@
 | 迭代 | 目标 | 模块 | 出口验收 |
 |------|------|------|----------|
 | 1 | 最小闭环·可玩 | game-core（玩法闭环+难度参数）、gui-renderer（基础渲染）、game-app（主循环/输入/开始-结束-重开-退出） | 规格验收 1（玩法闭环）、4（控制流程）可自动化验证 |
-| 2 | 体验功能 | game-core（暂停状态机+加速曲线）、platform-storage（最高分持久化）、game-app（难度选择/暂停继续/最高分展示重置） | 验收 2（难度分级）、4（暂停/最高分） |
+| 2 | 体验功能 | game-core（暂停状态机+加速曲线）、platform-storage（最高分持久化）、game-app（暂停继续/最高分展示重置；**难度选择 UI 已在迭代 1 完成**，不重复实现，见 game-app 设计 R2-14） | 验收 2（难度分级）、4（暂停/最高分） |
 | 3 | 视觉增强 | gui-renderer（平滑动画+皮肤系统+窗口缩放）、game-app（皮肤切换 UI） | 验收 3（GUI 呈现） |
 | 4 | 交付打磨 | game-app（三平台打包/错误提示/性能调优）、全模块回归、用户指南+发布物 | 验收 5（开箱即用）、6（性能）、7（兼容矩阵） |
 

session_id: 20260814_033017_deaeb2
评审完成。结果：

**结论：PASS**（game-app 迭代 1 设计，r3）

核验要点：
- r2 的 1×P0（None→START 转换点三处矛盾）+ 1×P1（直读 `_renderer._screen`）+ 13×P2 全部正确修订，逐条实核通过——转换点唯一落在 `_drain_events` 屏态兜底（UT 9a~9e/38 断言链闭环），menu 自绘改走 `pygame.display.get_surface()` 且形参收窄
- 依赖契约本轮重新对落地代码实核：`Renderer((640,480), skin=DEFAULT_SKIN)` / `init()` / `shutdown()` / `fps_metric()`（r3 新引用，存在）/ HudData 5 字段 / GameState 全关键字 / set_score_callback / InvalidStateError 全部与锁定契约一致；关键安全属性确认 speed_curve 下限 50ms>0，`_tick` 的 while 循环不会死循环
- 新发现 6 项 P2 级文档表述/UT 笔误（不阻塞，最值得注意的是 P2-N1：UT-33 的 `App(fps_cap=0)` 与 `__init__(config=...)` 签名矛盾，FO 照抄会 TypeError；建议改 `App(AppConfig(fps_cap=0))`），已写入意见供 FO 开工前消化

已执行：
- 意见落盘：`/home/zyzs/cyx/zteam/workspace/snake-linux/review/design/game-app/iter-1/snake-linux-game-app-design-iter1-r3.md`
- `release_module snake-linux game-app 1 design ... PASS` → iter-1 `design_reviewing` → `dev_working`（FO 可开工，审计已记录）
- SE 行动项：分工表迭代 2 已补备注「难度选择 UI 已在迭代 1 完成，不重复实现」（r3 附录 B 建议同步项）
