  ┊ review diff
a/workspace/snake-linux/analysis/snake-gui-r1.md → b/workspace/snake-linux/analysis/snake-gui-r1.md
@@ -0,0 +1,115 @@
+# 需求规格：snake-gui（v2.0.0 建议）r1
+
+## 背景与目标
+
+**结论先行**：snake-linux 已有终端版 v1.0.0（已 released），验证了玩法闭环与交付链路；本需求是**形态升级**——从终端字符界面升级为美观的图形界面，并把覆盖范围从单一 Linux 终端扩展到 Windows / macOS / Linux 三大桌面平台，交付形态从"源码运行"升级为"下载即玩"。
+
+- **业务背景**：终端版面向开发者/技术用户，启动依赖 Python 环境与终端；普通用户无法直接使用。本次要做"全新形态的版本，不再局限在终端"（需求原文），目标是让贪吃蛇成为**普通用户可安装、可运行、可玩**的产品级 GUI 游戏。
+- **目标**：交付一个跨 Windows/macOS/Linux 的图形界面贪吃蛇游戏，满足四个核心诉求——界面美观、操作流畅、开箱即用、跨平台。
+
+## 功能需求（FR，MECE 分解）
+
+分组维度：按**用户旅程**（游戏玩法 → 界面呈现 → 控制与流程 → 安装交付）分组，组间互不重叠，合则覆盖"下载 → 玩 → 退出"全过程。玩法基线继承终端版 v1.0.0（经典贪吃蛇），本需求不改变玩法规则，只升级形态（见 A-01 / Q-01）。
+
+### 3.1 游戏玩法核心（继承终端版经典规则）
+
+| 编号 | 功能点 | 描述 | 优先级 | 验收标准 |
+|------|--------|------|--------|----------|
+| FR-01 | 经典玩法闭环 | 蛇按节拍自动前进；方向控制（WASD 与方向键 ↑↓←→）；吃食物蛇身 +1、得分 +1；撞墙或撞自身结束 | 高 | 不操作输入时蛇每节拍前进 1 格；方向键响应 ≤ 1 个节拍；吃 N 个食物后长度 = 初始 + N、分数 = N |
+| FR-02 | 反向移动禁止 | 蛇不能 180° 掉头撞向自身（如向右移动时按左键无效） | 高 | 向右移动中按 A/←，蛇保持向右，不因反向自杀而结束 |
+| FR-03 | 食物生成 | 开局生成 1 个食物；被吃后在 1 个节拍内于新位置重生；食物不与蛇身重叠 | 高 | 食物被吃后 1 个节拍内出现新食物，新食物坐标与蛇身所有坐标均不同 |
+| FR-04 | 结束判定与画面 | 蛇头撞墙/撞自身 → 游戏结束，显示最终得分与"重开/退出"选项 | 高 | 触发结束条件后游戏停止移动，结束画面稳定显示得分与重开/退出入口 |
+
+### 3.2 界面呈现（形态升级核心）
+
+| 编号 | 功能点 | 描述 | 优先级 | 验收标准 |
+|------|--------|------|--------|----------|
+| FR-05 | 图形界面渲染 | 以图形（非字符）方式渲染游戏画面：蛇身、食物、背景、HUD 均为图形元素，无终端字符残留 | 高 | 游戏画面中不存在字符/文本终端式渲染（文字标签除外）；窗口标题、图标完整 |
+| FR-06 | 平滑动画 | 蛇的移动带平滑过渡（逐帧插值移动而非整格跳变），视觉连贯不闪烁 | 高 | 蛇移动过程中无整格跳变、无画面闪烁/撕裂；观感连续（对齐 NFR-01） |
+| FR-07 | 界面美观基线 | 视觉要素达到"美观"基线：配色主题、清晰的蛇/食物辨识度、整洁的 HUD 布局 | 高 | 蛇与食物在任意主题下可清晰区分；HUD（得分/长度）固定位置、字号清晰；整体观感无粗糙感（具体维度见 Q-09） |
+| FR-08 | 窗口自适应 | 窗口可调整大小，游戏画面等比缩放适配；存在最小可玩尺寸 | 中 | 拖拽改变窗口大小后画面等比缩放无变形、无裁切；小于最小尺寸时给出提示而非画面错乱 |
+
+### 3.3 游戏控制与流程
+
+| 编号 | 功能点 | 描述 | 优先级 | 验收标准 |
+|------|--------|------|--------|----------|
+| FR-09 | 开始/重开/退出流程 | 有开始界面（按任意键/点击开始）；结束后可重开新局或退出；任意时刻可退出游戏 | 高 | 启动后进入开始界面；结束后重开可立即开始新局；任意时刻退出进程在 1 秒内干净结束、无残留进程 |
+| FR-10 | 暂停/继续 | 游戏中可暂停与继续（建议 P 键/ESC 或窗口失焦自动暂停；见 Q-02） | 中 | **待 Q-02 确认后生效**；暂停时画面定格、节拍停止；继续后从暂停处恢复 |
+
+### 3.4 安装与交付（开箱即用）
+
+| 编号 | 功能点 | 描述 | 优先级 | 验收标准 |
+|------|--------|------|--------|----------|
+| FR-11 | 免预装直接运行 | 用户下载后**无需预装任何第三方运行时/框架**即可运行（如各平台免安装单文件可执行形态，具体交付形态见 Q-06） | 高 | 在无 Python/Node/Java 等预装环境的干净三平台机器上，下载后直接启动成功 |
+| FR-12 | 跨平台运行一致 | 同一版本在 Windows / macOS / Linux 三平台可运行，玩法与核心体验一致 | 高 | 三平台各跑通 FR-01~FR-09 全部验收项；键位、玩法、界面布局无平台差异 |
+| FR-13 | 用户指南 | 交付 README/用户指南：下载与运行方式、键位表、平台差异说明、已知限制 | 中 | 文档存在且四节齐全；按文档在三平台可复现启动（对齐 FR-11/FR-12） |
+
+## 非功能需求（NFR）
+
+| 编号 | 类别 | 需求 | 可验证指标 |
+|------|------|------|-----------|
+| NFR-01 | 性能 | 操作流畅、无卡顿（"流畅"的量化基线） | 默认节拍 ≤ 200ms；从按键到蛇转向生效的输入延迟 ≤ 1 个节拍；渲染帧率 ≥ 60 FPS，P95 帧时间 ≤ 25ms（渲染能力受限环境可降级，但不得卡顿超过 1 秒） |
+| NFR-02 | 性能 | 资源占用轻量 | 运行时内存 ≤ 300MB、CPU 占用 ≤ 10%（单核，空闲画面），作为回归指标 |
+| NFR-03 | 可用性 | 失败场景提示友好 | 图形环境缺失/驱动异常/平台不兼容等可预见失败输出人类可读错误提示而非崩溃静默/裸 traceback |
+| NFR-04 | 兼容性 | 平台覆盖矩阵 | Windows 10/11、macOS 12+（Intel 与 Apple Silicon）、主流 Linux 桌面发行版（Ubuntu 22.04+/Fedora/Arch 之一）行为一致；高分屏（HiDPI）下界面清晰不模糊 |
+| NFR-05 | 可维护性 | 代码职责分离 | 游戏逻辑 / 渲染 / 输入处理分层，GUI 层与平台解耦；核心玩法逻辑可脱离 GUI 独立测试（供 UT 使用） |
+| NFR-06 | 安全与合规 | 本地单机、无隐藏行为 | 默认无网络上传；不收集用户数据；不含广告/捆绑安装（若 Q-05 确认联网能力则另行声明） |
+| NFR-07 | 交付完整性 | 发布物规范 | 发布包含版本号、各平台包校验和（SHA256）、发布说明；安装/运行路径不写系统目录（便携式） |
+
+## 边界与约束
+
+### 做什么
+- 三平台（Windows/macOS/Linux）桌面 GUI 贪吃蛇，玩法继承终端版经典规则；
+- 图形界面（非字符）、平滑动画、美观基线（FR-05~FR-08）；
+- 开箱即用：免预装运行时，下载即玩；
+- 交付用户指南与发布物规范。
+
+### 不做什么
+- 不做移动端（Android/iOS）、不做 Web 浏览器版（"跨平台"限定为三大桌面平台，见 A-04）；
+- 不做联网对战/全球排行榜/分享（本地单机，除非 Q-05 确认纳入）；
+- 不做音效/音乐（默认，除非 Q-04 确认纳入）；
+- 不改动终端版 snake-linux（独立交付，互不影响）；
+- **不做技术选型与实现方案论证（GUI 框架/语言/打包工具选型均属 How，由 SE/实现阶段决策，本规格只固化需求约束）**。
+
+### 约束
+- 玩法规则与终端版 v1.0.0 保持一致（差异仅形态，见 A-01）；
+- "开箱即用"的硬约束：**用户侧零预装、零配置**（A-05）；
+- 三平台同一版本号、行为一致（FR-12）；
+- 现有环境事实：snake-linux 项目 v1.0.0 已 released，本需求建议以 v2.0.0 独立交付（见 Q-07）。
… omitted 37 diff line(s) across 1 additional file(s)/section(s)

session_id: 20260813_021025_333e0e
第 1 轮分析完成，状态已流转：

- 产物：/home/zyzs/cyx/zteam/workspace/snake-linux/analysis/snake-gui-r1.md（八节结构齐全：背景与目标 / FR-01~13（MECE 四组）/ NFR-01~07 / 边界与约束 / 验收标准 / 假设与待确认点 A-01~05 + Q-01~09 / 参考来源）
- 状态：snake-linux/snake-gui → awaiting_user_confirm（release_analyze 校验通过，产物已登记）

要点：玩法继承终端版 v1.0.0 经典规则（形态升级不改玩法），"开箱即用"固化为用户零预装硬约束，界面美观量化为平滑动画+辨识度+HUD 基线；Q-01~09 待用户评审拍板（含暂停、高分持久化、音效、联网、交付形态、版本号 v2.0.0 建议等）。
  ┊ review diff
a/workspace/snake-linux/analysis/snake-gui-r1.md → b/workspace/snake-linux/analysis/snake-gui-r1.md
@@ -1,17 +1,33 @@
-# 需求规格：snake-gui（v2.0.0 建议）r1
+# 需求规格：snake-gui（v2.0.0）r1（修订版，回应用户评审拍板）
+
+## 0. 本轮修订说明（回应 2026-08-13 用户评审拍板，逐条固化）
+
+> 上一版 r1 经用户评审驳回，以下 9 条拍板全部在本版固化（R-01~R-09），驳回原文见 `status.json → reject_reason`。
+
+| 编号 | 用户拍板 | 本版落实 |
+|------|----------|----------|
+| R-01 | Q-01 加难度分级，**纳入本轮**（非仅经典玩法） | 新增 FR-05 难度分级 + 验收标准（§2.1、§5-2） |
+| R-02 | Q-02 支持暂停/继续 | FR-12 由"建议纳入/待确认"改为确定项（§2.3） |
+| R-03 | Q-03 最高分持久化（本地） | 新增 FR-13 最高分持久化 + 验收标准（§2.3、§5-4） |
+| R-04 | Q-04 不做音效/音乐 | 确认 A-02：不做，从边界"不做什么"明确化（§4） |
+| R-05 | Q-05 不做排行榜/联网 | 确认 A-01：单机无联网，NFR-06 同步收紧（§3） |
+| R-06 | Q-06 交付形态 = 三平台免安装单文件可执行 | FR-14 验收标准固化为"干净机器下载即运行"（§2.4、§5-5） |
+| R-07 | Q-07 版本号 v2.0.0 | 全文版本号由"建议"改为确定（标题/§4 约束） |
+| R-08 | Q-08 纳入皮肤系统（含色盲友好/深色主题） | 新增 FR-10 皮肤系统 + 验收标准（§2.2、§5-3） |
+| R-09 | Q-09 美观基线认可 | FR-08 验收维度按 r1 建议固化（§2.2、§5-3） |
 
 ## 背景与目标
 
-**结论先行**：snake-linux 已有终端版 v1.0.0（已 released），验证了玩法闭环与交付链路；本需求是**形态升级**——从终端字符界面升级为美观的图形界面，并把覆盖范围从单一 Linux 终端扩展到 Windows / macOS / Linux 三大桌面平台，交付形态从"源码运行"升级为"下载即玩"。
+**结论先行**：snake-linux 已有终端版 v1.0.0（已 released），验证了玩法闭环与交付链路；本需求是**形态升级 + 体验扩展**——从终端字符界面升级为美观的图形界面，覆盖范围从单一 Linux 终端扩展到 Windows / macOS / Linux 三大桌面平台，交付形态从"源码运行"升级为"下载即玩"，并在经典玩法之上**纳入难度分级、暂停/继续、最高分持久化、皮肤系统**（用户已拍板，见 §0）。
 
 - **业务背景**：终端版面向开发者/技术用户，启动依赖 Python 环境与终端；普通用户无法直接使用。本次要做"全新形态的版本，不再局限在终端"（需求原文），目标是让贪吃蛇成为**普通用户可安装、可运行、可玩**的产品级 GUI 游戏。
-- **目标**：交付一个跨 Windows/macOS/Linux 的图形界面贪吃蛇游戏，满足四个核心诉求——界面美观、操作流畅、开箱即用、跨平台。
+- **目标**：交付一个跨 Windows/macOS/Linux 的图形界面贪吃蛇游戏，满足四个核心诉求——界面美观、操作流畅、开箱即用、跨平台，并按用户拍板扩展难度分级、暂停/继续、最高分持久化、皮肤系统四项能力。
 
 ## 功能需求（FR，MECE 分解）
 
-分组维度：按**用户旅程**（游戏玩法 → 界面呈现 → 控制与流程 → 安装交付）分组，组间互不重叠，合则覆盖"下载 → 玩 → 退出"全过程。玩法基线继承终端版 v1.0.0（经典贪吃蛇），本需求不改变玩法规则，只升级形态（见 A-01 / Q-01）。
+分组维度：按**用户旅程**（游戏玩法 → 界面呈现 → 控制与流程 → 安装交付）分组，组间互不重叠，合则覆盖"下载 → 玩 → 退出"全过程。玩法基线继承终端版 v1.0.0（经典贪吃蛇），本需求在此之上叠加已拍板的新能力（FR-05/10/12/13），不改变经典规则本身。
 
-### 3.1 游戏玩法核心（继承终端版经典规则）
+### 2.1 游戏玩法核心
 
 | 编号 | 功能点 | 描述 | 优先级 | 验收标准 |
 |------|--------|------|--------|----------|
@@ -19,97 +35,106 @@
 | FR-02 | 反向移动禁止 | 蛇不能 180° 掉头撞向自身（如向右移动时按左键无效） | 高 | 向右移动中按 A/←，蛇保持向右，不因反向自杀而结束 |
 | FR-03 | 食物生成 | 开局生成 1 个食物；被吃后在 1 个节拍内于新位置重生；食物不与蛇身重叠 | 高 | 食物被吃后 1 个节拍内出现新食物，新食物坐标与蛇身所有坐标均不同 |
 | FR-04 | 结束判定与画面 | 蛇头撞墙/撞自身 → 游戏结束，显示最终得分与"重开/退出"选项 | 高 | 触发结束条件后游戏停止移动，结束画面稳定显示得分与重开/退出入口 |
+| FR-05 | **难度分级**（R-01 新增） | 开局可选难度档位，档位决定基础移动节拍与加速曲线；**游戏中不可切换档位**（防规避） | 高 | 三档（简单/普通/困难）均存在且开局可选；档位间节拍差异可感知（困难档节拍 ≤ 简单档节拍的 50%，量化见 NFR-01）；各档位均可完成完整玩法闭环（FR-01~04 验收项全过） |
 
-### 3.2 界面呈现（形态升级核心）
+> 难度参数说明：三档建议基线节拍为 简单 250ms / 普通 160ms / 困难 100ms（每格），随蛇身增长可逐步加速（加速曲线为玩法参数，具体数值由 SE 实现阶段确定，**验收以"档位间存在可感知差异且各档可玩通"为准**，不锁定具体毫秒值）。
+
+### 2.2 界面呈现（形态升级核心）
 
 | 编号 | 功能点 | 描述 | 优先级 | 验收标准 |
 |------|--------|------|--------|----------|
-| FR-05 | 图形界面渲染 | 以图形（非字符）方式渲染游戏画面：蛇身、食物、背景、HUD 均为图形元素，无终端字符残留 | 高 | 游戏画面中不存在字符/文本终端式渲染（文字标签除外）；窗口标题、图标完整 |
-| FR-06 | 平滑动画 | 蛇的移动带平滑过渡（逐帧插值移动而非整格跳变），视觉连贯不闪烁 | 高 | 蛇移动过程中无整格跳变、无画面闪烁/撕裂；观感连续（对齐 NFR-01） |
-| FR-07 | 界面美观基线 | 视觉要素达到"美观"基线：配色主题、清晰的蛇/食物辨识度、整洁的 HUD 布局 | 高 | 蛇与食物在任意主题下可清晰区分；HUD（得分/长度）固定位置、字号清晰；整体观感无粗糙感（具体维度见 Q-09） |
-| FR-08 | 窗口自适应 | 窗口可调整大小，游戏画面等比缩放适配；存在最小可玩尺寸 | 中 | 拖拽改变窗口大小后画面等比缩放无变形、无裁切；小于最小尺寸时给出提示而非画面错乱 |
+| FR-06 | 图形界面渲染 | 以图形（非字符）方式渲染游戏画面：蛇身、食物、背景、HUD 均为图形元素，无终端字符残留 | 高 | 游戏画面中不存在字符/文本终端式渲染（文字标签除外）；窗口标题、图标完整 |
+| FR-07 | 平滑动画 | 蛇的移动带平滑过渡（逐帧插值移动而非整格跳变），视觉连贯不闪烁 | 高 | 蛇移动过程中无整格跳变、无画面闪烁/撕裂；观感连续（对齐 NFR-01） |
+| FR-08 | 界面美观基线（R-09 确认） | 视觉要素达到"美观"基线：配色主题、清晰的蛇/食物辨识度、整洁的 HUD 布局 | 高 | 蛇与食物在任意主题下可清晰区分；HUD（得分/最高分/长度）固定位置、字号清晰；整体观感无粗糙感（验收维度 = r1 建议的"平滑动画 + 清晰辨识度 + 整洁 HUD + 多主题"，用户已认可） |
+| FR-09 | 窗口自适应 | 窗口可调整大小，游戏画面等比缩放适配；存在最小可玩尺寸 | 中 | 拖拽改变窗口大小后画面等比缩放无变形、无裁切；小于最小尺寸时给出提示而非画面错乱 |
+| FR-10 | **皮肤系统**（R-08 新增） | ≥3 套皮肤/主题（含**深色主题**与**色盲友好配色方案**），可在设置/开始界面切换；皮肤仅改变配色与外观，不影响玩法 | 中 | 至少 3 套皮肤可切换；色盲友好方案下蛇/食物/背景可清晰区分（不以颜色为唯一区分手段）；切换后立即生效且当前对局不中断 |
 
-### 3.3 游戏控制与流程
+### 2.3 游戏控制与流程
 
 | 编号 | 功能点 | 描述 | 优先级 | 验收标准 |
 |------|--------|------|--------|----------|
-| FR-09 | 开始/重开/退出流程 | 有开始界面（按任意键/点击开始）；结束后可重开新局或退出；任意时刻可退出游戏 | 高 | 启动后进入开始界面；结束后重开可立即开始新局；任意时刻退出进程在 1 秒内干净结束、无残留进程 |
-| FR-10 | 暂停/继续 | 游戏中可暂停与继续（建议 P 键/ESC 或窗口失焦自动暂停；见 Q-02） | 中 | **待 Q-02 确认后生效**；暂停时画面定格、节拍停止；继续后从暂停处恢复 |
+| FR-11 | 开始/重开/退出流程 | 有开始界面（按任意键/点击开始）；结束后可重开新局或退出；任意时刻可退出游戏 | 高 | 启动后进入开始界面；结束后重开可立即开始新局；任意时刻退出进程在 1 秒内干净结束、无残留进程 |
+| FR-12 | **暂停/继续**（R-02 确定） | 游戏中可暂停与继续（P 键/ESC；窗口失焦自动暂停为加分项） | 中 | 暂停时画面定格、节拍停止；继续后从暂停处恢复（蛇位/得分/长度不变）；暂停期间方向输入不生效 |
+| FR-13 | **最高分持久化**（R-03 新增） | 本地保存历史最高分，重启不丢；HUD 或开始界面展示；提供"重置最高分"入口 | 中 | 单局得分超过历史最高分时更新保存；重启游戏后最高分仍显示；重置后归零；数据仅存本地（对齐 NFR-06），异常退出不损坏历史记录 |
 
-### 3.4 安装与交付（开箱即用）
+### 2.4 安装与交付（开箱即用）
 
 | 编号 | 功能点 | 描述 | 优先级 | 验收标准 |
 |------|--------|------|--------|----------|
-| FR-11 | 免预装直接运行 | 用户下载后**无需预装任何第三方运行时/框架**即可运行（如各平台免安装单文件可执行形态，具体交付形态见 Q-06） | 高 | 在无 Python/Node/Java 等预装环境的干净三平台机器上，下载后直接启动成功 |
… omitted 118 diff line(s) across 1 additional file(s)/section(s)

session_id: 20260813_022532_eecf76
完成。snake-gui r1 修订版已产出并进入等待用户评审：

- 处理方式：用户 2026-08-13 驳回 r1 初版（9 条拍板），本轮为修改轮，按状态机约定仍写入 snake-linux/analysis/snake-gui-r1.md（round 仅在评审时递增），初版已留档 archive/snake-gui-r1-pre-reject-20260813.md
- 修订落实：新增 FR-05 难度分级（三档+节拍参数+验收标准）、FR-10 皮肤系统（含深色/色盲友好）、FR-13 最高分持久化；FR-12 暂停/继续转确定项；版本号 v2.0.0、免安装单文件交付形态固化；不做音效/联网明确入边界；规格开头附 9 条拍板逐条落实对照表
- 状态：analyzing → awaiting_user_confirm（ANALYZE 审计已落 pipeline.log，等用户 confirm/reject）
