  ┊ review diff
a/workspace/snake-linux/review/code/game-app/iter-4/MDE-代码检视-iter4.md → b/workspace/snake-linux/review/code/game-app/iter-4/MDE-代码检视-iter4.md
@@ -0,0 +1,172 @@
+# 模块内代码检视：game-app（snake-linux v2.0.0 迭代 4）
+
+> 检视人：MDE
+> 设计：`snake-linux/design/game-app/设计-iter4-r1.md`（SE 评审 PASS 后首发 r1）
+> 代码：`snake-linux/code/game-app/iter-4/`（数据层 workspace；资产层 code/ 为空壳）
+> 测试：`snake-linux/code/game-app/iter-4/tests/test_game_app/`（176 passed）
+> UT 运行：`pytest code/game-app/iter-4/tests/ -q` → **176 passed**（0.90s）
+
+---
+
+## 结论：FAIL
+
+| 检查项 | 结果 | 备注 |
+|---|---|---|
+| 1. 实现与模块设计一致（数据结构 / 接口 / 流程） | ❌ | **G4-1 spec 构建路径失效**（spec 指向资产层空目录，构建必败）；**G4-5 内置字体路径失效**（get_bundled_font_path 漏 fonts/ 子目录，INV-20 不成立） |
+| 2. 实现细节质量（边界 / 异常 / 资源释放） | ❌ | **Windows 平台版本检查静默失效**（win32_ver()[1] 取 csd 非版本号，PLAT-2 不可达） |
+| 3. 可测试性（UT 可写可跑） | ⚠️ | 176 UT 全绿，但 build/spec/font/platform 四组测试的 mock 与真实交付布局脱节，**绿测掩盖真实缺陷**；judge 纯函数抽离是亮点 |
+| 4. 代码风格符合架构约定 | ⚠️ | 小瑕疵若干（函数内 import、过时 docstring、marker 绕道），不阻塞 |
+
+---
+
+## 1. FAIL 级问题（阻塞，需 FO 修复后复审）
+
+### F-1【P0】G4-1 打包矩阵不可用：spec 的 GAME_APP_DIR 指向资产层空目录
+
+- **代码位置**：`snake-linux/spec/snake-gui.spec:22-23`（GAME_APP_DIR 定义）、`:29-31`（datas 字体源）、`:56-57`（Analysis 入口）
+- **问题**：
+  ```python
+  PROJECT_ROOT = os.path.abspath(os.path.join(SPECPATH, ".."))       # → snake-linux/（资产层）
+  GAME_APP_DIR = os.path.join(PROJECT_ROOT, "code", "game-app", "iter-3", "game_app")
+  ```
+  资产层 `snake-linux/code/` 下**无任何代码文件**（`find code -type f` 为空；`code/game-app/iter-3/game_app/` 仅有空 `fonts/` 子目录）。真实代码在数据层 `workspace/snake-linux/code/game-app/iter-4/`（modules.json iter-4.dev_product 亦指向此处）。
+- **实核证据**：
+  - `os.path.isfile(snake-linux/code/game-app/iter-3/game_app/__main__.py)` → **False**
+  - `os.path.isfile(snake-linux/code/game-app/iter-3/game_app/fonts/SourceHanSansCN-Regular.otf)` → **False**
+  - `os.path.isfile(workspace/snake-linux/code/game-app/iter-4/game_app/__main__.py)` → **True**
+- **后果**：`pyinstaller --clean --noconfirm spec/snake-gui.spec`（build_linux.sh:15 / build_windows.bat:22 / build_macos.sh:15 均引用此 spec）在 Analysis 阶段即报错（入口脚本不存在），**三平台打包矩阵 G4-1 完全不可用**，dist/ 产物无法产出。
+- **修复建议**：GAME_APP_DIR 改为指向数据层 iter-4（`workspace/snake-linux/code/game-app/iter-4`），或参考 bench_fps.py 已实现的 `_CANDIDATES` 四候选路径兼容模式（资产层 iter-4 → iter-3 → 数据层 iter-4 → iter-3）做候选探测；同步核对三个 build 脚本的 PROJECT_ROOT 解析。
+- **测试为何没抓到**：`test_app_iter4_spec.py` 仅做 `compile()` 语法 + 正则断言（文件存在/含字符串），`test_app_iter4_build.py` 仅做 `bash -n` 语法冒烟，**均未验证 GAME_APP_DIR 指向的目录真实存在代码**。
+
+### F-2【P1】G4-5 内置字体路径失效：get_bundled_font_path 两个候选分支都漏 `fonts/` 子目录
+
+- **代码位置**：`game_app/_constants.py:58-71`（get_bundled_font_path 两分支）
+- **问题**：字体文件实际位于 `game_app/fonts/SourceHanSansCN-Regular.otf`（子目录），但两个查找分支均直接在 `_MEIPASS` 根 / `__file__` 同目录查找，**未拼接 `fonts/` 前缀**：
+  ```python
+  # 1. PyInstaller --onefile：spec datas 目标目录是 "fonts"（spec:31）→ 实际在 _MEIPASS/fonts/ 下
+  candidate = os.path.join(meipass, BUNDLED_FONT_FILENAME)   # 查 _MEIPASS/SourceHanSansCN-Regular.otf → 不存在
+  # 2. 源码模式：字体在 game_app/fonts/ 子目录
+  candidate = os.path.join(here, BUNDLED_FONT_FILENAME)      # 查 game_app/SourceHanSansCN-Regular.otf → 不存在
+  ```
+- **实核证据**：运行时实测 `get_bundled_font_path()` 返回 `''`（字体真实在 `game_app/fonts/` 下，game_app 根目录无字体）。
+- **后果**：**INV-20 不成立**——内置字体优先级链第 1/2 级永远落空，始终走 match_font 系统字体回退链；在无 CJK 系统字体的 Linux 上中文显示为方框，**G4-5 打包内置字体的核心目标未达成**。
+- **修复建议**：meipass 分支查 `os.path.join(meipass, "fonts", BUNDLED_FONT_FILENAME)`；源码分支查 `os.path.join(here, "fonts", BUNDLED_FONT_FILENAME)`；同时修正 `test_returns_source_path_when_no_meipass`（当前在 game_app 根目录 mock 字体，与真实交付布局不符，属**测试掩盖缺陷**）。
+
+### F-3【P1】Windows 平台版本检查静默失效：win32_ver()[1] 取的是 csd 而非版本号
+
+- **代码位置**：`game_app/app.py:194`
+  ```python
+  win_ver = platform_mod.win32_ver()[1]   # ← 应为 [0]
+  major = int(win_ver.split(".")[0])
+  ```
+- **问题**：`platform.win32_ver()` 返回元组 `(version, csd, ptype)`——**版本号在 [0]**（如 `'10.0'` / `'6.1'`），**[1] 是 csd**（service pack 描述，如 `'Service Pack 1'` 或空串）。取 `[1]` 后 `int()` 几乎必抛 ValueError，被 `except (ValueError, IndexError, AttributeError): pass` 吞掉 → **Windows <10 的 PlatformUnsupportedWarning 永不触发**。
+- **实核证据**：`inspect.signature(platform.win32_ver)` = `(release='', version='', csd='', ptype='')`，返回 (version, csd, ptype)。
+- **后果**：G4-2 平台检查目标在 Windows 上不可达（PLAT-2 UT 通过是 mock 结构错误所致：`test_windows_old_version_warning` mock 返回 `("", "8.1", "", "")` 把版本号放在了 csd 位）。
+- **修复建议**：改取 `[0]`；同步修测试 mock 为 `("8.1", "", "", "")` 结构（version 位）。
+
+---
+
+## 2. 实现与设计一致性核对（非阻塞项）
+
+| 设计 § | 项 | 代码落点 | 一致 |
+|---|---|---|---|
+| §1.1 errors.py 扩展 | StorageUnavailableError + suggestion + 3 警告类 + error_to_exit_code | `errors.py:42-105` | ✅（_EXIT_CODE_MAP 缺 AppError:1 显式条目，但循环后 isinstance 兜底等价，行为一致） |
+| §1.2 perf.py 常量 | 8 个常量值 | `perf.py:23-36` | ✅ 全对齐 |
+| §1.4 运行期状态 | _last_error/_hidpi_degraded/_cjk_font_fallback | `app.py:238-240` | ✅ |
+| §3.4 App 主类 | run() 退出码 0/1/2/3 | `app.py:249-288` | ✅ 2/3 路径 stderr suggestion + finally shutdown 兜底 |
+| §4.7 HiDPI 降级 | 第一次失败 → warning + 降级；都失败 → GraphicsUnavailableError | `app.py:109-165` | ⚠️ 功能一致，但降级标志通过 `setattr(renderer, "_hidpi_degraded_marker")` 绕道传递（见 §4.4） |
+| §4.8 字体回退链 | 内置 → match_font 链 → Font(None) | `fonts.py:35-83` | ⚠️ 回退链逻辑正确，但内置字体路径定位失效（F-2） |
… omitted 94 diff line(s) across 1 additional file(s)/section(s)

session_id: 20260815_054559_e0410c
完成。状态已按 FAIL 正确流转（pipeline.log 审计确认）：

```
2026-08-15T05:56:44Z MODULE_REVIEW snake-linux/game-app iter-4 FAIL -> dev_working
```

检视结果：**FAIL**（176 UT 全绿，但测试 mock 与真实交付布局脱节，掩盖 3 个真实缺陷）：

- **F-1【P0】** `spec/snake-gui.spec:22-23` GAME_APP_DIR 指向资产层空目录 `code/game-app/iter-3/game_app`（无任何代码文件），真实代码在数据层 `iter-4/` → PyInstaller 三平台构建必败，**G4-1 打包矩阵不可用**
- **F-2【P1】** `_constants.py:58-71` `get_bundled_font_path` 两个候选分支都漏 `fonts/` 子目录，运行时实测返回 `''` → **INV-20 / G4-5 内置字体永不生效**
- **F-3【P1】** `app.py:194` `win32_ver()[1]` 取的是 csd（service pack）而非版本号（在 [0]）→ int() 必 ValueError 被吞 → **Windows <10 平台警告永不触发**

检视意见：`/home/zyzs/cyx/zteam/workspace/snake-linux/review/code/game-app/iter-4/MDE-代码检视-iter4.md`

状态已打回 `dev_working`，等待 FO 修复后重新 DONE 复审。
  ┊ review diff
a/workspace/snake-linux/review/code/game-app/iter-4/MDE-代码检视-iter4-r2.md → b/workspace/snake-linux/review/code/game-app/iter-4/MDE-代码检视-iter4-r2.md
@@ -0,0 +1,99 @@
+# 模块内代码检视（复审）：game-app（snake-linux v2.0.0 迭代 4）
+
+> 检视人：MDE（复审轮，retry_count=1）
+> 上轮意见：`snake-linux/review/code/game-app/iter-4/MDE-代码检视-iter4.md`（FAIL：F-1 P0 / F-2 P1 / F-3 P1）
+> 设计：`snake-linux/design/game-app/设计-iter4-r2.md`（SE 评审 PASS 版）
+> 代码：`snake-linux/code/game-app/iter-4/`（数据层）
+> 测试：`snake-linux/code/game-app/iter-4/tests/test_game_app/`（**186 passed**，较上轮 176 新增 10 个回归测试）
+
+---
+
+## 结论：PASS
+
+| 检查项 | 结果 | 备注 |
+|---|---|---|
+| 1. 实现与模块设计一致（数据结构 / 接口 / 流程） | ✅ | F-1/F-2 修复后 §4.8/§4.9/§4.10 全对齐；§4.7 HiDPI 降级语义与设计一致（二元组直接返回） |
+| 2. 实现细节质量（边界 / 异常 / 资源释放） | ✅ | F-3 Windows 平台检查可达；空版本号兜底；退出码 0/1/2/3 映射与 suggestion 齐全 |
+| 3. 可测试性（UT 可写可跑） | ✅ | 186 UT 全绿（0.93s）；mock 布局与真实交付对齐，不再绿测掩盖缺陷 |
+| 4. 代码风格符合架构约定 | ✅ | docstring 更新、marker 绕道移除；仅剩两处局部 import（均有合理理由） |
+
+---
+
+## 1. 上轮 FAIL 项修复核验（全部闭环）
+
+### F-1【P0】spec GAME_APP_DIR 指向空目录 → 已修复 ✅
+
+- **代码位置**：`snake-linux/spec/snake-gui.spec:18-50`（该 spec 实际位于 `zteam/snake-linux/spec/`，三构建脚本统一引用）
+- **修复方式**：`GAME_APP_DIR` 改为四候选探测（资产层 iter-4 → iter-3 → 数据层 iter-4 → iter-3），**以 `__main__.py` 文件存在性判定**（`_first_existing` marker 判定，杜绝 isdir 误命中空壳目录）；三依赖包同法探测；`pathex` 含解析后目录；`datas` 字体路径随 GAME_APP_DIR 解析。
+- **实核证据**（模拟 SPECPATH 注入跑探测逻辑）：
+  - `GAME_APP_DIR = /home/zyzs/cyx/zteam/workspace/snake-linux/code/game-app/iter-4/game_app`，`__main__.py` 存在 ✅，`fonts/SourceHanSansCN-Regular.otf` 存在 ✅
+  - 三依赖包全部命中：game-core iter-2 / gui-renderer iter-3 / platform-storage iter-2 ✅
+  - `scripts/bench_fps.py:33-37` 的 `_CANDIDATES` 与 spec 候选顺序一致（设计 §5.4 兼容模式落地）
+- **测试防护**：`test_app_iter4_spec.py::TestSpecStructure::test_candidates_have_entry_point`（候选实存断言）+ `test_f1_regression_probe_rule`（marker 判定规则回归）+ `test_app_iter4_build.py::test_spec_entry_point_exists`——绿测不再掩盖路径失效。
+
+### F-2【P1】内置字体路径漏 fonts/ 子目录 → 已修复 ✅
+
+- **代码位置**：`game_app/_constants.py:50-71`（`get_bundled_font_path`）
+- **修复方式**：两分支均拼接 `BUNDLED_FONT_SUBDIR`：meipass 分支查 `<meipass>/fonts/<file>`，源码分支查 `<game_app>/fonts/<file>`；`BUNDLED_FONT_SUBDIR == "fonts"` 与 spec `datas` 目标目录（`:39-40`）一致。
+- **实核证据**：字体实存于 `code/game-app/iter-4/game_app/fonts/SourceHanSansCN-Regular.otf`（8.4MB）；`fonts.py:47` 优先调 `get_bundled_font_path()` → match_font 回退链 → CJKFontFallbackWarning 兜底，INV-20 成立。
+- **测试防护**：`test_app_iter4_font.py` 三个优先级测试均改在真实 `fonts/` 子目录布局下 mock；新增 `test_bundled_font_subdir_matches_spec_datas`（FONT-6 断言 subdir=="fonts"）。
+
+### F-3【P1】win32_ver()[1] 取 csd 静默失效 → 已修复 ✅
+
+- **代码位置**：`game_app/app.py:196-206`（`_check_platform_version`）
+- **修复方式**：改取 `win32_ver()[0]`（version 位）；新增空版本号兜底（`platform.release()`），防止精简版 Windows 返回空串时检查静默失效；`int()` 解析 + 异常吞掉保护保留。
+- **实核证据**：`platform.win32_ver()` 签名 `(release, version, csd, ptype)`，[0] 位为版本号，修复后 `major < 10` 判定可达。
+- **测试防护**：`test_app_iter4_hidpi_platform.py` mock 修正为 `("8.1", "", "", "")`（version 位）；新增 `test_windows_empty_version_falls_back_to_release`（空版本兜底路径）。
+
+### 上轮风格小节问题（§5，非阻塞）→ 全部修复 ✅
+
+1. `errors.py` docstring 已更新为"退出码 3"（G4-2 语义）✅
+2. `app.py` `setattr(renderer, "_hidpi_degraded_marker")` 绕道已移除——`_create_renderer_with_hidpi_fallback` 改为返回 `(renderer, degraded)` 二元组，调用方直接解包设 `self._hidpi_degraded`（`app.py:327-333`，INV-18 语义与设计 §4.7 完全一致）✅
+3. 函数内 import 残留：仅剩 `app.py:180` `import platform as platform_mod`（局部别名防命名冲突，单点使用，合理）与 `__init__.py:23` 类型注解延迟导入（`# type: ignore`，合理）——均不构成问题 ✅
+
+---
+
+## 2. 实现与设计一致性核对（复审）
+
+| 设计 § | 项 | 代码落点 | 一致 |
+|---|---|---|---|
+| §1.1 errors.py 扩展 | StorageUnavailableError + suggestion + 3 警告类 + error_to_exit_code | `errors.py` | ✅（上轮已核，docstring 已同步） |
+| §1.2 perf.py 常量 | 8 个常量 | `perf.py` | ✅ |
+| §1.4 运行期状态 | _last_error/_hidpi_degraded/_cjk_font_fallback | `app.py` | ✅ |
+| §3.4 App 主类 | run() 退出码 0/1/2/3 | `app.py` | ✅ |
+| §4.7 HiDPI 降级 | 降级警告 + 二元组标志（INV-18） | `app.py:113-160` | ✅（本轮核心修复） |
+| §4.8 字体回退链 | 内置 → match_font → Font(None) | `fonts.py:47-76` | ✅（F-2 修复后成立） |
+| §4.9/§4.10 spec+构建脚本 | 三平台构建 | `spec/snake-gui.spec` + `scripts/build_*.{sh,bat}` | ✅（F-1 修复后可用） |
+| §4.11 bench 脚本 | NFR-01/02 实测 + 路径候选兼容 | `scripts/bench_fps.py` / `bench_memory.py` | ✅ |
+| §4.12/4.13 文档 | USER_GUIDE / RELEASE_NOTES | `release/` | ✅（GUIDE/REL UT 通过） |
+| §6.3 测试用例清单 | ERR/HIDPI/PLAT/FONT/PERF/GUIDE/REL/SHA | 186 UT | ✅（含 10 个新增回归） |
+
+## 3. 实现细节质量（边界/异常/资源释放）
+
+- Renderer.init 失败降级链（HiDPI 开→降级重试→仍败 GraphicsUnavailableError + suggestion）✅
+- create_storage/load 失败 → StorageUnavailableError → 退出码 3（INV-17）✅
+- 平台版本检查：macOS <12 / Windows <10（含空版本兜底）/ Linux 跳过 ✅
+- CJK 全失败 → CJKFontFallbackWarning → Font(None) 兜底（INV-19）✅
+- run() finally shutdown 幂等兜底（INV-5）+ 半构造 Renderer 判空 ✅
+
… omitted 21 diff line(s) across 1 additional file(s)/section(s)

session_id: 20260815_062017_0284dc
MDE 复审完成，结论 PASS，状态已迁移到 it_working。

核验摘要：
- F-1（P0，spec 指向空目录）：已修复——改为四候选探测 + __main__.py marker 判定，实跑解析命中数据层 iter-4（入口/字体/三依赖包全部存在），新增 2 个回归测试
- F-2（P1，内置字体漏 fonts/ 子目录）：已修复——两分支拼接 BUNDLED_FONT_SUBDIR，与 spec datas 目标一致，字体文件实存
- F-3（P1，win32_ver()[1] 取 csd）：已修复——改取 version 位 + 空版本号兜底 release()，测试 mock 修正
- 上轮风格问题（marker 绕道、docstring 过时）也已清除
- UT 186 passed（0.93s），新增 10 个回归测试，mock 布局与真实交付对齐

产物：/home/zyzs/cyx/zteam/workspace/snake-linux/review/code/game-app/iter-4/MDE-代码检视-iter4-r2.md
状态：MODULE_REVIEW PASS → it_working（审计日志已记录），等待 MTO 执行 IT。
