  ┊ review diff
a/workspace/snake-linux/it/gui-renderer/iter-3/测试用例.md → b/workspace/snake-linux/it/gui-renderer/iter-3/测试用例.md
@@ -0,0 +1,279 @@
+# 模块 IT 测试用例：gui-renderer（snake-linux v2.0.0 迭代 3）
+
+> MTO 产出 · 依据整体测试方案 `snake-linux/testplans/v2.0.0/整体测试方案.md` §2.3（IT-renderer-3-01/02）+ 测试套件框架设计 §2/§3
+> 依据模块设计 `snake-linux/design/gui-renderer/设计-r3.md`（SE 评审通过，P1×2 + P2×2 + P3×2 全部修订）
+> 模块代码 `snake-linux/code/gui-renderer/iter-3/`（在迭代 1 既有代码上增量；MDE 检视已通过）
+> 承载需求：FR-07（平滑插值动画）、FR-09（窗口等比缩放）、FR-10（皮肤系统 ≥3 套）、NFR-04（高分屏清晰）
+> 测试层级：IT（模块级集成测试，MTO 执行）；UT 见 `snake-linux/code/gui-renderer/iter-3/tests/`
+> 迭代 1 既有 31 条用例（IT-gui-renderer-1-NN）已 it_passed，本迭代仅增量覆盖迭代 3 新增契约
+
+## 0. 范围与依赖
+
+- **被测对象**：`gui_renderer` 包（迭代 3 增量）
+  - 新增类型：`InterpolationState`（frozen，prev_food 可为 None；修订 P2-1）
+  - 新增 Skin 字段：`cell_gap: int` / `food_pattern: str` / `snake_pattern: str`（默认值兼容迭代 1；hud_shadow 已删除）
+  - 新增常量：`DARK_SKIN` / `COLORBLIND_FRIENDLY_SKIN` / `SKIN_REGISTRY` / `CELL_SIZE_MIN` / `MIN_PLAYABLE_W` / `MIN_PLAYABLE_H`
+  - 新增/变更异常：`SkinNotFoundError(name, available)` 结构化构造（修订 P3-1）
+  - 新增 `Renderer` 方法：`set_skin(name)` / `handle_resize(w, h)` / `skin_names()` / `current_skin_name` / `render(snap, hud, *, interp=None)` 增量参数
+  - 新增构造参数：`enable_high_dpi: bool = True`（pygame.SCALED，修订 P1-1 方案③）
+- **依赖模块**：`game_core.Snapshot` / `Point` / `Difficulty` / `GameStatus`（同迭代 1，跨模块契约继续生效）
+- **测试驱动**：pytest 9.x；运行时通过 fake_pygame 模块替换 `pygame`（沿用迭代 1 conftest 模式）
+- **隔离策略**：`SDL_VIDEODRIVER=dummy` headless；fake_pygame 在 conftest 中注入；无文件系统/网络
+- **用例编号**：`IT-gui-renderer-3-{序号}`，与整体测试方案 §2.3 编号体系一致
+- **优先级映射**：P0 = 渲染闭环/发布阻塞；P1 = 接口契约/鲁棒性/视觉/缩放；P2 = 体验细节
+
+## 1. 用例清单
+
+### 1.1 皮肤系统（FR-10，P0）
+
+| 用例 ID | 关联需求 | 标题 | 优先级 | 类型 |
+|---------|---------|------|--------|------|
+| IT-gui-renderer-3-01 | FR-10 | SKIN_REGISTRY 至少 3 套：含 classic/dark/colorblind_friendly | P0 | 注册表 |
+| IT-gui-renderer-3-02 | FR-10 | SKIN_REGISTRY[\"classic\"] is DEFAULT_SKIN（同一对象引用） | P0 | 注册表 |
+| IT-gui-renderer-3-03 | FR-10 | SKIN_REGISTRY[\"dark\"] is DARK_SKIN（同一对象引用） | P0 | 注册表 |
+| IT-gui-renderer-3-04 | FR-10 | SKIN_REGISTRY[\"colorblind_friendly\"] is COLORBLIND_FRIENDLY_SKIN | P0 | 注册表 |
+| IT-gui-renderer-3-05 | FR-10 | 三套皮肤颜色 RGB 全部 ∈ [0, 255]；cell_gap ∈ [0, 10]；food_pattern ∈ {solid, ringed, checkered}；snake_pattern ∈ {solid, striped} | P0 | 校验 |
+| IT-gui-renderer-3-06 | FR-10 | 默认 Renderer.skin == DEFAULT_SKIN（"classic"）；皮肤名 = "classic" | P0 | 默认 |
+| IT-gui-renderer-3-07 | FR-10 | set_skin(\"dark\") → current_skin_name == "dark"，self._skin is DARK_SKIN | P0 | 切换 |
+| IT-gui-renderer-3-08 | FR-10 | set_skin(\"colorblind_friendly\") → current_skin_name == "colorblind_friendly"，self._skin is COLORBLIND_FRIENDLY_SKIN | P0 | 切换 |
+| IT-gui-renderer-3-09 | FR-10 | set_skin(\"classic\") 幂等：current_skin_name == "classic"，self._skin is DEFAULT_SKIN | P0 | 切换 |
+| IT-gui-renderer-3-10 | FR-10 | set_skin(\"nope\") → SkinNotFoundError；e.name == "nope"；e.available 是 3 元素 tuple（含 classic/dark/colorblind_friendly） | P0 | 异常 |
+| IT-gui-renderer-3-11 | FR-10 | skin_names() 返回 3 元素 tuple（含 "classic"/"dark"/"colorblind_friendly"，顺序与 SKIN_REGISTRY 一致） | P0 | 接口 |
+| IT-gui-renderer-3-12 | FR-10 | 游戏中对局不中断：set_skin 后下一帧 render 使用新皮肤颜色（draw.rect 颜色变更） | P0 | 切换生效 |
+| IT-gui-renderer-3-13 | FR-10 | 皮肤切换顺序轮询：classic → dark → colorblind_friendly → classic 切换链路正确 | P1 | 切换 |
+
+### 1.2 食物形态分发（FR-10 + 设计 §4.4，P0）
+
+| 用例 ID | 关联需求 | 标题 | 优先级 | 类型 |
+|---------|---------|------|--------|------|
+| IT-gui-renderer-3-14 | FR-10 | food_pattern="solid" → draw.rect 2 次（实心 width=0 + 描边 width=1） | P0 | 食物绘制 |
+| IT-gui-renderer-3-15 | FR-10 | food_pattern="ringed"（DARK_SKIN）→ draw.rect 3 次（实心 + 内空 + 外圈双线 width=2） | P0 | 食物绘制 |
+| IT-gui-renderer-3-16 | FR-10 | food_pattern="checkered"（COLORBLIND_FRIENDLY_SKIN）→ draw.rect 5 次（4 子格 + 1 outline） | P0 | 食物绘制 |
+
+### 1.3 平滑插值动画（FR-07，P0）
+
+| 用例 ID | 关联需求 | 标题 | 优先级 | 类型 |
+|---------|---------|------|--------|------|
+| IT-gui-renderer-3-17 | FR-07 | InterpolationState 不可变（frozen） | P1 | 类型 |
+| IT-gui-renderer-3-18 | FR-07 | InterpolationState 字段默认值：prev_food 默认 None（修订 P2-1） | P1 | 类型 |
+| IT-gui-renderer-3-19 | FR-07 | _interpolate_position 数学：prev(0,0)→cur(10,0)，alpha=0.0 → (0.0, 0.0) | P0 | 数学 |
+| IT-gui-renderer-3-20 | FR-07 | _interpolate_position 数学：prev(0,0)→cur(10,0)，alpha=1.0 → (10.0, 0.0) | P0 | 数学 |
+| IT-gui-renderer-3-21 | FR-07 | _interpolate_position 数学：prev(0,0)→cur(10,0)，alpha=0.5 → (5.0, 5.0) | P0 | 数学 |
+| IT-gui-renderer-3-22 | FR-07 | _grid_distance Chebyshev：((0,0), (3,0)) == 3；((0,0), (1,1)) == 1；((0,0), (0,0)) == 0 | P0 | 数学 |
+| IT-gui-renderer-3-23 | FR-07 | render(snap, hud) 不传 interp：行为与迭代 1 一致（向后兼容；瞬移渲染 snap 当前位置） | P0 | 向后兼容 |
+| IT-gui-renderer-3-24 | FR-07 | render(snap, hud, interp=None) 显式 None：行为同上（向后兼容） | P0 | 向后兼容 |
+| IT-gui-renderer-3-25 | FR-07 | interp.alpha=1.0 时：渲染坐标 == snapshot 当前位置（无插值瞬移） | P0 | 插值 |
+| IT-gui-renderer-3-26 | FR-07 | interp.alpha=0.0 时：蛇头渲染坐标 == prev_snake_body[0] | P0 | 插值 |
+| IT-gui-renderer-3-27 | FR-07 | interp.alpha=0.5 时：蛇头渲染坐标落在 prev/current 中间（亚像素截断后接近中点） | P0 | 插值 |
+| IT-gui-renderer-3-28 | FR-07 | interp.prev_food=None（修订 P2-1 吃食节拍）：食物绘制坐标 == snap.food 网格坐标（瞬移） | P0 | 插值（食物兜底） |
+| IT-gui-renderer-3-29 | FR-07 | interp.prev_food 与 snap.food 距离 >1 格（兜底）：食物绘制坐标 == snap.food 网格坐标（瞬移，不"滑行"） | P0 | 插值（食物兜底） |
+| IT-gui-renderer-3-30 | FR-07 | interp.alpha 越界 [-0.5, 1.5]：clip 到 [0, 1]（alpha=-0.5→0.0，alpha=1.5→1.0） | P1 | 鲁棒性 |
+
+### 1.4 HUD 阴影渲染（FR-10 + 设计 §4.4 修订 P1-1，P0）
+
+| 用例 ID | 关联需求 | 标题 | 优先级 | 类型 |
+|---------|---------|------|--------|------|
+| IT-gui-renderer-3-31 | FR-10 | HUD 5 段：font.render 调用次数 == 5（保持迭代 1 既有断言，修订 P1-1） | P0 | HUD |
+| IT-gui-renderer-3-32 | FR-10 | HUD 阴影偏移：blit 调用次数 == 10（5 段 × 2 = 10，每段 1 阴影 blit + 1 主版 blit） | P0 | HUD |
+| IT-gui-renderer-3-33 | FR-10 | HUD 阴影偏移位置：主版 blit 在 (x, y)，阴影 blit 在 (x+1, y+1) | P0 | HUD |
… omitted 201 diff line(s) across 1 additional file(s)/section(s)
  ┊ review diff
a/workspace/snake-linux/it/gui-renderer/iter-3/conftest.py → b/workspace/snake-linux/it/gui-renderer/iter-3/conftest.py
@@ -0,0 +1,178 @@
+"""pytest 全局配置 + gui-renderer iter-3 IT 专用 fake_pygame 注入。
+
+迭代 3 增量：
+- fake_pygame 增加 blit 调用记录（修订 P1-1：HUD 每段 1 阴影 blit + 1 主版 blit）
+- fake_pygame 增加 set_mode flags 记录（NFR-04 高分屏验证）
+- pygame 注入 SCALED 标志（getattr(pygame, "SCALED", 0) 路径）
+
+执行：pytest -v
+"""
+import os
+import sys
+import types
+from pathlib import Path
+
+import pytest
+
+# ---- 路径注入（被测代码定位） ----
+_HERE = Path(__file__).resolve().parent
+_WORKSPACE = _HERE.parents[2]  # it/gui-renderer/iter-3 -> snake-linux
+_GUI_CODE = _WORKSPACE / "code" / "gui-renderer" / "iter-3"
+_GAMECORE_CODE = _WORKSPACE / "code" / "game-core" / "iter-1"
+for p in (str(_GUI_CODE), str(_GAMECORE_CODE)):
+    if p not in sys.path:
+        sys.path.insert(0, p)
+
+os.environ.setdefault("SDL_VIDEODRIVER", "dummy")
+os.environ.setdefault("SDL_AUDIODRIVER", "dummy")
+
+
+# ---- fake_pygame 模块（迭代 1 模式 + 迭代 3 增量：blit/flags 记录） ----
+
+class _DrawCalls:
+    def __init__(self) -> None:
+        self.records: list = []
+
+    def append(self, record):
+        self.records.append(record)
+
+    def reset(self):
+        self.records.clear()
+
+    def __len__(self):
+        return len(self.records)
+
+    def __iter__(self):
+        return iter(self.records)
+
+    def __getitem__(self, idx):
+        return self.records[idx]
+
+
+class FakeSurface:
+    def __init__(self, size):
+        self.size = size
+        self.fill_calls: list = []
+        self.blit_calls: list = []  # 迭代 3 增量：HUD 阴影 blit 断言
+
+    def fill(self, color):
+        self.fill_calls.append((color,))
+
+    def get_size(self):
+        return self.size
+
+    def blit(self, surface, dest):
+        # 记录 (surface_id, dest_tuple)
+        self.blit_calls.append((id(surface), dest))
+
+
+class FakeFont:
+    def __init__(self, *args, **kwargs):
+        self.render_calls: list = []
+
+    def render(self, text, aa, color):
+        self.render_calls.append((text, aa, color))
+        return FakeSurface((len(str(text)) * 8, 16))
+
+
+_draw_calls = _DrawCalls()
… omitted 100 diff line(s) across 1 additional file(s)/section(s)
  ┊ review diff
a/workspace/snake-linux/it/gui-renderer/iter-3/test_it_gui_renderer_3.py → b/workspace/snake-linux/it/gui-renderer/iter-3/test_it_gui_renderer_3.py
@@ -0,0 +1,802 @@
+"""模块 IT 测试：gui-renderer（snake-linux v2.0.0 迭代 3）。
+
+按 `snake-linux/it/gui-renderer/iter-3/测试用例.md` 落地，pytest 9.x。
+覆盖 FR-07（平滑插值）、FR-09（窗口缩放）、FR-10（皮肤系统）、NFR-04（高分屏）、
+NFR-05（职责分离）、NFR-06（无网络）；迭代 1 既有 31 条用例已 it_passed 不重复。
+运行通过 fake_pygame 模块替换 pygame（沿用迭代 1 模式 + 迭代 3 增量：blit/flags 记录）。
+
+执行：pytest test_it_gui_renderer_3.py -v
+"""
+from __future__ import annotations
+
+import ast
+import sys
+from pathlib import Path
+
+import pytest
+
+# ---- 路径定位（与迭代 1 一致） ----
+_HERE = Path(__file__).resolve().parent
+_WORKSPACE = _HERE.parents[2]  # it/gui-renderer/iter-3 -> snake-linux
+_GUI_CODE = _WORKSPACE / "code" / "gui-renderer" / "iter-3"
+_GAMECORE_CODE = _WORKSPACE / "code" / "game-core" / "iter-1"
+sys.path.insert(0, str(_GUI_CODE))
+sys.path.insert(0, str(_GAMECORE_CODE))
+
+# 路径注入与 fake_pygame 来自 conftest.py
+from gui_renderer import (  # noqa: E402
+    CELL_SIZE,
+    CELL_SIZE_MIN,
+    COLORBLIND_FRIENDLY_SKIN,
+    DARK_SKIN,
+    DEFAULT_SKIN,
+    GRID_COLS,
+    GRID_ROWS,
+    HUD_HEIGHT,
+    MIN_PLAYABLE_H,
+    MIN_PLAYABLE_W,
+    PLAYFIELD_X,
+    PLAYFIELD_Y,
+    SKIN_REGISTRY,
+    WINDOW_HEIGHT,
+    WINDOW_WIDTH,
+    Color,
+    HudData,
+    InterpolationState,
+    RenderError,
+    Renderer,
+    Skin,
+    SkinNotFoundError,
+)
+from game_core import Difficulty, GameStatus, Point, Snapshot  # noqa: E402
+
+
+# ---- helpers ----
+
+def _make_snapshot(snake=((10, 7), (9, 7), (8, 7)), food=(15, 7), score=0,
+                   length=3, status=GameStatus.RUN, difficulty=Difficulty.MEDIUM):
+    """构造 game_core.Snapshot（真实跨模块契约）。"""
+    return Snapshot(
+        snake_body=tuple(Point(*p) for p in snake),
+        food=Point(*food),
+        score=score,
+        length=length,
+        status=status,
+        difficulty=difficulty,
+        tick_ms=160,
+    )
+
+
+def _make_hud(score=0, high_score=128, length=3, difficulty_label="MEDIUM",
+              status_label="RUN"):
+    return HudData(score=score, high_score=high_score, length=length,
+                   difficulty_label=difficulty_label, status_label=status_label)
+
+
+# ============================================================================
+# §1.1 皮肤系统（FR-10）— IT-gui-renderer-3-01 ~ 13
+# ============================================================================
… omitted 724 diff line(s) across 1 additional file(s)/section(s)
  ┊ review diff
a//home/zyzs/cyx/zteam/workspace/snake-linux/it/gui-renderer/iter-3/test_it_gui_renderer_3.py → b//home/zyzs/cyx/zteam/workspace/snake-linux/it/gui-renderer/iter-3/test_it_gui_renderer_3.py
@@ -650,17 +650,25 @@
 
 @pytest.mark.p1
 def test_it_gui_renderer_3_45_handle_resize_cell_size_lower_bound(fake_pg):
-    """IT-45 handle_resize cell_size 下限 >= CELL_SIZE_MIN = 8。FR-09."""
-    # 窗口尺寸 MIN_PLAYABLE_W+1 x MIN_PLAYABLE_H+1，cell_size 应 >= 8
-    w = MIN_PLAYABLE_W + 1
-    h = MIN_PLAYABLE_H + 1
+    """IT-45 handle_resize cell_size 下限 >= CELL_SIZE_MIN = 8。FR-09.
+
+    构造时按 cell_size=24 校验最小窗口（512×472），handle_resize 才走 MIN_PLAYABLE_W/H 校验
+    （按 CELL_SIZE_MIN=8 计算的下限 = 192×232）。此处构造 512×472，handle_resize 到最小尺寸+1，
+    触发 cell_size 下限 clip 路径。
+    """
     from gui_renderer import Renderer
-    r = Renderer((w, h))
+    # 构造合法尺寸；handle_resize 到恰好 MIN_PLAYABLE_W/H 之上
+    r = Renderer((640, 480))
     r.init()
     try:
-        r.handle_resize(w, h)
+        # handle_resize 到 MIN_PLAYABLE_W+1 x MIN_PLAYABLE_H+1：
+        # avail_w = 193 - 32 = 161 → 161/20 = 8；avail_h = 233 - 96 - 16 = 121 → 121/15 = 8
+        # min(8, 8) = 8 → cell_size = max(8, min(8, 48)) = 8
+        r.handle_resize(MIN_PLAYABLE_W + 1, MIN_PLAYABLE_H + 1)
         assert r.cell_size >= CELL_SIZE_MIN, \
             f"FR-09 cell_size 下限 {CELL_SIZE_MIN}，实际 {r.cell_size}"
+        assert r.cell_size == CELL_SIZE_MIN, \
+            f"FR-09 极小窗口 cell_size 应被 clip 到 CELL_SIZE_MIN={CELL_SIZE_MIN}，实际 {r.cell_size}"
     finally:
         r.shutdown()
 
  ┊ review diff
a/workspace/snake-linux/it/gui-renderer/iter-3/模块测试报告.md → b/workspace/snake-linux/it/gui-renderer/iter-3/模块测试报告.md
@@ -0,0 +1,127 @@
+# 模块测试报告：gui-renderer 迭代 3
+
+## 结论：PASS
+
+## 覆盖范围
+
+- 用例：IT-gui-renderer-3-01 ~ IT-gui-renderer-3-53（共 53 条，TE 已评审 PASS）
+  - P0：38 条（IT-01/02/03/04/05/06/07/08/09/10/11/12/14/15/16/19/20/21/22/23/24/25/26/27/28/29/31/32/33/34/36/37/38/39/40/41/42/43/46/47/49/50/51/52）
+  - P1：15 条（IT-13/17/18/30/35/44/45/48/53）
+  - P2：0 条
+- 执行：通过 53 / 失败 0 / 跳过 0
+- 承载需求：FR-07（平滑插值动画）、FR-09（窗口等比缩放）、FR-10（皮肤系统 ≥3 套）、NFR-04（高分屏清晰）、NFR-05（职责分离，跨模块契约）、NFR-06（无网络，静态检查）
+
+## 缺陷（问题单）
+
+无。53 条用例全部 PASS，无需提 issue open。
+
+## 执行结果
+
+```
+============================= test session starts ==============================
+platform linux -- Python 3.11.15, pytest-9.1.1, pluggy-1.6.0
+collected 53 items
+
+test_it_gui_renderer_3.py::test_it_gui_renderer_3_01_skin_registry_has_three_skins PASSED
+test_it_gui_renderer_3.py::test_it_gui_renderer_3_02_classic_skin_is_default PASSED
+test_it_gui_renderer_3.py::test_it_gui_renderer_3_03_dark_skin_in_registry PASSED
+test_it_gui_renderer_3.py::test_it_gui_renderer_3_04_colorblind_skin_in_registry PASSED
+test_it_gui_renderer_3.py::test_it_gui_renderer_3_05_three_skins_field_validation PASSED
+test_it_gui_renderer_3.py::test_it_gui_renderer_3_06_default_renderer_skin PASSED
+test_it_gui_renderer_3.py::test_it_gui_renderer_3_07_set_skin_dark PASSED
+test_it_gui_renderer_3.py::test_it_gui_renderer_3_08_set_skin_colorblind PASSED
+test_it_gui_renderer_3.py::test_it_gui_renderer_3_09_set_skin_classic_idempotent PASSED
+test_it_gui_renderer_3.py::test_it_gui_renderer_3_10_set_skin_unknown_raises PASSED
+test_it_gui_renderer_3.py::test_it_gui_renderer_3_11_skin_names_returns_three PASSED
+test_it_gui_renderer_3.py::test_it_gui_renderer_3_12_set_skin_changes_next_render_color PASSED
+test_it_gui_renderer_3.py::test_it_gui_renderer_3_13_set_skin_round_trip PASSED
+test_it_gui_renderer_3.py::test_it_gui_renderer_3_14_food_solid_two_draw_rects PASSED
+test_it_gui_renderer_3.py::test_it_gui_renderer_3_15_food_ringed_three_draw_rects PASSED
+test_it_gui_renderer_3.py::test_it_gui_renderer_3_16_food_checkered_five_draw_rects PASSED
+test_it_gui_renderer_3.py::test_it_gui_renderer_3_17_interpolation_state_is_frozen PASSED
+test_it_gui_renderer_3.py::test_it_gui_renderer_3_18_interpolation_state_default_prev_food PASSED
+test_it_gui_renderer_3.py::test_it_gui_renderer_3_19_interpolate_position_alpha_0 PASSED
+test_it_gui_renderer_3.py::test_it_gui_renderer_3_20_interpolate_position_alpha_1 PASSED
+test_it_gui_renderer_3.py::test_it_gui_renderer_3_21_interpolate_position_alpha_half PASSED
+test_it_gui_renderer_3.py::test_it_gui_renderer_3_22_grid_distance_chebyshev PASSED
+test_it_gui_renderer_3.py::test_it_gui_renderer_3_23_render_no_interp_backward_compatible PASSED
+test_it_gui_renderer_3.py::test_it_gui_renderer_3_24_render_interp_none_explicit PASSED
+test_it_gui_renderer_3.py::test_it_gui_renderer_3_25_interp_alpha_1_no_interpolation PASSED
+test_it_gui_renderer_3.py::test_it_gui_renderer_3_26_interp_alpha_0_prev_position PASSED
+test_it_gui_renderer_3.py::test_it_gui_renderer_3_27_interp_alpha_half_midpoint PASSED
+test_it_gui_renderer_3.py::test_it_gui_renderer_3_28_interp_prev_food_none_immediate PASSED
+test_it_gui_renderer_3.py::test_it_gui_renderer_3_29_interp_food_distance_gt_1_skip PASSED
+test_it_gui_renderer_3.py::test_it_gui_renderer_3_30_interp_alpha_clipped PASSED
+test_it_gui_renderer_3.py::test_it_gui_renderer_3_31_hud_font_render_count_is_5 PASSED
+test_it_gui_renderer_3.py::test_it_gui_renderer_3_32_hud_blit_count_is_10 PASSED
+test_it_gui_renderer_3.py::test_it_gui_renderer_3_33_hud_shadow_offset_plus_1 PASSED
+test_it_gui_renderer_3.py::test_it_gui_renderer_3_34_hud_status_over_uses_accent PASSED
+test_it_gui_renderer_3.py::test_it_gui_renderer_3_35_hud_status_non_over_uses_text PASSED
+test_it_gui_renderer_3.py::test_it_gui_renderer_3_36_handle_resize_enlarges_cell PASSED
+test_it_gui_renderer_3.py::test_it_gui_renderer_3_37_handle_resize_default_no_change PASSED
+test_it_gui_renderer_3.py::test_it_gui_renderer_3_38_handle_resize_below_min_raises PASSED
+test_it_gui_renderer_3.py::test_it_gui_renderer_3_39_handle_resize_zero_raises PASSED
+test_it_gui_renderer_3.py::test_it_gui_renderer_3_40_handle_resize_negative_raises PASSED
+test_it_gui_renderer_3.py::test_it_gui_renderer_3_41_handle_resize_without_init_raises PASSED
+test_it_gui_renderer_3.py::test_it_gui_renderer_3_42_handle_resize_font_scales PASSED
+test_it_gui_renderer_3.py::test_it_gui_renderer_3_43_handle_resize_keeps_scaled_flag PASSED
+test_it_gui_renderer_3.py::test_it_gui_renderer_3_44_handle_resize_cell_size_upper_bound PASSED
+test_it_gui_renderer_3.py::test_it_gui_renderer_3_45_handle_resize_cell_size_lower_bound PASSED
+test_it_gui_renderer_3.py::test_it_gui_renderer_3_46_enable_high_dpi_default_uses_scaled PASSED
+test_it_gui_renderer_3.py::test_it_gui_renderer_3_47_enable_high_dpi_false_no_scaled PASSED
+test_it_gui_renderer_3.py::test_it_gui_renderer_3_48_enable_high_dpi_non_bool_raises PASSED
+test_it_gui_renderer_3.py::test_it_gui_renderer_3_49_render_without_init_raises_render_error PASSED
+test_it_gui_renderer_3.py::test_it_gui_renderer_3_50_no_network_imports PASSED
+test_it_gui_renderer_3.py::test_it_gui_renderer_3_51_real_snapshot_contract PASSED
+test_it_gui_renderer_3.py::test_it_gui_renderer_3_52_invalid_food_pattern_raises PASSED
+test_it_gui_renderer_3.py::test_it_gui_renderer_3_53_invalid_cell_gap_raises PASSED
+
… omitted 49 diff line(s) across 1 additional file(s)/section(s)
  ┊ review diff
a//tmp/hermes-verify-gui-renderer-iter3.py → b//tmp/hermes-verify-gui-renderer-iter3.py
@@ -0,0 +1,43 @@
+"""Ad-hoc verification for gui-renderer iter-3 IT changes.
+
+Re-runs pytest on the changed test file and reports pass/fail counts.
+"""
+import subprocess
+import sys
+from pathlib import Path
+
+TEST_DIR = Path("/home/zyzs/cyx/zteam/workspace/snake-linux/it/gui-renderer/iter-3")
+TEST_FILE = TEST_DIR / "test_it_gui_renderer_3.py"
+
+if not TEST_FILE.exists():
+    print(f"BLOCKER: test file not found at {TEST_FILE}", file=sys.stderr)
+    sys.exit(2)
+
+proc = subprocess.run(
+    [sys.executable, "-m", "pytest", str(TEST_FILE), "-v", "--tb=short"],
+    cwd=str(TEST_DIR),
+    capture_output=True,
+    text=True,
+    timeout=120,
+)
+
+print("=== STDOUT (tail) ===")
+lines = proc.stdout.splitlines()
+for line in lines[-65:]:
+    print(line)
+
+print(f"\n=== EXIT CODE: {proc.returncode} ===")
+
+# Quick assertion: summary line
+summary_lines = [l for l in proc.stdout.splitlines() if "passed" in l and "warning" in l]
+if summary_lines:
+    print(f"SUMMARY: {summary_lines[-1]}")
+    if proc.returncode == 0 and "53 passed" in summary_lines[-1]:
+        print("VERIFICATION: 53/53 passed (ad-hoc rerun)")
+        sys.exit(0)
+    else:
+        print("VERIFICATION: unexpected result", file=sys.stderr)
+        sys.exit(1)
+else:
+    print("VERIFICATION: no summary line found", file=sys.stderr)
+    sys.exit(1)

session_id: 20260814_075556_0cedba
Ad-hoc verification: ran `/tmp/hermes-verify-gui-renderer-iter3.py` (re-running pytest on test_it_gui_renderer_3.py after the IT-45 fix). Result: **53 passed, exit code 0** (P0:38 + P1:15). Temp script cleaned up. This is ad-hoc verification of the IT changes, not the canonical test suite.
