  ┊ review diff
a/workspace/pacman/analysis/pacman-r2.md → b/workspace/pacman/analysis/pacman-r2.md
@@ -0,0 +1,171 @@
+# 需求分解文档：pacman（第 2 轮）
+
+## 0. 元信息
+- 需求原文：workspace/pacman/input/pacman.md
+- 分析轮次：2（修改轮）
+- 评审来源：workspace/pacman/review/pacman-r1.md（结论 PASS，2 条建议级意见 R1-01/R1-02，另含遗留事项提示）
+- 项目：pacman（Telegram 用户 2026-08-09 投放，项目名经用户确认）
+
+> 本轮修改说明：r1 评审结论为 PASS（无阻塞/重要级问题）。本轮为采纳 2 条建议级意见（R1-01 验收标准可执行化、R1-02 差异化 AI 客观验证手段升为主标准）而修订；评审遗留事项中"待需求方答复 Q1-Q12 后更新假设与验收标准"——截至本轮，需求方未提供新答复，按红线"不替需求方拍板"，Q1-Q12 原样保留（见 §7 说明）。FR/NFR 编号保持稳定，仅修订 FR-03、FR-10 的验收标准文本，未新增条目。
+
+## 1. 需求理解（SCQA）
+
+### 1.1 情境（Situation）
+用户已在终端游戏方向连续交付过多个项目（snake-linux、tetris、gomoku），偏好"可运行成品 + 完整文档"的交付标准（组内既有惯例）。经典街机吃豆人（Pac-Man，Namco 1980）是游戏史最具代表性的迷宫追逐游戏之一，其四幽灵差异化 AI 行为有完整公开资料（Pac-Man Dossier）可参照。用户在 Linux 终端环境下希望获得同类的、可本地运行的单机游戏体验。
+
+### 1.2 冲突（Complication）
+终端环境的表达力有限（无音效、无动画、字符渲染），市面终端版吃豆人多为低完成度项目（GitHub 检索可见同类项目 star 数普遍 ≤5，AI 多未做差异化）；而经典吃豆人的核心乐趣恰恰在于"四只幽灵性格不同"的追逐博弈。若只是"能跑起来的吃豆人"，体验与竞品无差异；要做"可玩性达标"的终端版，需要把差异化 AI、完整对局闭环、干净 UX 同时落地。
+
+### 1.3 问题（Question）
+如何交付一款 Linux 终端可玩、四幽灵差异化 AI、对局规则完整、且用户能按 README 一键跑通的吃豆人人机对战游戏？
+
+### 1.4 结论（Answer）
+本需求的核心价值：在终端环境下还原经典吃豆人的完整对局体验（吃豆得分、能量豆反击、四幽灵差异化 AI、过关扣命），并以"成品可玩 + 文档齐备"的标准交付，弥补终端吃豆人生态中"高品质差异化 AI 实现"的空白。
+
+## 2. 需求范围（MECE 边界）
+
+### 2.1 做什么
+- 单人对战 AI 幽灵的终端吃豆人游戏（人机对战，非联机）
+- 完整核心玩法：吃豆得分、能量豆限时反击、清豆过关、撞幽灵扣命/结束
+- 4 只（或可配数量）差异化 AI 幽灵
+- 终端实时渲染 + HUD（分数/命数/状态）+ 方向键/WASD 控制
+- 干净退出（Ctrl+C 安全中断、恢复终端状态）
+- README 交付（运行方式、依赖安装、键位、AI 策略、配置选项）
+- 允许使用第三方库
+
+### 2.2 不做什么
+- 不做联机/双人对战（需求原文明确"不要求"）
+- 不做图形界面（GUI）/浏览器版本（限定 Linux 终端）
+- 不做移动端/跨平台适配（限定 Linux）
+- 不做商业发布、美术素材、音效制作（终端字符渲染范畴；音效可行性与否见待确认 Q9）
+- 不做在线排行榜/云存储（单机游戏，本地持久化与否见待确认 Q7）
+- 不做 256 关级无限关卡设计（原版存在整数溢出 kill screen，属街机遗留缺陷，非本需求目标——难度递增见待确认 Q6）
+
+## 3. 功能需求（FR，MECE 分组）
+
+**分组维度声明**：按"对局生命周期"分组——A 对局准备与地图 → B 玩家控制与核心玩法 → C 幽灵 AI → D 界面与交互 → E 交付物。每组结论先行：A 保证可玩基础，B 是玩法闭环主干，C 是本需求差异化核心，D 保证终端体验质量，E 保证交付可用。
+
+### 组 A：对局准备与地图
+| 编号 | 功能点 | 描述 | 优先级 | 验收标准 |
+|------|--------|------|--------|----------|
+| FR-01 | 游戏启动 | 启动命令后直接进入可玩状态，终端完整渲染迷宫及全部元素（墙/通道/豆子/能量豆/玩家/幽灵） | 高 | 执行启动命令后 ≤3s 内出现完整渲染画面；六类元素均可见且可辨识 |
+| FR-02 | 迷宫地图 | 内置至少一张吃豆人风格封闭迷宫：墙壁、通道、豆子、能量豆（≥2 个，建议 4 个分布于角落）、幽灵出生区（鬼屋）、玩家出生点；地图规格建议原版比例（见待确认 Q1） | 高 | 地图含 ≥100 颗豆子；玩家出生点、鬼屋位置正确；玩家与幽灵初始互不重叠 |
+| FR-03 | 地图可配置 | 支持通过配置（文件/命令行参数）选择或调整地图规格，满足"可缩放"诉求（具体含义见待确认 Q2） | 中 | 修改配置后重启生效；**地图合法性可离线判定**：① 全部豆子格均可从玩家出生点沿合法通道到达（迷宫连通性检查）；② 幽灵出生区有 ≥1 条通道通往迷宫主体（不堵死）；③ 不同规格地图下上述判定均成立，且对局逻辑（寻路可达、豆子可吃完）可正常运转 |
+
+### 组 B：玩家控制与核心玩法
+| 编号 | 功能点 | 描述 | 优先级 | 验收标准 |
+|------|--------|------|--------|----------|
+| FR-04 | 方向控制 | 支持方向键或 WASD 控制玩家移动；支持输入排队（转向指令提前缓冲，到路口自动执行） | 高 | 按下方向键后玩家在 ≤100ms 内完成转向；连续快速输入不丢失、不粘滞 |
+| FR-05 | 移动与碰撞边界 | 玩家仅沿通道移动，撞墙不穿墙；与"可伤害状态"的幽灵同格触发扣命 | 高 | 玩家无法进入墙格；与幽灵同格时按当前幽灵状态正确触发扣命或吃幽灵 |
+| FR-06 | 吃豆得分 | 玩家经过豆子格自动吃豆，豆子从地图消失并加分（分值规则见假设 A2 / 待确认 Q4） | 高 | 吃豆后该格豆子消失、分数即时增加且 HUD 同步刷新 |
+| FR-07 | 能量豆与反击 | 吃能量豆后幽灵进入限时脆弱状态（视觉可区分），此间撞到幽灵可将其吃掉（眼睛返回鬼屋重生）；限时结束恢复；连续吃多只幽灵得分递增 | 高 | 吃能量豆后幽灵状态/颜色变化可见；脆弱期内撞幽灵→幽灵被吃且回鬼屋重生；限时结束后幽灵恢复可伤害；连续吃第 2 只起得分高于第 1 只（如 200/400/800/1600，来源见 A2） |
+| FR-08 | 过关判定 | 地图全部豆子（含能量豆）吃完即过关，进入下一关（地图重置，难度递增与否见待确认 Q6） | 高 | 最后一颗豆被吃后触发过关流程；新一关地图完整重置、豆子恢复、玩家与幽灵回到出生点 |
+| FR-09 | 扣命与游戏结束 | 撞到可伤害状态的幽灵扣 1 条命；命数归零时游戏结束，显示结算（得分/到达关卡），随后可干净退出 | 高 | 扣命后玩家与幽灵重置至出生点、命数 -1 且 HUD 刷新；命数 0 时出现结算画面，退出后终端状态完好 |
+
+### 组 C：幽灵 AI（本需求差异化核心）
+| 编号 | 功能点 | 描述 | 优先级 | 验收标准 |
+|------|--------|------|--------|----------|
+| FR-10 | 四幽灵差异化 AI | 默认 4 只幽灵，行为特征各不相同，禁止 4 只同质：① 红色（Blinky 型）直线追击玩家且追击性强；② 粉色（Pinky 型）倾向预判玩家行进方向、绕前拦截；③ 青色（Inky 型）协同围堵——目标位置受红色幽灵与玩家相对位置共同影响，行为最难预测；④ 橙色（Clyde 型）距离感知——离玩家近时撤退/游走、远时追击（行为规格依据 Pac-Man Dossier，见 5.1 来源） | 高 | **主验收标准（客观可验证）**：四只幽灵的目标格（target tile）选择规则互不相同——可通过行为日志或单元测试验证各幽灵的目标计算逻辑存在可复现差异（如同一局面下四者计算出的目标格不同，或目标计算函数/规则实现彼此不同）；**辅助验收标准（主观观察）**：对局中 4 只幽灵的移动模式可被观察区分 |
+| FR-11 | 幽灵模式切换 | 幽灵具备 追逐/散开/脆弱 三种状态：散开态（定时返回各自角落区域）与追逐态交替；吃能量豆进入脆弱态；模式切换伴随可见信号（原版为强制掉头，来源见 5.1） | 高 | 对局中可观察到散开/追逐交替（幽灵方向整体反转的可见信号）；脆弱态有独立视觉（颜色变化）；三种状态切换逻辑不冲突 |
+| FR-12 | 幽灵数量可配置 | 支持配置幽灵数量（默认 4，允许减少） | 中 | 配置为 2/3/4 时游戏均可正常启动与对局，无报错、无死局 |
+| FR-13 | 幽灵重置 | 过关或扣命后，所有幽灵回到出生位置（鬼屋及其周边） | 高 | 重置后 4 只幽灵均回到出生点附近；重置瞬间不与玩家重叠造成误判 |
+
+### 组 D：界面与交互
+| 编号 | 功能点 | 描述 | 优先级 | 验收标准 |
+|------|--------|------|--------|----------|
+| FR-14 | 终端渲染 | 迷宫元素用字符/颜色区分：墙、通道、豆子、能量豆、玩家、各幽灵（4 色可区分） | 高 | 六类元素各有独立视觉标识；4 只幽灵颜色互不相同；在 ≥80×24 终端完整显示 |
+| FR-15 | HUD 信息 | 实时显示：分数、剩余命数、当前关卡、玩家状态（普通/能量暴走及剩余时间） | 高 | 分数/命数/关卡变化即时刷新（≤1s）；能量暴走状态显示剩余时间倒计时 |
+| FR-16 | 暂停与干净退出 | 支持暂停/恢复（按键切换）；Ctrl+C 安全中断：恢复终端原始状态（光标、颜色、回显），无残留 | 高 | 暂停后游戏冻结、可恢复；Ctrl+C 后终端回到 shell 正常显示，无残留字符/异常颜色/光标丢失（连续测试 10 次退出均干净） |
… omitted 93 diff line(s) across 1 additional file(s)/section(s)

session_id: 20260809_131536_08d51c
状态核查完毕，一切正常：

- 顶层状态：`analyzed`，`analysis` 指向 `pacman/analysis/pacman-r2.md`，claim 已清，审计日志已记录 `ANALYZE pacman/pacman ... analyzing->analyzed`
- req 四态仍为 working 属正常：release_analyze 只清 claim 不动四态，`reviewing` 由评审者认领后写入（与 r1 时间线一致），等待评审 tick 认领即可

本轮完成情况（req-analyst 第 2 轮修改，产物 `workspace/pacman/analysis/pacman-r2.md`）：

1. 第 0 步 set_status working — 已完成
2. 评审意见逐条处理（r1 结论 PASS，2 条建议级 + 1 条遗留事项）：
   - R1-01（FR-03 验收标准可执行化）→ 已修改：拆为三条可离线判定的检查（豆子格全可达 / 鬼屋≥1 通道连通 / 多规格均成立）
   - R1-02（FR-10 差异化验证客观化）→ 已修改：目标格（target tile）选择规则差异升为主验收标准（行为日志/单元测试可验），"可观察区分"降为辅助
   - 遗留事项（Q1-Q12 答复后更新）→ 部分修改：需求方本轮未提供答复，按"不替需求方拍板"红线原样保留 12 问并显式说明，待答复后一键落实
3. 编号稳定：FR-01~19 / NFR-01~07 未重编，仅改 FR-03、FR-10 验收标准文本，无新增条目
4. `release_analyze pacman/pacman pacman/analysis/pacman-r2.md` — 已执行成功

等待评审 tick 认领进入下一轮评审。
  ┊ review diff
a/workspace/pacman/review/pacman-r2.md → b/workspace/pacman/review/pacman-r2.md
@@ -0,0 +1,32 @@
+# 需求评审意见：pacman（第 2 轮）
+
+## 0. 评审结论
+- 结论：PASS
+- 一句话理由：r2 高质量采纳 r1 两条建议（FR-03 验收标准可执行化、FR-10 客观验证手段提升为主标准），修改回应表逐条有明确改动说明；12 个待确认问题因需求方未答复而原样保留，符合分析师红线；12 项检查清单全部通过，无阻塞级/重要级问题。
+
+## 1. 检查清单核对表
+| # | 检查项 | 结果 | 说明 |
+|---|--------|------|------|
+| 1 | 完整性覆盖 | ✅ | 原文 8 要点 + 4 验收标准均在对报告中找到对应分析；SCQA 结构完好，无遗漏 |
+| 2 | 可追踪性 | ✅ | FR-01~FR-19、NFR-01~NFR-07 均有唯一编号；编号稳定，未新增或删除条目；每条可追溯至原文对应内容 |
+| 3 | 无歧义性 | ✅ | 关键术语有定义或溯源；假设 A6（可缩放含义）显式标注，进 Q2 待确认；无模糊词残留 |
+| 4 | 一致性 | ✅ | 编号无重复；FR-02 与 FR-07 一致；FR-10（默认 4 只）与 FR-12（可配 2-4）不矛盾；优先级排序无冲突 |
+| 5 | 可测试性 | ✅ | 19 条 FR 均有可验证验收标准；r2 重点改进 FR-03（新增连通性检查/出口通道/不同规格三重判定）和 FR-10（客观目标格规则差异为主标准、观察区分为辅助），改进后可执行性显著提升 |
+| 6 | 范围边界 | ✅ | §2.1（7 项做什么）与 §2.2（6 项不做什么）清晰且与原文无冲突 |
+| 7 | 依赖与假设 | ✅ | 8 条假设 A1-A8 均有来源标注（Pac-Man Dossier/Wikipedia）；外部依赖列全；无无来源断言 |
+| 8 | 范围控制 | ✅ | 无超出原文的臆造功能；12 问均如实标注为"待确认"，无"待确认"被当作"已确认"处理；红线"只答 What/Why、绝不答 How"严格遵守 |
+| 9 | 待确认问题 | ✅ | Q1-Q12 全部保留，每问附 5W1H 分类与建议默认值；本轮说明如实记录"需求方未提供答复"并按红线原样保留 |
+| 10 | 修改回应质量 | ✅ | r1 两条建议逐条回应：R1-01（已修改：FR-03 验收标准重写为三重可执行判定）、R1-02（已修改：FR-10 客观验证提升为主标准）；遗留事项（部分修改：Q1-Q12 已复核但需求方无答复，按红线原样保留，说明合理）；驳回理由（无）不适用 |
+| 11 | MECE 完整性 | ✅ | FR 分组维度声明为"对局生命周期"（A-E 五组）；组内独立无重复、组间覆盖全链路；明显场景无遗漏 |
+| 12 | 竞争力分析 | ✅ | 4 个竞品/替代方案均有真实来源（Wikipedia 链接、GitHub API 2026-08-09、组内流水线工作区）；对比矩阵覆盖 7 维度；差异化结论 4 点，核心机会定位准确 |
+
+## 2. 评审意见列表
+| 编号 | 严重级别 | 位置 | 问题描述 | 修改建议 |
+|------|----------|------|----------|----------|
+| — | — | — | 本轮无新增意见 | — |
+
+> 说明：r1 的 R1-01 与 R1-02 已在 r2 中得到高质量采纳（见 §8 修改回应表与检查项 5/10），本轮无新增阻塞/重要/建议级意见。
+
+## 3. 遗留事项
+- r1 遗留的 12 个待确认问题（Q1-Q12）截至 r2 仍未获需求方答复，已按分析师红线（不替需求方拍板、歧义必须显式标注）原样保留并附建议默认值。建议在需求方答复后的后续轮次（如有）或下游方案设计阶段落实对应假设与验收标准的更新。
+- 对下一轮（如有）：若需求方在 r3 前提供 Q1-Q12 答复，分析师只需据此更新假设与对应验收标准（FR-02/03/06/07/08/09/10/11/15/19 的验收标准涉及地图规格、计分规则、难度递增、能量豆时长、键位等公开了数值/策略的问题），无需改动 FR/NFR 编号与文档结构。

session_id: 20260809_132038_f6cfb7
完成。pacman r2 评审 PASS，状态已更新。
  ┊ review diff
a//home/zyzs/cyx/zteam/workspace/pacman/code/pacman-r2/pacman/entities.py → b//home/zyzs/cyx/zteam/workspace/pacman/code/pacman-r2/pacman/entities.py
@@ -109,6 +109,34 @@
             self.turn_buffer.clear()
         # 不合法：保留缓冲（玩家可能还会继续按；不粘滞则下次覆盖）
         # 但若按了反向，则 reverse() 已清空；这里不合法不反向则不清，让玩家继续走原方向
+
+    def add_motion(self, game_map: GameMap) -> int:
+        """重写 Mover.add_motion：每步位移前校验玩家通行性（FR-05；修复 r1 评审 #1）。
+
+        与幽灵不同，玩家不可穿墙、不可进鬼屋门 / 鬼屋：每一步必须先调用
+        ``game_map.is_passable_for_player(next_row, next_col)``，不可通行则停在
+        原格（不会先进入再回退，也不会"累积到下一 tick 才检测"——逐步校验）。
+
+        speed 单位：格/tick；封顶 4 步/tick（与 Mover 一致，防大 dt 跳帧）。
+
+        返回实际走的步数（0 或 1；速度 >1 时可能多步，但玩家恒 1.0 故通常为 1）。
+        """
+        self.acc += self.speed
+        steps = 0
+        while self.acc >= 1.0 and steps < 4:
+            self.acc -= 1.0
+            nr = self.row + self.dir.drow
+            nc = self.col + self.dir.dcol
+            if not game_map.is_passable_for_player(nr, nc):
+                # 不可通行：停止在本格，acc 清零避免下一 tick 仍累积
+                self.acc = 0.0
+                break
+            self.row = nr
+            self.col = nc
+            steps += 1
+        if self.acc >= 4.0:
+            self.acc = 0.0
+        return steps
 
     def update_protection(self, dt: float) -> None:
         """更新保护期倒计时。"""
  ┊ review diff
a//home/zyzs/cyx/zteam/workspace/pacman/code/pacman-r2/pacman/game.py → b//home/zyzs/cyx/zteam/workspace/pacman/code/pacman-r2/pacman/game.py
@@ -159,8 +159,8 @@
         # 1. 玩家转向缓冲消费（每 tick 开始）
         self.player.consume_turn(self.gm)
 
-        # 2. 玩家移动（按当前方向走；玩家恒 1.0 速度）
-        self.player.add_motion()
+        # 2. 玩家移动（按当前方向走；玩家恒 1.0 速度；每步校验通行性，FR-05）
+        self.player.add_motion(self.gm)
 
         # 3. 幽灵决策 + 移动
         self._step_ghosts(dt)
  ┊ review diff
a//home/zyzs/cyx/zteam/workspace/pacman/code/pacman-r2/pacman/entities.py → b//home/zyzs/cyx/zteam/workspace/pacman/code/pacman-r2/pacman/entities.py
@@ -46,17 +46,28 @@
     def set_pos(self, pos):
         self.row, self.col = pos[0], pos[1]
 
-    def add_motion(self) -> int:
+    def add_motion(self, game_map: Optional[GameMap] = None) -> int:
         """主循环调用：累积速度，达到 1 格则走一步并返回步数（0 或 1）。
 
         为防调试器/计时器大暂停后跳帧，速度累积封顶：单次最多走 4 格。
+
+        ``game_map`` 为可选通行性回调：传入时（玩家）每步校验
+        ``game_map.is_passable_for_player``；不传入时（幽灵）按各实体自身
+        语义走（Mover 基类不校验；Ghost 子类按需重写——但当前 Ghost 仍用无校验
+        的 Mover 基类语义，自身走门/鬼屋的合法性由 choose_dir 保证）。
         """
         self.acc += self.speed
         steps = 0
         while self.acc >= 1.0 and steps < 4:
             self.acc -= 1.0
-            self.row += self.dir.drow
-            self.col += self.dir.dcol
+            nr = self.row + self.dir.drow
+            nc = self.col + self.dir.dcol
+            if game_map is not None and not game_map.is_passable_for_player(nr, nc):
+                # 通行校验失败：停止在本格，acc 清零避免下一 tick 仍累积
+                self.acc = 0.0
+                break
+            self.row = nr
+            self.col = nc
             steps += 1
         # 极端兜底：避免 acc 无限累积
         if self.acc >= 4.0:
  ┊ review diff
a//home/zyzs/cyx/zteam/workspace/pacman/code/pacman-r2/pacman/entities.py → b//home/zyzs/cyx/zteam/workspace/pacman/code/pacman-r2/pacman/entities.py
@@ -122,32 +122,17 @@
         # 但若按了反向，则 reverse() 已清空；这里不合法不反向则不清，让玩家继续走原方向
 
     def add_motion(self, game_map: GameMap) -> int:
-        """重写 Mover.add_motion：每步位移前校验玩家通行性（FR-05；修复 r1 评审 #1）。
+        """玩家移动：每步位移前校验玩家通行性（FR-05；修复 r1 评审 #1）。
 
-        与幽灵不同，玩家不可穿墙、不可进鬼屋门 / 鬼屋：每一步必须先调用
-        ``game_map.is_passable_for_player(next_row, next_col)``，不可通行则停在
-        原格（不会先进入再回退，也不会"累积到下一 tick 才检测"——逐步校验）。
+        玩家不可穿墙、不可进鬼屋门 / 鬼屋：每一步必须先调用
+        ``game_map.is_passable_for_player(next_row, next_col)``，不可通行则
+        停在原格（不会先进入再回退，也不会"累积到下一 tick 才检测"——逐步校验）。
 
         speed 单位：格/tick；封顶 4 步/tick（与 Mover 一致，防大 dt 跳帧）。
 
-        返回实际走的步数（0 或 1；速度 >1 时可能多步，但玩家恒 1.0 故通常为 1）。
+        返回实际走的步数（0 或 1；玩家恒 1.0 故通常为 1）。
         """
-        self.acc += self.speed
-        steps = 0
-        while self.acc >= 1.0 and steps < 4:
-            self.acc -= 1.0
-            nr = self.row + self.dir.drow
-            nc = self.col + self.dir.dcol
-            if not game_map.is_passable_for_player(nr, nc):
-                # 不可通行：停止在本格，acc 清零避免下一 tick 仍累积
-                self.acc = 0.0
-                break
-            self.row = nr
-            self.col = nc
-            steps += 1
-        if self.acc >= 4.0:
-            self.acc = 0.0
-        return steps
+        return super().add_motion(game_map=game_map)
 
     def update_protection(self, dt: float) -> None:
         """更新保护期倒计时。"""
  ┊ review diff
a//home/zyzs/cyx/zteam/workspace/pacman/code/pacman-r2/pacman/entities.py → b//home/zyzs/cyx/zteam/workspace/pacman/code/pacman-r2/pacman/entities.py
@@ -173,8 +173,12 @@
         """实际用于累积的速度（覆盖 Mover.speed 调用入口）。"""
         return self.speed_for_mode()
 
-    def add_motion(self) -> int:
-        """重写 Mover.add_motion，使用 effective_speed（模式敏感）。"""
+    def add_motion(self, game_map: Optional[GameMap] = None) -> int:
+        """重写 Mover.add_motion，使用 effective_speed（模式敏感）。
+
+        ``game_map`` 参数被忽略——幽灵走门 / 鬼屋是合法的，方向选择由
+        ``choose_dir`` 过滤候选保证（不会撞墙），无需在移动入口再做校验。
+        """
         self.acc += self.effective_speed()
         steps = 0
         while self.acc >= 1.0 and steps < 4:
  ┊ review diff
a//home/zyzs/cyx/zteam/workspace/pacman/code/pacman-r2/pacman/entities.py → b//home/zyzs/cyx/zteam/workspace/pacman/code/pacman-r2/pacman/entities.py
@@ -121,12 +121,16 @@
         # 不合法：保留缓冲（玩家可能还会继续按；不粘滞则下次覆盖）
         # 但若按了反向，则 reverse() 已清空；这里不合法不反向则不清，让玩家继续走原方向
 
-    def add_motion(self, game_map: GameMap) -> int:
+    def add_motion(self, game_map: Optional[GameMap] = None) -> int:
         """玩家移动：每步位移前校验玩家通行性（FR-05；修复 r1 评审 #1）。
 
         玩家不可穿墙、不可进鬼屋门 / 鬼屋：每一步必须先调用
         ``game_map.is_passable_for_player(next_row, next_col)``，不可通行则
         停在原格（不会先进入再回退，也不会"累积到下一 tick 才检测"——逐步校验）。
+
+        ``game_map`` 在玩家场景下是必传的（游戏主循环 tick 显式传入 ``self.gm``）；
+        保留 Optional 默认值仅为与基类签名兼容（Pyright 不抱怨 override 不兼容），
+        实测传入 None 时等同于 Mover 基类行为——**生产路径不会发生**。
 
         speed 单位：格/tick；封顶 4 步/tick（与 Mover 一致，防大 dt 跳帧）。
 
  ┊ review diff
a//home/zyzs/cyx/zteam/workspace/pacman/code/pacman-r2/pacman/entities.py → b//home/zyzs/cyx/zteam/workspace/pacman/code/pacman-r2/pacman/entities.py
@@ -5,7 +5,12 @@
 对应方案：plans/pacman-r1.md §3.2 entities.py、§4.2 数据结构、§5.2 移动与速度模型。
 不依赖 curses（纯逻辑层，可单测）。
 
-本文件为 r1 第 1 轮 code 阶段产出；与 pre-requeue 旧版相比逻辑无变化。
+本文件为 r2 第 2 轮 code 阶段产出：
+- r1 评审 #1（玩家穿墙 FR-05 失守）：修复 ``Player.add_motion`` 每步校验
+  ``game_map.is_passable_for_player``，不可通行即停在原格且清零 acc；
+  Mover 基类增加可选 ``game_map`` 参数（玩家路径传 gm；幽灵路径忽略）；
+  Game.tick() 玩家分支改为 ``self.player.add_motion(self.gm)``。
+- 其余逻辑无变化。
 """
 
 
  ┊ review diff
a//home/zyzs/cyx/zteam/workspace/pacman/code/pacman-r2/pacman/game.py → b//home/zyzs/cyx/zteam/workspace/pacman/code/pacman-r2/pacman/game.py
@@ -6,7 +6,10 @@
 对应方案：plans/pacman-r1.md §3.2 game.py、§3.3 主循环时序、§5.3 边界处理、§5.4 难度公式。
 不依赖 curses（纯逻辑层，可单测）。
 
-本文件为 r1 第 1 轮 code 阶段产出；与 pre-requeue 旧版相比逻辑无变化。
+本文件为 r2 第 2 轮 code 阶段产出：
+- r1 评审 #1（玩家穿墙 FR-05 失守）：tick() 玩家分支改为
+  ``self.player.add_motion(self.gm)``，让 ``Player.add_motion`` 能做通行校验。
+- 其余逻辑无变化。
 """
 
 
  ┊ review diff
a//home/zyzs/cyx/zteam/workspace/pacman/code/pacman-r2/README.md → b//home/zyzs/cyx/zteam/workspace/pacman/code/pacman-r2/README.md
@@ -6,13 +6,13 @@
 
 ## 0. 本轮信息
 
-- **本目录为 r1 第 1 轮 code 阶段产物**（2026-08-10 启动）
+- **本目录为 r2 第 2 轮 code 阶段产物**（2026-08-10 启动）
 - **需求**：pacman/pacman（项目 pacman）；依据 `analysis/pacman-r3.md` + `plans/pacman-r1.md` + `testplans/pacman-r1.md`
-- **pre-requeue 旧版产物**：已归档到 `archive/code-pacman-r1-source-pre-requeue-20260810/`（与旧 review 一并存档，未丢失历史）
-- **本轮相对旧版的差异**（详见 §11 修改回应表）：
-  - **config.py**：删除 r1 评审建议 2 指出的死代码常量 `SCATTER_CHASE_SCHEDULE`（定义但未引用；SCATTER/CHASE 交替由 `ModeController.phase + scatter_duration_for_level / chase_duration_for_level` 驱动，行为不变）
-  - **renderer.py**：清理 r1 评审建议 1 指出的 `_init_colors` 死代码样式（`init_pair(... if False else 208, ...) if False else init_pair(COLOR_YELLOW)` 嵌套），改为一行直白 `init_pair(COLOR_CLYDE, COLOR_YELLOW, -1)`，便于维护与静态分析
-  - 其余模块（map/entities/ghost_ai/game/input/main/run/__init__/__main__）相对旧版逻辑无变化；模块文件头新增本轮信息注释
+- **r1 评审结论**：FAIL（穿墙核心玩法缺陷，详见 `code/pacman-r1-review.md`）
+- **本轮相对 r1 的差异**（详见 §11 修改回应表）：
+  - **核心修复（评审 #1，严重）**：`Player.add_motion()` 每步位移前调用 `game_map.is_passable_for_player()` 校验玩家通行性；不可通行时停在原格并清零速度累积器（避免下一 tick 仍累积）；`Mover.add_motion()` 同步扩展为可选 `game_map` 参数（玩家路径显式传 `self.gm`、幽灵路径忽略）；`Game.tick()` 玩家分支改为 `self.player.add_motion(self.gm)`。**回归测试 `test_player_cannot_walk_wall` 现已通过**。
+  - **自检命令增强（评审 #2，一般）**：§9 增加完整测试套件命令与预期结果，本阶段交付前已自测全绿（99/99 通过，详见 §11）
+  - 其余模块（map/ghost_ai/input/main/run/__init__/__main__/renderer/config）相对 r1 逻辑无变化；所有修改文件顶部 docstring 已标注本轮信息
 
 ## 1. 依赖安装
 
  ┊ review diff
a//home/zyzs/cyx/zteam/workspace/pacman/code/pacman-r2/README.md → b//home/zyzs/cyx/zteam/workspace/pacman/code/pacman-r2/README.md
@@ -119,14 +119,14 @@
 ## 7. 项目结构
 
 ```
-pacman-r1/
+pacman-r2/
 ├── pacman/                    # 包源码
 │   ├── __init__.py            # 包元信息 + 模块清单
 │   ├── __main__.py            # python3 -m pacman 入口
 │   ├── main.py                # argparse + curses.wrapper + 主循环
 │   ├── config.py              # 默认值/难度公式/枚举
 │   ├── map.py                 # 地图加载 + 三项离线判定
-│   ├── entities.py            # Player/Ghost/Mover 速度累积器
+│   ├── entities.py            # Player/Ghost/Mover 速度累积器（r2 修复 Player.add_motion 通行校验）
 │   ├── ghost_ai.py            # 四幽灵目标计算 + 路口决策 + 模式状态机
 │   ├── game.py                # 对局状态机（吃豆/能量豆/碰撞/过关/扣命/结算）
 │   ├── input.py               # 键位映射
  ┊ review diff
a//home/zyzs/cyx/zteam/workspace/pacman/code/pacman-r2/README.md → b//home/zyzs/cyx/zteam/workspace/pacman/code/pacman-r2/README.md
@@ -152,10 +152,14 @@
 - **难度参数采用简化公式**（非原版全表 A.2），核心节奏（难度递增 / 玩家略快 / 四阶段交替）保持一致。
 - **不支持 256 关级无限关卡**（原版存在整数溢出 kill screen，属街机遗留缺陷）。
 
-## 9. 开发者自检（本阶段可运行验证命令）
-
-```bash
-# 1. 编译全部模块（应 0 退出）
+## 9. 开发者自检（本阶段交付前已自测全绿，99/99 通过）
+
+> **r2 增强**：本节新增完整测试套件命令（评审 #2 修复）。下方第 1-8 项为单命令冒烟（与 r1 一致），第 9 项为**完整单元/集成测试套件**——是回归门禁；第 10 项为可重复执行的回归记录。
+
+### 单命令冒烟
+
+```bash
+# 1. 编译全部模块（应 0 退出、无输出）
 python3 -m compileall pacman/
 
 # 2. CLI 帮助（应正常输出）
@@ -163,6 +167,7 @@
 
 # 3. 地图加载校验（应成功）
 python3 -c "from pacman.map import load_map; print(load_map('pacman/data/map_classic.txt').initial_dots)"
+# 预期：216
 
 # 4. FR-10 四目标互异（主验收客观验证）
 python3 -c "
@@ -191,7 +196,7 @@
 b = Ghost(Kind.BLINKY, (3,3))
 pk = Ghost(Kind.PINKY, (3,4))
 print('Pinky UP target:', target_cell(pk, p, b, gm))
-# 期望 (1, 1) = (5-4, 5+0-4)
+# 预期 (1, 1) = (5-4, 5+0-4)
 "
 
 # 6. 非法地图拦截
@@ -216,7 +221,48 @@
           scatter_duration_for_level(L), elroy_threshold_for_level(L),
           inky_release_dots_for_level(L), clyde_release_dots_for_level(L))
 "
-
+```
+
+### 完整测试套件（r2 评审 #2 修复——回归门禁）
+
+```bash
+# r2 阶段交付前已自测：99/99 全绿（约 0.06s）。
+# 命令（与 test 阶段产物 tests/pacman-r1/ 一致，PACMAN_CODE_DIR 显式指向本轮产物）：
+PACMAN_CODE_DIR="$PWD" python3 -m unittest discover -s tests/pacman-r1/tests -t tests/pacman-r1 -v
+# 预期最后一行：Ran 99 tests in 0.0XXs
+#                OK
+#
+# 退出码：0（任一 FAIL 即非零退出码；CI 可据此门禁）
+#
+# 覆盖范围：map 加载/校验/连通性/三项离线判定 + 实体 Mover 累积器/Player 缓冲
+#   + 幽灵 AI 四目标互异/clamp/平局优先级 + 模式状态机 + 对局吃豆/能量豆/连吃链/
+#   扣命/保护期/过关/暂停相位补偿 + 输入键位 + 配置 CLI 校验（合计 11 模块）
+```
+
+### r2 修复验证（针对 r1 评审 #1 穿墙问题）
+
+```bash
+# 验证 Player.add_motion 通行校验生效：
+PACMAN_CODE_DIR="$PWD" python3 -m unittest tests.test_game.TestMovement.test_player_cannot_walk_wall -v
+# 预期：test_player_cannot_walk_wall ... ok
+#
+# 手动复现命令（玩家 (7,8) 朝 UP，(6,8) 是墙）：
+python3 -c "
+import os; os.environ['PACMAN_CODE_DIR'] = '$PWD'
+from pacman.config import Config, Dir
+from pacman.map import load_map
+from pacman.game import Game
+g = Game(load_map('pacman/data/map_classic.txt'), Config())
+g.player.set_pos((7, 8)); g.player.dir = Dir.UP
+before = g.player.pos
+g.tick()
+assert g.player.pos == before, f'穿墙！{g.player.pos} != {before}'
+print('PASS: 玩家撞墙不穿 FR-05 通过')
+"
… omitted 15 diff line(s) across 1 additional file(s)/section(s)
  ┊ review diff
a//home/zyzs/cyx/zteam/workspace/pacman/code/pacman-r2/README.md → b//home/zyzs/cyx/zteam/workspace/pacman/code/pacman-r2/README.md
@@ -259,6 +259,7 @@
 assert g.player.pos == before, f'穿墙！{g.player.pos} != {before}'
 print('PASS: 玩家撞墙不穿 FR-05 通过')
 "
+```
 
 ### 连吃封顶
 
  ┊ review diff
a//home/zyzs/cyx/zteam/workspace/pacman/code/pacman-r2/README.md → b//home/zyzs/cyx/zteam/workspace/pacman/code/pacman-r2/README.md
@@ -293,7 +293,7 @@
 | FR-02 地图 | `data/map_classic.txt`（22×19 / 216 豆 / PP 出生 / 鬼屋 8 格） |
 | FR-03 地图可配置 + 三项离线判定 | `map.py` `load_map()` |
 | FR-04 方向控制 + 缓冲 | `entities.Player.consume_turn()` + `request_turn()` |
-| FR-05 移动与碰撞边界 | `entities.Mover.add_motion()` + `game._handle_collisions()` |
+| FR-05 移动与碰撞边界 | `entities.Player.add_motion(game_map)`（r2 修复）+ `game._handle_collisions()` |
 | FR-06 吃豆得分 | `game._handle_dot_eating()` |
 | FR-07 能量豆与反击 | `game._trigger_power_pellet()` + `game._eat_ghost()` |
 | FR-08 过关判定 | `game._next_level()` |
  ┊ review diff
a//home/zyzs/cyx/zteam/workspace/pacman/code/pacman-r2/README.md → b//home/zyzs/cyx/zteam/workspace/pacman/code/pacman-r2/README.md
@@ -316,16 +316,46 @@
 | NFR-06 安全/隐私 | 无网络 import（`grep "^(import\|from) (socket\|urllib\|requests)"` 为空） |
 | NFR-07 可维护性 | 模块顶部 docstring 标注职责/依赖/对应方案节 |
 
-## 11. 修改回应表（本轮调整）
-
-> pre-requeue 旧版 `code/pacman-r1-review.md` 评审结论 PASS，并附 2 条建议级意见（不阻塞）。本轮依建议逐条回应：
-
-| 旧评审编号 | 意见摘要 | 本轮处理 | 说明 |
-|------------|----------|----------|------|
-| 评审建议 1 | `renderer.py:72` 颜色初始化行存在嵌套 `if False else` 死代码样式，可读性差 | **已修复** | 改为一行 `curses.init_pair(COLOR_CLYDE, curses.COLOR_YELLOW, -1)`，逻辑等价（之前等价于该调用），便于维护与静态分析 |
-| 评审建议 2 | `config.py:140-143` `SCATTER_CHASE_SCHEDULE` 常量定义但未引用 | **已修复** | 删除该常量（模式切换由 `ModeController.phase + scatter_duration_for_level / chase_duration_for_level` 驱动，行为完整不变），仅保留注释说明 PHASE_COUNT 与交替表语义 |
-| 评审遗留事项 1 | 方案已声明的简化项（Blinky 同屋出生、Elroy 简化公式、能量时长下限 1s、原版计分、Pinky/Inky up-bug 忠实复刻、不做最高分持久化）需 release 阶段 release notes 再给用户视角说明 | 转交 release 阶段 | 本 code 阶段在 README §8 已逐条记录；releaser 引用即可 |
-| 评审遗留事项 2 | 自动化测试代码不在本 code 阶段产物内（按角色红线交由 test-developer） | 转交 test 阶段 | 已确认 `code/pacman-r1/` 下无 `tests/` 目录；test 阶段独立产出 |
+## 11. 修改回应表（针对 r1 评审意见逐条回应）
+
+> r1 评审结论 FAIL（详见 `code/pacman-r1-review.md`），含 1 条严重意见 + 1 条一般意见 + 2 条遗留事项（仅 PASS 时填，本轮不适用，但旧评审 §3 列了 2 条"遗留事项"是 r1 PASS 时填的，本轮是修改轮——不沿用旧遗留事项格式，按 r2 实际意见重写）。本节按 r1 评审 §2 意见编号逐条回应：
+
+| 评审编号 | 严重度 | 意见摘要 | 本轮处理 | 验证 |
+|----------|--------|----------|----------|------|
+| **意见 #1** | 严重 | 玩家移动可穿越墙体（`pacman/game.py:163` + `entities.Mover.add_motion()`）；玩家 `(7,8) UP` 后实际变 `(6,8)`，违反 FR-05 与方案"移动前检查下一格可通行"；回归测试 `test_player_cannot_walk_wall` 失败 | **已修复** | 见下方证据 |
+| **意见 #2** | 一般 | README §9 自检未含完整测试套件命令，导致 r1 自检显示"ready"但核心回归未被发现 | **已修复** | 见下方证据 |
+
+### 评审 #1 修复详情
+
+**根因**：`Mover.add_motion()` 是无通行校验的基类实现；`Player` 子类未重写；`Game.tick()` 调用 `self.player.add_motion()` 不传 map 参数，导致玩家每步位移无墙检测。
+
+**修复方案**（最小侵入）：
+1. **`Mover.add_motion(self, game_map: Optional[GameMap] = None)`**：基类增加可选 `game_map` 参数；传入时每步先调 `game_map.is_passable_for_player(nr, nc)`，不可通行则停在原格并清零 `acc`（防止下一 tick 仍累积）。不传入时维持原"无校验"语义（幽灵路径兼容）。
+2. **`Player.add_motion(self, game_map: Optional[GameMap] = None)`**：重写后 `return super().add_motion(game_map=game_map)`。生产路径下 `Game.tick()` 必传 `self.gm`，Player 实测传入 None 时等同于 Mover 基类行为——但**生产路径不会发生**（game.py 显式传）。
+3. **`Ghost.add_motion(self, game_map: Optional[GameMap] = None)`**：保持原有 effective_speed 累积逻辑，`game_map` 参数被忽略。幽灵走门/鬼屋的合法性由 `choose_dir` 过滤候选方向保证（不会撞墙），无需在移动入口再加校验——与"门仅幽灵可通行"的方案语义一致。
+4. **`Game.tick()` 第 2 步**：`self.player.add_motion()` → `self.player.add_motion(self.gm)`。
+
+**验证证据**：
+- `tests.test_game.TestMovement.test_player_cannot_walk_wall` —— r1 失败 / **r2 通过**
+- 完整测试套件 99/99 全绿（r1 为 98/99，详见 §9 完整测试套件节）
+
+### 评审 #2 修复详情
+
+**根因**：r1 README §9 自检仅列了 8 条单命令冒烟 + FR-10 主验收，未列完整测试套件命令——导致 code-developer 交付前自检通过但未捕获核心回归（评审 #1）。
+
+**修复方案**：§9 增加"完整测试套件（回归门禁）"小节，明确命令（`PACMAN_CODE_DIR="$PWD" python3 -m unittest discover -s tests/pacman-r1/tests -t tests/pacman-r1 -v`）、预期结果（最后一行 `Ran 99 tests in 0.0XXs` + `OK`，退出码 0）、覆盖范围说明（map/entities/ghost_ai/game/input/config 等 11 模块）。同时新增"r2 修复验证"小节，提供评审 #1 的针对性验证命令。
+
+**验证证据**：本轮交付前实际运行结果——
+```
+Ran 99 tests in 0.053s
+OK
+```
+退出码 0；评审 #1 修复后回归测试通过。
+
+### 本轮未涉及项
+
+- 评审 #1 中提到的 FR-03 地图三项离线判定、FR-04 输入缓冲、FR-10 四目标互异、FR-16 干净退出等，r1 已通过——r2 不重做，测试套件证据保留。
+- 旧评审建议（pre-requeue 旧版的死代码清理，r1 已落实）——见 r1 README §11，本轮不重复。
 
 ## 12. 许可
 
  ┊ review diff
a//tmp/hermes-verify-r2-wall-fix.py → b//tmp/hermes-verify-r2-wall-fix.py
@@ -0,0 +1,134 @@
+"""Ad-hoc verification of r2 wall-collision fix (r1 评审 #1).
+
+Scope (NOT a suite replacement — focused delta verification):
+  1. Player.add_motion signature accepts game_map
+  2. Mover.add_motion signature accepts optional game_map
+  3. Ghost.add_motion still works (no wall check needed; choose_dir handles)
+  4. Wall collision: player at (7,8) UP does NOT enter (6,8) (r1 was FAIL)
+  5. Normal motion still works: player (12,8) LEFT reaches (12,7)
+  6. DOOR passable for ghost but NOT for player (FR-05 + map semantics)
+  7. Speed accumulator resets acc when blocked (no phantom accumulation)
+  8. Ghost effective_speed unchanged (CHASE 0.9, FRIGHTENED 0.75)
+  9. Full unittest suite re-run as cross-check
+"""
+import os, sys, inspect, subprocess
+
+os.environ["PACMAN_CODE_DIR"] = "/home/zyzs/cyx/zteam/workspace/pacman/code/pacman-r2"
+sys.path.insert(0, "/home/zyzs/cyx/zteam/workspace/pacman/code/pacman-r2")
+sys.path.insert(0, "/home/zyzs/cyx/zteam/workspace/pacman/tests/pacman-r1")
+
+from pacman.config import Config, Dir, Kind, Mode
+from pacman.map import load_map
+from pacman.game import Game
+from pacman.entities import Player, Ghost, Mover
+
+GM = load_map("/home/zyzs/cyx/zteam/workspace/pacman/code/pacman-r2/pacman/data/map_classic.txt")
+
+results = []
+def check(name, ok, detail=""):
+    tag = "PASS" if ok else "FAIL"
+    results.append((tag, name, detail))
+    print(f"  [{tag}] {name}" + (f" -- {detail}" if detail else ""))
+
+# 1. Player.add_motion signature
+sig = inspect.signature(Player.add_motion)
+check("Player.add_motion accepts game_map",
+      "game_map" in sig.parameters,
+      f"sig={sig}")
+
+# 2. Mover.add_motion signature (base)
+sig2 = inspect.signature(Mover.add_motion)
+check("Mover.add_motion accepts optional game_map",
+      "game_map" in sig2.parameters,
+      f"sig={sig2}")
+
+# 3. Ghost.add_motion signature
+sig3 = inspect.signature(Ghost.add_motion)
+check("Ghost.add_motion signature accepts optional game_map",
+      "game_map" in sig3.parameters,
+      f"sig={sig3}")
+
+# 4. Wall collision (the r1 bug -- primary regression)
+g = Game(GM, Config())
+g.player.set_pos((7, 8)); g.player.dir = Dir.UP
+before = g.player.pos
+g.tick()
+check("Player (7,8) UP blocked by wall at (6,8)",
+      g.player.pos == before,
+      f"pos={g.player.pos}, expected={before}")
+
+# 5. Normal motion regression-free
+g2 = Game(GM, Config())
+g2.player.set_pos((12, 8)); g2.player.dir = Dir.LEFT
+g2.tick()
+check("Player (12,8) LEFT moves to (12,7)",
+      g2.player.pos == (12, 7),
+      f"pos={g2.player.pos}")
+
+# 6. DOOR/HOUSE passability: player vs ghost
+check("Player cannot enter DOOR tile (10,9)",
+      not GM.is_passable_for_player(10, 9))
+check("Ghost CAN enter DOOR tile (10,9)",
+      GM.is_passable_for_ghost(10, 9))
+check("Player cannot enter HOUSE tile (9,10)",
+      not GM.is_passable_for_player(9, 10))
+check("Ghost CAN enter HOUSE tile (9,10)",
+      GM.is_passable_for_ghost(9, 10))
+
+# 7. Speed accumulator: blocked tick resets acc, not stuck
… omitted 56 diff line(s) across 1 additional file(s)/section(s)

session_id: 20260810_010058_5618ab
套件本身 99/99 全绿（exit=0）——cross-check 失败只是 ad-hoc 脚本里 subprocess 调用把 PACMAN_CODE_DIR 没传到子进程 env 的小 bug，与产物无关。脚本已清理。

**Ad-hoc verification 总结（不是 suite green，是定点验证）：**

脚本 `/tmp/hermes-verify-r2-wall-fix.py`（已清理）针对 r1 评审 #1 修复做 14 项定点检查：

1. **签名变更（3/3 PASS）**：Player/Mover/Ghost 三处 `add_motion` 均接受可选 `game_map` 参数
2. **核心回归（PASS）**：`Player (7,8) UP` 被墙格 (6,8) 阻挡，tick 后位置不变 = (7,8)
3. **正常移动未破坏（PASS）**：`(12,8) LEFT` 正常走到 `(12,7)`
4. **通行语义（4/4 PASS）**：玩家禁入 DOOR/HOUSE，幽灵可入（与方案 §4.2 Tile 语义一致）
5. **速度累积器不卡死（2/2 PASS）**：被阻挡后 acc 清零，反向/侧向下一 tick 可正常移动
6. **幽灵速度不变（2/2 PASS）**：CHASE 0.9 / FRIGHTENED 0.75 与 r1 一致
7. **套件 cross-check（脚本内 subprocess 失败，但同命令直接跑 99/99 OK exit=0）**：与本轮产物无关

13/14 ad-hoc 通过；唯一 FAIL 是脚本内 subprocess env 传递 bug，不影响产物。直接套件命令已确认 99/99 全绿、退出码 0。

r2 产物（`workspace/pacman/code/pacman-r2/`）就绪、状态已 working → reviewing，可交评审。
  ┊ review diff
a/workspace/pacman/code/pacman-r2-review.md → b/workspace/pacman/code/pacman-r2-review.md
@@ -0,0 +1,28 @@
+# 代码评审：pacman（r2）
+
+## 0. 评审结论
+- 结论：**PASS**
+- 一句话理由：核心穿墙缺陷已修复，完整 99 项回归测试通过，模块入口可运行。
+- 评审轮次：r2
+
+## 1. 检查清单核对表
+| # | 检查项 | 结论（PASS/FAIL） | 依据/缺失说明 |
+|---|--------|------------------|--------------|
+| 1 | 方案符合性 | PASS | `entities.py:54-80,129-144` 与 `game.py:162-166` 已落实玩家逐步调用 `is_passable_for_player` 的方案要求；Ghost 路径保留幽灵通行语义。四幽灵 AI、模式、地图校验等结构与方案一致。 |
+| 2 | 可运行 | PASS | `python3 -m compileall -q workspace/pacman/code/pacman-r2` 通过；完整入口 `python3 -m pacman`/`python3 run.py` 已在 README 明确，代码为标准库实现且 requirements.txt 无第三方依赖。 |
+| 3 | 功能正确性 | PASS | `PACMAN_CODE_DIR=... python3 -m unittest discover -s workspace/pacman/tests/pacman-r1/tests -t workspace/pacman/tests/pacman-r1 -q` 实际结果为 `Ran 99 tests`、`OK`；覆盖地图、实体、AI、对局、输入和配置等核心验收。r1 失败的 `test_player_cannot_walk_wall` 已通过。 |
+| 4 | 边界与异常 | PASS | 玩家每一步移动前校验下一格，撞墙时保持原位并清零累积器（`entities.py:66-73`）；地图和 CLI 参数校验、终端尺寸/退出处理在 README 与实现中有说明；回归测试全绿。 |
+| 5 | 安全与合规 | PASS | 代码为本地标准库程序，未发现网络调用、敏感数据处理或权限操作；地图/CLI 输入存在显式校验。 |
+| 6 | 可读可维护 | PASS | 模块职责清晰，逻辑层与 curses 渲染分离；关键修复有注释，函数和数据结构命名明确。 |
+| 7 | 错误处理 | PASS | 地图加载、非法 CLI 参数、终端环境和退出路径提供明确错误/退出语义；测试套件通过。 |
+| 8 | 性能与资源 | PASS | 游戏逻辑规模小，速度累积有单 tick 步数上限；`curses.wrapper` 负责终端恢复，未发现明显资源泄漏。 |
+| 9 | 不越界 | PASS | r2 产物为代码及 README/依赖声明，未混入测试目录，也未修改需求、分析、方案或测试方案。 |
+| 10 | 可审计 | PASS | 产物位于独立 `pacman-r2/` 目录；README §11 对 r1 两条评审意见逐条回应，并给出修复与回归证据。 |
+
+## 2. 评审意见列表
+1. **[建议]** README §2 的 `python3 pacman/main.py` 直接脚本入口在当前实现下会因 `main.py:25` 的包相对导入触发 `ImportError: attempted relative import with no known parent package`；建议删除该命令或改为从包上下文启动，以避免用户按文档操作失败。有效入口 `python3 -m pacman` 与 `python3 run.py` 不受影响，不阻塞本轮 PASS。
+   - 依据：`workspace/pacman/code/pacman-r2/README.md:38-47`；实际执行 `python3 workspace/pacman/code/pacman-r2/pacman/main.py --help` 复现上述错误；方案 §6/交付可运行性要求 README 启动方式可复现。
+
+## 3. 遗留事项（仅 PASS 时）
+- 修正 README 中不可直接执行的 `python3 pacman/main.py` 示例，避免误导使用者。
+- 发布前按 testplan 的 PTY/终端视觉、连续退出和零网络系统调用项目补做环境级验收；本次代码评审已完成编译与 99 项逻辑回归验证。

session_id: 20260810_011003_8ed6fd
API call failed after 3 retries: list index out of range
