
session_id: 20260810_162059_522675
第 5 轮分析完成，全流程已闭环：

执行记录
- 第 0 步：set_status pacman/pacman req working（pipeline.log 已审计）
- 输入核实：需求原文 mtime 仍为 2026-08-09 09:07:54（未更新）；04:37 后新增 .md 均为 pacman/gomoku 下游产物与 requeue 归档，无需求方答复载体
- 触发背景：16:20:18 人工 requeue（下游 code 阶段模式 A「干完未退出」→ failures=2 → BLOCKED 后重投），SPAWN round=5，阶段链重置

产物：workspace/pacman/analysis/pacman-r5.md（11150 字符）
- r4 评审为 PASS、无新增意见，按角色规则内容延续 PASS 版：FR-01~19、NFR-01~07、Q1-Q12 编号与内容全部保持稳定（已程序化自检通过）
- §8 修改回应表逐条登记：R4-意见列表（不适用）+ 2 条遗留事项（Q1-Q12 保留默认值、下游以 §7 默认值为准），均附本轮核实过程
- 红线遵守：歧义显式标注、不替需求方拍板、无新增臆造条目

状态迁移：release_analyze 成功，pipeline.log 审计 analyzing→analyzed，产物指向 pacman-r5.md，failures=0，等待评审认领。
  ┊ review diff
a/workspace/pacman/review/pacman-r5.md → b/workspace/pacman/review/pacman-r5.md
@@ -0,0 +1,30 @@
+# 需求评审意见：pacman（第 5 轮）
+
+## 0. 评审结论
+- 结论：PASS
+- 一句话理由：12 项检查清单全部通过——r5 为人工 requeue 后 r4 PASS 版的延续，分析报告内容与 r4（评审通过版）保持一致（FR-01~19、NFR-01~07 编号稳定，无新增/删除/修改条目），§7 已再次核实需求方无新答复，§8 回应表对 r4 两条遗留事项逐条给出完整核实与维持说明；无阻塞级意见。
+
+## 1. 检查清单核对表
+| # | 检查项 | 结果 | 说明 |
+|---|--------|------|------|
+| 1 | 完整性覆盖 | ✅ | 原文全部要点（对弈模式/AI 能力/地图/核心玩法/库方向/UX/退出/README）均有对应 FR/NFR 分析，与 r4 一致 |
+| 2 | 可追踪性 | ✅ | FR-01~19、NFR-01~07 编号唯一，按"对局生命周期"五组分组，每条可逻辑追溯至原文对应条目 |
+| 3 | 无歧义性 | ✅ | 关键术语（脆弱状态/鬼屋/能量豆/散开/追逐）有定义；12 个歧义点全进入 §7 待确认并附建议默认值；无"尽快/合理/若干"类模糊表述未标注 |
+| 4 | 一致性 | ✅ | 编号无重复；FR 内部无自相矛盾；优先级分配合理（核心玩法/AI 为高、可配置项为中） |
+| 5 | 可测试性 | ✅ | 19 条 FR + 7 条 NFR 验收标准均为具体可验证指标（≤3s/≤100ms/≥100 豆/10 次连续退出干净等），无空泛表述 |
+| 6 | 范围边界 | ✅ | §2.1/§2.2 明确做什么/不做什么，与原文一致；"不做"清单（联机/GUI/移动端/商业发布/音效/排行榜/无限关卡）具体可核对 |
+| 7 | 依赖与假设 | ✅ | 外部依赖列全（Linux 终端/ANSI+Unicode/Python）；8 条假设（A1-A8）均显式标注来源（Pac-Man Dossier/Wikipedia） |
+| 8 | 范围控制 | ✅ | 无超出原文的臆造功能；待确认问题（Q1-Q12）均按"未确认"处理，未当"已确认"使用 |
+| 9 | 待确认问题 | ✅ | Q1-Q12 正确保留并附建议默认值；§7 已更新本轮核实说明（input/ 无新文件、原文 mtime 未变、工作区无追加答复载体） |
+| 10 | 修改回应质量 | ✅ | r4 为 PASS 且评审意见列表为"本轮无新增意见"；r5 的 §8 回应表对 r4 两条遗留事项（Q1-Q12 待答复 + 下游以默认值为准）逐条给出核实结论与维持说明，逻辑完整闭环 |
+| 11 | MECE 完整性 | ✅ | FR 五组分组维度已声明（A 准备 B 玩法 C AI D 界面 E 交付）；组内互斥（无交叉覆盖）、组间穷尽（覆盖对局全生命周期） |
+| 12 | 竞争力分析 | ✅ | 4 竞品（街机原版/官方数字版/终端开源/组内既有）均附真实来源（Wikipedia/Pac-Man Dossier/GitHub API）；对比矩阵覆盖 6 维度（环境/表现/AI/完整度/门槛/商业模式）；差异化结论（AI 差异化 + 成品级交付标准）明确 |
+
+## 2. 评审意见列表
+| 编号 | 严重级别 | 位置 | 问题描述 | 修改建议 |
+|------|----------|------|----------|----------|
+| — | — | — | 本轮无新增意见 | — |
+
+## 3. 遗留事项
+- Q1-Q12 待确认问题（§7）至 r5 仍未获需求方答复，分析师已正确保留并附建议默认值（2026-08-10 再次核实：input/pacman.md mtime 未变、工作区无追加答复）。默认值足够支撑下游方案设计与开发——后续若需求方提供答复，只需在对应轮次更新假设与 AC 数值，无需改动 FR/NFR 编号与文档结构。
+- r5 为人工 requeue 后重跑的第 5 轮（max_rounds=3，超额轮次）。本轮触发背景：pacman 下游 code 阶段 worker 干完未退出（模式 A，16:19:36 `RECOVER code_designing->testplan_done reason=manual failures=2` → BLOCKED）→ 人工 requeue。PASS 后进入下游阶段链（plan→testplan→code→test→quality→security→release），下游产出的具体实现（地图规格选择、能量豆时长、计分规则等）以 §7 建议默认值为准。

session_id: 20260810_162601_ae697a
评审完成。pacman/pacman 第 5 轮结论 PASS，产物 `workspace/pacman/review/pacman-r5.md`，状态已由 `release_review` 更新。
