
session_id: 20260810_162059_6a6ac7
本轮（R6）分析完成，四步全部落地：

1. 第 0 步状态标记：`set_status gomoku/gomoku req working`（16:24:04 审计入 pipeline.log）
2. 输入核对：需求原文未变更（mtime 2026-08-09）；R5 评审结论 PASS 且无新增意见；pipeline.log 确认本轮系 16:16 人工 REQUEUE 触发（原 code 阶段 stale BLOCKED 后自 req 阶段重跑，round=6）
3. 产物：workspace/gomoku/analysis/gomoku-r6.md
   - 按角色规则 3.3 与 R5 检查项 10 追认做法（PASS 无意见的续轮保持内容不变、编号稳定），实质内容与 R5 完全一致：FR-01~12、NFR-01~07、Q1~Q9、H1~H6 编号全部保留，无新增/删除/重排
   - 仅更新元信息（轮次 6、评审来源 r5）与第 8 节回应表：R5-00 登记「不适用（无意见可回应）」，并说明本轮人工 requeue 背景
   - 章节完整性校验通过（模板 §0–§8 全齐）
4. 状态迁移：`release_analyze` 成功（ANALYZE + analyzing→analyzed，产物存在性校验通过）

已置为等待评审，无需汇报更多细节，留痕均在 workspace/gomoku/logs/worker-gomoku-r6.log 与 pipeline.log。
  ┊ review diff
a/workspace/gomoku/review/gomoku-r6.md → b/workspace/gomoku/review/gomoku-r6.md
@@ -0,0 +1,30 @@
+# 需求评审意见：gomoku（第 6 轮）
+
+## 0. 评审结论
+- 结论：PASS
+- 一句话理由：R6 分析内容与 R5（PASS）完全一致（人工 REQUEUE 自 code 阶段 stale BLOCKED 触发，需求原文未变更），12 项检查清单逐项通过，无阻塞/重要级意见。
+
+## 1. 检查清单核对表
+| # | 检查项 | 结果 | 说明 |
+|---|--------|------|------|
+| 1 | 完整性覆盖 | ✅ | 需求原文每条要点（对弈模式/AI 棋力/棋盘规格/规则/禁手/第三方库/UX/退出/README/验收标准）在分析报告中均有对应 FR/NFR/Q，无遗漏 |
+| 2 | 可追踪性 | ✅ | FR-01~12、NFR-01~07 编号唯一，均可追溯到需求原文对应内容；待确认 Q1~Q9 锚定影响范围 |
+| 3 | 无歧义性 | ✅ | 五子棋术语（活三/冲四/双三/双四/长连）有 Wikipedia Renju 来源定义；"尽快""合理"等模糊词未出现；6 项假设（H1~H6）显式标注 |
+| 4 | 一致性 | ✅ | 编号无重复；FR 组内无矛盾；NFR-01 参考硬件基线（README 声明）与 H3（个人用途）一致；H6（零依赖可玩）与 §6 依赖（可选第三方库）不冲突 |
+| 5 | 可测试性 | ✅ | 每条 FR 验收标准含具体数值/棋局构造条件/次数要求（如 FR-06 连续 10 棋局全通过、FR-09 边界五连覆盖、FR-04 各 3 次无效输入）；NFR 指标可量化 |
+| 6 | 范围边界 | ✅ | §2.1（做什么）与 §2.2（不做什么）界限明确；不做什么覆盖原文排除项（联机/GUI/职业棋力）及合理推断排除项（棋谱/开局库/残局库/在线平台） |
+| 7 | 依赖与假设 | ✅ | 外部依赖（rich/prompt-toolkit/numpy 可选）列全且标注来源；6 项假设均显式标注，无来源的标注"无来源，按常识/资料推断"；竞品清单 7 个来源均为 2026-08-09 GitHub/Wikipedia 实时检索 |
+| 8 | 范围控制 | ✅ | 未发现超出需求原文的臆造功能；Q1~Q9 明确标记"待确认"，未把"待确认"当"已确认"用；FR-10（对局重开）虽原文未提但属合理的终端对局最小闭环 UX，且优先级标"中"、未喧宾夺主 |
+| 9 | 待确认问题 | ✅ | Q1~Q9 覆盖用途定位/AI 上限/棋盘规格/禁手默认/先后手/悔棋/双人/统计/终端环境共 9 个关键歧义，均有影响分析与建议 |
+| 10 | 修改回应质量 | ✅ | R5 结论 PASS 无新增意见，R6 回应表明确说明"不适用（无意见可回应）"且引用角色规则支撑（编号稳定原则），做法合理 |
+| 11 | MECE 完整性 | ✅ | 分组维度已声明（对局生命周期：初始化→进行→终局→收尾→交付）；组内互斥（每项 FR 只属一个阶段）、组间穷尽（覆盖启动到退出的完整交互，排除项在 Q6~Q8 中决策） |
+| 12 | 竞争力分析 | ✅ | ≥3 竞品（6 个）均有 GitHub 来源链接和检索日期；对比矩阵覆盖形态/AI 棋力/棋盘/禁手/配置化/文档/依赖 7 维度；差异化结论（终端成品定位 + 棋力可验证 + 规则可配置）具体可操作 |
+
+## 2. 评审意见列表
+| 编号 | 严重级别 | 位置 | 问题描述 | 修改建议 |
+|------|----------|------|----------|----------|
+| — | — | — | 本轮无阻塞/重要/建议级意见 | — |
+
+## 3. 遗留事项
+- 无。R5 已 PASS，R6 分析内容与 R5 完全一致，本轮同样 PASS。
+- 对后续轮次的提醒：本需求 max_rounds=3，r6 已远超上限；若后续阶段（code 等）再遇 BLOCKED，需排查根因（模式 A/B/C/D），不应再 requeue 回 req 阶段重复已通过的分析。

session_id: 20260810_162601_b3ee28
所有步骤已完成。exit 0，无错误。
