  ┊ review diff
a//home/zyzs/cyx/zteam/workspace/gomoku/analysis/gomoku-r4.md → b//home/zyzs/cyx/zteam/workspace/gomoku/analysis/gomoku-r4.md
@@ -1,9 +1,9 @@
-# 需求分解文档：gomoku（第 3 轮）
+# 需求分解文档：gomoku（第 4 轮）
 
 ## 0. 元信息
 - 需求原文：workspace/gomoku/input/gomoku.md
-- 分析轮次：3（修改轮，回应 R2 评审意见）
-- 评审来源：workspace/gomoku/review/gomoku-r2.md（结论 PASS，无新增意见、无遗留事项）
+- 分析轮次：4（修改轮，回应 R3 评审意见）
+- 评审来源：workspace/gomoku/review/gomoku-r3.md（结论 PASS，无新增意见、无遗留事项）
 
 ## 1. 需求理解（SCQA）
 
  ┊ review diff
a//home/zyzs/cyx/zteam/workspace/gomoku/analysis/gomoku-r4.md → b//home/zyzs/cyx/zteam/workspace/gomoku/analysis/gomoku-r4.md
@@ -148,10 +148,10 @@
 | Q8 | 是否需要胜负统计/对局历史？（原文未提） | 影响 FR-10 重开后的体验 | 建议首版不做，可后续增强 |
 | Q9 | 目标环境：是否需要兼容 SSH 会话 / 无彩色终端？Python 版本下限可否定为 3.10？ | 影响 NFR-03 与 H1/H2 | 建议按 NFR-03 兼容（彩色可用则彩色、否则字符区分），Python ≥3.10 |
 
-## 8. 修改回应表（第 3 轮）
+## 8. 修改回应表（第 4 轮）
 
 | 上轮意见编号 | 意见摘要 | 处理结果 | 说明 |
 |--------------|----------|----------|------|
-| R2-00 | 评审结论 PASS，无新增评审意见、无遗留事项（12 项检查清单逐项通过，含 R1-01 硬件基线、R1-02 降级渲染验收两项修改的追认） | 不适用（无意见可回应） | 本轮为 PASS 后的续轮，R2 未提出任何阻塞/重要/建议级意见。按角色规则（3.3：未回应意见 = 流程违规；不得为改而改或删改需求实质），本轮保持 R2 全部实质内容与编号（FR-01~12、NFR-01~07、Q1~Q9、H1~H6、竞品与来源均不变），仅更新元信息与本回应表。编号稳定原则（红线 6）要求修改轮不重编已有编号，故本版未新增/删除/重排任何条目，为后续阶段（方案设计）提供与 R2 完全一致的稳定基线 |
+| R3-00 | 评审结论 PASS，无新增评审意见、无遗留事项（12 项检查清单逐项通过；检查项 10 明确追认「PASS 无意见的续轮保持内容不变、编号稳定」做法合理） | 不适用（无意见可回应） | 本轮为 PASS 后的续轮，R3 未提出任何阻塞/重要/建议级意见。按角色规则（3.3：未回应意见 = 流程违规；不得为改而改或删改需求实质）与 R3 检查项 10 的追认，本轮保持 R3 全部实质内容与编号（FR-01~12、NFR-01~07、Q1~Q9、H1~H6、竞品与来源均不变），仅更新元信息与本回应表。编号稳定原则（红线 6）要求修改轮不重编已有编号，故本版未新增/删除/重排任何条目，为后续阶段（方案设计）提供与 R3 完全一致的稳定基线 |
 
-**说明**：若评审方对"PASS 无意见的续轮保持内容不变"有异议（例如期望本轮主动补充新维度），可在下一轮意见中指出；分析师将按具体意见定向修改。
+**说明**：R3 评审检查项 10 已追认「PASS 无意见的续轮保持内容不变」做法合理，本版延续该做法；若后续轮次评审仍有异议，可在下一轮意见中指出，分析师将按具体意见定向修改。

session_id: 20260810_025047_11af3b
第 4 轮分析完成，三件套全部落地：

1. 产物落盘：workspace/gomoku/analysis/gomoku-r4.md（新文件，未覆盖 r3）
2. 状态更新：release_analyze 已执行，analyzing → analyzed，pipeline.log 有 ANALYZE + STATE 审计行
3. 审计日志：状态命令自动写入，无需手动追加

本轮处理逻辑（R3 评审 PASS、无新增意见、无遗留事项，且检查项 10 明确追认「PASS 无意见的续轮保持内容不变、编号稳定」做法合理）：
- 按角色规则 3.3（不得为改而改、未回应意见=流程违规）与红线 6（编号稳定），保持 R3 全部实质内容：FR-01~12、NFR-01~07、Q1~Q9、H1~H6、竞品清单与来源均不变
- 仅更新元信息（轮次 4、评审来源 r3）与第 8 节修改回应表（R3-00 登记为"不适用（无意见可回应）"，并引用 R3 检查项 10 的追认作为依据）
- diff 复核：与 r3 仅 4 处差异，无残留引用

状态为 analyzed，等待评审方认领下一轮评审。过程留痕已在 worker 日志（stdout 落于此会话）与 pipeline.log 审计中。

session_id: 20260810_025549_7dbaf2
需求评审第 4 轮完成。状态：PASS → `approved`，gomoku 需求分析阶段已通过，流水线将进入方案设计阶段。
