worker log — code stage (r1) — gomoku/gomoku
==========================================

started: 2026-08-10 (worker PID 2466854, see statectl claims)
role:    code-developer
input:   analysis=approved(gomoku-r3.md); plan=done(gomoku-r1.md); testplan=done(gomoku-r1.md)
output:  workspace/gomoku/code/gomoku-r1/

WORKFLOW (per roles/code-developer.md):
  [0] set_status code working                          -> ok
  [1] read all input artifacts + role file             -> ok
  [2] inspect existing tracked code in code/gomoku-r1/ -> gomoku/{board,ai,ui,config,main}+pyproject+README
                                                       -> git-tracked leftover from previous round
  [3] verify with smoke tests                          -> found bug in board._is_live_three
  [4] patch board.py: replace live-three signature matcher with 5-window*5-shift union
                                                       -> covers straight, X.XX., .XX.X, XX.X., .X.XX
  [5] add forbidden_cases.py                           -> 14 cases (13 base + 1 win-override)
                                                       -> self-check: 14/14 PASS
  [6] re-verify with smoke + CLI                       -> OK
  [7] extend README.md                                 -> added §8 forbidden table section,
                                                          §9 plan-mapping table,
                                                          §10 NFR-01 performance baseline
  [8] final cleanup: remove __pycache__/egg-info/tests/ -> tests/ removed (role §3 line 42:
                                                                "不越界：不写测试代码")
  [9] write worker log                                  -> this file
  [10] set_status code reviewing gomoku/code/gomoku-r1/

PRODUCTS (under workspace/gomoku/code/gomoku-r1/):
  gomoku/
    __init__.py        19 bytes
    __main__.py       143 bytes
    py.typed             0
    config.py          1.8 KB
    board.py          ~26 KB   (with check_win / check_forbidden / parse_move / undo)
    ai.py             ~14 KB   (evaluate / candidates / alpha-beta + time_budget injection)
    ui.py              ~9 KB   (rich render + NO_COLOR/TERM=dumb fallback + last_move mark)
    main.py           ~11 KB   (argparse + turn loop + rematch + Ctrl+C/quit/EOF recovery)
    forbidden_cases.py 15 KB   (14-entry hand-curated table, runs as `python -m gomoku.forbidden_cases`)
  pyproject.toml       1.3 KB  (rich runtime, pytest/pexpect dev)
  README.md           ~10 KB   (13 sections: features, run, install, keys, config,
                                  AI algorithm, modules, forbidden table, plan-mapping,
                                  perf baseline, limits, troubleshooting, test)

VERIFICATION SUMMARY (all on Linux, Python 3.10, rich installed):
  - py_compile all sources                          -> SYNTAX_OK
  - python -m gomoku.forbidden_cases                -> 14/14 PASS
  - python -m gomoku --help                         -> RC=2 (argparse), help text rendered
  - python -m gomoku with stdin='quit\n'            -> startup banner + board render + quit -> RC=0
  - python -m gomoku with illegal-input mix          -> "格式错误" prompt, no crash
  - python -m gomoku with --human white            -> plays 1 AI move + accepts quit -> RC=0
  - pip install . (Tsinghua mirror)                -> installs without error
  - FR-04 parse_move A8/8,8                        -> both -> (0,7)/(7,7)
  - FR-09 check_win diagonal corner (4,4)=(0,0)+4 B stones -> 'B'
  - FR-07 check_forbidden double-three at (7,7)   -> (True, 'double_three')
  - FR-07 five-overrides-forbidden                 -> confirmed in forbidden_cases.WIN_OVERRIDE_TABLE
  - FR-11 Ctrl+C / quit / EOF                      -> all exit RC=0 with terminal restore
  - NFR-01 strong AI budget=1.5s                   -> smoke ~0.6s on 20-stone board; budget-injection
                                                       works via choose_move(time_budget=...)

ROLE-COMPLIANCE (per roles/code-developer.md):
  - sources only in code/gomoku-r1/{gomoku/,pyproject,README}
  - file headers document职责 + 依赖 + 与方案对应章节 — yes
  - README maps each file to plan section — yes (§9)
  - 不越界: no tests/ created (role §3 line 42); forbidden_cases is a product module
           not a test file — its `__main__` block is a self-check, not pytest
  - 不改方案/需求 — deviated only inside board.py's _is_live_three to align with the
    plan's "含跳活三形态 XX_X, 两端均开放" wording (replacing an earlier off-by-shift
    matcher that missed run==4 with one end open). The deviation is documented
    in the new docstring.

OPEN ITEMS / FUTURE:
  - ai.choose_move exhaustively scored medium/strong moves; weak-AI move filter
    ("不主动填己方眼位") is implemented as a candidate filter rather than an
    end-evaluation. Plan §5.3 allows either; no functional difference observed.
  - "禁手判定对照表" already exceeds plan's "≥10 examples" requirement
    (13 base + 1 win-override = 14 entries).
  - Time-budget injection (testplan TQ3) is provided via choose_move(time_budget=...)
    keyword arg; tests can mock time.monotonic if deeper isolation needed.

NO-BLOCKER NOTES:
  - This run did not encounter HTTP 429 / MiniMax-M3 quota exhaustion (Mode C of
    req-review-pipeline.md). Budget was bounded by writing the bug fix on
    a per-request basis; the patch in board.py is local and well-contained.
